FAIL src/__tests__/auth/authentication-redirect.test.tsx
  ● Authentication Redirect Logic › should redirect admin users to admin dashboard

    TypeError: (0 , _navigation.redirect) is not a function

      2 |
      3 | export default function SignInPage() {
    > 4 |   redirect('/admin/login');
        |           ^
      5 | }

      at SignInPage (src/app/auth/signin/page.tsx:4:11)
      at Object.react-stack-bottom-frame (node_modules/react-dom/cjs/react-dom-client.development.js:23863:20)
      at renderWithHooks (node_modules/react-dom/cjs/react-dom-client.development.js:5529:22)
      at updateFunctionComponent (node_modules/react-dom/cjs/react-dom-client.development.js:8897:19)
      at beginWork (node_modules/react-dom/cjs/react-dom-client.development.js:10522:18)
      at runWithFiberInDEV (node_modules/react-dom/cjs/react-dom-client.development.js:1522:13)
      at performUnitOfWork (node_modules/react-dom/cjs/react-dom-client.development.js:15140:22)
      at workLoopSync (node_modules/react-dom/cjs/react-dom-client.development.js:14956:41)
      at renderRootSync (node_modules/react-dom/cjs/react-dom-client.development.js:14936:11)
      at performWorkOnRoot (node_modules/react-dom/cjs/react-dom-client.development.js:14462:44)
      at performWorkOnRootViaSchedulerTask (node_modules/react-dom/cjs/react-dom-client.development.js:16216:7)
      at flushActQueue (node_modules/react/cjs/react.development.js:566:34)
      at process.env.NODE_ENV.exports.act (node_modules/react/cjs/react.development.js:859:10)
      at node_modules/@testing-library/react/dist/act-compat.js:47:25
      at renderRoot (node_modules/@testing-library/react/dist/pure.js:190:26)
      at render (node_modules/@testing-library/react/dist/pure.js:292:10)
      at Object.<anonymous> (src/__tests__/auth/authentication-redirect.test.tsx:66:11)

  ● Authentication Redirect Logic › should redirect agent users to admin dashboard

    TypeError: (0 , _navigation.redirect) is not a function

      2 |
      3 | export default function SignInPage() {
    > 4 |   redirect('/admin/login');
        |           ^
      5 | }

      at SignInPage (src/app/auth/signin/page.tsx:4:11)
      at Object.react-stack-bottom-frame (node_modules/react-dom/cjs/react-dom-client.development.js:23863:20)
      at renderWithHooks (node_modules/react-dom/cjs/react-dom-client.development.js:5529:22)
      at updateFunctionComponent (node_modules/react-dom/cjs/react-dom-client.development.js:8897:19)
      at beginWork (node_modules/react-dom/cjs/react-dom-client.development.js:10522:18)
      at runWithFiberInDEV (node_modules/react-dom/cjs/react-dom-client.development.js:1522:13)
      at performUnitOfWork (node_modules/react-dom/cjs/react-dom-client.development.js:15140:22)
      at workLoopSync (node_modules/react-dom/cjs/react-dom-client.development.js:14956:41)
      at renderRootSync (node_modules/react-dom/cjs/react-dom-client.development.js:14936:11)
      at performWorkOnRoot (node_modules/react-dom/cjs/react-dom-client.development.js:14462:44)
      at performWorkOnRootViaSchedulerTask (node_modules/react-dom/cjs/react-dom-client.development.js:16216:7)
      at flushActQueue (node_modules/react/cjs/react.development.js:566:34)
      at process.env.NODE_ENV.exports.act (node_modules/react/cjs/react.development.js:859:10)
      at node_modules/@testing-library/react/dist/act-compat.js:47:25
      at renderRoot (node_modules/@testing-library/react/dist/pure.js:190:26)
      at render (node_modules/@testing-library/react/dist/pure.js:292:10)
      at Object.<anonymous> (src/__tests__/auth/authentication-redirect.test.tsx:101:11)

  ● Authentication Redirect Logic › should redirect regular users to homepage

    TypeError: (0 , _navigation.redirect) is not a function

      2 |
      3 | export default function SignInPage() {
    > 4 |   redirect('/admin/login');
        |           ^
      5 | }

      at SignInPage (src/app/auth/signin/page.tsx:4:11)
      at Object.react-stack-bottom-frame (node_modules/react-dom/cjs/react-dom-client.development.js:23863:20)
      at renderWithHooks (node_modules/react-dom/cjs/react-dom-client.development.js:5529:22)
      at updateFunctionComponent (node_modules/react-dom/cjs/react-dom-client.development.js:8897:19)
      at beginWork (node_modules/react-dom/cjs/react-dom-client.development.js:10522:18)
      at runWithFiberInDEV (node_modules/react-dom/cjs/react-dom-client.development.js:1522:13)
      at performUnitOfWork (node_modules/react-dom/cjs/react-dom-client.development.js:15140:22)
      at workLoopSync (node_modules/react-dom/cjs/react-dom-client.development.js:14956:41)
      at renderRootSync (node_modules/react-dom/cjs/react-dom-client.development.js:14936:11)
      at performWorkOnRoot (node_modules/react-dom/cjs/react-dom-client.development.js:14462:44)
      at performWorkOnRootViaSchedulerTask (node_modules/react-dom/cjs/react-dom-client.development.js:16216:7)
      at flushActQueue (node_modules/react/cjs/react.development.js:566:34)
      at process.env.NODE_ENV.exports.act (node_modules/react/cjs/react.development.js:859:10)
      at node_modules/@testing-library/react/dist/act-compat.js:47:25
      at renderRoot (node_modules/@testing-library/react/dist/pure.js:190:26)
      at render (node_modules/@testing-library/react/dist/pure.js:292:10)
      at Object.<anonymous> (src/__tests__/auth/authentication-redirect.test.tsx:134:11)

  ● Authentication Redirect Logic › should handle sign-in errors gracefully

    TypeError: (0 , _navigation.redirect) is not a function

      2 |
      3 | export default function SignInPage() {
    > 4 |   redirect('/admin/login');
        |           ^
      5 | }

      at SignInPage (src/app/auth/signin/page.tsx:4:11)
      at Object.react-stack-bottom-frame (node_modules/react-dom/cjs/react-dom-client.development.js:23863:20)
      at renderWithHooks (node_modules/react-dom/cjs/react-dom-client.development.js:5529:22)
      at updateFunctionComponent (node_modules/react-dom/cjs/react-dom-client.development.js:8897:19)
      at beginWork (node_modules/react-dom/cjs/react-dom-client.development.js:10522:18)
      at runWithFiberInDEV (node_modules/react-dom/cjs/react-dom-client.development.js:1522:13)
      at performUnitOfWork (node_modules/react-dom/cjs/react-dom-client.development.js:15140:22)
      at workLoopSync (node_modules/react-dom/cjs/react-dom-client.development.js:14956:41)
      at renderRootSync (node_modules/react-dom/cjs/react-dom-client.development.js:14936:11)
      at performWorkOnRoot (node_modules/react-dom/cjs/react-dom-client.development.js:14462:44)
      at performWorkOnRootViaSchedulerTask (node_modules/react-dom/cjs/react-dom-client.development.js:16216:7)
      at flushActQueue (node_modules/react/cjs/react.development.js:566:34)
      at process.env.NODE_ENV.exports.act (node_modules/react/cjs/react.development.js:859:10)
      at node_modules/@testing-library/react/dist/act-compat.js:47:25
      at renderRoot (node_modules/@testing-library/react/dist/pure.js:190:26)
      at render (node_modules/@testing-library/react/dist/pure.js:292:10)
      at Object.<anonymous> (src/__tests__/auth/authentication-redirect.test.tsx:157:11)

  ● Authentication Redirect Logic › should handle session retrieval failures with retry logic

    TypeError: (0 , _navigation.redirect) is not a function

      2 |
      3 | export default function SignInPage() {
    > 4 |   redirect('/admin/login');
        |           ^
      5 | }

      at SignInPage (src/app/auth/signin/page.tsx:4:11)
      at Object.react-stack-bottom-frame (node_modules/react-dom/cjs/react-dom-client.development.js:23863:20)
      at renderWithHooks (node_modules/react-dom/cjs/react-dom-client.development.js:5529:22)
      at updateFunctionComponent (node_modules/react-dom/cjs/react-dom-client.development.js:8897:19)
      at beginWork (node_modules/react-dom/cjs/react-dom-client.development.js:10522:18)
      at runWithFiberInDEV (node_modules/react-dom/cjs/react-dom-client.development.js:1522:13)
      at performUnitOfWork (node_modules/react-dom/cjs/react-dom-client.development.js:15140:22)
      at workLoopSync (node_modules/react-dom/cjs/react-dom-client.development.js:14956:41)
      at renderRootSync (node_modules/react-dom/cjs/react-dom-client.development.js:14936:11)
      at performWorkOnRoot (node_modules/react-dom/cjs/react-dom-client.development.js:14462:44)
      at performWorkOnRootViaSchedulerTask (node_modules/react-dom/cjs/react-dom-client.development.js:16216:7)
      at flushActQueue (node_modules/react/cjs/react.development.js:566:34)
      at process.env.NODE_ENV.exports.act (node_modules/react/cjs/react.development.js:859:10)
      at node_modules/@testing-library/react/dist/act-compat.js:47:25
      at renderRoot (node_modules/@testing-library/react/dist/pure.js:190:26)
      at render (node_modules/@testing-library/react/dist/pure.js:292:10)
      at Object.<anonymous> (src/__tests__/auth/authentication-redirect.test.tsx:196:11)

  ● Authentication Redirect Logic › should show error when session cannot be established after retries

    TypeError: (0 , _navigation.redirect) is not a function

      2 |
      3 | export default function SignInPage() {
    > 4 |   redirect('/admin/login');
        |           ^
      5 | }

      at SignInPage (src/app/auth/signin/page.tsx:4:11)
      at Object.react-stack-bottom-frame (node_modules/react-dom/cjs/react-dom-client.development.js:23863:20)
      at renderWithHooks (node_modules/react-dom/cjs/react-dom-client.development.js:5529:22)
      at updateFunctionComponent (node_modules/react-dom/cjs/react-dom-client.development.js:8897:19)
      at beginWork (node_modules/react-dom/cjs/react-dom-client.development.js:10522:18)
      at runWithFiberInDEV (node_modules/react-dom/cjs/react-dom-client.development.js:1522:13)
      at performUnitOfWork (node_modules/react-dom/cjs/react-dom-client.development.js:15140:22)
      at workLoopSync (node_modules/react-dom/cjs/react-dom-client.development.js:14956:41)
      at renderRootSync (node_modules/react-dom/cjs/react-dom-client.development.js:14936:11)
      at performWorkOnRoot (node_modules/react-dom/cjs/react-dom-client.development.js:14462:44)
      at performWorkOnRootViaSchedulerTask (node_modules/react-dom/cjs/react-dom-client.development.js:16216:7)
      at flushActQueue (node_modules/react/cjs/react.development.js:566:34)
      at process.env.NODE_ENV.exports.act (node_modules/react/cjs/react.development.js:859:10)
      at node_modules/@testing-library/react/dist/act-compat.js:47:25
      at renderRoot (node_modules/@testing-library/react/dist/pure.js:190:26)
      at render (node_modules/@testing-library/react/dist/pure.js:292:10)
      at Object.<anonymous> (src/__tests__/auth/authentication-redirect.test.tsx:225:11)

  ● Authentication Redirect Logic › should use window.location as fallback if router fails

    TypeError: Cannot redefine property: location
        at Object.defineProperty (<anonymous>)

      267 |       href: '',
      268 |     };
    > 269 |     Object.defineProperty(window, 'location', {
          |            ^
      270 |       value: mockLocation,
      271 |       writable: true,
      272 |     });

      at Object.defineProperty (src/__tests__/auth/authentication-redirect.test.tsx:269:12)

PASS src/__tests__/integration/property-search.test.tsx
FAIL src/__tests__/visual/component-snapshots.test.tsx
  ● Component Visual Regression Tests › PropertyCard Component › renders property card with all information

    TypeError: Cannot read properties of undefined (reading 'propertyType')

      64 |             )}
      65 |             <span className="bg-black/60 backdrop-blur-md text-white text-xs font-medium px-3 py-1.5 rounded-full border border-white/10">
    > 66 |               {getPropertyTypeLabel(property.details.propertyType)}
         |                                                      ^
      67 |             </span>
      68 |           </div>
      69 |

      at propertyType (src/components/PropertyCard.tsx:66:54)
      at Object.react-stack-bottom-frame (node_modules/react-dom/cjs/react-dom-client.development.js:23863:20)
      at renderWithHooks (node_modules/react-dom/cjs/react-dom-client.development.js:5529:22)
      at updateFunctionComponent (node_modules/react-dom/cjs/react-dom-client.development.js:8897:19)
      at updateSimpleMemoComponent (node_modules/react-dom/cjs/react-dom-client.development.js:8752:14)
      at updateMemoComponent (node_modules/react-dom/cjs/react-dom-client.development.js:8685:13)
      at beginWork (node_modules/react-dom/cjs/react-dom-client.development.js:10950:18)
      at runWithFiberInDEV (node_modules/react-dom/cjs/react-dom-client.development.js:1522:13)
      at performUnitOfWork (node_modules/react-dom/cjs/react-dom-client.development.js:15140:22)
      at workLoopSync (node_modules/react-dom/cjs/react-dom-client.development.js:14956:41)
      at renderRootSync (node_modules/react-dom/cjs/react-dom-client.development.js:14936:11)
      at performWorkOnRoot (node_modules/react-dom/cjs/react-dom-client.development.js:14462:44)
      at performWorkOnRootViaSchedulerTask (node_modules/react-dom/cjs/react-dom-client.development.js:16216:7)
      at flushActQueue (node_modules/react/cjs/react.development.js:566:34)
      at process.env.NODE_ENV.exports.act (node_modules/react/cjs/react.development.js:859:10)
      at node_modules/@testing-library/react/dist/act-compat.js:47:25
      at renderRoot (node_modules/@testing-library/react/dist/pure.js:190:26)
      at render (node_modules/@testing-library/react/dist/pure.js:292:10)
      at Object.<anonymous> (src/__tests__/visual/component-snapshots.test.tsx:70:35)

  ● Component Visual Regression Tests › PropertyCard Component › renders property card in loading state

    TypeError: Cannot read properties of undefined (reading 'propertyType')

      64 |             )}
      65 |             <span className="bg-black/60 backdrop-blur-md text-white text-xs font-medium px-3 py-1.5 rounded-full border border-white/10">
    > 66 |               {getPropertyTypeLabel(property.details.propertyType)}
         |                                                      ^
      67 |             </span>
      68 |           </div>
      69 |

      at propertyType (src/components/PropertyCard.tsx:66:54)
      at Object.react-stack-bottom-frame (node_modules/react-dom/cjs/react-dom-client.development.js:23863:20)
      at renderWithHooks (node_modules/react-dom/cjs/react-dom-client.development.js:5529:22)
      at updateFunctionComponent (node_modules/react-dom/cjs/react-dom-client.development.js:8897:19)
      at updateSimpleMemoComponent (node_modules/react-dom/cjs/react-dom-client.development.js:8752:14)
      at updateMemoComponent (node_modules/react-dom/cjs/react-dom-client.development.js:8685:13)
      at beginWork (node_modules/react-dom/cjs/react-dom-client.development.js:10950:18)
      at runWithFiberInDEV (node_modules/react-dom/cjs/react-dom-client.development.js:1522:13)
      at performUnitOfWork (node_modules/react-dom/cjs/react-dom-client.development.js:15140:22)
      at workLoopSync (node_modules/react-dom/cjs/react-dom-client.development.js:14956:41)
      at renderRootSync (node_modules/react-dom/cjs/react-dom-client.development.js:14936:11)
      at performWorkOnRoot (node_modules/react-dom/cjs/react-dom-client.development.js:14462:44)
      at performWorkOnRootViaSchedulerTask (node_modules/react-dom/cjs/react-dom-client.development.js:16216:7)
      at flushActQueue (node_modules/react/cjs/react.development.js:566:34)
      at process.env.NODE_ENV.exports.act (node_modules/react/cjs/react.development.js:859:10)
      at node_modules/@testing-library/react/dist/act-compat.js:47:25
      at renderRoot (node_modules/@testing-library/react/dist/pure.js:190:26)
      at render (node_modules/@testing-library/react/dist/pure.js:292:10)
      at Object.<anonymous> (src/__tests__/visual/component-snapshots.test.tsx:75:35)

  ● Component Visual Regression Tests › PropertyCard Component › renders property card with favorite state

    TypeError: Cannot read properties of undefined (reading 'propertyType')

      64 |             )}
      65 |             <span className="bg-black/60 backdrop-blur-md text-white text-xs font-medium px-3 py-1.5 rounded-full border border-white/10">
    > 66 |               {getPropertyTypeLabel(property.details.propertyType)}
         |                                                      ^
      67 |             </span>
      68 |           </div>
      69 |

      at propertyType (src/components/PropertyCard.tsx:66:54)
      at Object.react-stack-bottom-frame (node_modules/react-dom/cjs/react-dom-client.development.js:23863:20)
      at renderWithHooks (node_modules/react-dom/cjs/react-dom-client.development.js:5529:22)
      at updateFunctionComponent (node_modules/react-dom/cjs/react-dom-client.development.js:8897:19)
      at updateSimpleMemoComponent (node_modules/react-dom/cjs/react-dom-client.development.js:8752:14)
      at updateMemoComponent (node_modules/react-dom/cjs/react-dom-client.development.js:8685:13)
      at beginWork (node_modules/react-dom/cjs/react-dom-client.development.js:10950:18)
      at runWithFiberInDEV (node_modules/react-dom/cjs/react-dom-client.development.js:1522:13)
      at performUnitOfWork (node_modules/react-dom/cjs/react-dom-client.development.js:15140:22)
      at workLoopSync (node_modules/react-dom/cjs/react-dom-client.development.js:14956:41)
      at renderRootSync (node_modules/react-dom/cjs/react-dom-client.development.js:14936:11)
      at performWorkOnRoot (node_modules/react-dom/cjs/react-dom-client.development.js:14462:44)
      at performWorkOnRootViaSchedulerTask (node_modules/react-dom/cjs/react-dom-client.development.js:16216:7)
      at flushActQueue (node_modules/react/cjs/react.development.js:566:34)
      at process.env.NODE_ENV.exports.act (node_modules/react/cjs/react.development.js:859:10)
      at node_modules/@testing-library/react/dist/act-compat.js:47:25
      at renderRoot (node_modules/@testing-library/react/dist/pure.js:190:26)
      at render (node_modules/@testing-library/react/dist/pure.js:292:10)
      at Object.<anonymous> (src/__tests__/visual/component-snapshots.test.tsx:80:35)

  ● Component Visual Regression Tests › PropertyCard Component › renders property card in compact mode

    TypeError: Cannot read properties of undefined (reading 'propertyType')

      64 |             )}
      65 |             <span className="bg-black/60 backdrop-blur-md text-white text-xs font-medium px-3 py-1.5 rounded-full border border-white/10">
    > 66 |               {getPropertyTypeLabel(property.details.propertyType)}
         |                                                      ^
      67 |             </span>
      68 |           </div>
      69 |

      at propertyType (src/components/PropertyCard.tsx:66:54)
      at Object.react-stack-bottom-frame (node_modules/react-dom/cjs/react-dom-client.development.js:23863:20)
      at renderWithHooks (node_modules/react-dom/cjs/react-dom-client.development.js:5529:22)
      at updateFunctionComponent (node_modules/react-dom/cjs/react-dom-client.development.js:8897:19)
      at updateSimpleMemoComponent (node_modules/react-dom/cjs/react-dom-client.development.js:8752:14)
      at updateMemoComponent (node_modules/react-dom/cjs/react-dom-client.development.js:8685:13)
      at beginWork (node_modules/react-dom/cjs/react-dom-client.development.js:10950:18)
      at runWithFiberInDEV (node_modules/react-dom/cjs/react-dom-client.development.js:1522:13)
      at performUnitOfWork (node_modules/react-dom/cjs/react-dom-client.development.js:15140:22)
      at workLoopSync (node_modules/react-dom/cjs/react-dom-client.development.js:14956:41)
      at renderRootSync (node_modules/react-dom/cjs/react-dom-client.development.js:14936:11)
      at performWorkOnRoot (node_modules/react-dom/cjs/react-dom-client.development.js:14462:44)
      at performWorkOnRootViaSchedulerTask (node_modules/react-dom/cjs/react-dom-client.development.js:16216:7)
      at flushActQueue (node_modules/react/cjs/react.development.js:566:34)
      at process.env.NODE_ENV.exports.act (node_modules/react/cjs/react.development.js:859:10)
      at node_modules/@testing-library/react/dist/act-compat.js:47:25
      at renderRoot (node_modules/@testing-library/react/dist/pure.js:190:26)
      at render (node_modules/@testing-library/react/dist/pure.js:292:10)
      at Object.<anonymous> (src/__tests__/visual/component-snapshots.test.tsx:87:35)

  ● Component Visual Regression Tests › SearchFilters Component › renders search filters with default state

    TypeError: Cannot read properties of undefined (reading 'map')

      61 |   // Get unique values for filter options - memoized to prevent recalculation
      62 |   const uniqueCities = useMemo(
    > 63 |     () => [...new Set(properties.map((p) => p.address.city))].sort(),
         |                                  ^
      64 |     [properties]
      65 |   );
      66 |

      at map (src/components/SearchFilters.tsx:63:34)
      at mountMemo (node_modules/react-dom/cjs/react-dom-client.development.js:6603:23)
      at Object.useMemo (node_modules/react-dom/cjs/react-dom-client.development.js:22924:18)
      at process.env.NODE_ENV.exports.useMemo (node_modules/react/cjs/react.development.js:1209:34)
      at SearchFilters (src/components/SearchFilters.tsx:62:31)
      at Object.react-stack-bottom-frame (node_modules/react-dom/cjs/react-dom-client.development.js:23863:20)
      at renderWithHooks (node_modules/react-dom/cjs/react-dom-client.development.js:5529:22)
      at updateFunctionComponent (node_modules/react-dom/cjs/react-dom-client.development.js:8897:19)
      at beginWork (node_modules/react-dom/cjs/react-dom-client.development.js:10522:18)
      at runWithFiberInDEV (node_modules/react-dom/cjs/react-dom-client.development.js:1522:13)
      at performUnitOfWork (node_modules/react-dom/cjs/react-dom-client.development.js:15140:22)
      at workLoopSync (node_modules/react-dom/cjs/react-dom-client.development.js:14956:41)
      at renderRootSync (node_modules/react-dom/cjs/react-dom-client.development.js:14936:11)
      at performWorkOnRoot (node_modules/react-dom/cjs/react-dom-client.development.js:14462:44)
      at performWorkOnRootViaSchedulerTask (node_modules/react-dom/cjs/react-dom-client.development.js:16216:7)
      at flushActQueue (node_modules/react/cjs/react.development.js:566:34)
      at process.env.NODE_ENV.exports.act (node_modules/react/cjs/react.development.js:859:10)
      at node_modules/@testing-library/react/dist/act-compat.js:47:25
      at renderRoot (node_modules/@testing-library/react/dist/pure.js:190:26)
      at render (node_modules/@testing-library/react/dist/pure.js:292:10)
      at Object.<anonymous> (src/__tests__/visual/component-snapshots.test.tsx:96:35)

  ● Component Visual Regression Tests › SearchFilters Component › renders search filters with applied filters

    TypeError: Cannot read properties of undefined (reading 'map')

      61 |   // Get unique values for filter options - memoized to prevent recalculation
      62 |   const uniqueCities = useMemo(
    > 63 |     () => [...new Set(properties.map((p) => p.address.city))].sort(),
         |                                  ^
      64 |     [properties]
      65 |   );
      66 |

      at map (src/components/SearchFilters.tsx:63:34)
      at mountMemo (node_modules/react-dom/cjs/react-dom-client.development.js:6603:23)
      at Object.useMemo (node_modules/react-dom/cjs/react-dom-client.development.js:22924:18)
      at process.env.NODE_ENV.exports.useMemo (node_modules/react/cjs/react.development.js:1209:34)
      at SearchFilters (src/components/SearchFilters.tsx:62:31)
      at Object.react-stack-bottom-frame (node_modules/react-dom/cjs/react-dom-client.development.js:23863:20)
      at renderWithHooks (node_modules/react-dom/cjs/react-dom-client.development.js:5529:22)
      at updateFunctionComponent (node_modules/react-dom/cjs/react-dom-client.development.js:8897:19)
      at beginWork (node_modules/react-dom/cjs/react-dom-client.development.js:10522:18)
      at runWithFiberInDEV (node_modules/react-dom/cjs/react-dom-client.development.js:1522:13)
      at performUnitOfWork (node_modules/react-dom/cjs/react-dom-client.development.js:15140:22)
      at workLoopSync (node_modules/react-dom/cjs/react-dom-client.development.js:14956:41)
      at renderRootSync (node_modules/react-dom/cjs/react-dom-client.development.js:14936:11)
      at performWorkOnRoot (node_modules/react-dom/cjs/react-dom-client.development.js:14462:44)
      at performWorkOnRootViaSchedulerTask (node_modules/react-dom/cjs/react-dom-client.development.js:16216:7)
      at flushActQueue (node_modules/react/cjs/react.development.js:566:34)
      at process.env.NODE_ENV.exports.act (node_modules/react/cjs/react.development.js:859:10)
      at node_modules/@testing-library/react/dist/act-compat.js:47:25
      at renderRoot (node_modules/@testing-library/react/dist/pure.js:190:26)
      at render (node_modules/@testing-library/react/dist/pure.js:292:10)
      at Object.<anonymous> (src/__tests__/visual/component-snapshots.test.tsx:111:35)

  ● Component Visual Regression Tests › SearchFilters Component › renders search filters in mobile layout

    TypeError: Cannot read properties of undefined (reading 'map')

      61 |   // Get unique values for filter options - memoized to prevent recalculation
      62 |   const uniqueCities = useMemo(
    > 63 |     () => [...new Set(properties.map((p) => p.address.city))].sort(),
         |                                  ^
      64 |     [properties]
      65 |   );
      66 |

      at map (src/components/SearchFilters.tsx:63:34)
      at mountMemo (node_modules/react-dom/cjs/react-dom-client.development.js:6603:23)
      at Object.useMemo (node_modules/react-dom/cjs/react-dom-client.development.js:22924:18)
      at process.env.NODE_ENV.exports.useMemo (node_modules/react/cjs/react.development.js:1209:34)
      at SearchFilters (src/components/SearchFilters.tsx:62:31)
      at Object.react-stack-bottom-frame (node_modules/react-dom/cjs/react-dom-client.development.js:23863:20)
      at renderWithHooks (node_modules/react-dom/cjs/react-dom-client.development.js:5529:22)
      at updateFunctionComponent (node_modules/react-dom/cjs/react-dom-client.development.js:8897:19)
      at beginWork (node_modules/react-dom/cjs/react-dom-client.development.js:10522:18)
      at runWithFiberInDEV (node_modules/react-dom/cjs/react-dom-client.development.js:1522:13)
      at performUnitOfWork (node_modules/react-dom/cjs/react-dom-client.development.js:15140:22)
      at workLoopSync (node_modules/react-dom/cjs/react-dom-client.development.js:14956:41)
      at renderRootSync (node_modules/react-dom/cjs/react-dom-client.development.js:14936:11)
      at performWorkOnRoot (node_modules/react-dom/cjs/react-dom-client.development.js:14462:44)
      at performWorkOnRootViaSchedulerTask (node_modules/react-dom/cjs/react-dom-client.development.js:16216:7)
      at flushActQueue (node_modules/react/cjs/react.development.js:566:34)
      at process.env.NODE_ENV.exports.act (node_modules/react/cjs/react.development.js:859:10)
      at node_modules/@testing-library/react/dist/act-compat.js:47:25
      at renderRoot (node_modules/@testing-library/react/dist/pure.js:190:26)
      at render (node_modules/@testing-library/react/dist/pure.js:292:10)
      at Object.<anonymous> (src/__tests__/visual/component-snapshots.test.tsx:136:35)

  ● Component Visual Regression Tests › Responsive Breakpoints › renders components correctly at mobile breakpoint

    TypeError: Cannot read properties of undefined (reading 'propertyType')

      64 |             )}
      65 |             <span className="bg-black/60 backdrop-blur-md text-white text-xs font-medium px-3 py-1.5 rounded-full border border-white/10">
    > 66 |               {getPropertyTypeLabel(property.details.propertyType)}
         |                                                      ^
      67 |             </span>
      68 |           </div>
      69 |

      at propertyType (src/components/PropertyCard.tsx:66:54)
      at Object.react-stack-bottom-frame (node_modules/react-dom/cjs/react-dom-client.development.js:23863:20)
      at renderWithHooks (node_modules/react-dom/cjs/react-dom-client.development.js:5529:22)
      at updateFunctionComponent (node_modules/react-dom/cjs/react-dom-client.development.js:8897:19)
      at updateSimpleMemoComponent (node_modules/react-dom/cjs/react-dom-client.development.js:8752:14)
      at updateMemoComponent (node_modules/react-dom/cjs/react-dom-client.development.js:8685:13)
      at beginWork (node_modules/react-dom/cjs/react-dom-client.development.js:10950:18)
      at runWithFiberInDEV (node_modules/react-dom/cjs/react-dom-client.development.js:1522:13)
      at performUnitOfWork (node_modules/react-dom/cjs/react-dom-client.development.js:15140:22)
      at workLoopSync (node_modules/react-dom/cjs/react-dom-client.development.js:14956:41)
      at renderRootSync (node_modules/react-dom/cjs/react-dom-client.development.js:14936:11)
      at performWorkOnRoot (node_modules/react-dom/cjs/react-dom-client.development.js:14462:44)
      at performWorkOnRootViaSchedulerTask (node_modules/react-dom/cjs/react-dom-client.development.js:16216:7)
      at flushActQueue (node_modules/react/cjs/react.development.js:566:34)
      at process.env.NODE_ENV.exports.act (node_modules/react/cjs/react.development.js:859:10)
      at node_modules/@testing-library/react/dist/act-compat.js:47:25
      at renderRoot (node_modules/@testing-library/react/dist/pure.js:190:26)
      at render (node_modules/@testing-library/react/dist/pure.js:292:10)
      at Object.<anonymous> (src/__tests__/visual/component-snapshots.test.tsx:241:37)

  ● Component Visual Regression Tests › Responsive Breakpoints › renders components correctly at tablet breakpoint

    TypeError: Cannot read properties of undefined (reading 'propertyType')

      64 |             )}
      65 |             <span className="bg-black/60 backdrop-blur-md text-white text-xs font-medium px-3 py-1.5 rounded-full border border-white/10">
    > 66 |               {getPropertyTypeLabel(property.details.propertyType)}
         |                                                      ^
      67 |             </span>
      68 |           </div>
      69 |

      at propertyType (src/components/PropertyCard.tsx:66:54)
      at Object.react-stack-bottom-frame (node_modules/react-dom/cjs/react-dom-client.development.js:23863:20)
      at renderWithHooks (node_modules/react-dom/cjs/react-dom-client.development.js:5529:22)
      at updateFunctionComponent (node_modules/react-dom/cjs/react-dom-client.development.js:8897:19)
      at updateSimpleMemoComponent (node_modules/react-dom/cjs/react-dom-client.development.js:8752:14)
      at updateMemoComponent (node_modules/react-dom/cjs/react-dom-client.development.js:8685:13)
      at beginWork (node_modules/react-dom/cjs/react-dom-client.development.js:10950:18)
      at runWithFiberInDEV (node_modules/react-dom/cjs/react-dom-client.development.js:1522:13)
      at performUnitOfWork (node_modules/react-dom/cjs/react-dom-client.development.js:15140:22)
      at workLoopSync (node_modules/react-dom/cjs/react-dom-client.development.js:14956:41)
      at renderRootSync (node_modules/react-dom/cjs/react-dom-client.development.js:14936:11)
      at performWorkOnRoot (node_modules/react-dom/cjs/react-dom-client.development.js:14462:44)
      at performWorkOnRootViaSchedulerTask (node_modules/react-dom/cjs/react-dom-client.development.js:16216:7)
      at flushActQueue (node_modules/react/cjs/react.development.js:566:34)
      at process.env.NODE_ENV.exports.act (node_modules/react/cjs/react.development.js:859:10)
      at node_modules/@testing-library/react/dist/act-compat.js:47:25
      at renderRoot (node_modules/@testing-library/react/dist/pure.js:190:26)
      at render (node_modules/@testing-library/react/dist/pure.js:292:10)
      at Object.<anonymous> (src/__tests__/visual/component-snapshots.test.tsx:241:37)

  ● Component Visual Regression Tests › Responsive Breakpoints › renders components correctly at desktop breakpoint

    TypeError: Cannot read properties of undefined (reading 'propertyType')

      64 |             )}
      65 |             <span className="bg-black/60 backdrop-blur-md text-white text-xs font-medium px-3 py-1.5 rounded-full border border-white/10">
    > 66 |               {getPropertyTypeLabel(property.details.propertyType)}
         |                                                      ^
      67 |             </span>
      68 |           </div>
      69 |

      at propertyType (src/components/PropertyCard.tsx:66:54)
      at Object.react-stack-bottom-frame (node_modules/react-dom/cjs/react-dom-client.development.js:23863:20)
      at renderWithHooks (node_modules/react-dom/cjs/react-dom-client.development.js:5529:22)
      at updateFunctionComponent (node_modules/react-dom/cjs/react-dom-client.development.js:8897:19)
      at updateSimpleMemoComponent (node_modules/react-dom/cjs/react-dom-client.development.js:8752:14)
      at updateMemoComponent (node_modules/react-dom/cjs/react-dom-client.development.js:8685:13)
      at beginWork (node_modules/react-dom/cjs/react-dom-client.development.js:10950:18)
      at runWithFiberInDEV (node_modules/react-dom/cjs/react-dom-client.development.js:1522:13)
      at performUnitOfWork (node_modules/react-dom/cjs/react-dom-client.development.js:15140:22)
      at workLoopSync (node_modules/react-dom/cjs/react-dom-client.development.js:14956:41)
      at renderRootSync (node_modules/react-dom/cjs/react-dom-client.development.js:14936:11)
      at performWorkOnRoot (node_modules/react-dom/cjs/react-dom-client.development.js:14462:44)
      at performWorkOnRootViaSchedulerTask (node_modules/react-dom/cjs/react-dom-client.development.js:16216:7)
      at flushActQueue (node_modules/react/cjs/react.development.js:566:34)
      at process.env.NODE_ENV.exports.act (node_modules/react/cjs/react.development.js:859:10)
      at node_modules/@testing-library/react/dist/act-compat.js:47:25
      at renderRoot (node_modules/@testing-library/react/dist/pure.js:190:26)
      at render (node_modules/@testing-library/react/dist/pure.js:292:10)
      at Object.<anonymous> (src/__tests__/visual/component-snapshots.test.tsx:241:37)

  ● Component Visual Regression Tests › Dark Mode Support › renders components in dark mode

    TypeError: Cannot read properties of undefined (reading 'propertyType')

      64 |             )}
      65 |             <span className="bg-black/60 backdrop-blur-md text-white text-xs font-medium px-3 py-1.5 rounded-full border border-white/10">
    > 66 |               {getPropertyTypeLabel(property.details.propertyType)}
         |                                                      ^
      67 |             </span>
      68 |           </div>
      69 |

      at propertyType (src/components/PropertyCard.tsx:66:54)
      at Object.react-stack-bottom-frame (node_modules/react-dom/cjs/react-dom-client.development.js:23863:20)
      at renderWithHooks (node_modules/react-dom/cjs/react-dom-client.development.js:5529:22)
      at updateFunctionComponent (node_modules/react-dom/cjs/react-dom-client.development.js:8897:19)
      at updateSimpleMemoComponent (node_modules/react-dom/cjs/react-dom-client.development.js:8752:14)
      at updateMemoComponent (node_modules/react-dom/cjs/react-dom-client.development.js:8685:13)
      at beginWork (node_modules/react-dom/cjs/react-dom-client.development.js:10950:18)
      at runWithFiberInDEV (node_modules/react-dom/cjs/react-dom-client.development.js:1522:13)
      at performUnitOfWork (node_modules/react-dom/cjs/react-dom-client.development.js:15140:22)
      at workLoopSync (node_modules/react-dom/cjs/react-dom-client.development.js:14956:41)
      at renderRootSync (node_modules/react-dom/cjs/react-dom-client.development.js:14936:11)
      at performWorkOnRoot (node_modules/react-dom/cjs/react-dom-client.development.js:14462:44)
      at performWorkOnRootViaSchedulerTask (node_modules/react-dom/cjs/react-dom-client.development.js:16216:7)
      at flushActQueue (node_modules/react/cjs/react.development.js:566:34)
      at process.env.NODE_ENV.exports.act (node_modules/react/cjs/react.development.js:859:10)
      at node_modules/@testing-library/react/dist/act-compat.js:47:25
      at renderRoot (node_modules/@testing-library/react/dist/pure.js:190:26)
      at render (node_modules/@testing-library/react/dist/pure.js:292:10)
      at Object.<anonymous> (src/__tests__/visual/component-snapshots.test.tsx:264:35)

  ● Component Visual Regression Tests › High Contrast Mode › renders components in high contrast mode

    TypeError: Cannot read properties of undefined (reading 'propertyType')

      64 |             )}
      65 |             <span className="bg-black/60 backdrop-blur-md text-white text-xs font-medium px-3 py-1.5 rounded-full border border-white/10">
    > 66 |               {getPropertyTypeLabel(property.details.propertyType)}
         |                                                      ^
      67 |             </span>
      68 |           </div>
      69 |

      at propertyType (src/components/PropertyCard.tsx:66:54)
      at Object.react-stack-bottom-frame (node_modules/react-dom/cjs/react-dom-client.development.js:23863:20)
      at renderWithHooks (node_modules/react-dom/cjs/react-dom-client.development.js:5529:22)
      at updateFunctionComponent (node_modules/react-dom/cjs/react-dom-client.development.js:8897:19)
      at updateSimpleMemoComponent (node_modules/react-dom/cjs/react-dom-client.development.js:8752:14)
      at updateMemoComponent (node_modules/react-dom/cjs/react-dom-client.development.js:8685:13)
      at beginWork (node_modules/react-dom/cjs/react-dom-client.development.js:10950:18)
      at runWithFiberInDEV (node_modules/react-dom/cjs/react-dom-client.development.js:1522:13)
      at performUnitOfWork (node_modules/react-dom/cjs/react-dom-client.development.js:15140:22)
      at workLoopSync (node_modules/react-dom/cjs/react-dom-client.development.js:14956:41)
      at renderRootSync (node_modules/react-dom/cjs/react-dom-client.development.js:14936:11)
      at performWorkOnRoot (node_modules/react-dom/cjs/react-dom-client.development.js:14462:44)
      at performWorkOnRootViaSchedulerTask (node_modules/react-dom/cjs/react-dom-client.development.js:16216:7)
      at flushActQueue (node_modules/react/cjs/react.development.js:566:34)
      at process.env.NODE_ENV.exports.act (node_modules/react/cjs/react.development.js:859:10)
      at node_modules/@testing-library/react/dist/act-compat.js:47:25
      at renderRoot (node_modules/@testing-library/react/dist/pure.js:190:26)
      at render (node_modules/@testing-library/react/dist/pure.js:292:10)
      at Object.<anonymous> (src/__tests__/visual/component-snapshots.test.tsx:285:35)

FAIL src/components/__tests__/ImageUploader.test.tsx
  ● ImageUploader › displays uploaded images with controls

    TestingLibraryElementError: Unable to find an element with the text: Imazhi i parë do të jetë imazhi kryesor. This could be because the text is broken up by multiple elements. In this case, you can provide a function for your text matcher to make your matcher more flexible.

    Ignored nodes: comments, script, style
    [36m<body>[39m
      [36m<div>[39m
        [36m<div[39m
          [33mclass[39m=[32m"space-y-4"[39m
        [36m>[39m
          [36m<div[39m
            [33mclass[39m=[32m"border-2 border-dashed rounded-lg p-6 text-center cursor-pointer transition-colors border-gray-300 hover:border-red-500 hover:bg-red-50"[39m
            [33mdata-testid[39m=[32m"dropzone"[39m
          [36m>[39m
            [36m<input[39m
              [33mdata-testid[39m=[32m"file-input"[39m
            [36m/>[39m
            [36m<div[39m
              [33mclass[39m=[32m"flex flex-col items-center"[39m
            [36m>[39m
              [36m<svg[39m
                [33maria-hidden[39m=[32m"true"[39m
                [33mclass[39m=[32m"lucide lucide-upload h-12 w-12 mb-4 text-red-600"[39m
                [33mfill[39m=[32m"none"[39m
                [33mheight[39m=[32m"24"[39m
                [33mstroke[39m=[32m"currentColor"[39m
                [33mstroke-linecap[39m=[32m"round"[39m
                [33mstroke-linejoin[39m=[32m"round"[39m
                [33mstroke-width[39m=[32m"2"[39m
                [33mviewBox[39m=[32m"0 0 24 24"[39m
                [33mwidth[39m=[32m"24"[39m
                [33mxmlns[39m=[32m"http://www.w3.org/2000/svg"[39m
              [36m>[39m
                [36m<path[39m
                  [33md[39m=[32m"M12 3v12"[39m
                [36m/>[39m
                [36m<path[39m
                  [33md[39m=[32m"m17 8-5-5-5 5"[39m
                [36m/>[39m
                [36m<path[39m
                  [33md[39m=[32m"M21 15v4a2 2 0 0 1-2 2H5a2 2 0 0 1-2-2v-4"[39m
                [36m/>[39m
              [36m</svg>[39m
              [36m<div[39m
                [33mclass[39m=[32m"text-center"[39m
              [36m>[39m
                [36m<p[39m
                  [33mclass[39m=[32m"text-gray-700 font-medium mb-2"[39m
                [36m>[39m
                  [0mZvarritni imazhet këtu ose klikoni për të zgjedhur[0m
                [36m</p>[39m
                [36m<p[39m
                  [33mclass[39m=[32m"text-gray-500 text-sm"[39m
                [36m>[39m
                  [0mFormatet e pranuara: JPEG, PNG, WebP (maksimum [0m
                  [0m2[0m
                  [0mMB secili)[0m
                [36m</p>[39m
                [36m<p[39m
                  [33mclass[39m=[32m"text-gray-500 text-sm"[39m
                [36m>[39m
                  [0m2[0m
                  [0m/[0m
                  [0m5[0m
                  [0m imazhe të ngarkuara[0m
                [36m</p>[39m
              [36m</div>[39m
            [36m</div>[39m
          [36m</div>[39m
          [36m<div[39m
            [33mclass[39m=[32m"space-y-6"[39m
          [36m>[39m
            [36m<div[39m
              [33mclass[39m=[32m"flex items-center justify-between"[39m
            [36m>[39m
              [36m<h3[39m
                [33mclass[39m=[32m"text-lg font-semibold text-gray-900 flex items-center"[39m
              [36m>[39m
                [36m<svg[39m
                  [33maria-hidden[39m=[32m"true"[39m
                  [33mclass[39m=[32m"lucide lucide-image h-5 w-5 mr-2 text-red-600"[39m
                  [33mfill[39m=[32m"none"[39m
                  [33mheight[39m=[32m"24"[39m
                  [33mstroke[39m=[32m"currentColor"[39m
                  [33mstroke-linecap[39m=[32m"round"[39m
                  [33mstroke-linejoin[39m=[32m"round"[39m
                  [33mstroke-width[39m=[32m"2"[39m
                  [33mviewBox[39m=[32m"0 0 24 24"[39m
                  [33mwidth[39m=[32m"24"[39m
                  [33mxmlns[39m=[32m"http://www.w3.org/2000/svg"[39m
                [36m>[39m
                  [36m<rect[39m
                    [33mheight[39m=[32m"18"[39m
                    [33mrx[39m=[32m"2"[39m
                    [33mry[39m=[32m"2"[39m
                    [33mwidth[39m=[32m"18"[39m
                    [33mx[39m=[32m"3"[39m
                    [33my[39m=[32m"3"[39m
                  [36m/>[39m
                  [36m<circle[39m
                    [33mcx[39m=[32m"9"[39m
                    [33mcy[39m=[32m"9"[39m
                    [33mr[39m=[32m"2"[39m
                  [36m/>[39m
                  [36m<path[39m
                    [33md[39m=[32m"m21 15-3.086-3.086a2 2 0 0 0-2.828 0L6 21"[39m
                  [36m/>[39m
                [36m</svg>[39m
                [0mImazhet e Ngarkuara ([0m
                [0m2[0m
                [0m)[0m
              [36m</h3>[39m
              [36m<div[39m
                [33mclass[39m=[32m"flex items-center space-x-2 text-xs text-gray-500"[39m
              [36m>[39m
                [36m<svg[39m
                  [33maria-hidden[39m=[32m"true"[39m
                  [33mclass[39m=[32m"lucide lucide-star h-4 w-4 text-yellow-500"[39m
                  [33mfill[39m=[32m"none"[39m
                  [33mheight[39m=[32m"24"[39m
                  [33mstroke[39m=[32m"currentColor"[39m
                  [33mstroke-linecap[39m=[32m"round"[39m
                  [33mstroke-linejoin[39m=[32m"round"[39m
                  [33mstroke-width[39m=[32m"2"[39m
                  [33mviewBox[39m=[32m"0 0 24 24"[39m
                  [33mwidth[39m=[32m"24"[39m
                  [33mxmlns[39m=[32m"http://www.w3.org/2000/svg"[39m
                [36m>[39m
                  [36m<path[39m
                    [33md[39m=[32m"M11.525 2.295a.53.53 0 0 1 .95 0l2.31 4.679a2.123 2.123 0 0 0 1.595 1.16l5.166.756a.53.53 0 0 1 .294.904l-3.736 3.638a2.123 2.123 0 0 0-.611 1.878l.882 5.14a.53.53 0 0 1-.771.56l-4.618-2.428a2.122 2.122 0 0 0-1.973 0L6.396 21.01a.53.53 0 0 1-.77-.56l.881-5.139a2.122 2.122 0 0 0-.611-1.879L2.16 9.795a.53.53 0 0 1 .294-.906l5.165-.755a2.122 2.122 0 0 0 1.597-1.16z"[39m
                  [36m/>[39m
                [36m</svg>[39m
                [36m<span>[39m
                  [0mImazhi i parë është kryesor[0m
                [36m</span>[39m
              [36m</div>[39m
            [36m</div>[39m
            [36m<div[39m
              [33mclass[39m=[32m"grid grid-cols-1 md:grid-cols-2 lg:grid-cols-3 gap-6"[39m
            [36m>[39m
              [36m<div[39m
                [33mclass[39m=[32m"relative group bg-white rounded-xl shadow-lg overflow-hidden border border-gray-200 hover:shadow-xl transition-all duration-300"[39m
              [36m>[39m
                [36m<div[39m
                  [33mclass[39m=[32m"aspect-[4/3] relative bg-gradient-to-br from-gray-100 to-gray-200"[39m
                [36m>[39m
                  [36m<img[39m
                    [33malt[39m=[32m"Property image 1"[39m
                    [33mclass[39m=[32m"object-cover transition-transform duration-300 group-hover:scale-105"[39m
                    [33msizes[39m=[32m"(max-width: 768px) 100vw, (max-width: 1200px) 50vw, 33vw"[39m
                    [33msrc[39m=[32m"image1.jpg"[39m
                  [36m/>[39m
                  [36m<div[39m
                    [33mclass[39m=[32m"absolute inset-0 bg-gradient-to-t from-black/60 via-transparent to-transparent opacity-0 group-hover:opacity-100 transition-opacity duration-300"[39m
                  [36m>[39m
                    [36m<div[39m
                      [33mclass[39m=[32m"absolute bott...

      52 |     
      53 |     expect(screen.getByText('Imazhet e Ngarkuara (2)')).toBeInTheDocument();
    > 54 |     expect(screen.getByText('Imazhi i parë do të jetë imazhi kryesor')).toBeInTheDocument();
         |                   ^
      55 |     
      56 |     // Check for primary image badge
      57 |     expect(screen.getByText('Kryesor')).toBeInTheDocument();

      at Object.getElementError (node_modules/@testing-library/dom/dist/config.js:37:19)
      at node_modules/@testing-library/dom/dist/query-helpers.js:76:38
      at node_modules/@testing-library/dom/dist/query-helpers.js:52:17
      at node_modules/@testing-library/dom/dist/query-helpers.js:95:19
      at Object.getByText (src/components/__tests__/ImageUploader.test.tsx:54:19)

FAIL src/__tests__/performance/component-performance.test.tsx
  ● Console

    console.log
      Performance Test: map-view-small

      at log (src/__tests__/performance/component-performance.test.tsx:97:11)

    console.log
      Duration: 102.00ms

      at log (src/__tests__/performance/component-performance.test.tsx:98:11)

    console.log
      Performance Test: map-view-large

      at log (src/__tests__/performance/component-performance.test.tsx:97:11)

    console.log
      Duration: 36.00ms

      at log (src/__tests__/performance/component-performance.test.tsx:98:11)

    console.log
      Performance Test: map-view-update

      at log (src/__tests__/performance/component-performance.test.tsx:97:11)

    console.log
      Duration: 23.00ms

      at log (src/__tests__/performance/component-performance.test.tsx:98:11)

  ● Component Performance Tests › PropertyGrid Performance › renders small property list efficiently

    TypeError: Cannot read properties of undefined (reading 'propertyType')

      64 |             )}
      65 |             <span className="bg-black/60 backdrop-blur-md text-white text-xs font-medium px-3 py-1.5 rounded-full border border-white/10">
    > 66 |               {getPropertyTypeLabel(property.details.propertyType)}
         |                                                      ^
      67 |             </span>
      68 |           </div>
      69 |

      at propertyType (src/components/PropertyCard.tsx:66:54)
      at Object.react-stack-bottom-frame (node_modules/react-dom/cjs/react-dom-client.development.js:23863:20)
      at renderWithHooks (node_modules/react-dom/cjs/react-dom-client.development.js:5529:22)
      at updateFunctionComponent (node_modules/react-dom/cjs/react-dom-client.development.js:8897:19)
      at updateSimpleMemoComponent (node_modules/react-dom/cjs/react-dom-client.development.js:8752:14)
      at updateMemoComponent (node_modules/react-dom/cjs/react-dom-client.development.js:8685:13)
      at beginWork (node_modules/react-dom/cjs/react-dom-client.development.js:10950:18)
      at runWithFiberInDEV (node_modules/react-dom/cjs/react-dom-client.development.js:1522:13)
      at performUnitOfWork (node_modules/react-dom/cjs/react-dom-client.development.js:15140:22)
      at workLoopSync (node_modules/react-dom/cjs/react-dom-client.development.js:14956:41)
      at renderRootSync (node_modules/react-dom/cjs/react-dom-client.development.js:14936:11)
      at performWorkOnRoot (node_modules/react-dom/cjs/react-dom-client.development.js:14462:44)
      at performWorkOnRootViaSchedulerTask (node_modules/react-dom/cjs/react-dom-client.development.js:16216:7)
      at flushActQueue (node_modules/react/cjs/react.development.js:566:34)
      at process.env.NODE_ENV.exports.act (node_modules/react/cjs/react.development.js:859:10)
      at node_modules/@testing-library/react/dist/act-compat.js:47:25
      at renderRoot (node_modules/@testing-library/react/dist/pure.js:190:26)
      at render (node_modules/@testing-library/react/dist/pure.js:292:10)
      at src/__tests__/performance/component-performance.test.tsx:114:15
      at testFunction (src/__tests__/performance/component-performance.test.tsx:88:9)
      at Object.measurePerformance (src/__tests__/performance/component-performance.test.tsx:113:30)

  ● Component Performance Tests › PropertyGrid Performance › renders medium property list within acceptable time

    TypeError: Cannot read properties of undefined (reading 'propertyType')

      64 |             )}
      65 |             <span className="bg-black/60 backdrop-blur-md text-white text-xs font-medium px-3 py-1.5 rounded-full border border-white/10">
    > 66 |               {getPropertyTypeLabel(property.details.propertyType)}
         |                                                      ^
      67 |             </span>
      68 |           </div>
      69 |

      at propertyType (src/components/PropertyCard.tsx:66:54)
      at Object.react-stack-bottom-frame (node_modules/react-dom/cjs/react-dom-client.development.js:23863:20)
      at renderWithHooks (node_modules/react-dom/cjs/react-dom-client.development.js:5529:22)
      at updateFunctionComponent (node_modules/react-dom/cjs/react-dom-client.development.js:8897:19)
      at updateSimpleMemoComponent (node_modules/react-dom/cjs/react-dom-client.development.js:8752:14)
      at updateMemoComponent (node_modules/react-dom/cjs/react-dom-client.development.js:8685:13)
      at beginWork (node_modules/react-dom/cjs/react-dom-client.development.js:10950:18)
      at runWithFiberInDEV (node_modules/react-dom/cjs/react-dom-client.development.js:1522:13)
      at performUnitOfWork (node_modules/react-dom/cjs/react-dom-client.development.js:15140:22)
      at workLoopSync (node_modules/react-dom/cjs/react-dom-client.development.js:14956:41)
      at renderRootSync (node_modules/react-dom/cjs/react-dom-client.development.js:14936:11)
      at performWorkOnRoot (node_modules/react-dom/cjs/react-dom-client.development.js:14462:44)
      at performWorkOnRootViaSchedulerTask (node_modules/react-dom/cjs/react-dom-client.development.js:16216:7)
      at flushActQueue (node_modules/react/cjs/react.development.js:566:34)
      at process.env.NODE_ENV.exports.act (node_modules/react/cjs/react.development.js:859:10)
      at node_modules/@testing-library/react/dist/act-compat.js:47:25
      at renderRoot (node_modules/@testing-library/react/dist/pure.js:190:26)
      at render (node_modules/@testing-library/react/dist/pure.js:292:10)
      at src/__tests__/performance/component-performance.test.tsx:125:15
      at testFunction (src/__tests__/performance/component-performance.test.tsx:88:9)
      at Object.measurePerformance (src/__tests__/performance/component-performance.test.tsx:124:30)

  ● Component Performance Tests › PropertyGrid Performance › handles large property list with virtualization

    TypeError: Cannot read properties of undefined (reading 'propertyType')

      64 |             )}
      65 |             <span className="bg-black/60 backdrop-blur-md text-white text-xs font-medium px-3 py-1.5 rounded-full border border-white/10">
    > 66 |               {getPropertyTypeLabel(property.details.propertyType)}
         |                                                      ^
      67 |             </span>
      68 |           </div>
      69 |

      at propertyType (src/components/PropertyCard.tsx:66:54)
      at Object.react-stack-bottom-frame (node_modules/react-dom/cjs/react-dom-client.development.js:23863:20)
      at renderWithHooks (node_modules/react-dom/cjs/react-dom-client.development.js:5529:22)
      at updateFunctionComponent (node_modules/react-dom/cjs/react-dom-client.development.js:8897:19)
      at updateSimpleMemoComponent (node_modules/react-dom/cjs/react-dom-client.development.js:8752:14)
      at updateMemoComponent (node_modules/react-dom/cjs/react-dom-client.development.js:8685:13)
      at beginWork (node_modules/react-dom/cjs/react-dom-client.development.js:10950:18)
      at runWithFiberInDEV (node_modules/react-dom/cjs/react-dom-client.development.js:1522:13)
      at performUnitOfWork (node_modules/react-dom/cjs/react-dom-client.development.js:15140:22)
      at workLoopSync (node_modules/react-dom/cjs/react-dom-client.development.js:14956:41)
      at renderRootSync (node_modules/react-dom/cjs/react-dom-client.development.js:14936:11)
      at performWorkOnRoot (node_modules/react-dom/cjs/react-dom-client.development.js:14462:44)
      at performWorkOnRootViaSchedulerTask (node_modules/react-dom/cjs/react-dom-client.development.js:16216:7)
      at flushActQueue (node_modules/react/cjs/react.development.js:566:34)
      at process.env.NODE_ENV.exports.act (node_modules/react/cjs/react.development.js:859:10)
      at node_modules/@testing-library/react/dist/act-compat.js:47:25
      at renderRoot (node_modules/@testing-library/react/dist/pure.js:190:26)
      at render (node_modules/@testing-library/react/dist/pure.js:292:10)
      at src/__tests__/performance/component-performance.test.tsx:136:15
      at testFunction (src/__tests__/performance/component-performance.test.tsx:88:9)
      at Object.measurePerformance (src/__tests__/performance/component-performance.test.tsx:135:30)

  ● Component Performance Tests › PropertyGrid Performance › updates efficiently when properties change

    TypeError: Cannot read properties of undefined (reading 'propertyType')

      64 |             )}
      65 |             <span className="bg-black/60 backdrop-blur-md text-white text-xs font-medium px-3 py-1.5 rounded-full border border-white/10">
    > 66 |               {getPropertyTypeLabel(property.details.propertyType)}
         |                                                      ^
      67 |             </span>
      68 |           </div>
      69 |

      at propertyType (src/components/PropertyCard.tsx:66:54)
      at Object.react-stack-bottom-frame (node_modules/react-dom/cjs/react-dom-client.development.js:23863:20)
      at renderWithHooks (node_modules/react-dom/cjs/react-dom-client.development.js:5529:22)
      at updateFunctionComponent (node_modules/react-dom/cjs/react-dom-client.development.js:8897:19)
      at updateSimpleMemoComponent (node_modules/react-dom/cjs/react-dom-client.development.js:8752:14)
      at updateMemoComponent (node_modules/react-dom/cjs/react-dom-client.development.js:8685:13)
      at beginWork (node_modules/react-dom/cjs/react-dom-client.development.js:10950:18)
      at runWithFiberInDEV (node_modules/react-dom/cjs/react-dom-client.development.js:1522:13)
      at performUnitOfWork (node_modules/react-dom/cjs/react-dom-client.development.js:15140:22)
      at workLoopSync (node_modules/react-dom/cjs/react-dom-client.development.js:14956:41)
      at renderRootSync (node_modules/react-dom/cjs/react-dom-client.development.js:14936:11)
      at performWorkOnRoot (node_modules/react-dom/cjs/react-dom-client.development.js:14462:44)
      at performWorkOnRootViaSchedulerTask (node_modules/react-dom/cjs/react-dom-client.development.js:16216:7)
      at flushActQueue (node_modules/react/cjs/react.development.js:566:34)
      at process.env.NODE_ENV.exports.act (node_modules/react/cjs/react.development.js:859:10)
      at node_modules/@testing-library/react/dist/act-compat.js:47:25
      at renderRoot (node_modules/@testing-library/react/dist/pure.js:190:26)
      at render (node_modules/@testing-library/react/dist/pure.js:292:10)
      at Object.<anonymous> (src/__tests__/performance/component-performance.test.tsx:145:34)

  ● Component Performance Tests › SearchFilters Performance › renders search filters quickly

    TypeError: Cannot read properties of undefined (reading 'map')

      61 |   // Get unique values for filter options - memoized to prevent recalculation
      62 |   const uniqueCities = useMemo(
    > 63 |     () => [...new Set(properties.map((p) => p.address.city))].sort(),
         |                                  ^
      64 |     [properties]
      65 |   );
      66 |

      at map (src/components/SearchFilters.tsx:63:34)
      at mountMemo (node_modules/react-dom/cjs/react-dom-client.development.js:6603:23)
      at Object.useMemo (node_modules/react-dom/cjs/react-dom-client.development.js:22924:18)
      at process.env.NODE_ENV.exports.useMemo (node_modules/react/cjs/react.development.js:1209:34)
      at SearchFilters (src/components/SearchFilters.tsx:62:31)
      at Object.react-stack-bottom-frame (node_modules/react-dom/cjs/react-dom-client.development.js:23863:20)
      at renderWithHooks (node_modules/react-dom/cjs/react-dom-client.development.js:5529:22)
      at updateFunctionComponent (node_modules/react-dom/cjs/react-dom-client.development.js:8897:19)
      at beginWork (node_modules/react-dom/cjs/react-dom-client.development.js:10522:18)
      at runWithFiberInDEV (node_modules/react-dom/cjs/react-dom-client.development.js:1522:13)
      at performUnitOfWork (node_modules/react-dom/cjs/react-dom-client.development.js:15140:22)
      at workLoopSync (node_modules/react-dom/cjs/react-dom-client.development.js:14956:41)
      at renderRootSync (node_modules/react-dom/cjs/react-dom-client.development.js:14936:11)
      at performWorkOnRoot (node_modules/react-dom/cjs/react-dom-client.development.js:14462:44)
      at performWorkOnRootViaSchedulerTask (node_modules/react-dom/cjs/react-dom-client.development.js:16216:7)
      at flushActQueue (node_modules/react/cjs/react.development.js:566:34)
      at process.env.NODE_ENV.exports.act (node_modules/react/cjs/react.development.js:859:10)
      at node_modules/@testing-library/react/dist/act-compat.js:47:25
      at renderRoot (node_modules/@testing-library/react/dist/pure.js:190:26)
      at render (node_modules/@testing-library/react/dist/pure.js:292:10)
      at src/__tests__/performance/component-performance.test.tsx:161:15
      at testFunction (src/__tests__/performance/component-performance.test.tsx:88:9)
      at Object.measurePerformance (src/__tests__/performance/component-performance.test.tsx:160:30)

  ● Component Performance Tests › SearchFilters Performance › handles filter changes efficiently

    TypeError: Cannot read properties of undefined (reading 'map')

      61 |   // Get unique values for filter options - memoized to prevent recalculation
      62 |   const uniqueCities = useMemo(
    > 63 |     () => [...new Set(properties.map((p) => p.address.city))].sort(),
         |                                  ^
      64 |     [properties]
      65 |   );
      66 |

      at map (src/components/SearchFilters.tsx:63:34)
      at mountMemo (node_modules/react-dom/cjs/react-dom-client.development.js:6603:23)
      at Object.useMemo (node_modules/react-dom/cjs/react-dom-client.development.js:22924:18)
      at process.env.NODE_ENV.exports.useMemo (node_modules/react/cjs/react.development.js:1209:34)
      at SearchFilters (src/components/SearchFilters.tsx:62:31)
      at Object.react-stack-bottom-frame (node_modules/react-dom/cjs/react-dom-client.development.js:23863:20)
      at renderWithHooks (node_modules/react-dom/cjs/react-dom-client.development.js:5529:22)
      at updateFunctionComponent (node_modules/react-dom/cjs/react-dom-client.development.js:8897:19)
      at beginWork (node_modules/react-dom/cjs/react-dom-client.development.js:10522:18)
      at runWithFiberInDEV (node_modules/react-dom/cjs/react-dom-client.development.js:1522:13)
      at performUnitOfWork (node_modules/react-dom/cjs/react-dom-client.development.js:15140:22)
      at workLoopSync (node_modules/react-dom/cjs/react-dom-client.development.js:14956:41)
      at renderRootSync (node_modules/react-dom/cjs/react-dom-client.development.js:14936:11)
      at performWorkOnRoot (node_modules/react-dom/cjs/react-dom-client.development.js:14462:44)
      at performWorkOnRootViaSchedulerTask (node_modules/react-dom/cjs/react-dom-client.development.js:16216:7)
      at flushActQueue (node_modules/react/cjs/react.development.js:566:34)
      at process.env.NODE_ENV.exports.act (node_modules/react/cjs/react.development.js:859:10)
      at node_modules/@testing-library/react/dist/act-compat.js:47:25
      at renderRoot (node_modules/@testing-library/react/dist/pure.js:190:26)
      at render (node_modules/@testing-library/react/dist/pure.js:292:10)
      at Object.<anonymous> (src/__tests__/performance/component-performance.test.tsx:169:13)

  ● Component Performance Tests › SearchFilters Performance › debounces rapid filter changes

    TypeError: Cannot read properties of undefined (reading 'map')

      61 |   // Get unique values for filter options - memoized to prevent recalculation
      62 |   const uniqueCities = useMemo(
    > 63 |     () => [...new Set(properties.map((p) => p.address.city))].sort(),
         |                                  ^
      64 |     [properties]
      65 |   );
      66 |

      at map (src/components/SearchFilters.tsx:63:34)
      at mountMemo (node_modules/react-dom/cjs/react-dom-client.development.js:6603:23)
      at Object.useMemo (node_modules/react-dom/cjs/react-dom-client.development.js:22924:18)
      at process.env.NODE_ENV.exports.useMemo (node_modules/react/cjs/react.development.js:1209:34)
      at SearchFilters (src/components/SearchFilters.tsx:62:31)
      at Object.react-stack-bottom-frame (node_modules/react-dom/cjs/react-dom-client.development.js:23863:20)
      at renderWithHooks (node_modules/react-dom/cjs/react-dom-client.development.js:5529:22)
      at updateFunctionComponent (node_modules/react-dom/cjs/react-dom-client.development.js:8897:19)
      at beginWork (node_modules/react-dom/cjs/react-dom-client.development.js:10522:18)
      at runWithFiberInDEV (node_modules/react-dom/cjs/react-dom-client.development.js:1522:13)
      at performUnitOfWork (node_modules/react-dom/cjs/react-dom-client.development.js:15140:22)
      at workLoopSync (node_modules/react-dom/cjs/react-dom-client.development.js:14956:41)
      at renderRootSync (node_modules/react-dom/cjs/react-dom-client.development.js:14936:11)
      at performWorkOnRoot (node_modules/react-dom/cjs/react-dom-client.development.js:14462:44)
      at performWorkOnRootViaSchedulerTask (node_modules/react-dom/cjs/react-dom-client.development.js:16216:7)
      at flushActQueue (node_modules/react/cjs/react.development.js:566:34)
      at process.env.NODE_ENV.exports.act (node_modules/react/cjs/react.development.js:859:10)
      at node_modules/@testing-library/react/dist/act-compat.js:47:25
      at renderRoot (node_modules/@testing-library/react/dist/pure.js:190:26)
      at render (node_modules/@testing-library/react/dist/pure.js:292:10)
      at Object.<anonymous> (src/__tests__/performance/component-performance.test.tsx:183:13)

  ● Component Performance Tests › MapView Performance › renders map with few markers efficiently

    expect(received).toBeLessThan(expected)

    Expected: < 100
    Received:   102

      212 |       });
      213 |       
    > 214 |       expect(duration).toBeLessThan(100);
          |                        ^
      215 |     });
      216 |
      217 |     it('handles many markers with clustering', async () => {

      at Object.toBeLessThan (src/__tests__/performance/component-performance.test.tsx:214:24)

  ● Component Performance Tests › Memory Usage Tests › does not create memory leaks with frequent re-renders

    TypeError: Cannot read properties of undefined (reading 'propertyType')

      64 |             )}
      65 |             <span className="bg-black/60 backdrop-blur-md text-white text-xs font-medium px-3 py-1.5 rounded-full border border-white/10">
    > 66 |               {getPropertyTypeLabel(property.details.propertyType)}
         |                                                      ^
      67 |             </span>
      68 |           </div>
      69 |

      at propertyType (src/components/PropertyCard.tsx:66:54)
      at Object.react-stack-bottom-frame (node_modules/react-dom/cjs/react-dom-client.development.js:23863:20)
      at renderWithHooks (node_modules/react-dom/cjs/react-dom-client.development.js:5529:22)
      at updateFunctionComponent (node_modules/react-dom/cjs/react-dom-client.development.js:8897:19)
      at updateSimpleMemoComponent (node_modules/react-dom/cjs/react-dom-client.development.js:8752:14)
      at updateMemoComponent (node_modules/react-dom/cjs/react-dom-client.development.js:8685:13)
      at beginWork (node_modules/react-dom/cjs/react-dom-client.development.js:10950:18)
      at runWithFiberInDEV (node_modules/react-dom/cjs/react-dom-client.development.js:1522:13)
      at performUnitOfWork (node_modules/react-dom/cjs/react-dom-client.development.js:15140:22)
      at workLoopSync (node_modules/react-dom/cjs/react-dom-client.development.js:14956:41)
      at renderRootSync (node_modules/react-dom/cjs/react-dom-client.development.js:14936:11)
      at performWorkOnRoot (node_modules/react-dom/cjs/react-dom-client.development.js:14462:44)
      at performWorkOnRootViaSchedulerTask (node_modules/react-dom/cjs/react-dom-client.development.js:16216:7)
      at flushActQueue (node_modules/react/cjs/react.development.js:566:34)
      at process.env.NODE_ENV.exports.act (node_modules/react/cjs/react.development.js:859:10)
      at node_modules/@testing-library/react/dist/act-compat.js:47:25
      at renderRoot (node_modules/@testing-library/react/dist/pure.js:190:26)
      at render (node_modules/@testing-library/react/dist/pure.js:292:10)
      at Object.<anonymous> (src/__tests__/performance/component-performance.test.tsx:245:43)

  ● Component Performance Tests › Memory Usage Tests › cleans up event listeners on unmount

    TypeError: Cannot read properties of undefined (reading 'map')

      61 |   // Get unique values for filter options - memoized to prevent recalculation
      62 |   const uniqueCities = useMemo(
    > 63 |     () => [...new Set(properties.map((p) => p.address.city))].sort(),
         |                                  ^
      64 |     [properties]
      65 |   );
      66 |

      at map (src/components/SearchFilters.tsx:63:34)
      at mountMemo (node_modules/react-dom/cjs/react-dom-client.development.js:6603:23)
      at Object.useMemo (node_modules/react-dom/cjs/react-dom-client.development.js:22924:18)
      at process.env.NODE_ENV.exports.useMemo (node_modules/react/cjs/react.development.js:1209:34)
      at SearchFilters (src/components/SearchFilters.tsx:62:31)
      at Object.react-stack-bottom-frame (node_modules/react-dom/cjs/react-dom-client.development.js:23863:20)
      at renderWithHooks (node_modules/react-dom/cjs/react-dom-client.development.js:5529:22)
      at updateFunctionComponent (node_modules/react-dom/cjs/react-dom-client.development.js:8897:19)
      at beginWork (node_modules/react-dom/cjs/react-dom-client.development.js:10522:18)
      at runWithFiberInDEV (node_modules/react-dom/cjs/react-dom-client.development.js:1522:13)
      at performUnitOfWork (node_modules/react-dom/cjs/react-dom-client.development.js:15140:22)
      at workLoopSync (node_modules/react-dom/cjs/react-dom-client.development.js:14956:41)
      at renderRootSync (node_modules/react-dom/cjs/react-dom-client.development.js:14936:11)
      at performWorkOnRoot (node_modules/react-dom/cjs/react-dom-client.development.js:14462:44)
      at performWorkOnRootViaSchedulerTask (node_modules/react-dom/cjs/react-dom-client.development.js:16216:7)
      at flushActQueue (node_modules/react/cjs/react.development.js:566:34)
      at process.env.NODE_ENV.exports.act (node_modules/react/cjs/react.development.js:859:10)
      at node_modules/@testing-library/react/dist/act-compat.js:47:25
      at renderRoot (node_modules/@testing-library/react/dist/pure.js:190:26)
      at render (node_modules/@testing-library/react/dist/pure.js:292:10)
      at Object.<anonymous> (src/__tests__/performance/component-performance.test.tsx:273:33)

  ● Component Performance Tests › Accessibility Performance › maintains performance with screen reader support

    TypeError: Cannot read properties of undefined (reading 'propertyType')

      64 |             )}
      65 |             <span className="bg-black/60 backdrop-blur-md text-white text-xs font-medium px-3 py-1.5 rounded-full border border-white/10">
    > 66 |               {getPropertyTypeLabel(property.details.propertyType)}
         |                                                      ^
      67 |             </span>
      68 |           </div>
      69 |

      at propertyType (src/components/PropertyCard.tsx:66:54)
      at Object.react-stack-bottom-frame (node_modules/react-dom/cjs/react-dom-client.development.js:23863:20)
      at renderWithHooks (node_modules/react-dom/cjs/react-dom-client.development.js:5529:22)
      at updateFunctionComponent (node_modules/react-dom/cjs/react-dom-client.development.js:8897:19)
      at updateSimpleMemoComponent (node_modules/react-dom/cjs/react-dom-client.development.js:8752:14)
      at updateMemoComponent (node_modules/react-dom/cjs/react-dom-client.development.js:8685:13)
      at beginWork (node_modules/react-dom/cjs/react-dom-client.development.js:10950:18)
      at runWithFiberInDEV (node_modules/react-dom/cjs/react-dom-client.development.js:1522:13)
      at performUnitOfWork (node_modules/react-dom/cjs/react-dom-client.development.js:15140:22)
      at workLoopSync (node_modules/react-dom/cjs/react-dom-client.development.js:14956:41)
      at renderRootSync (node_modules/react-dom/cjs/react-dom-client.development.js:14936:11)
      at performWorkOnRoot (node_modules/react-dom/cjs/react-dom-client.development.js:14462:44)
      at performWorkOnRootViaSchedulerTask (node_modules/react-dom/cjs/react-dom-client.development.js:16216:7)
      at flushActQueue (node_modules/react/cjs/react.development.js:566:34)
      at process.env.NODE_ENV.exports.act (node_modules/react/cjs/react.development.js:859:10)
      at node_modules/@testing-library/react/dist/act-compat.js:47:25
      at renderRoot (node_modules/@testing-library/react/dist/pure.js:190:26)
      at render (node_modules/@testing-library/react/dist/pure.js:292:10)
      at src/__tests__/performance/component-performance.test.tsx:302:15
      at testFunction (src/__tests__/performance/component-performance.test.tsx:88:9)
      at Object.measurePerformance (src/__tests__/performance/component-performance.test.tsx:301:30)

  ● Component Performance Tests › Accessibility Performance › keyboard navigation performs well

    TypeError: Cannot read properties of undefined (reading 'map')

      61 |   // Get unique values for filter options - memoized to prevent recalculation
      62 |   const uniqueCities = useMemo(
    > 63 |     () => [...new Set(properties.map((p) => p.address.city))].sort(),
         |                                  ^
      64 |     [properties]
      65 |   );
      66 |

      at map (src/components/SearchFilters.tsx:63:34)
      at mountMemo (node_modules/react-dom/cjs/react-dom-client.development.js:6603:23)
      at Object.useMemo (node_modules/react-dom/cjs/react-dom-client.development.js:22924:18)
      at process.env.NODE_ENV.exports.useMemo (node_modules/react/cjs/react.development.js:1209:34)
      at SearchFilters (src/components/SearchFilters.tsx:62:31)
      at Object.react-stack-bottom-frame (node_modules/react-dom/cjs/react-dom-client.development.js:23863:20)
      at renderWithHooks (node_modules/react-dom/cjs/react-dom-client.development.js:5529:22)
      at updateFunctionComponent (node_modules/react-dom/cjs/react-dom-client.development.js:8897:19)
      at beginWork (node_modules/react-dom/cjs/react-dom-client.development.js:10522:18)
      at runWithFiberInDEV (node_modules/react-dom/cjs/react-dom-client.development.js:1522:13)
      at performUnitOfWork (node_modules/react-dom/cjs/react-dom-client.development.js:15140:22)
      at workLoopSync (node_modules/react-dom/cjs/react-dom-client.development.js:14956:41)
      at renderRootSync (node_modules/react-dom/cjs/react-dom-client.development.js:14936:11)
      at performWorkOnRoot (node_modules/react-dom/cjs/react-dom-client.development.js:14462:44)
      at performWorkOnRootViaSchedulerTask (node_modules/react-dom/cjs/react-dom-client.development.js:16216:7)
      at flushActQueue (node_modules/react/cjs/react.development.js:566:34)
      at process.env.NODE_ENV.exports.act (node_modules/react/cjs/react.development.js:859:10)
      at node_modules/@testing-library/react/dist/act-compat.js:47:25
      at renderRoot (node_modules/@testing-library/react/dist/pure.js:190:26)
      at render (node_modules/@testing-library/react/dist/pure.js:292:10)
      at Object.<anonymous> (src/__tests__/performance/component-performance.test.tsx:314:13)

FAIL src/components/__tests__/MapView.test.tsx
  ● MapView Component › renders map container

    TestingLibraryElementError: Unable to find an element by: [data-testid="map-container"]

    Ignored nodes: comments, script, style
    [36m<body>[39m
      [36m<div>[39m
        [36m<div[39m
          [33mclass[39m=[32m"relative"[39m
        [36m>[39m
          [36m<div[39m
            [33mclass[39m=[32m"w-full rounded-lg shadow-md border border-gray-200 touch-pan-x touch-pan-y bg-gray-50"[39m
            [33mstyle[39m=[32m"height: 400px;"[39m
          [36m/>[39m
          [36m<div[39m
            [33mclass[39m=[32m"absolute top-2 right-2 flex flex-col gap-1 z-1000"[39m
          [36m>[39m
            [36m<div[39m
              [33mclass[39m=[32m"bg-white rounded-md shadow-md border border-gray-200 overflow-hidden"[39m
            [36m>[39m
              [36m<button[39m
                [33mclass[39m=[32m"p-1.5 w-full text-xs transition-colors bg-blue-600 text-white"[39m
                [33mtitle[39m=[32m"Harta e rrugëve"[39m
              [36m>[39m
                [0m🗺️[0m
              [36m</button>[39m
              [36m<button[39m
                [33mclass[39m=[32m"p-1.5 w-full text-xs transition-colors text-blue-600"[39m
                [33mtitle[39m=[32m"Pamja satelitore"[39m
              [36m>[39m
                [0m🛰️[0m
              [36m</button>[39m
              [36m<button[39m
                [33mclass[39m=[32m"p-1.5 w-full text-xs transition-colors text-blue-600"[39m
                [33mtitle[39m=[32m"Terreni"[39m
              [36m>[39m
                [0m🏔️[0m
              [36m</button>[39m
            [36m</div>[39m
            [36m<button[39m
              [33mclass[39m=[32m"bg-white p-1.5 rounded-md shadow-md border border-gray-200 transition-colors duration-200"[39m
              [33mtitle[39m=[32m"Kthehu në pamjen fillestare"[39m
            [36m>[39m
              [36m<svg[39m
                [33maria-hidden[39m=[32m"true"[39m
                [33mclass[39m=[32m"lucide lucide-house h-3 w-3 text-blue-600"[39m
                [33mfill[39m=[32m"none"[39m
                [33mheight[39m=[32m"24"[39m
                [33mstroke[39m=[32m"currentColor"[39m
                [33mstroke-linecap[39m=[32m"round"[39m
                [33mstroke-linejoin[39m=[32m"round"[39m
                [33mstroke-width[39m=[32m"2"[39m
                [33mviewBox[39m=[32m"0 0 24 24"[39m
                [33mwidth[39m=[32m"24"[39m
                [33mxmlns[39m=[32m"http://www.w3.org/2000/svg"[39m
              [36m>[39m
                [36m<path[39m
                  [33md[39m=[32m"M15 21v-8a1 1 0 0 0-1-1h-4a1 1 0 0 0-1 1v8"[39m
                [36m/>[39m
                [36m<path[39m
                  [33md[39m=[32m"M3 10a2 2 0 0 1 .709-1.528l7-5.999a2 2 0 0 1 2.582 0l7 5.999A2 2 0 0 1 21 10v9a2 2 0 0 1-2 2H5a2 2 0 0 1-2-2z"[39m
                [36m/>[39m
              [36m</svg>[39m
            [36m</button>[39m
            [36m<button[39m
              [33mclass[39m=[32m"bg-white hover:bg-blue-50 p-1.5 rounded-md shadow-md border border-gray-200 transition-colors duration-200"[39m
              [33mtitle[39m=[32m"Harta në ekran të plotë"[39m
            [36m>[39m
              [36m<svg[39m
                [33mclass[39m=[32m"h-3 w-3 text-blue-600"[39m
                [33mfill[39m=[32m"none"[39m
                [33mstroke[39m=[32m"currentColor"[39m
                [33mviewBox[39m=[32m"0 0 24 24"[39m
              [36m>[39m
                [36m<path[39m
                  [33md[39m=[32m"M4 8V4m0 0h4M4 4l5 5m11-1V4m0 0h-4m4 0l-5 5M4 16v4m0 0h4m-4 0l5-5m11 5l-5-5m5 5v-4m0 4h-4"[39m
                  [33mstroke-linecap[39m=[32m"round"[39m
                  [33mstroke-linejoin[39m=[32m"round"[39m
                  [33mstroke-width[39m=[32m"2"[39m
                [36m/>[39m
              [36m</svg>[39m
            [36m</button>[39m
            [36m<button[39m
              [33mclass[39m=[32m"bg-white p-1.5 rounded-md shadow-md border border-gray-200 transition-colors duration-200"[39m
              [33mtitle[39m=[32m"Shko te lokacioni im"[39m
            [36m>[39m
              [36m<svg[39m
                [33mclass[39m=[32m"h-3 w-3 text-blue-600"[39m
                [33mfill[39m=[32m"none"[39m
                [33mstroke[39m=[32m"currentColor"[39m
                [33mviewBox[39m=[32m"0 0 24 24"[39m
              [36m>[39m
                [36m<path[39m
                  [33md[39m=[32m"M17.657 16.657L13.414 20.9a1.998 1.998 0 01-2.827 0l-4.244-4.243a8 8 0 1111.314 0z"[39m
                  [33mstroke-linecap[39m=[32m"round"[39m
                  [33mstroke-linejoin[39m=[32m"round"[39m
                  [33mstroke-width[39m=[32m"2"[39m
                [36m/>[39m
                [36m<path[39m
                  [33md[39m=[32m"M15 11a3 3 0 11-6 0 3 3 0 016 0z"[39m
                  [33mstroke-linecap[39m=[32m"round"[39m
                  [33mstroke-linejoin[39m=[32m"round"[39m
                  [33mstroke-width[39m=[32m"2"[39m
                [36m/>[39m
              [36m</svg>[39m
            [36m</button>[39m
          [36m</div>[39m
          [36m<div[39m
            [33mclass[39m=[32m"absolute top-3 left-3 z-1000"[39m
          [36m>[39m
            [36m<div[39m
              [33mclass[39m=[32m"bg-white rounded-lg shadow-md border border-gray-200 p-3 max-w-xs sm:max-w-sm"[39m
            [36m>[39m
              [36m<div[39m
                [33mclass[39m=[32m"flex items-center gap-2 mb-2"[39m
              [36m>[39m
                [36m<svg[39m
                  [33maria-hidden[39m=[32m"true"[39m
                  [33mclass[39m=[32m"lucide lucide-funnel h-4 w-4 text-blue-600"[39m
                  [33mfill[39m=[32m"none"[39m
                  [33mheight[39m=[32m"24"[39m
                  [33mstroke[39m=[32m"currentColor"[39m
                  [33mstroke-linecap[39m=[32m"round"[39m
                  [33mstroke-linejoin[39m=[32m"round"[39m
                  [33mstroke-width[39m=[32m"2"[39m
                  [33mviewBox[39m=[32m"0 0 24 24"[39m
                  [33mwidth[39m=[32m"24"[39m
                  [33mxmlns[39m=[32m"http://www.w3.org/2000/svg"[39m
                [36m>[39m
                  [36m<path[39m
                    [33md[39m=[32m"M10 20a1 1 0 0 0 .553.895l2 1A1 1 0 0 0 14 21v-7a2 2 0 0 1 .517-1.341L21.74 4.67A1 1 0 0 0 21 3H3a1 1 0 0 0-.742 1.67l7.225 7.989A2 2 0 0 1 10 14z"[39m
                  [36m/>[39m
                [36m</svg>[39m
                [36m<span[39m
                  [33mclass[39m=[32m"text-sm font-medium text-gray-700"[39m
                [36m>[39m
                  [0mFiltrat e Hartës[0m
                [36m</span>[39m
              [36m</div>[39m
              [36m<div[39m
                [33mclass[39m=[32m"space-y-2"[39m
              [36m>[39m
                [36m<div>[39m
                  [36m<label[39m
                    [33mclass[39m=[32m"text-xs text-gray-600 block mb-1"[39m
                  [36m>[39m
                    [0mÇmimi[0m
                  [36m</label>[39m
                  [36m<select[39m
                    [33mclass[39m=[32m"w-full text-xs border border-gray-300 rounded px-2 py-1.5 focus:outline-none focus:ring-1 focus:ring-blue-500 touch-manipulation"[39m
                  [36m>[39m
                    [36m<option[39m
                      [33mvalue[39m=[32m"all"[39m
                    [36m>[39m
                      [0mTë gjitha[0m
                    [36m</option>[39m
                    [36m<option[39m
                      [33mvalue[39m=[32m"low"[39m
                    [36m>[39m
                      [0mDeri €100,000[0m
                    [36m</option>[39m
                    [36m<option[39m
                      [33mvalue[39m=[32m"medium"[39m
                    [36m>[39m
                      [0m€100,000 - €300,000[0m
                    [36m</option>[39m
                    [36m<option[39m
                      [33mvalue[39m=[32m"high"[39m
                    [36m>[39m
                      [0mMbi €300,000[0m
                    [36m</option>[39m
                  [36m</select>[39m
                [36m</div>[39m
                [36m<div>[39m
                  [36m<label[39m
                    [33mclass[39m=[32m"text-xs text-gray-600 block mb-1"[39m
                  [36m>[39m
                    [0mLloji[0m
                  [36m</label>[39m
                  [36m<select[39m
                    [33mclass[39m=[32m"w-full text-xs border border-gray-300 rounded px-2 py-1.5 focus:outline-none focus:ring-1 focus:ring-blue-500 touch-manipulation"[39m
                  [36m>[39m
                    [36m<option[39m
                      [33mvalue[39m=[32m"all"[39m
                    [36m>[39m
                      [0mTë gjitha[0m
                    [36m</option>[39m
                    [36m<option[39m
                      [33mvalue[39m=[32m"house"[39m
                    [36m>[39m
                      [0mShtëpi[0m
                    [36m</option>[39m
                    [36m<option[39m
                      [33mvalue[39m=[32m"apartment"[39m
                    [36m>[39m
                      [0mApartament[0m
                    [36m</option>[39m
                    [36m<option[39m
                      [33mvalue[39m=[32m"condo"[39m
                    [36m>[39m
                      [0mKondo[0m
                    [36m</option>[39m
                    [36m<option[39m
                      [33mvalue[39m=[32m"townhouse"[39m
                    [36m>[39m
                      [0mShtëpi në Qytet[0m
                    [36m</option>[39m
                  [36m</select>[39m
                [36m</div>[39m
              [36m</div>[39m
              [36m<div[39m
                [33mclass[39m=[32m"mt-2 pt-2 border-t border-gray-200"[39m
              [36m>[39m
                [36m<span[39m
                  [33mclass[39m=[32m"text-xs text-gray-600"[39m
                [36m>[39m
                  [0m2[0m
                  [0m pasuri në hartë[0m
                [36m</span>[39m
              [36m</div>[39m
            [36m</div>[39m
          [36m</div>[39m
          [36m<div[39m
            [33mclass[39m=[32m"absolute inset-0 bg-linear-to-br from-blue-50 to-green-50 bg-opacity-95 flex items-center justify-center rounded-lg"[39m
          [36m>[39m
            [36m<div[39m
              [33mclass[39m=[32m"flex flex-col items-center justify-center p-6"[39m
            [36m>[39m
              [36m<div[39m
                [33mclass[39m=[32m"relative mb-4"[39m
              [36m>[39m
                [36m<div[39m
                  [33mclass[39m=[32m"absolute inset-0 bg-gradient-to-r from-red-100 to-blue-100 rounded-full animate-pulse"[39m
                [36m/>[39m
                [36m<div[39m
                  [33mclass[39m=[32m"relative bg-white rounded-full p-4 shadow-lg"[39m
                [36m>[39m
                  [36m<div[39m
                    [33mclass[39m=[32m"absolute inset-0 bg-gradient-to-r from-red-500 via-blue-500 to-yellow-500 rounded-full animate-spin opacity-20"[39m
                  [36m/>[39m
                  [36m<div[39m
                    [33mclass[39m=[32m"relative z-10"[39m
                  [36m>[39m
                    [36m<svg[39m
                      [33maria-hidden[39m=[32m"true"[39m
                      [33mclass[39m=[32m"lucide lucide-house h-8 w-8 text-red-500 transition-all duration-300 opacity-100 scale-110 transform"[39m
                      [33mfill[39m=[32m"none"[39m
                      [33mheight[39m=[32m"24"[39m
                      [33mstroke[39m=[32m"currentColor"[39m
                      [33mstroke-linecap[39m=[32m"round"[39m
                      [33mstroke-linejoin[39m=[32m"round"[39m
                      [33mstroke-width[39m=[32m"2"[39m
                      [33mviewBox[39m=[32m"0 0 24 24"[39m
                      [33mwidth[39m=[32m"24"[39m
                      [33mxmlns[39m=[32m"http://www.w3.org/2000/svg"[39m
                    [36m>[39m
                      [36m<path[39m
                        [33md[39m=[32m"M15 21v-8a1 1 0 0 0-1-1h-4a1 1 0 0 0-1 1v8"[39m
                      [36m/>[39m
                      [36m<path[39m
                        [33md[39m=[32m"M3 10a2 2 0 0 1 .709-1.528l7-5.999a2 2 0 0 1 2.582 0l7 5.999A2 2 0 0 1 21 10v9a2 2 0 0 1-2 2H5a2 2 0 0 1-2-2z"[39m
                      [36m/>[39m
                    [36m</svg>[39m
                    [36m<svg[39m
                      [33maria-hidden[39m=[32m"true"[39m
                      [33mclass[39m=[32m"lucide lucide-map-pin h-8 w-8 text-blue-500 transition-all duration-300 opacity-0 scale-90 absolute inset-0"[39m
                      [33mfill[39m=[32m"none"[39m
                      [33mheight[39m=[32m"24"[39m
                      [33mstroke[39m=[32m"currentColor"[39m
                      [33mstroke-linecap[39m=[32m"round"[39m
                      [33mstroke-linejoin[39m=[32m"round"[39m
                      [33mstroke-width[39m=[32m"2"[39m
                      [33mviewBox[39m=[32m"0 0 24 24"[39m
                      [33mwidth[39m=[32m"24"[39m
                      [33mxmlns[39m=[32m"http://www.w3.org/2000/svg"[39m
                    [36m>[39m
                      [36m<path[39m
                        [33md[39m=[32m"M20 10c0 4.993-5.539 10.193-7.399 11.799a1 1 0 0 1-1.202 0C9.539 20.193 4 14.993 4 10a8 8 0 0 1 16 0"[39m
                      [36m/>[39m
                      [36m<circle[39m
                        [33mcx[39m=[32m"12"[39m
                        [33mcy[39m=[32m"10"[39m
                        [33mr[39m=[32m"3"[39m
                      [36m/>[39m
                    [36m</svg>[39m
                    [36m<svg[39m
                      [33maria-hidden[39m=[32m"true"[39m
                      [33mclass[39m=[32m"lucide lucide-key h-8 w-8 text-yellow-500 transition-all duration-300 opacity-0 scale-90 absolute inset-0"[39m
                      [33mfill[39m=[32m"none"[39m
                      [33mheight[39m=[32m"24"[39m
                      [33mstroke[39m=[32m"currentColor"[39m
                      [33mstroke-linecap[39m=[32m"round"[39m
                      [33mstroke-linejoin[39m=[32m"round"[39m
                      [33mstroke-width[39m=[32m"2"[39m
                      [33mviewBox[39m=[32m"0 0 24 24"[39m
                      [33mwidth[39m=[32m"24"[39m
                      [33mxmlns[39m=[32m"http://www.w3.org/2000/svg"[39m
                    [36m>[39m
                      [36m<path[39m
                        [33md[39m=[32m"m15.5 7.5 2.3 2.3a1 1 0 0 0 1.4 0l2.1-2.1a1 1 0 0 0 0-1.4L19 4"[39m
                      [36m/>[39m
                      [36m<path[39m
                        [33md[39m=[32m"m21 2-9.6 9.6"[39m
                      [36m/>[39m
                      [36m<circle[39m
                        [33mcx[39m=[32m"7.5"[39m
                        [33mcy[39m=[32m"15.5"[39m
                        [33mr[39m=[32m"5.5"[39m
                      [36m/>[39m
                    [36m</svg>[39m
                    [36m<svg[39m
                      [33maria-hidden[39m=[32m"true"[39m
                      [33mclass[39m=[32m"lucide lucide-heart h-8 w-8 text-pink-500 transition-all duration-300 opacity-0 scale-90 absolute inset-0"[39m
                      [33mfill[39m=[32m"none"[39m
                      [33mheight[39m=[32m"24"[39m
                      [33mstroke[39m=[32m"currentColor"[39m
                      [33mstroke-linecap[39m=[32m"round"[39m
                      [33mstroke-linejoin[39m=[32m"round"[39m
                      [33mstroke-width[39m=[32m"2"[39m
                      [33mviewBox[39m=[32m"0 0 24 24"[39m
                      [33mwidth[39m=[32m"24"[39m
                      [33mxmlns[39m=[32m"http://www.w3.org/2000/svg"[39m
                    [36m>[39m
                      [36m<path[39m
                        [33md[39m=[32m"M19 14c1.49-1.46 3-3.21 3-5.5A5.5 5.5 0 0 0 16.5 3c-1.76 0-3 .5-4.5 2-1.5-1.5-2.74-2-4.5-2A5.5 5.5 0 0 0 2 8.5c0 2.3 1.5 4.05 3 5.5l7 7Z"[39m
                      [36m/>[39m
                    [36m</svg>[39m
                  [36m</div>[39m
                [36m</div>[39m
              [36m</div>[39m
              [36m<div[39m
                [33mclass[39m=[32m"flex space-x-1 mb-3"[39m
              [36m>[39m
                [36m<div[39m
                  [33mclass[39m=[32m"w-2 h-2 bg-red-500 rounded-full animate-bounce"[39m
                  [33mstyle[39m=[32m"animation-delay: 0s;"[39m
                [36m/>[39m
                [36m<div[39m
                  [33mclass[39m=[32m"w-2 h-2 bg-red-500 rounded-full animate-bounce"[39m
                  [33mstyle[39m=[32m"animation-delay: 0.2s;"[39m
                [36m/>[39m
                [36m<div[39m
                  [33mclass[39m=[32m"w-2 h-2 bg-red-500 rounded-full animate-bounce"[39m
                  [33mstyle[39m=[32m"animation-delay: 0.4s;"[39m
                [36m/>[39m
              [36m</div>[39m
              [36m<p[39m
                [33mclass[39m=[32m"text-gray-700 text-sm font-medium text-center"[39m
              [36m>[39m
                [0mPo ngarkohet harta...[0m
              [36m</p>[39m
              [36m<div[39m
                [33mclass[39m=[32m"w-32 h-1 bg-gray-200 rounded-full mt-3 overflow-hidden"[39m
              [36m>[39m
                [36m<div[39m
                  [33mclass[39m=[32m"h-full bg-gradient-to-r from-red-500 to-blue-500 rounded-full animate-pulse"[39m
                [36m/>[39m
              [36m</div>[39m
            [36m</div>[39m
          [36m</div>[39m
        [36m</div>[39m
      [36m</div>[39m
    [36m</body>[39m

      84 |   it('renders map container', () => {
      85 |     render(<MapView properties={mockProperties} />);
    > 86 |     expect(screen.getByTestId('map-container')).toBeInTheDocument();
         |                   ^
      87 |   });
      88 |
      89 |   it('renders tile layer', () => {

      at Object.getElementError (node_modules/@testing-library/dom/dist/config.js:37:19)
      at node_modules/@testing-library/dom/dist/query-helpers.js:76:38
      at node_modules/@testing-library/dom/dist/query-helpers.js:52:17
      at node_modules/@testing-library/dom/dist/query-helpers.js:95:19
      at Object.getByTestId (src/components/__tests__/MapView.test.tsx:86:19)

  ● MapView Component › renders tile layer

    TestingLibraryElementError: Unable to find an element by: [data-testid="tile-layer"]

    Ignored nodes: comments, script, style
    [36m<body>[39m
      [36m<div>[39m
        [36m<div[39m
          [33mclass[39m=[32m"relative"[39m
        [36m>[39m
          [36m<div[39m
            [33mclass[39m=[32m"w-full rounded-lg shadow-md border border-gray-200 touch-pan-x touch-pan-y bg-gray-50"[39m
            [33mstyle[39m=[32m"height: 400px;"[39m
          [36m/>[39m
          [36m<div[39m
            [33mclass[39m=[32m"absolute top-2 right-2 flex flex-col gap-1 z-1000"[39m
          [36m>[39m
            [36m<div[39m
              [33mclass[39m=[32m"bg-white rounded-md shadow-md border border-gray-200 overflow-hidden"[39m
            [36m>[39m
              [36m<button[39m
                [33mclass[39m=[32m"p-1.5 w-full text-xs transition-colors bg-blue-600 text-white"[39m
                [33mtitle[39m=[32m"Harta e rrugëve"[39m
              [36m>[39m
                [0m🗺️[0m
              [36m</button>[39m
              [36m<button[39m
                [33mclass[39m=[32m"p-1.5 w-full text-xs transition-colors text-blue-600"[39m
                [33mtitle[39m=[32m"Pamja satelitore"[39m
              [36m>[39m
                [0m🛰️[0m
              [36m</button>[39m
              [36m<button[39m
                [33mclass[39m=[32m"p-1.5 w-full text-xs transition-colors text-blue-600"[39m
                [33mtitle[39m=[32m"Terreni"[39m
              [36m>[39m
                [0m🏔️[0m
              [36m</button>[39m
            [36m</div>[39m
            [36m<button[39m
              [33mclass[39m=[32m"bg-white p-1.5 rounded-md shadow-md border border-gray-200 transition-colors duration-200"[39m
              [33mtitle[39m=[32m"Kthehu në pamjen fillestare"[39m
            [36m>[39m
              [36m<svg[39m
                [33maria-hidden[39m=[32m"true"[39m
                [33mclass[39m=[32m"lucide lucide-house h-3 w-3 text-blue-600"[39m
                [33mfill[39m=[32m"none"[39m
                [33mheight[39m=[32m"24"[39m
                [33mstroke[39m=[32m"currentColor"[39m
                [33mstroke-linecap[39m=[32m"round"[39m
                [33mstroke-linejoin[39m=[32m"round"[39m
                [33mstroke-width[39m=[32m"2"[39m
                [33mviewBox[39m=[32m"0 0 24 24"[39m
                [33mwidth[39m=[32m"24"[39m
                [33mxmlns[39m=[32m"http://www.w3.org/2000/svg"[39m
              [36m>[39m
                [36m<path[39m
                  [33md[39m=[32m"M15 21v-8a1 1 0 0 0-1-1h-4a1 1 0 0 0-1 1v8"[39m
                [36m/>[39m
                [36m<path[39m
                  [33md[39m=[32m"M3 10a2 2 0 0 1 .709-1.528l7-5.999a2 2 0 0 1 2.582 0l7 5.999A2 2 0 0 1 21 10v9a2 2 0 0 1-2 2H5a2 2 0 0 1-2-2z"[39m
                [36m/>[39m
              [36m</svg>[39m
            [36m</button>[39m
            [36m<button[39m
              [33mclass[39m=[32m"bg-white hover:bg-blue-50 p-1.5 rounded-md shadow-md border border-gray-200 transition-colors duration-200"[39m
              [33mtitle[39m=[32m"Harta në ekran të plotë"[39m
            [36m>[39m
              [36m<svg[39m
                [33mclass[39m=[32m"h-3 w-3 text-blue-600"[39m
                [33mfill[39m=[32m"none"[39m
                [33mstroke[39m=[32m"currentColor"[39m
                [33mviewBox[39m=[32m"0 0 24 24"[39m
              [36m>[39m
                [36m<path[39m
                  [33md[39m=[32m"M4 8V4m0 0h4M4 4l5 5m11-1V4m0 0h-4m4 0l-5 5M4 16v4m0 0h4m-4 0l5-5m11 5l-5-5m5 5v-4m0 4h-4"[39m
                  [33mstroke-linecap[39m=[32m"round"[39m
                  [33mstroke-linejoin[39m=[32m"round"[39m
                  [33mstroke-width[39m=[32m"2"[39m
                [36m/>[39m
              [36m</svg>[39m
            [36m</button>[39m
            [36m<button[39m
              [33mclass[39m=[32m"bg-white p-1.5 rounded-md shadow-md border border-gray-200 transition-colors duration-200"[39m
              [33mtitle[39m=[32m"Shko te lokacioni im"[39m
            [36m>[39m
              [36m<svg[39m
                [33mclass[39m=[32m"h-3 w-3 text-blue-600"[39m
                [33mfill[39m=[32m"none"[39m
                [33mstroke[39m=[32m"currentColor"[39m
                [33mviewBox[39m=[32m"0 0 24 24"[39m
              [36m>[39m
                [36m<path[39m
                  [33md[39m=[32m"M17.657 16.657L13.414 20.9a1.998 1.998 0 01-2.827 0l-4.244-4.243a8 8 0 1111.314 0z"[39m
                  [33mstroke-linecap[39m=[32m"round"[39m
                  [33mstroke-linejoin[39m=[32m"round"[39m
                  [33mstroke-width[39m=[32m"2"[39m
                [36m/>[39m
                [36m<path[39m
                  [33md[39m=[32m"M15 11a3 3 0 11-6 0 3 3 0 016 0z"[39m
                  [33mstroke-linecap[39m=[32m"round"[39m
                  [33mstroke-linejoin[39m=[32m"round"[39m
                  [33mstroke-width[39m=[32m"2"[39m
                [36m/>[39m
              [36m</svg>[39m
            [36m</button>[39m
          [36m</div>[39m
          [36m<div[39m
            [33mclass[39m=[32m"absolute top-3 left-3 z-1000"[39m
          [36m>[39m
            [36m<div[39m
              [33mclass[39m=[32m"bg-white rounded-lg shadow-md border border-gray-200 p-3 max-w-xs sm:max-w-sm"[39m
            [36m>[39m
              [36m<div[39m
                [33mclass[39m=[32m"flex items-center gap-2 mb-2"[39m
              [36m>[39m
                [36m<svg[39m
                  [33maria-hidden[39m=[32m"true"[39m
                  [33mclass[39m=[32m"lucide lucide-funnel h-4 w-4 text-blue-600"[39m
                  [33mfill[39m=[32m"none"[39m
                  [33mheight[39m=[32m"24"[39m
                  [33mstroke[39m=[32m"currentColor"[39m
                  [33mstroke-linecap[39m=[32m"round"[39m
                  [33mstroke-linejoin[39m=[32m"round"[39m
                  [33mstroke-width[39m=[32m"2"[39m
                  [33mviewBox[39m=[32m"0 0 24 24"[39m
                  [33mwidth[39m=[32m"24"[39m
                  [33mxmlns[39m=[32m"http://www.w3.org/2000/svg"[39m
                [36m>[39m
                  [36m<path[39m
                    [33md[39m=[32m"M10 20a1 1 0 0 0 .553.895l2 1A1 1 0 0 0 14 21v-7a2 2 0 0 1 .517-1.341L21.74 4.67A1 1 0 0 0 21 3H3a1 1 0 0 0-.742 1.67l7.225 7.989A2 2 0 0 1 10 14z"[39m
                  [36m/>[39m
                [36m</svg>[39m
                [36m<span[39m
                  [33mclass[39m=[32m"text-sm font-medium text-gray-700"[39m
                [36m>[39m
                  [0mFiltrat e Hartës[0m
                [36m</span>[39m
              [36m</div>[39m
              [36m<div[39m
                [33mclass[39m=[32m"space-y-2"[39m
              [36m>[39m
                [36m<div>[39m
                  [36m<label[39m
                    [33mclass[39m=[32m"text-xs text-gray-600 block mb-1"[39m
                  [36m>[39m
                    [0mÇmimi[0m
                  [36m</label>[39m
                  [36m<select[39m
                    [33mclass[39m=[32m"w-full text-xs border border-gray-300 rounded px-2 py-1.5 focus:outline-none focus:ring-1 focus:ring-blue-500 touch-manipulation"[39m
                  [36m>[39m
                    [36m<option[39m
                      [33mvalue[39m=[32m"all"[39m
                    [36m>[39m
                      [0mTë gjitha[0m
                    [36m</option>[39m
                    [36m<option[39m
                      [33mvalue[39m=[32m"low"[39m
                    [36m>[39m
                      [0mDeri €100,000[0m
                    [36m</option>[39m
                    [36m<option[39m
                      [33mvalue[39m=[32m"medium"[39m
                    [36m>[39m
                      [0m€100,000 - €300,000[0m
                    [36m</option>[39m
                    [36m<option[39m
                      [33mvalue[39m=[32m"high"[39m
                    [36m>[39m
                      [0mMbi €300,000[0m
                    [36m</option>[39m
                  [36m</select>[39m
                [36m</div>[39m
                [36m<div>[39m
                  [36m<label[39m
                    [33mclass[39m=[32m"text-xs text-gray-600 block mb-1"[39m
                  [36m>[39m
                    [0mLloji[0m
                  [36m</label>[39m
                  [36m<select[39m
                    [33mclass[39m=[32m"w-full text-xs border border-gray-300 rounded px-2 py-1.5 focus:outline-none focus:ring-1 focus:ring-blue-500 touch-manipulation"[39m
                  [36m>[39m
                    [36m<option[39m
                      [33mvalue[39m=[32m"all"[39m
                    [36m>[39m
                      [0mTë gjitha[0m
                    [36m</option>[39m
                    [36m<option[39m
                      [33mvalue[39m=[32m"house"[39m
                    [36m>[39m
                      [0mShtëpi[0m
                    [36m</option>[39m
                    [36m<option[39m
                      [33mvalue[39m=[32m"apartment"[39m
                    [36m>[39m
                      [0mApartament[0m
                    [36m</option>[39m
                    [36m<option[39m
                      [33mvalue[39m=[32m"condo"[39m
                    [36m>[39m
                      [0mKondo[0m
                    [36m</option>[39m
                    [36m<option[39m
                      [33mvalue[39m=[32m"townhouse"[39m
                    [36m>[39m
                      [0mShtëpi në Qytet[0m
                    [36m</option>[39m
                  [36m</select>[39m
                [36m</div>[39m
              [36m</div>[39m
              [36m<div[39m
                [33mclass[39m=[32m"mt-2 pt-2 border-t border-gray-200"[39m
              [36m>[39m
                [36m<span[39m
                  [33mclass[39m=[32m"text-xs text-gray-600"[39m
                [36m>[39m
                  [0m2[0m
                  [0m pasuri në hartë[0m
                [36m</span>[39m
              [36m</div>[39m
            [36m</div>[39m
          [36m</div>[39m
          [36m<div[39m
            [33mclass[39m=[32m"absolute inset-0 bg-linear-to-br from-blue-50 to-green-50 bg-opacity-95 flex items-center justify-center rounded-lg"[39m
          [36m>[39m
            [36m<div[39m
              [33mclass[39m=[32m"flex flex-col items-center justify-center p-6"[39m
            [36m>[39m
              [36m<div[39m
                [33mclass[39m=[32m"relative mb-4"[39m
              [36m>[39m
                [36m<div[39m
                  [33mclass[39m=[32m"absolute inset-0 bg-gradient-to-r from-red-100 to-blue-100 rounded-full animate-pulse"[39m
                [36m/>[39m
                [36m<div[39m
                  [33mclass[39m=[32m"relative bg-white rounded-full p-4 shadow-lg"[39m
                [36m>[39m
                  [36m<div[39m
                    [33mclass[39m=[32m"absolute inset-0 bg-gradient-to-r from-red-500 via-blue-500 to-yellow-500 rounded-full animate-spin opacity-20"[39m
                  [36m/>[39m
                  [36m<div[39m
                    [33mclass[39m=[32m"relative z-10"[39m
                  [36m>[39m
                    [36m<svg[39m
                      [33maria-hidden[39m=[32m"true"[39m
                      [33mclass[39m=[32m"lucide lucide-house h-8 w-8 text-red-500 transition-all duration-300 opacity-100 scale-110 transform"[39m
                      [33mfill[39m=[32m"none"[39m
                      [33mheight[39m=[32m"24"[39m
                      [33mstroke[39m=[32m"currentColor"[39m
                      [33mstroke-linecap[39m=[32m"round"[39m
                      [33mstroke-linejoin[39m=[32m"round"[39m
                      [33mstroke-width[39m=[32m"2"[39m
                      [33mviewBox[39m=[32m"0 0 24 24"[39m
                      [33mwidth[39m=[32m"24"[39m
                      [33mxmlns[39m=[32m"http://www.w3.org/2000/svg"[39m
                    [36m>[39m
                      [36m<path[39m
                        [33md[39m=[32m"M15 21v-8a1 1 0 0 0-1-1h-4a1 1 0 0 0-1 1v8"[39m
                      [36m/>[39m
                      [36m<path[39m
                        [33md[39m=[32m"M3 10a2 2 0 0 1 .709-1.528l7-5.999a2 2 0 0 1 2.582 0l7 5.999A2 2 0 0 1 21 10v9a2 2 0 0 1-2 2H5a2 2 0 0 1-2-2z"[39m
                      [36m/>[39m
                    [36m</svg>[39m
                    [36m<svg[39m
                      [33maria-hidden[39m=[32m"true"[39m
                      [33mclass[39m=[32m"lucide lucide-map-pin h-8 w-8 text-blue-500 transition-all duration-300 opacity-0 scale-90 absolute inset-0"[39m
                      [33mfill[39m=[32m"none"[39m
                      [33mheight[39m=[32m"24"[39m
                      [33mstroke[39m=[32m"currentColor"[39m
                      [33mstroke-linecap[39m=[32m"round"[39m
                      [33mstroke-linejoin[39m=[32m"round"[39m
                      [33mstroke-width[39m=[32m"2"[39m
                      [33mviewBox[39m=[32m"0 0 24 24"[39m
                      [33mwidth[39m=[32m"24"[39m
                      [33mxmlns[39m=[32m"http://www.w3.org/2000/svg"[39m
                    [36m>[39m
                      [36m<path[39m
                        [33md[39m=[32m"M20 10c0 4.993-5.539 10.193-7.399 11.799a1 1 0 0 1-1.202 0C9.539 20.193 4 14.993 4 10a8 8 0 0 1 16 0"[39m
                      [36m/>[39m
                      [36m<circle[39m
                        [33mcx[39m=[32m"12"[39m
                        [33mcy[39m=[32m"10"[39m
                        [33mr[39m=[32m"3"[39m
                      [36m/>[39m
                    [36m</svg>[39m
                    [36m<svg[39m
                      [33maria-hidden[39m=[32m"true"[39m
                      [33mclass[39m=[32m"lucide lucide-key h-8 w-8 text-yellow-500 transition-all duration-300 opacity-0 scale-90 absolute inset-0"[39m
                      [33mfill[39m=[32m"none"[39m
                      [33mheight[39m=[32m"24"[39m
                      [33mstroke[39m=[32m"currentColor"[39m
                      [33mstroke-linecap[39m=[32m"round"[39m
                      [33mstroke-linejoin[39m=[32m"round"[39m
                      [33mstroke-width[39m=[32m"2"[39m
                      [33mviewBox[39m=[32m"0 0 24 24"[39m
                      [33mwidth[39m=[32m"24"[39m
                      [33mxmlns[39m=[32m"http://www.w3.org/2000/svg"[39m
                    [36m>[39m
                      [36m<path[39m
                        [33md[39m=[32m"m15.5 7.5 2.3 2.3a1 1 0 0 0 1.4 0l2.1-2.1a1 1 0 0 0 0-1.4L19 4"[39m
                      [36m/>[39m
                      [36m<path[39m
                        [33md[39m=[32m"m21 2-9.6 9.6"[39m
                      [36m/>[39m
                      [36m<circle[39m
                        [33mcx[39m=[32m"7.5"[39m
                        [33mcy[39m=[32m"15.5"[39m
                        [33mr[39m=[32m"5.5"[39m
                      [36m/>[39m
                    [36m</svg>[39m
                    [36m<svg[39m
                      [33maria-hidden[39m=[32m"true"[39m
                      [33mclass[39m=[32m"lucide lucide-heart h-8 w-8 text-pink-500 transition-all duration-300 opacity-0 scale-90 absolute inset-0"[39m
                      [33mfill[39m=[32m"none"[39m
                      [33mheight[39m=[32m"24"[39m
                      [33mstroke[39m=[32m"currentColor"[39m
                      [33mstroke-linecap[39m=[32m"round"[39m
                      [33mstroke-linejoin[39m=[32m"round"[39m
                      [33mstroke-width[39m=[32m"2"[39m
                      [33mviewBox[39m=[32m"0 0 24 24"[39m
                      [33mwidth[39m=[32m"24"[39m
                      [33mxmlns[39m=[32m"http://www.w3.org/2000/svg"[39m
                    [36m>[39m
                      [36m<path[39m
                        [33md[39m=[32m"M19 14c1.49-1.46 3-3.21 3-5.5A5.5 5.5 0 0 0 16.5 3c-1.76 0-3 .5-4.5 2-1.5-1.5-2.74-2-4.5-2A5.5 5.5 0 0 0 2 8.5c0 2.3 1.5 4.05 3 5.5l7 7Z"[39m
                      [36m/>[39m
                    [36m</svg>[39m
                  [36m</div>[39m
                [36m</div>[39m
              [36m</div>[39m
              [36m<div[39m
                [33mclass[39m=[32m"flex space-x-1 mb-3"[39m
              [36m>[39m
                [36m<div[39m
                  [33mclass[39m=[32m"w-2 h-2 bg-red-500 rounded-full animate-bounce"[39m
                  [33mstyle[39m=[32m"animation-delay: 0s;"[39m
                [36m/>[39m
                [36m<div[39m
                  [33mclass[39m=[32m"w-2 h-2 bg-red-500 rounded-full animate-bounce"[39m
                  [33mstyle[39m=[32m"animation-delay: 0.2s;"[39m
                [36m/>[39m
                [36m<div[39m
                  [33mclass[39m=[32m"w-2 h-2 bg-red-500 rounded-full animate-bounce"[39m
                  [33mstyle[39m=[32m"animation-delay: 0.4s;"[39m
                [36m/>[39m
              [36m</div>[39m
              [36m<p[39m
                [33mclass[39m=[32m"text-gray-700 text-sm font-medium text-center"[39m
              [36m>[39m
                [0mPo ngarkohet harta...[0m
              [36m</p>[39m
              [36m<div[39m
                [33mclass[39m=[32m"w-32 h-1 bg-gray-200 rounded-full mt-3 overflow-hidden"[39m
              [36m>[39m
                [36m<div[39m
                  [33mclass[39m=[32m"h-full bg-gradient-to-r from-red-500 to-blue-500 rounded-full animate-pulse"[39m
                [36m/>[39m
              [36m</div>[39m
            [36m</div>[39m
          [36m</div>[39m
        [36m</div>[39m
      [36m</div>[39m
    [36m</body>[39m

      89 |   it('renders tile layer', () => {
      90 |     render(<MapView properties={mockProperties} />);
    > 91 |     expect(screen.getByTestId('tile-layer')).toBeInTheDocument();
         |                   ^
      92 |   });
      93 |
      94 |   it('renders markers for each property', () => {

      at Object.getElementError (node_modules/@testing-library/dom/dist/config.js:37:19)
      at node_modules/@testing-library/dom/dist/query-helpers.js:76:38
      at node_modules/@testing-library/dom/dist/query-helpers.js:52:17
      at node_modules/@testing-library/dom/dist/query-helpers.js:95:19
      at Object.getByTestId (src/components/__tests__/MapView.test.tsx:91:19)

  ● MapView Component › renders markers for each property

    TestingLibraryElementError: Unable to find an element by: [data-testid="marker"]

    Ignored nodes: comments, script, style
    [36m<body>[39m
      [36m<div>[39m
        [36m<div[39m
          [33mclass[39m=[32m"relative"[39m
        [36m>[39m
          [36m<div[39m
            [33mclass[39m=[32m"w-full rounded-lg shadow-md border border-gray-200 touch-pan-x touch-pan-y bg-gray-50"[39m
            [33mstyle[39m=[32m"height: 400px;"[39m
          [36m/>[39m
          [36m<div[39m
            [33mclass[39m=[32m"absolute top-2 right-2 flex flex-col gap-1 z-1000"[39m
          [36m>[39m
            [36m<div[39m
              [33mclass[39m=[32m"bg-white rounded-md shadow-md border border-gray-200 overflow-hidden"[39m
            [36m>[39m
              [36m<button[39m
                [33mclass[39m=[32m"p-1.5 w-full text-xs transition-colors bg-blue-600 text-white"[39m
                [33mtitle[39m=[32m"Harta e rrugëve"[39m
              [36m>[39m
                [0m🗺️[0m
              [36m</button>[39m
              [36m<button[39m
                [33mclass[39m=[32m"p-1.5 w-full text-xs transition-colors text-blue-600"[39m
                [33mtitle[39m=[32m"Pamja satelitore"[39m
              [36m>[39m
                [0m🛰️[0m
              [36m</button>[39m
              [36m<button[39m
                [33mclass[39m=[32m"p-1.5 w-full text-xs transition-colors text-blue-600"[39m
                [33mtitle[39m=[32m"Terreni"[39m
              [36m>[39m
                [0m🏔️[0m
              [36m</button>[39m
            [36m</div>[39m
            [36m<button[39m
              [33mclass[39m=[32m"bg-white p-1.5 rounded-md shadow-md border border-gray-200 transition-colors duration-200"[39m
              [33mtitle[39m=[32m"Kthehu në pamjen fillestare"[39m
            [36m>[39m
              [36m<svg[39m
                [33maria-hidden[39m=[32m"true"[39m
                [33mclass[39m=[32m"lucide lucide-house h-3 w-3 text-blue-600"[39m
                [33mfill[39m=[32m"none"[39m
                [33mheight[39m=[32m"24"[39m
                [33mstroke[39m=[32m"currentColor"[39m
                [33mstroke-linecap[39m=[32m"round"[39m
                [33mstroke-linejoin[39m=[32m"round"[39m
                [33mstroke-width[39m=[32m"2"[39m
                [33mviewBox[39m=[32m"0 0 24 24"[39m
                [33mwidth[39m=[32m"24"[39m
                [33mxmlns[39m=[32m"http://www.w3.org/2000/svg"[39m
              [36m>[39m
                [36m<path[39m
                  [33md[39m=[32m"M15 21v-8a1 1 0 0 0-1-1h-4a1 1 0 0 0-1 1v8"[39m
                [36m/>[39m
                [36m<path[39m
                  [33md[39m=[32m"M3 10a2 2 0 0 1 .709-1.528l7-5.999a2 2 0 0 1 2.582 0l7 5.999A2 2 0 0 1 21 10v9a2 2 0 0 1-2 2H5a2 2 0 0 1-2-2z"[39m
                [36m/>[39m
              [36m</svg>[39m
            [36m</button>[39m
            [36m<button[39m
              [33mclass[39m=[32m"bg-white hover:bg-blue-50 p-1.5 rounded-md shadow-md border border-gray-200 transition-colors duration-200"[39m
              [33mtitle[39m=[32m"Harta në ekran të plotë"[39m
            [36m>[39m
              [36m<svg[39m
                [33mclass[39m=[32m"h-3 w-3 text-blue-600"[39m
                [33mfill[39m=[32m"none"[39m
                [33mstroke[39m=[32m"currentColor"[39m
                [33mviewBox[39m=[32m"0 0 24 24"[39m
              [36m>[39m
                [36m<path[39m
                  [33md[39m=[32m"M4 8V4m0 0h4M4 4l5 5m11-1V4m0 0h-4m4 0l-5 5M4 16v4m0 0h4m-4 0l5-5m11 5l-5-5m5 5v-4m0 4h-4"[39m
                  [33mstroke-linecap[39m=[32m"round"[39m
                  [33mstroke-linejoin[39m=[32m"round"[39m
                  [33mstroke-width[39m=[32m"2"[39m
                [36m/>[39m
              [36m</svg>[39m
            [36m</button>[39m
            [36m<button[39m
              [33mclass[39m=[32m"bg-white p-1.5 rounded-md shadow-md border border-gray-200 transition-colors duration-200"[39m
              [33mtitle[39m=[32m"Shko te lokacioni im"[39m
            [36m>[39m
              [36m<svg[39m
                [33mclass[39m=[32m"h-3 w-3 text-blue-600"[39m
                [33mfill[39m=[32m"none"[39m
                [33mstroke[39m=[32m"currentColor"[39m
                [33mviewBox[39m=[32m"0 0 24 24"[39m
              [36m>[39m
                [36m<path[39m
                  [33md[39m=[32m"M17.657 16.657L13.414 20.9a1.998 1.998 0 01-2.827 0l-4.244-4.243a8 8 0 1111.314 0z"[39m
                  [33mstroke-linecap[39m=[32m"round"[39m
                  [33mstroke-linejoin[39m=[32m"round"[39m
                  [33mstroke-width[39m=[32m"2"[39m
                [36m/>[39m
                [36m<path[39m
                  [33md[39m=[32m"M15 11a3 3 0 11-6 0 3 3 0 016 0z"[39m
                  [33mstroke-linecap[39m=[32m"round"[39m
                  [33mstroke-linejoin[39m=[32m"round"[39m
                  [33mstroke-width[39m=[32m"2"[39m
                [36m/>[39m
              [36m</svg>[39m
            [36m</button>[39m
          [36m</div>[39m
          [36m<div[39m
            [33mclass[39m=[32m"absolute top-3 left-3 z-1000"[39m
          [36m>[39m
            [36m<div[39m
              [33mclass[39m=[32m"bg-white rounded-lg shadow-md border border-gray-200 p-3 max-w-xs sm:max-w-sm"[39m
            [36m>[39m
              [36m<div[39m
                [33mclass[39m=[32m"flex items-center gap-2 mb-2"[39m
              [36m>[39m
                [36m<svg[39m
                  [33maria-hidden[39m=[32m"true"[39m
                  [33mclass[39m=[32m"lucide lucide-funnel h-4 w-4 text-blue-600"[39m
                  [33mfill[39m=[32m"none"[39m
                  [33mheight[39m=[32m"24"[39m
                  [33mstroke[39m=[32m"currentColor"[39m
                  [33mstroke-linecap[39m=[32m"round"[39m
                  [33mstroke-linejoin[39m=[32m"round"[39m
                  [33mstroke-width[39m=[32m"2"[39m
                  [33mviewBox[39m=[32m"0 0 24 24"[39m
                  [33mwidth[39m=[32m"24"[39m
                  [33mxmlns[39m=[32m"http://www.w3.org/2000/svg"[39m
                [36m>[39m
                  [36m<path[39m
                    [33md[39m=[32m"M10 20a1 1 0 0 0 .553.895l2 1A1 1 0 0 0 14 21v-7a2 2 0 0 1 .517-1.341L21.74 4.67A1 1 0 0 0 21 3H3a1 1 0 0 0-.742 1.67l7.225 7.989A2 2 0 0 1 10 14z"[39m
                  [36m/>[39m
                [36m</svg>[39m
                [36m<span[39m
                  [33mclass[39m=[32m"text-sm font-medium text-gray-700"[39m
                [36m>[39m
                  [0mFiltrat e Hartës[0m
                [36m</span>[39m
              [36m</div>[39m
              [36m<div[39m
                [33mclass[39m=[32m"space-y-2"[39m
              [36m>[39m
                [36m<div>[39m
                  [36m<label[39m
                    [33mclass[39m=[32m"text-xs text-gray-600 block mb-1"[39m
                  [36m>[39m
                    [0mÇmimi[0m
                  [36m</label>[39m
                  [36m<select[39m
                    [33mclass[39m=[32m"w-full text-xs border border-gray-300 rounded px-2 py-1.5 focus:outline-none focus:ring-1 focus:ring-blue-500 touch-manipulation"[39m
                  [36m>[39m
                    [36m<option[39m
                      [33mvalue[39m=[32m"all"[39m
                    [36m>[39m
                      [0mTë gjitha[0m
                    [36m</option>[39m
                    [36m<option[39m
                      [33mvalue[39m=[32m"low"[39m
                    [36m>[39m
                      [0mDeri €100,000[0m
                    [36m</option>[39m
                    [36m<option[39m
                      [33mvalue[39m=[32m"medium"[39m
                    [36m>[39m
                      [0m€100,000 - €300,000[0m
                    [36m</option>[39m
                    [36m<option[39m
                      [33mvalue[39m=[32m"high"[39m
                    [36m>[39m
                      [0mMbi €300,000[0m
                    [36m</option>[39m
                  [36m</select>[39m
                [36m</div>[39m
                [36m<div>[39m
                  [36m<label[39m
                    [33mclass[39m=[32m"text-xs text-gray-600 block mb-1"[39m
                  [36m>[39m
                    [0mLloji[0m
                  [36m</label>[39m
                  [36m<select[39m
                    [33mclass[39m=[32m"w-full text-xs border border-gray-300 rounded px-2 py-1.5 focus:outline-none focus:ring-1 focus:ring-blue-500 touch-manipulation"[39m
                  [36m>[39m
                    [36m<option[39m
                      [33mvalue[39m=[32m"all"[39m
                    [36m>[39m
                      [0mTë gjitha[0m
                    [36m</option>[39m
                    [36m<option[39m
                      [33mvalue[39m=[32m"house"[39m
                    [36m>[39m
                      [0mShtëpi[0m
                    [36m</option>[39m
                    [36m<option[39m
                      [33mvalue[39m=[32m"apartment"[39m
                    [36m>[39m
                      [0mApartament[0m
                    [36m</option>[39m
                    [36m<option[39m
                      [33mvalue[39m=[32m"condo"[39m
                    [36m>[39m
                      [0mKondo[0m
                    [36m</option>[39m
                    [36m<option[39m
                      [33mvalue[39m=[32m"townhouse"[39m
                    [36m>[39m
                      [0mShtëpi në Qytet[0m
                    [36m</option>[39m
                  [36m</select>[39m
                [36m</div>[39m
              [36m</div>[39m
              [36m<div[39m
                [33mclass[39m=[32m"mt-2 pt-2 border-t border-gray-200"[39m
              [36m>[39m
                [36m<span[39m
                  [33mclass[39m=[32m"text-xs text-gray-600"[39m
                [36m>[39m
                  [0m2[0m
                  [0m pasuri në hartë[0m
                [36m</span>[39m
              [36m</div>[39m
            [36m</div>[39m
          [36m</div>[39m
          [36m<div[39m
            [33mclass[39m=[32m"absolute inset-0 bg-linear-to-br from-blue-50 to-green-50 bg-opacity-95 flex items-center justify-center rounded-lg"[39m
          [36m>[39m
            [36m<div[39m
              [33mclass[39m=[32m"flex flex-col items-center justify-center p-6"[39m
            [36m>[39m
              [36m<div[39m
                [33mclass[39m=[32m"relative mb-4"[39m
              [36m>[39m
                [36m<div[39m
                  [33mclass[39m=[32m"absolute inset-0 bg-gradient-to-r from-red-100 to-blue-100 rounded-full animate-pulse"[39m
                [36m/>[39m
                [36m<div[39m
                  [33mclass[39m=[32m"relative bg-white rounded-full p-4 shadow-lg"[39m
                [36m>[39m
                  [36m<div[39m
                    [33mclass[39m=[32m"absolute inset-0 bg-gradient-to-r from-red-500 via-blue-500 to-yellow-500 rounded-full animate-spin opacity-20"[39m
                  [36m/>[39m
                  [36m<div[39m
                    [33mclass[39m=[32m"relative z-10"[39m
                  [36m>[39m
                    [36m<svg[39m
                      [33maria-hidden[39m=[32m"true"[39m
                      [33mclass[39m=[32m"lucide lucide-house h-8 w-8 text-red-500 transition-all duration-300 opacity-100 scale-110 transform"[39m
                      [33mfill[39m=[32m"none"[39m
                      [33mheight[39m=[32m"24"[39m
                      [33mstroke[39m=[32m"currentColor"[39m
                      [33mstroke-linecap[39m=[32m"round"[39m
                      [33mstroke-linejoin[39m=[32m"round"[39m
                      [33mstroke-width[39m=[32m"2"[39m
                      [33mviewBox[39m=[32m"0 0 24 24"[39m
                      [33mwidth[39m=[32m"24"[39m
                      [33mxmlns[39m=[32m"http://www.w3.org/2000/svg"[39m
                    [36m>[39m
                      [36m<path[39m
                        [33md[39m=[32m"M15 21v-8a1 1 0 0 0-1-1h-4a1 1 0 0 0-1 1v8"[39m
                      [36m/>[39m
                      [36m<path[39m
                        [33md[39m=[32m"M3 10a2 2 0 0 1 .709-1.528l7-5.999a2 2 0 0 1 2.582 0l7 5.999A2 2 0 0 1 21 10v9a2 2 0 0 1-2 2H5a2 2 0 0 1-2-2z"[39m
                      [36m/>[39m
                    [36m</svg>[39m
                    [36m<svg[39m
                      [33maria-hidden[39m=[32m"true"[39m
                      [33mclass[39m=[32m"lucide lucide-map-pin h-8 w-8 text-blue-500 transition-all duration-300 opacity-0 scale-90 absolute inset-0"[39m
                      [33mfill[39m=[32m"none"[39m
                      [33mheight[39m=[32m"24"[39m
                      [33mstroke[39m=[32m"currentColor"[39m
                      [33mstroke-linecap[39m=[32m"round"[39m
                      [33mstroke-linejoin[39m=[32m"round"[39m
                      [33mstroke-width[39m=[32m"2"[39m
                      [33mviewBox[39m=[32m"0 0 24 24"[39m
                      [33mwidth[39m=[32m"24"[39m
                      [33mxmlns[39m=[32m"http://www.w3.org/2000/svg"[39m
                    [36m>[39m
                      [36m<path[39m
                        [33md[39m=[32m"M20 10c0 4.993-5.539 10.193-7.399 11.799a1 1 0 0 1-1.202 0C9.539 20.193 4 14.993 4 10a8 8 0 0 1 16 0"[39m
                      [36m/>[39m
                      [36m<circle[39m
                        [33mcx[39m=[32m"12"[39m
                        [33mcy[39m=[32m"10"[39m
                        [33mr[39m=[32m"3"[39m
                      [36m/>[39m
                    [36m</svg>[39m
                    [36m<svg[39m
                      [33maria-hidden[39m=[32m"true"[39m
                      [33mclass[39m=[32m"lucide lucide-key h-8 w-8 text-yellow-500 transition-all duration-300 opacity-0 scale-90 absolute inset-0"[39m
                      [33mfill[39m=[32m"none"[39m
                      [33mheight[39m=[32m"24"[39m
                      [33mstroke[39m=[32m"currentColor"[39m
                      [33mstroke-linecap[39m=[32m"round"[39m
                      [33mstroke-linejoin[39m=[32m"round"[39m
                      [33mstroke-width[39m=[32m"2"[39m
                      [33mviewBox[39m=[32m"0 0 24 24"[39m
                      [33mwidth[39m=[32m"24"[39m
                      [33mxmlns[39m=[32m"http://www.w3.org/2000/svg"[39m
                    [36m>[39m
                      [36m<path[39m
                        [33md[39m=[32m"m15.5 7.5 2.3 2.3a1 1 0 0 0 1.4 0l2.1-2.1a1 1 0 0 0 0-1.4L19 4"[39m
                      [36m/>[39m
                      [36m<path[39m
                        [33md[39m=[32m"m21 2-9.6 9.6"[39m
                      [36m/>[39m
                      [36m<circle[39m
                        [33mcx[39m=[32m"7.5"[39m
                        [33mcy[39m=[32m"15.5"[39m
                        [33mr[39m=[32m"5.5"[39m
                      [36m/>[39m
                    [36m</svg>[39m
                    [36m<svg[39m
                      [33maria-hidden[39m=[32m"true"[39m
                      [33mclass[39m=[32m"lucide lucide-heart h-8 w-8 text-pink-500 transition-all duration-300 opacity-0 scale-90 absolute inset-0"[39m
                      [33mfill[39m=[32m"none"[39m
                      [33mheight[39m=[32m"24"[39m
                      [33mstroke[39m=[32m"currentColor"[39m
                      [33mstroke-linecap[39m=[32m"round"[39m
                      [33mstroke-linejoin[39m=[32m"round"[39m
                      [33mstroke-width[39m=[32m"2"[39m
                      [33mviewBox[39m=[32m"0 0 24 24"[39m
                      [33mwidth[39m=[32m"24"[39m
                      [33mxmlns[39m=[32m"http://www.w3.org/2000/svg"[39m
                    [36m>[39m
                      [36m<path[39m
                        [33md[39m=[32m"M19 14c1.49-1.46 3-3.21 3-5.5A5.5 5.5 0 0 0 16.5 3c-1.76 0-3 .5-4.5 2-1.5-1.5-2.74-2-4.5-2A5.5 5.5 0 0 0 2 8.5c0 2.3 1.5 4.05 3 5.5l7 7Z"[39m
                      [36m/>[39m
                    [36m</svg>[39m
                  [36m</div>[39m
                [36m</div>[39m
              [36m</div>[39m
              [36m<div[39m
                [33mclass[39m=[32m"flex space-x-1 mb-3"[39m
              [36m>[39m
                [36m<div[39m
                  [33mclass[39m=[32m"w-2 h-2 bg-red-500 rounded-full animate-bounce"[39m
                  [33mstyle[39m=[32m"animation-delay: 0s;"[39m
                [36m/>[39m
                [36m<div[39m
                  [33mclass[39m=[32m"w-2 h-2 bg-red-500 rounded-full animate-bounce"[39m
                  [33mstyle[39m=[32m"animation-delay: 0.2s;"[39m
                [36m/>[39m
                [36m<div[39m
                  [33mclass[39m=[32m"w-2 h-2 bg-red-500 rounded-full animate-bounce"[39m
                  [33mstyle[39m=[32m"animation-delay: 0.4s;"[39m
                [36m/>[39m
              [36m</div>[39m
              [36m<p[39m
                [33mclass[39m=[32m"text-gray-700 text-sm font-medium text-center"[39m
              [36m>[39m
                [0mPo ngarkohet harta...[0m
              [36m</p>[39m
              [36m<div[39m
                [33mclass[39m=[32m"w-32 h-1 bg-gray-200 rounded-full mt-3 overflow-hidden"[39m
              [36m>[39m
                [36m<div[39m
                  [33mclass[39m=[32m"h-full bg-gradient-to-r from-red-500 to-blue-500 rounded-full animate-pulse"[39m
                [36m/>[39m
              [36m</div>[39m
            [36m</div>[39m
          [36m</div>[39m
        [36m</div>[39m
      [36m</div>[39m
    [36m</body>[39m

      94 |   it('renders markers for each property', () => {
      95 |     render(<MapView properties={mockProperties} />);
    > 96 |     const markers = screen.getAllByTestId('marker');
         |                            ^
      97 |     expect(markers).toHaveLength(mockProperties.length);
      98 |   });
      99 |

      at Object.getElementError (node_modules/@testing-library/dom/dist/config.js:37:19)
      at node_modules/@testing-library/dom/dist/query-helpers.js:76:38
      at node_modules/@testing-library/dom/dist/query-helpers.js:109:15
      at Object.getAllByTestId (src/components/__tests__/MapView.test.tsx:96:28)

  ● MapView Component › displays expand button when not in fullscreen

    TestingLibraryElementError: Unable to find a label with the text of: Expand map

    Ignored nodes: comments, script, style
    [36m<body>[39m
      [36m<div>[39m
        [36m<div[39m
          [33mclass[39m=[32m"relative"[39m
        [36m>[39m
          [36m<div[39m
            [33mclass[39m=[32m"w-full rounded-lg shadow-md border border-gray-200 touch-pan-x touch-pan-y bg-gray-50"[39m
            [33mstyle[39m=[32m"height: 400px;"[39m
          [36m/>[39m
          [36m<div[39m
            [33mclass[39m=[32m"absolute top-2 right-2 flex flex-col gap-1 z-1000"[39m
          [36m>[39m
            [36m<div[39m
              [33mclass[39m=[32m"bg-white rounded-md shadow-md border border-gray-200 overflow-hidden"[39m
            [36m>[39m
              [36m<button[39m
                [33mclass[39m=[32m"p-1.5 w-full text-xs transition-colors bg-blue-600 text-white"[39m
                [33mtitle[39m=[32m"Harta e rrugëve"[39m
              [36m>[39m
                [0m🗺️[0m
              [36m</button>[39m
              [36m<button[39m
                [33mclass[39m=[32m"p-1.5 w-full text-xs transition-colors text-blue-600"[39m
                [33mtitle[39m=[32m"Pamja satelitore"[39m
              [36m>[39m
                [0m🛰️[0m
              [36m</button>[39m
              [36m<button[39m
                [33mclass[39m=[32m"p-1.5 w-full text-xs transition-colors text-blue-600"[39m
                [33mtitle[39m=[32m"Terreni"[39m
              [36m>[39m
                [0m🏔️[0m
              [36m</button>[39m
            [36m</div>[39m
            [36m<button[39m
              [33mclass[39m=[32m"bg-white p-1.5 rounded-md shadow-md border border-gray-200 transition-colors duration-200"[39m
              [33mtitle[39m=[32m"Kthehu në pamjen fillestare"[39m
            [36m>[39m
              [36m<svg[39m
                [33maria-hidden[39m=[32m"true"[39m
                [33mclass[39m=[32m"lucide lucide-house h-3 w-3 text-blue-600"[39m
                [33mfill[39m=[32m"none"[39m
                [33mheight[39m=[32m"24"[39m
                [33mstroke[39m=[32m"currentColor"[39m
                [33mstroke-linecap[39m=[32m"round"[39m
                [33mstroke-linejoin[39m=[32m"round"[39m
                [33mstroke-width[39m=[32m"2"[39m
                [33mviewBox[39m=[32m"0 0 24 24"[39m
                [33mwidth[39m=[32m"24"[39m
                [33mxmlns[39m=[32m"http://www.w3.org/2000/svg"[39m
              [36m>[39m
                [36m<path[39m
                  [33md[39m=[32m"M15 21v-8a1 1 0 0 0-1-1h-4a1 1 0 0 0-1 1v8"[39m
                [36m/>[39m
                [36m<path[39m
                  [33md[39m=[32m"M3 10a2 2 0 0 1 .709-1.528l7-5.999a2 2 0 0 1 2.582 0l7 5.999A2 2 0 0 1 21 10v9a2 2 0 0 1-2 2H5a2 2 0 0 1-2-2z"[39m
                [36m/>[39m
              [36m</svg>[39m
            [36m</button>[39m
            [36m<button[39m
              [33mclass[39m=[32m"bg-white hover:bg-blue-50 p-1.5 rounded-md shadow-md border border-gray-200 transition-colors duration-200"[39m
              [33mtitle[39m=[32m"Harta në ekran të plotë"[39m
            [36m>[39m
              [36m<svg[39m
                [33mclass[39m=[32m"h-3 w-3 text-blue-600"[39m
                [33mfill[39m=[32m"none"[39m
                [33mstroke[39m=[32m"currentColor"[39m
                [33mviewBox[39m=[32m"0 0 24 24"[39m
              [36m>[39m
                [36m<path[39m
                  [33md[39m=[32m"M4 8V4m0 0h4M4 4l5 5m11-1V4m0 0h-4m4 0l-5 5M4 16v4m0 0h4m-4 0l5-5m11 5l-5-5m5 5v-4m0 4h-4"[39m
                  [33mstroke-linecap[39m=[32m"round"[39m
                  [33mstroke-linejoin[39m=[32m"round"[39m
                  [33mstroke-width[39m=[32m"2"[39m
                [36m/>[39m
              [36m</svg>[39m
            [36m</button>[39m
            [36m<button[39m
              [33mclass[39m=[32m"bg-white p-1.5 rounded-md shadow-md border border-gray-200 transition-colors duration-200"[39m
              [33mtitle[39m=[32m"Shko te lokacioni im"[39m
            [36m>[39m
              [36m<svg[39m
                [33mclass[39m=[32m"h-3 w-3 text-blue-600"[39m
                [33mfill[39m=[32m"none"[39m
                [33mstroke[39m=[32m"currentColor"[39m
                [33mviewBox[39m=[32m"0 0 24 24"[39m
              [36m>[39m
                [36m<path[39m
                  [33md[39m=[32m"M17.657 16.657L13.414 20.9a1.998 1.998 0 01-2.827 0l-4.244-4.243a8 8 0 1111.314 0z"[39m
                  [33mstroke-linecap[39m=[32m"round"[39m
                  [33mstroke-linejoin[39m=[32m"round"[39m
                  [33mstroke-width[39m=[32m"2"[39m
                [36m/>[39m
                [36m<path[39m
                  [33md[39m=[32m"M15 11a3 3 0 11-6 0 3 3 0 016 0z"[39m
                  [33mstroke-linecap[39m=[32m"round"[39m
                  [33mstroke-linejoin[39m=[32m"round"[39m
                  [33mstroke-width[39m=[32m"2"[39m
                [36m/>[39m
              [36m</svg>[39m
            [36m</button>[39m
          [36m</div>[39m
          [36m<div[39m
            [33mclass[39m=[32m"absolute top-3 left-3 z-1000"[39m
          [36m>[39m
            [36m<div[39m
              [33mclass[39m=[32m"bg-white rounded-lg shadow-md border border-gray-200 p-3 max-w-xs sm:max-w-sm"[39m
            [36m>[39m
              [36m<div[39m
                [33mclass[39m=[32m"flex items-center gap-2 mb-2"[39m
              [36m>[39m
                [36m<svg[39m
                  [33maria-hidden[39m=[32m"true"[39m
                  [33mclass[39m=[32m"lucide lucide-funnel h-4 w-4 text-blue-600"[39m
                  [33mfill[39m=[32m"none"[39m
                  [33mheight[39m=[32m"24"[39m
                  [33mstroke[39m=[32m"currentColor"[39m
                  [33mstroke-linecap[39m=[32m"round"[39m
                  [33mstroke-linejoin[39m=[32m"round"[39m
                  [33mstroke-width[39m=[32m"2"[39m
                  [33mviewBox[39m=[32m"0 0 24 24"[39m
                  [33mwidth[39m=[32m"24"[39m
                  [33mxmlns[39m=[32m"http://www.w3.org/2000/svg"[39m
                [36m>[39m
                  [36m<path[39m
                    [33md[39m=[32m"M10 20a1 1 0 0 0 .553.895l2 1A1 1 0 0 0 14 21v-7a2 2 0 0 1 .517-1.341L21.74 4.67A1 1 0 0 0 21 3H3a1 1 0 0 0-.742 1.67l7.225 7.989A2 2 0 0 1 10 14z"[39m
                  [36m/>[39m
                [36m</svg>[39m
                [36m<span[39m
                  [33mclass[39m=[32m"text-sm font-medium text-gray-700"[39m
                [36m>[39m
                  [0mFiltrat e Hartës[0m
                [36m</span>[39m
              [36m</div>[39m
              [36m<div[39m
                [33mclass[39m=[32m"space-y-2"[39m
              [36m>[39m
                [36m<div>[39m
                  [36m<label[39m
                    [33mclass[39m=[32m"text-xs text-gray-600 block mb-1"[39m
                  [36m>[39m
                    [0mÇmimi[0m
                  [36m</label>[39m
                  [36m<select[39m
                    [33mclass[39m=[32m"w-full text-xs border border-gray-300 rounded px-2 py-1.5 focus:outline-none focus:ring-1 focus:ring-blue-500 touch-manipulation"[39m
                  [36m>[39m
                    [36m<option[39m
                      [33mvalue[39m=[32m"all"[39m
                    [36m>[39m
                      [0mTë gjitha[0m
                    [36m</option>[39m
                    [36m<option[39m
                      [33mvalue[39m=[32m"low"[39m
                    [36m>[39m
                      [0mDeri €100,000[0m
                    [36m</option>[39m
                    [36m<option[39m
                      [33mvalue[39m=[32m"medium"[39m
                    [36m>[39m
                      [0m€100,000 - €300,000[0m
                    [36m</option>[39m
                    [36m<option[39m
                      [33mvalue[39m=[32m"high"[39m
                    [36m>[39m
                      [0mMbi €300,000[0m
                    [36m</option>[39m
                  [36m</select>[39m
                [36m</div>[39m
                [36m<div>[39m
                  [36m<label[39m
                    [33mclass[39m=[32m"text-xs text-gray-600 block mb-1"[39m
                  [36m>[39m
                    [0mLloji[0m
                  [36m</label>[39m
                  [36m<select[39m
                    [33mclass[39m=[32m"w-full text-xs border border-gray-300 rounded px-2 py-1.5 focus:outline-none focus:ring-1 focus:ring-blue-500 touch-manipulation"[39m
                  [36m>[39m
                    [36m<option[39m
                      [33mvalue[39m=[32m"all"[39m
                    [36m>[39m
                      [0mTë gjitha[0m
                    [36m</option>[39m
                    [36m<option[39m
                      [33mvalue[39m=[32m"house"[39m
                    [36m>[39m
                      [0mShtëpi[0m
                    [36m</option>[39m
                    [36m<option[39m
                      [33mvalue[39m=[32m"apartment"[39m
                    [36m>[39m
                      [0mApartament[0m
                    [36m</option>[39m
                    [36m<option[39m
                      [33mvalue[39m=[32m"condo"[39m
                    [36m>[39m
                      [0mKondo[0m
                    [36m</option>[39m
                    [36m<option[39m
                      [33mvalue[39m=[32m"townhouse"[39m
                    [36m>[39m
                      [0mShtëpi në Qytet[0m
                    [36m</option>[39m
                  [36m</select>[39m
                [36m</div>[39m
              [36m</div>[39m
              [36m<div[39m
                [33mclass[39m=[32m"mt-2 pt-2 border-t border-gray-200"[39m
              [36m>[39m
                [36m<span[39m
                  [33mclass[39m=[32m"text-xs text-gray-600"[39m
                [36m>[39m
                  [0m2[0m
                  [0m pasuri në hartë[0m
                [36m</span>[39m
              [36m</div>[39m
            [36m</div>[39m
          [36m</div>[39m
          [36m<div[39m
            [33mclass[39m=[32m"absolute inset-0 bg-linear-to-br from-blue-50 to-green-50 bg-opacity-95 flex items-center justify-center rounded-lg"[39m
          [36m>[39m
            [36m<div[39m
              [33mclass[39m=[32m"flex flex-col items-center justify-center p-6"[39m
            [36m>[39m
              [36m<div[39m
                [33mclass[39m=[32m"relative mb-4"[39m
              [36m>[39m
                [36m<div[39m
                  [33mclass[39m=[32m"absolute inset-0 bg-gradient-to-r from-red-100 to-blue-100 rounded-full animate-pulse"[39m
                [36m/>[39m
                [36m<div[39m
                  [33mclass[39m=[32m"relative bg-white rounded-full p-4 shadow-lg"[39m
                [36m>[39m
                  [36m<div[39m
                    [33mclass[39m=[32m"absolute inset-0 bg-gradient-to-r from-red-500 via-blue-500 to-yellow-500 rounded-full animate-spin opacity-20"[39m
                  [36m/>[39m
                  [36m<div[39m
                    [33mclass[39m=[32m"relative z-10"[39m
                  [36m>[39m
                    [36m<svg[39m
                      [33maria-hidden[39m=[32m"true"[39m
                      [33mclass[39m=[32m"lucide lucide-house h-8 w-8 text-red-500 transition-all duration-300 opacity-100 scale-110 transform"[39m
                      [33mfill[39m=[32m"none"[39m
                      [33mheight[39m=[32m"24"[39m
                      [33mstroke[39m=[32m"currentColor"[39m
                      [33mstroke-linecap[39m=[32m"round"[39m
                      [33mstroke-linejoin[39m=[32m"round"[39m
                      [33mstroke-width[39m=[32m"2"[39m
                      [33mviewBox[39m=[32m"0 0 24 24"[39m
                      [33mwidth[39m=[32m"24"[39m
                      [33mxmlns[39m=[32m"http://www.w3.org/2000/svg"[39m
                    [36m>[39m
                      [36m<path[39m
                        [33md[39m=[32m"M15 21v-8a1 1 0 0 0-1-1h-4a1 1 0 0 0-1 1v8"[39m
                      [36m/>[39m
                      [36m<path[39m
                        [33md[39m=[32m"M3 10a2 2 0 0 1 .709-1.528l7-5.999a2 2 0 0 1 2.582 0l7 5.999A2 2 0 0 1 21 10v9a2 2 0 0 1-2 2H5a2 2 0 0 1-2-2z"[39m
                      [36m/>[39m
                    [36m</svg>[39m
                    [36m<svg[39m
                      [33maria-hidden[39m=[32m"true"[39m
                      [33mclass[39m=[32m"lucide lucide-map-pin h-8 w-8 text-blue-500 transition-all duration-300 opacity-0 scale-90 absolute inset-0"[39m
                      [33mfill[39m=[32m"none"[39m
                      [33mheight[39m=[32m"24"[39m
                      [33mstroke[39m=[32m"currentColor"[39m
                      [33mstroke-linecap[39m=[32m"round"[39m
                      [33mstroke-linejoin[39m=[32m"round"[39m
                      [33mstroke-width[39m=[32m"2"[39m
                      [33mviewBox[39m=[32m"0 0 24 24"[39m
                      [33mwidth[39m=[32m"24"[39m
                      [33mxmlns[39m=[32m"http://www.w3.org/2000/svg"[39m
                    [36m>[39m
                      [36m<path[39m
                        [33md[39m=[32m"M20 10c0 4.993-5.539 10.193-7.399 11.799a1 1 0 0 1-1.202 0C9.539 20.193 4 14.993 4 10a8 8 0 0 1 16 0"[39m
                      [36m/>[39m
                      [36m<circle[39m
                        [33mcx[39m=[32m"12"[39m
                        [33mcy[39m=[32m"10"[39m
                        [33mr[39m=[32m"3"[39m
                      [36m/>[39m
                    [36m</svg>[39m
                    [36m<svg[39m
                      [33maria-hidden[39m=[32m"true"[39m
                      [33mclass[39m=[32m"lucide lucide-key h-8 w-8 text-yellow-500 transition-all duration-300 opacity-0 scale-90 absolute inset-0"[39m
                      [33mfill[39m=[32m"none"[39m
                      [33mheight[39m=[32m"24"[39m
                      [33mstroke[39m=[32m"currentColor"[39m
                      [33mstroke-linecap[39m=[32m"round"[39m
                      [33mstroke-linejoin[39m=[32m"round"[39m
                      [33mstroke-width[39m=[32m"2"[39m
                      [33mviewBox[39m=[32m"0 0 24 24"[39m
                      [33mwidth[39m=[32m"24"[39m
                      [33mxmlns[39m=[32m"http://www.w3.org/2000/svg"[39m
                    [36m>[39m
                      [36m<path[39m
                        [33md[39m=[32m"m15.5 7.5 2.3 2.3a1 1 0 0 0 1.4 0l2.1-2.1a1 1 0 0 0 0-1.4L19 4"[39m
                      [36m/>[39m
                      [36m<path[39m
                        [33md[39m=[32m"m21 2-9.6 9.6"[39m
                      [36m/>[39m
                      [36m<circle[39m
                        [33mcx[39m=[32m"7.5"[39m
                        [33mcy[39m=[32m"15.5"[39m
                        [33mr[39m=[32m"5.5"[39m
                      [36m/>[39m
                    [36m</svg>[39m
                    [36m<svg[39m
                      [33maria-hidden[39m=[32m"true"[39m
                      [33mclass[39m=[32m"lucide lucide-heart h-8 w-8 text-pink-500 transition-all duration-300 opacity-0 scale-90 absolute inset-0"[39m
                      [33mfill[39m=[32m"none"[39m
                      [33mheight[39m=[32m"24"[39m
                      [33mstroke[39m=[32m"currentColor"[39m
                      [33mstroke-linecap[39m=[32m"round"[39m
                      [33mstroke-linejoin[39m=[32m"round"[39m
                      [33mstroke-width[39m=[32m"2"[39m
                      [33mviewBox[39m=[32m"0 0 24 24"[39m
                      [33mwidth[39m=[32m"24"[39m
                      [33mxmlns[39m=[32m"http://www.w3.org/2000/svg"[39m
                    [36m>[39m
                      [36m<path[39m
                        [33md[39m=[32m"M19 14c1.49-1.46 3-3.21 3-5.5A5.5 5.5 0 0 0 16.5 3c-1.76 0-3 .5-4.5 2-1.5-1.5-2.74-2-4.5-2A5.5 5.5 0 0 0 2 8.5c0 2.3 1.5 4.05 3 5.5l7 7Z"[39m
                      [36m/>[39m
                    [36m</svg>[39m
                  [36m</div>[39m
                [36m</div>[39m
              [36m</div>[39m
              [36m<div[39m
                [33mclass[39m=[32m"flex space-x-1 mb-3"[39m
              [36m>[39m
                [36m<div[39m
                  [33mclass[39m=[32m"w-2 h-2 bg-red-500 rounded-full animate-bounce"[39m
                  [33mstyle[39m=[32m"animation-delay: 0s;"[39m
                [36m/>[39m
                [36m<div[39m
                  [33mclass[39m=[32m"w-2 h-2 bg-red-500 rounded-full animate-bounce"[39m
                  [33mstyle[39m=[32m"animation-delay: 0.2s;"[39m
                [36m/>[39m
                [36m<div[39m
                  [33mclass[39m=[32m"w-2 h-2 bg-red-500 rounded-full animate-bounce"[39m
                  [33mstyle[39m=[32m"animation-delay: 0.4s;"[39m
                [36m/>[39m
              [36m</div>[39m
              [36m<p[39m
                [33mclass[39m=[32m"text-gray-700 text-sm font-medium text-center"[39m
              [36m>[39m
                [0mPo ngarkohet harta...[0m
              [36m</p>[39m
              [36m<div[39m
                [33mclass[39m=[32m"w-32 h-1 bg-gray-200 rounded-full mt-3 overflow-hidden"[39m
              [36m>[39m
                [36m<div[39m
                  [33mclass[39m=[32m"h-full bg-gradient-to-r from-red-500 to-blue-500 rounded-full animate-pulse"[39m
                [36m/>[39m
              [36m</div>[39m
            [36m</div>[39m
          [36m</div>[39m
        [36m</div>[39m
      [36m</div>[39m
    [36m</body>[39m

      100 |   it('displays expand button when not in fullscreen', () => {
      101 |     render(<MapView properties={mockProperties} />);
    > 102 |     expect(screen.getByLabelText('Expand map')).toBeInTheDocument();
          |                   ^
      103 |   });
      104 |
      105 |   it('toggles fullscreen mode when expand button is clicked', async () => {

      at Object.getElementError (node_modules/@testing-library/dom/dist/config.js:37:19)
      at getAllByLabelText (node_modules/@testing-library/dom/dist/queries/label-text.js:111:38)
      at node_modules/@testing-library/dom/dist/query-helpers.js:52:17
      at node_modules/@testing-library/dom/dist/query-helpers.js:95:19
      at Object.getByLabelText (src/components/__tests__/MapView.test.tsx:102:19)

  ● MapView Component › toggles fullscreen mode when expand button is clicked

    TestingLibraryElementError: Unable to find a label with the text of: Expand map

    Ignored nodes: comments, script, style
    [36m<body>[39m
      [36m<div>[39m
        [36m<div[39m
          [33mclass[39m=[32m"relative"[39m
        [36m>[39m
          [36m<div[39m
            [33mclass[39m=[32m"w-full rounded-lg shadow-md border border-gray-200 touch-pan-x touch-pan-y bg-gray-50"[39m
            [33mstyle[39m=[32m"height: 400px;"[39m
          [36m/>[39m
          [36m<div[39m
            [33mclass[39m=[32m"absolute top-2 right-2 flex flex-col gap-1 z-1000"[39m
          [36m>[39m
            [36m<div[39m
              [33mclass[39m=[32m"bg-white rounded-md shadow-md border border-gray-200 overflow-hidden"[39m
            [36m>[39m
              [36m<button[39m
                [33mclass[39m=[32m"p-1.5 w-full text-xs transition-colors bg-blue-600 text-white"[39m
                [33mtitle[39m=[32m"Harta e rrugëve"[39m
              [36m>[39m
                [0m🗺️[0m
              [36m</button>[39m
              [36m<button[39m
                [33mclass[39m=[32m"p-1.5 w-full text-xs transition-colors text-blue-600"[39m
                [33mtitle[39m=[32m"Pamja satelitore"[39m
              [36m>[39m
                [0m🛰️[0m
              [36m</button>[39m
              [36m<button[39m
                [33mclass[39m=[32m"p-1.5 w-full text-xs transition-colors text-blue-600"[39m
                [33mtitle[39m=[32m"Terreni"[39m
              [36m>[39m
                [0m🏔️[0m
              [36m</button>[39m
            [36m</div>[39m
            [36m<button[39m
              [33mclass[39m=[32m"bg-white p-1.5 rounded-md shadow-md border border-gray-200 transition-colors duration-200"[39m
              [33mtitle[39m=[32m"Kthehu në pamjen fillestare"[39m
            [36m>[39m
              [36m<svg[39m
                [33maria-hidden[39m=[32m"true"[39m
                [33mclass[39m=[32m"lucide lucide-house h-3 w-3 text-blue-600"[39m
                [33mfill[39m=[32m"none"[39m
                [33mheight[39m=[32m"24"[39m
                [33mstroke[39m=[32m"currentColor"[39m
                [33mstroke-linecap[39m=[32m"round"[39m
                [33mstroke-linejoin[39m=[32m"round"[39m
                [33mstroke-width[39m=[32m"2"[39m
                [33mviewBox[39m=[32m"0 0 24 24"[39m
                [33mwidth[39m=[32m"24"[39m
                [33mxmlns[39m=[32m"http://www.w3.org/2000/svg"[39m
              [36m>[39m
                [36m<path[39m
                  [33md[39m=[32m"M15 21v-8a1 1 0 0 0-1-1h-4a1 1 0 0 0-1 1v8"[39m
                [36m/>[39m
                [36m<path[39m
                  [33md[39m=[32m"M3 10a2 2 0 0 1 .709-1.528l7-5.999a2 2 0 0 1 2.582 0l7 5.999A2 2 0 0 1 21 10v9a2 2 0 0 1-2 2H5a2 2 0 0 1-2-2z"[39m
                [36m/>[39m
              [36m</svg>[39m
            [36m</button>[39m
            [36m<button[39m
              [33mclass[39m=[32m"bg-white hover:bg-blue-50 p-1.5 rounded-md shadow-md border border-gray-200 transition-colors duration-200"[39m
              [33mtitle[39m=[32m"Harta në ekran të plotë"[39m
            [36m>[39m
              [36m<svg[39m
                [33mclass[39m=[32m"h-3 w-3 text-blue-600"[39m
                [33mfill[39m=[32m"none"[39m
                [33mstroke[39m=[32m"currentColor"[39m
                [33mviewBox[39m=[32m"0 0 24 24"[39m
              [36m>[39m
                [36m<path[39m
                  [33md[39m=[32m"M4 8V4m0 0h4M4 4l5 5m11-1V4m0 0h-4m4 0l-5 5M4 16v4m0 0h4m-4 0l5-5m11 5l-5-5m5 5v-4m0 4h-4"[39m
                  [33mstroke-linecap[39m=[32m"round"[39m
                  [33mstroke-linejoin[39m=[32m"round"[39m
                  [33mstroke-width[39m=[32m"2"[39m
                [36m/>[39m
              [36m</svg>[39m
            [36m</button>[39m
            [36m<button[39m
              [33mclass[39m=[32m"bg-white p-1.5 rounded-md shadow-md border border-gray-200 transition-colors duration-200"[39m
              [33mtitle[39m=[32m"Shko te lokacioni im"[39m
            [36m>[39m
              [36m<svg[39m
                [33mclass[39m=[32m"h-3 w-3 text-blue-600"[39m
                [33mfill[39m=[32m"none"[39m
                [33mstroke[39m=[32m"currentColor"[39m
                [33mviewBox[39m=[32m"0 0 24 24"[39m
              [36m>[39m
                [36m<path[39m
                  [33md[39m=[32m"M17.657 16.657L13.414 20.9a1.998 1.998 0 01-2.827 0l-4.244-4.243a8 8 0 1111.314 0z"[39m
                  [33mstroke-linecap[39m=[32m"round"[39m
                  [33mstroke-linejoin[39m=[32m"round"[39m
                  [33mstroke-width[39m=[32m"2"[39m
                [36m/>[39m
                [36m<path[39m
                  [33md[39m=[32m"M15 11a3 3 0 11-6 0 3 3 0 016 0z"[39m
                  [33mstroke-linecap[39m=[32m"round"[39m
                  [33mstroke-linejoin[39m=[32m"round"[39m
                  [33mstroke-width[39m=[32m"2"[39m
                [36m/>[39m
              [36m</svg>[39m
            [36m</button>[39m
          [36m</div>[39m
          [36m<div[39m
            [33mclass[39m=[32m"absolute top-3 left-3 z-1000"[39m
          [36m>[39m
            [36m<div[39m
              [33mclass[39m=[32m"bg-white rounded-lg shadow-md border border-gray-200 p-3 max-w-xs sm:max-w-sm"[39m
            [36m>[39m
              [36m<div[39m
                [33mclass[39m=[32m"flex items-center gap-2 mb-2"[39m
              [36m>[39m
                [36m<svg[39m
                  [33maria-hidden[39m=[32m"true"[39m
                  [33mclass[39m=[32m"lucide lucide-funnel h-4 w-4 text-blue-600"[39m
                  [33mfill[39m=[32m"none"[39m
                  [33mheight[39m=[32m"24"[39m
                  [33mstroke[39m=[32m"currentColor"[39m
                  [33mstroke-linecap[39m=[32m"round"[39m
                  [33mstroke-linejoin[39m=[32m"round"[39m
                  [33mstroke-width[39m=[32m"2"[39m
                  [33mviewBox[39m=[32m"0 0 24 24"[39m
                  [33mwidth[39m=[32m"24"[39m
                  [33mxmlns[39m=[32m"http://www.w3.org/2000/svg"[39m
                [36m>[39m
                  [36m<path[39m
                    [33md[39m=[32m"M10 20a1 1 0 0 0 .553.895l2 1A1 1 0 0 0 14 21v-7a2 2 0 0 1 .517-1.341L21.74 4.67A1 1 0 0 0 21 3H3a1 1 0 0 0-.742 1.67l7.225 7.989A2 2 0 0 1 10 14z"[39m
                  [36m/>[39m
                [36m</svg>[39m
                [36m<span[39m
                  [33mclass[39m=[32m"text-sm font-medium text-gray-700"[39m
                [36m>[39m
                  [0mFiltrat e Hartës[0m
                [36m</span>[39m
              [36m</div>[39m
              [36m<div[39m
                [33mclass[39m=[32m"space-y-2"[39m
              [36m>[39m
                [36m<div>[39m
                  [36m<label[39m
                    [33mclass[39m=[32m"text-xs text-gray-600 block mb-1"[39m
                  [36m>[39m
                    [0mÇmimi[0m
                  [36m</label>[39m
                  [36m<select[39m
                    [33mclass[39m=[32m"w-full text-xs border border-gray-300 rounded px-2 py-1.5 focus:outline-none focus:ring-1 focus:ring-blue-500 touch-manipulation"[39m
                  [36m>[39m
                    [36m<option[39m
                      [33mvalue[39m=[32m"all"[39m
                    [36m>[39m
                      [0mTë gjitha[0m
                    [36m</option>[39m
                    [36m<option[39m
                      [33mvalue[39m=[32m"low"[39m
                    [36m>[39m
                      [0mDeri €100,000[0m
                    [36m</option>[39m
                    [36m<option[39m
                      [33mvalue[39m=[32m"medium"[39m
                    [36m>[39m
                      [0m€100,000 - €300,000[0m
                    [36m</option>[39m
                    [36m<option[39m
                      [33mvalue[39m=[32m"high"[39m
                    [36m>[39m
                      [0mMbi €300,000[0m
                    [36m</option>[39m
                  [36m</select>[39m
                [36m</div>[39m
                [36m<div>[39m
                  [36m<label[39m
                    [33mclass[39m=[32m"text-xs text-gray-600 block mb-1"[39m
                  [36m>[39m
                    [0mLloji[0m
                  [36m</label>[39m
                  [36m<select[39m
                    [33mclass[39m=[32m"w-full text-xs border border-gray-300 rounded px-2 py-1.5 focus:outline-none focus:ring-1 focus:ring-blue-500 touch-manipulation"[39m
                  [36m>[39m
                    [36m<option[39m
                      [33mvalue[39m=[32m"all"[39m
                    [36m>[39m
                      [0mTë gjitha[0m
                    [36m</option>[39m
                    [36m<option[39m
                      [33mvalue[39m=[32m"house"[39m
                    [36m>[39m
                      [0mShtëpi[0m
                    [36m</option>[39m
                    [36m<option[39m
                      [33mvalue[39m=[32m"apartment"[39m
                    [36m>[39m
                      [0mApartament[0m
                    [36m</option>[39m
                    [36m<option[39m
                      [33mvalue[39m=[32m"condo"[39m
                    [36m>[39m
                      [0mKondo[0m
                    [36m</option>[39m
                    [36m<option[39m
                      [33mvalue[39m=[32m"townhouse"[39m
                    [36m>[39m
                      [0mShtëpi në Qytet[0m
                    [36m</option>[39m
                  [36m</select>[39m
                [36m</div>[39m
              [36m</div>[39m
              [36m<div[39m
                [33mclass[39m=[32m"mt-2 pt-2 border-t border-gray-200"[39m
              [36m>[39m
                [36m<span[39m
                  [33mclass[39m=[32m"text-xs text-gray-600"[39m
                [36m>[39m
                  [0m2[0m
                  [0m pasuri në hartë[0m
                [36m</span>[39m
              [36m</div>[39m
            [36m</div>[39m
          [36m</div>[39m
          [36m<div[39m
            [33mclass[39m=[32m"absolute inset-0 bg-linear-to-br from-blue-50 to-green-50 bg-opacity-95 flex items-center justify-center rounded-lg"[39m
          [36m>[39m
            [36m<div[39m
              [33mclass[39m=[32m"flex flex-col items-center justify-center p-6"[39m
            [36m>[39m
              [36m<div[39m
                [33mclass[39m=[32m"relative mb-4"[39m
              [36m>[39m
                [36m<div[39m
                  [33mclass[39m=[32m"absolute inset-0 bg-gradient-to-r from-red-100 to-blue-100 rounded-full animate-pulse"[39m
                [36m/>[39m
                [36m<div[39m
                  [33mclass[39m=[32m"relative bg-white rounded-full p-4 shadow-lg"[39m
                [36m>[39m
                  [36m<div[39m
                    [33mclass[39m=[32m"absolute inset-0 bg-gradient-to-r from-red-500 via-blue-500 to-yellow-500 rounded-full animate-spin opacity-20"[39m
                  [36m/>[39m
                  [36m<div[39m
                    [33mclass[39m=[32m"relative z-10"[39m
                  [36m>[39m
                    [36m<svg[39m
                      [33maria-hidden[39m=[32m"true"[39m
                      [33mclass[39m=[32m"lucide lucide-house h-8 w-8 text-red-500 transition-all duration-300 opacity-100 scale-110 transform"[39m
                      [33mfill[39m=[32m"none"[39m
                      [33mheight[39m=[32m"24"[39m
                      [33mstroke[39m=[32m"currentColor"[39m
                      [33mstroke-linecap[39m=[32m"round"[39m
                      [33mstroke-linejoin[39m=[32m"round"[39m
                      [33mstroke-width[39m=[32m"2"[39m
                      [33mviewBox[39m=[32m"0 0 24 24"[39m
                      [33mwidth[39m=[32m"24"[39m
                      [33mxmlns[39m=[32m"http://www.w3.org/2000/svg"[39m
                    [36m>[39m
                      [36m<path[39m
                        [33md[39m=[32m"M15 21v-8a1 1 0 0 0-1-1h-4a1 1 0 0 0-1 1v8"[39m
                      [36m/>[39m
                      [36m<path[39m
                        [33md[39m=[32m"M3 10a2 2 0 0 1 .709-1.528l7-5.999a2 2 0 0 1 2.582 0l7 5.999A2 2 0 0 1 21 10v9a2 2 0 0 1-2 2H5a2 2 0 0 1-2-2z"[39m
                      [36m/>[39m
                    [36m</svg>[39m
                    [36m<svg[39m
                      [33maria-hidden[39m=[32m"true"[39m
                      [33mclass[39m=[32m"lucide lucide-map-pin h-8 w-8 text-blue-500 transition-all duration-300 opacity-0 scale-90 absolute inset-0"[39m
                      [33mfill[39m=[32m"none"[39m
                      [33mheight[39m=[32m"24"[39m
                      [33mstroke[39m=[32m"currentColor"[39m
                      [33mstroke-linecap[39m=[32m"round"[39m
                      [33mstroke-linejoin[39m=[32m"round"[39m
                      [33mstroke-width[39m=[32m"2"[39m
                      [33mviewBox[39m=[32m"0 0 24 24"[39m
                      [33mwidth[39m=[32m"24"[39m
                      [33mxmlns[39m=[32m"http://www.w3.org/2000/svg"[39m
                    [36m>[39m
                      [36m<path[39m
                        [33md[39m=[32m"M20 10c0 4.993-5.539 10.193-7.399 11.799a1 1 0 0 1-1.202 0C9.539 20.193 4 14.993 4 10a8 8 0 0 1 16 0"[39m
                      [36m/>[39m
                      [36m<circle[39m
                        [33mcx[39m=[32m"12"[39m
                        [33mcy[39m=[32m"10"[39m
                        [33mr[39m=[32m"3"[39m
                      [36m/>[39m
                    [36m</svg>[39m
                    [36m<svg[39m
                      [33maria-hidden[39m=[32m"true"[39m
                      [33mclass[39m=[32m"lucide lucide-key h-8 w-8 text-yellow-500 transition-all duration-300 opacity-0 scale-90 absolute inset-0"[39m
                      [33mfill[39m=[32m"none"[39m
                      [33mheight[39m=[32m"24"[39m
                      [33mstroke[39m=[32m"currentColor"[39m
                      [33mstroke-linecap[39m=[32m"round"[39m
                      [33mstroke-linejoin[39m=[32m"round"[39m
                      [33mstroke-width[39m=[32m"2"[39m
                      [33mviewBox[39m=[32m"0 0 24 24"[39m
                      [33mwidth[39m=[32m"24"[39m
                      [33mxmlns[39m=[32m"http://www.w3.org/2000/svg"[39m
                    [36m>[39m
                      [36m<path[39m
                        [33md[39m=[32m"m15.5 7.5 2.3 2.3a1 1 0 0 0 1.4 0l2.1-2.1a1 1 0 0 0 0-1.4L19 4"[39m
                      [36m/>[39m
                      [36m<path[39m
                        [33md[39m=[32m"m21 2-9.6 9.6"[39m
                      [36m/>[39m
                      [36m<circle[39m
                        [33mcx[39m=[32m"7.5"[39m
                        [33mcy[39m=[32m"15.5"[39m
                        [33mr[39m=[32m"5.5"[39m
                      [36m/>[39m
                    [36m</svg>[39m
                    [36m<svg[39m
                      [33maria-hidden[39m=[32m"true"[39m
                      [33mclass[39m=[32m"lucide lucide-heart h-8 w-8 text-pink-500 transition-all duration-300 opacity-0 scale-90 absolute inset-0"[39m
                      [33mfill[39m=[32m"none"[39m
                      [33mheight[39m=[32m"24"[39m
                      [33mstroke[39m=[32m"currentColor"[39m
                      [33mstroke-linecap[39m=[32m"round"[39m
                      [33mstroke-linejoin[39m=[32m"round"[39m
                      [33mstroke-width[39m=[32m"2"[39m
                      [33mviewBox[39m=[32m"0 0 24 24"[39m
                      [33mwidth[39m=[32m"24"[39m
                      [33mxmlns[39m=[32m"http://www.w3.org/2000/svg"[39m
                    [36m>[39m
                      [36m<path[39m
                        [33md[39m=[32m"M19 14c1.49-1.46 3-3.21 3-5.5A5.5 5.5 0 0 0 16.5 3c-1.76 0-3 .5-4.5 2-1.5-1.5-2.74-2-4.5-2A5.5 5.5 0 0 0 2 8.5c0 2.3 1.5 4.05 3 5.5l7 7Z"[39m
                      [36m/>[39m
                    [36m</svg>[39m
                  [36m</div>[39m
                [36m</div>[39m
              [36m</div>[39m
              [36m<div[39m
                [33mclass[39m=[32m"flex space-x-1 mb-3"[39m
              [36m>[39m
                [36m<div[39m
                  [33mclass[39m=[32m"w-2 h-2 bg-red-500 rounded-full animate-bounce"[39m
                  [33mstyle[39m=[32m"animation-delay: 0s;"[39m
                [36m/>[39m
                [36m<div[39m
                  [33mclass[39m=[32m"w-2 h-2 bg-red-500 rounded-full animate-bounce"[39m
                  [33mstyle[39m=[32m"animation-delay: 0.2s;"[39m
                [36m/>[39m
                [36m<div[39m
                  [33mclass[39m=[32m"w-2 h-2 bg-red-500 rounded-full animate-bounce"[39m
                  [33mstyle[39m=[32m"animation-delay: 0.4s;"[39m
                [36m/>[39m
              [36m</div>[39m
              [36m<p[39m
                [33mclass[39m=[32m"text-gray-700 text-sm font-medium text-center"[39m
              [36m>[39m
                [0mPo ngarkohet harta...[0m
              [36m</p>[39m
              [36m<div[39m
                [33mclass[39m=[32m"w-32 h-1 bg-gray-200 rounded-full mt-3 overflow-hidden"[39m
              [36m>[39m
                [36m<div[39m
                  [33mclass[39m=[32m"h-full bg-gradient-to-r from-red-500 to-blue-500 rounded-full animate-pulse"[39m
                [36m/>[39m
              [36m</div>[39m
            [36m</div>[39m
          [36m</div>[39m
        [36m</div>[39m
      [36m</div>[39m
    [36m</body>[39m

      106 |     render(<MapView properties={mockProperties} />);
      107 |     
    > 108 |     const expandButton = screen.getByLabelText('Expand map');
          |                                 ^
      109 |     fireEvent.click(expandButton);
      110 |     
      111 |     await waitFor(() => {

      at Object.getElementError (node_modules/@testing-library/dom/dist/config.js:37:19)
      at getAllByLabelText (node_modules/@testing-library/dom/dist/queries/label-text.js:111:38)
      at node_modules/@testing-library/dom/dist/query-helpers.js:52:17
      at node_modules/@testing-library/dom/dist/query-helpers.js:95:19
      at Object.getByLabelText (src/components/__tests__/MapView.test.tsx:108:33)

  ● MapView Component › handles empty properties array

    TestingLibraryElementError: Unable to find an element by: [data-testid="map-container"]

    Ignored nodes: comments, script, style
    [36m<body>[39m
      [36m<div>[39m
        [36m<div[39m
          [33mclass[39m=[32m"relative"[39m
        [36m>[39m
          [36m<div[39m
            [33mclass[39m=[32m"w-full rounded-lg shadow-md border border-gray-200 touch-pan-x touch-pan-y bg-gray-50"[39m
            [33mstyle[39m=[32m"height: 400px;"[39m
          [36m/>[39m
          [36m<div[39m
            [33mclass[39m=[32m"absolute top-2 right-2 flex flex-col gap-1 z-1000"[39m
          [36m>[39m
            [36m<div[39m
              [33mclass[39m=[32m"bg-white rounded-md shadow-md border border-gray-200 overflow-hidden"[39m
            [36m>[39m
              [36m<button[39m
                [33mclass[39m=[32m"p-1.5 w-full text-xs transition-colors bg-blue-600 text-white"[39m
                [33mtitle[39m=[32m"Harta e rrugëve"[39m
              [36m>[39m
                [0m🗺️[0m
              [36m</button>[39m
              [36m<button[39m
                [33mclass[39m=[32m"p-1.5 w-full text-xs transition-colors text-blue-600"[39m
                [33mtitle[39m=[32m"Pamja satelitore"[39m
              [36m>[39m
                [0m🛰️[0m
              [36m</button>[39m
              [36m<button[39m
                [33mclass[39m=[32m"p-1.5 w-full text-xs transition-colors text-blue-600"[39m
                [33mtitle[39m=[32m"Terreni"[39m
              [36m>[39m
                [0m🏔️[0m
              [36m</button>[39m
            [36m</div>[39m
            [36m<button[39m
              [33mclass[39m=[32m"bg-white p-1.5 rounded-md shadow-md border border-gray-200 transition-colors duration-200"[39m
              [33mtitle[39m=[32m"Kthehu në pamjen fillestare"[39m
            [36m>[39m
              [36m<svg[39m
                [33maria-hidden[39m=[32m"true"[39m
                [33mclass[39m=[32m"lucide lucide-house h-3 w-3 text-blue-600"[39m
                [33mfill[39m=[32m"none"[39m
                [33mheight[39m=[32m"24"[39m
                [33mstroke[39m=[32m"currentColor"[39m
                [33mstroke-linecap[39m=[32m"round"[39m
                [33mstroke-linejoin[39m=[32m"round"[39m
                [33mstroke-width[39m=[32m"2"[39m
                [33mviewBox[39m=[32m"0 0 24 24"[39m
                [33mwidth[39m=[32m"24"[39m
                [33mxmlns[39m=[32m"http://www.w3.org/2000/svg"[39m
              [36m>[39m
                [36m<path[39m
                  [33md[39m=[32m"M15 21v-8a1 1 0 0 0-1-1h-4a1 1 0 0 0-1 1v8"[39m
                [36m/>[39m
                [36m<path[39m
                  [33md[39m=[32m"M3 10a2 2 0 0 1 .709-1.528l7-5.999a2 2 0 0 1 2.582 0l7 5.999A2 2 0 0 1 21 10v9a2 2 0 0 1-2 2H5a2 2 0 0 1-2-2z"[39m
                [36m/>[39m
              [36m</svg>[39m
            [36m</button>[39m
            [36m<button[39m
              [33mclass[39m=[32m"bg-white hover:bg-blue-50 p-1.5 rounded-md shadow-md border border-gray-200 transition-colors duration-200"[39m
              [33mtitle[39m=[32m"Harta në ekran të plotë"[39m
            [36m>[39m
              [36m<svg[39m
                [33mclass[39m=[32m"h-3 w-3 text-blue-600"[39m
                [33mfill[39m=[32m"none"[39m
                [33mstroke[39m=[32m"currentColor"[39m
                [33mviewBox[39m=[32m"0 0 24 24"[39m
              [36m>[39m
                [36m<path[39m
                  [33md[39m=[32m"M4 8V4m0 0h4M4 4l5 5m11-1V4m0 0h-4m4 0l-5 5M4 16v4m0 0h4m-4 0l5-5m11 5l-5-5m5 5v-4m0 4h-4"[39m
                  [33mstroke-linecap[39m=[32m"round"[39m
                  [33mstroke-linejoin[39m=[32m"round"[39m
                  [33mstroke-width[39m=[32m"2"[39m
                [36m/>[39m
              [36m</svg>[39m
            [36m</button>[39m
            [36m<button[39m
              [33mclass[39m=[32m"bg-white p-1.5 rounded-md shadow-md border border-gray-200 transition-colors duration-200"[39m
              [33mtitle[39m=[32m"Shko te lokacioni im"[39m
            [36m>[39m
              [36m<svg[39m
                [33mclass[39m=[32m"h-3 w-3 text-blue-600"[39m
                [33mfill[39m=[32m"none"[39m
                [33mstroke[39m=[32m"currentColor"[39m
                [33mviewBox[39m=[32m"0 0 24 24"[39m
              [36m>[39m
                [36m<path[39m
                  [33md[39m=[32m"M17.657 16.657L13.414 20.9a1.998 1.998 0 01-2.827 0l-4.244-4.243a8 8 0 1111.314 0z"[39m
                  [33mstroke-linecap[39m=[32m"round"[39m
                  [33mstroke-linejoin[39m=[32m"round"[39m
                  [33mstroke-width[39m=[32m"2"[39m
                [36m/>[39m
                [36m<path[39m
                  [33md[39m=[32m"M15 11a3 3 0 11-6 0 3 3 0 016 0z"[39m
                  [33mstroke-linecap[39m=[32m"round"[39m
                  [33mstroke-linejoin[39m=[32m"round"[39m
                  [33mstroke-width[39m=[32m"2"[39m
                [36m/>[39m
              [36m</svg>[39m
            [36m</button>[39m
          [36m</div>[39m
          [36m<div[39m
            [33mclass[39m=[32m"absolute top-3 left-3 z-1000"[39m
          [36m>[39m
            [36m<div[39m
              [33mclass[39m=[32m"bg-white rounded-lg shadow-md border border-gray-200 p-3 max-w-xs sm:max-w-sm"[39m
            [36m>[39m
              [36m<div[39m
                [33mclass[39m=[32m"flex items-center gap-2 mb-2"[39m
              [36m>[39m
                [36m<svg[39m
                  [33maria-hidden[39m=[32m"true"[39m
                  [33mclass[39m=[32m"lucide lucide-funnel h-4 w-4 text-blue-600"[39m
                  [33mfill[39m=[32m"none"[39m
                  [33mheight[39m=[32m"24"[39m
                  [33mstroke[39m=[32m"currentColor"[39m
                  [33mstroke-linecap[39m=[32m"round"[39m
                  [33mstroke-linejoin[39m=[32m"round"[39m
                  [33mstroke-width[39m=[32m"2"[39m
                  [33mviewBox[39m=[32m"0 0 24 24"[39m
                  [33mwidth[39m=[32m"24"[39m
                  [33mxmlns[39m=[32m"http://www.w3.org/2000/svg"[39m
                [36m>[39m
                  [36m<path[39m
                    [33md[39m=[32m"M10 20a1 1 0 0 0 .553.895l2 1A1 1 0 0 0 14 21v-7a2 2 0 0 1 .517-1.341L21.74 4.67A1 1 0 0 0 21 3H3a1 1 0 0 0-.742 1.67l7.225 7.989A2 2 0 0 1 10 14z"[39m
                  [36m/>[39m
                [36m</svg>[39m
                [36m<span[39m
                  [33mclass[39m=[32m"text-sm font-medium text-gray-700"[39m
                [36m>[39m
                  [0mFiltrat e Hartës[0m
                [36m</span>[39m
              [36m</div>[39m
              [36m<div[39m
                [33mclass[39m=[32m"space-y-2"[39m
              [36m>[39m
                [36m<div>[39m
                  [36m<label[39m
                    [33mclass[39m=[32m"text-xs text-gray-600 block mb-1"[39m
                  [36m>[39m
                    [0mÇmimi[0m
                  [36m</label>[39m
                  [36m<select[39m
                    [33mclass[39m=[32m"w-full text-xs border border-gray-300 rounded px-2 py-1.5 focus:outline-none focus:ring-1 focus:ring-blue-500 touch-manipulation"[39m
                  [36m>[39m
                    [36m<option[39m
                      [33mvalue[39m=[32m"all"[39m
                    [36m>[39m
                      [0mTë gjitha[0m
                    [36m</option>[39m
                    [36m<option[39m
                      [33mvalue[39m=[32m"low"[39m
                    [36m>[39m
                      [0mDeri €100,000[0m
                    [36m</option>[39m
                    [36m<option[39m
                      [33mvalue[39m=[32m"medium"[39m
                    [36m>[39m
                      [0m€100,000 - €300,000[0m
                    [36m</option>[39m
                    [36m<option[39m
                      [33mvalue[39m=[32m"high"[39m
                    [36m>[39m
                      [0mMbi €300,000[0m
                    [36m</option>[39m
                  [36m</select>[39m
                [36m</div>[39m
                [36m<div>[39m
                  [36m<label[39m
                    [33mclass[39m=[32m"text-xs text-gray-600 block mb-1"[39m
                  [36m>[39m
                    [0mLloji[0m
                  [36m</label>[39m
                  [36m<select[39m
                    [33mclass[39m=[32m"w-full text-xs border border-gray-300 rounded px-2 py-1.5 focus:outline-none focus:ring-1 focus:ring-blue-500 touch-manipulation"[39m
                  [36m>[39m
                    [36m<option[39m
                      [33mvalue[39m=[32m"all"[39m
                    [36m>[39m
                      [0mTë gjitha[0m
                    [36m</option>[39m
                    [36m<option[39m
                      [33mvalue[39m=[32m"house"[39m
                    [36m>[39m
                      [0mShtëpi[0m
                    [36m</option>[39m
                    [36m<option[39m
                      [33mvalue[39m=[32m"apartment"[39m
                    [36m>[39m
                      [0mApartament[0m
                    [36m</option>[39m
                    [36m<option[39m
                      [33mvalue[39m=[32m"condo"[39m
                    [36m>[39m
                      [0mKondo[0m
                    [36m</option>[39m
                    [36m<option[39m
                      [33mvalue[39m=[32m"townhouse"[39m
                    [36m>[39m
                      [0mShtëpi në Qytet[0m
                    [36m</option>[39m
                  [36m</select>[39m
                [36m</div>[39m
              [36m</div>[39m
              [36m<div[39m
                [33mclass[39m=[32m"mt-2 pt-2 border-t border-gray-200"[39m
              [36m>[39m
                [36m<span[39m
                  [33mclass[39m=[32m"text-xs text-gray-600"[39m
                [36m>[39m
                  [0m0[0m
                  [0m pasuri në hartë[0m
                [36m</span>[39m
              [36m</div>[39m
            [36m</div>[39m
          [36m</div>[39m
          [36m<div[39m
            [33mclass[39m=[32m"absolute inset-0 bg-linear-to-br from-blue-50 to-green-50 bg-opacity-95 flex items-center justify-center rounded-lg"[39m
          [36m>[39m
            [36m<div[39m
              [33mclass[39m=[32m"flex flex-col items-center justify-center p-6"[39m
            [36m>[39m
              [36m<div[39m
                [33mclass[39m=[32m"relative mb-4"[39m
              [36m>[39m
                [36m<div[39m
                  [33mclass[39m=[32m"absolute inset-0 bg-gradient-to-r from-red-100 to-blue-100 rounded-full animate-pulse"[39m
                [36m/>[39m
                [36m<div[39m
                  [33mclass[39m=[32m"relative bg-white rounded-full p-4 shadow-lg"[39m
                [36m>[39m
                  [36m<div[39m
                    [33mclass[39m=[32m"absolute inset-0 bg-gradient-to-r from-red-500 via-blue-500 to-yellow-500 rounded-full animate-spin opacity-20"[39m
                  [36m/>[39m
                  [36m<div[39m
                    [33mclass[39m=[32m"relative z-10"[39m
                  [36m>[39m
                    [36m<svg[39m
                      [33maria-hidden[39m=[32m"true"[39m
                      [33mclass[39m=[32m"lucide lucide-house h-8 w-8 text-red-500 transition-all duration-300 opacity-100 scale-110 transform"[39m
                      [33mfill[39m=[32m"none"[39m
                      [33mheight[39m=[32m"24"[39m
                      [33mstroke[39m=[32m"currentColor"[39m
                      [33mstroke-linecap[39m=[32m"round"[39m
                      [33mstroke-linejoin[39m=[32m"round"[39m
                      [33mstroke-width[39m=[32m"2"[39m
                      [33mviewBox[39m=[32m"0 0 24 24"[39m
                      [33mwidth[39m=[32m"24"[39m
                      [33mxmlns[39m=[32m"http://www.w3.org/2000/svg"[39m
                    [36m>[39m
                      [36m<path[39m
                        [33md[39m=[32m"M15 21v-8a1 1 0 0 0-1-1h-4a1 1 0 0 0-1 1v8"[39m
                      [36m/>[39m
                      [36m<path[39m
                        [33md[39m=[32m"M3 10a2 2 0 0 1 .709-1.528l7-5.999a2 2 0 0 1 2.582 0l7 5.999A2 2 0 0 1 21 10v9a2 2 0 0 1-2 2H5a2 2 0 0 1-2-2z"[39m
                      [36m/>[39m
                    [36m</svg>[39m
                    [36m<svg[39m
                      [33maria-hidden[39m=[32m"true"[39m
                      [33mclass[39m=[32m"lucide lucide-map-pin h-8 w-8 text-blue-500 transition-all duration-300 opacity-0 scale-90 absolute inset-0"[39m
                      [33mfill[39m=[32m"none"[39m
                      [33mheight[39m=[32m"24"[39m
                      [33mstroke[39m=[32m"currentColor"[39m
                      [33mstroke-linecap[39m=[32m"round"[39m
                      [33mstroke-linejoin[39m=[32m"round"[39m
                      [33mstroke-width[39m=[32m"2"[39m
                      [33mviewBox[39m=[32m"0 0 24 24"[39m
                      [33mwidth[39m=[32m"24"[39m
                      [33mxmlns[39m=[32m"http://www.w3.org/2000/svg"[39m
                    [36m>[39m
                      [36m<path[39m
                        [33md[39m=[32m"M20 10c0 4.993-5.539 10.193-7.399 11.799a1 1 0 0 1-1.202 0C9.539 20.193 4 14.993 4 10a8 8 0 0 1 16 0"[39m
                      [36m/>[39m
                      [36m<circle[39m
                        [33mcx[39m=[32m"12"[39m
                        [33mcy[39m=[32m"10"[39m
                        [33mr[39m=[32m"3"[39m
                      [36m/>[39m
                    [36m</svg>[39m
                    [36m<svg[39m
                      [33maria-hidden[39m=[32m"true"[39m
                      [33mclass[39m=[32m"lucide lucide-key h-8 w-8 text-yellow-500 transition-all duration-300 opacity-0 scale-90 absolute inset-0"[39m
                      [33mfill[39m=[32m"none"[39m
                      [33mheight[39m=[32m"24"[39m
                      [33mstroke[39m=[32m"currentColor"[39m
                      [33mstroke-linecap[39m=[32m"round"[39m
                      [33mstroke-linejoin[39m=[32m"round"[39m
                      [33mstroke-width[39m=[32m"2"[39m
                      [33mviewBox[39m=[32m"0 0 24 24"[39m
                      [33mwidth[39m=[32m"24"[39m
                      [33mxmlns[39m=[32m"http://www.w3.org/2000/svg"[39m
                    [36m>[39m
                      [36m<path[39m
                        [33md[39m=[32m"m15.5 7.5 2.3 2.3a1 1 0 0 0 1.4 0l2.1-2.1a1 1 0 0 0 0-1.4L19 4"[39m
                      [36m/>[39m
                      [36m<path[39m
                        [33md[39m=[32m"m21 2-9.6 9.6"[39m
                      [36m/>[39m
                      [36m<circle[39m
                        [33mcx[39m=[32m"7.5"[39m
                        [33mcy[39m=[32m"15.5"[39m
                        [33mr[39m=[32m"5.5"[39m
                      [36m/>[39m
                    [36m</svg>[39m
                    [36m<svg[39m
                      [33maria-hidden[39m=[32m"true"[39m
                      [33mclass[39m=[32m"lucide lucide-heart h-8 w-8 text-pink-500 transition-all duration-300 opacity-0 scale-90 absolute inset-0"[39m
                      [33mfill[39m=[32m"none"[39m
                      [33mheight[39m=[32m"24"[39m
                      [33mstroke[39m=[32m"currentColor"[39m
                      [33mstroke-linecap[39m=[32m"round"[39m
                      [33mstroke-linejoin[39m=[32m"round"[39m
                      [33mstroke-width[39m=[32m"2"[39m
                      [33mviewBox[39m=[32m"0 0 24 24"[39m
                      [33mwidth[39m=[32m"24"[39m
                      [33mxmlns[39m=[32m"http://www.w3.org/2000/svg"[39m
                    [36m>[39m
                      [36m<path[39m
                        [33md[39m=[32m"M19 14c1.49-1.46 3-3.21 3-5.5A5.5 5.5 0 0 0 16.5 3c-1.76 0-3 .5-4.5 2-1.5-1.5-2.74-2-4.5-2A5.5 5.5 0 0 0 2 8.5c0 2.3 1.5 4.05 3 5.5l7 7Z"[39m
                      [36m/>[39m
                    [36m</svg>[39m
                  [36m</div>[39m
                [36m</div>[39m
              [36m</div>[39m
              [36m<div[39m
                [33mclass[39m=[32m"flex space-x-1 mb-3"[39m
              [36m>[39m
                [36m<div[39m
                  [33mclass[39m=[32m"w-2 h-2 bg-red-500 rounded-full animate-bounce"[39m
                  [33mstyle[39m=[32m"animation-delay: 0s;"[39m
                [36m/>[39m
                [36m<div[39m
                  [33mclass[39m=[32m"w-2 h-2 bg-red-500 rounded-full animate-bounce"[39m
                  [33mstyle[39m=[32m"animation-delay: 0.2s;"[39m
                [36m/>[39m
                [36m<div[39m
                  [33mclass[39m=[32m"w-2 h-2 bg-red-500 rounded-full animate-bounce"[39m
                  [33mstyle[39m=[32m"animation-delay: 0.4s;"[39m
                [36m/>[39m
              [36m</div>[39m
              [36m<p[39m
                [33mclass[39m=[32m"text-gray-700 text-sm font-medium text-center"[39m
              [36m>[39m
                [0mPo ngarkohet harta...[0m
              [36m</p>[39m
              [36m<div[39m
                [33mclass[39m=[32m"w-32 h-1 bg-gray-200 rounded-full mt-3 overflow-hidden"[39m
              [36m>[39m
                [36m<div[39m
                  [33mclass[39m=[32m"h-full bg-gradient-to-r from-red-500 to-blue-500 rounded-full animate-pulse"[39m
                [36m/>[39m
              [36m</div>[39m
            [36m</div>[39m
          [36m</div>[39m
        [36m</div>[39m
      [36m</div>[39m
    [36m</body>[39m

      116 |   it('handles empty properties array', () => {
      117 |     render(<MapView properties={[]} />);
    > 118 |     expect(screen.getByTestId('map-container')).toBeInTheDocument();
          |                   ^
      119 |     expect(screen.queryByTestId('marker')).not.toBeInTheDocument();
      120 |   });
      121 |

      at Object.getElementError (node_modules/@testing-library/dom/dist/config.js:37:19)
      at node_modules/@testing-library/dom/dist/query-helpers.js:76:38
      at node_modules/@testing-library/dom/dist/query-helpers.js:52:17
      at node_modules/@testing-library/dom/dist/query-helpers.js:95:19
      at Object.getByTestId (src/components/__tests__/MapView.test.tsx:118:19)

  ● MapView Component › applies correct CSS classes for fullscreen mode

    TestingLibraryElementError: Unable to find a label with the text of: Expand map

    Ignored nodes: comments, script, style
    [36m<body>[39m
      [36m<div>[39m
        [36m<div[39m
          [33mclass[39m=[32m"relative"[39m
        [36m>[39m
          [36m<div[39m
            [33mclass[39m=[32m"w-full rounded-lg shadow-md border border-gray-200 touch-pan-x touch-pan-y bg-gray-50"[39m
            [33mstyle[39m=[32m"height: 400px;"[39m
          [36m/>[39m
          [36m<div[39m
            [33mclass[39m=[32m"absolute top-2 right-2 flex flex-col gap-1 z-1000"[39m
          [36m>[39m
            [36m<div[39m
              [33mclass[39m=[32m"bg-white rounded-md shadow-md border border-gray-200 overflow-hidden"[39m
            [36m>[39m
              [36m<button[39m
                [33mclass[39m=[32m"p-1.5 w-full text-xs transition-colors bg-blue-600 text-white"[39m
                [33mtitle[39m=[32m"Harta e rrugëve"[39m
              [36m>[39m
                [0m🗺️[0m
              [36m</button>[39m
              [36m<button[39m
                [33mclass[39m=[32m"p-1.5 w-full text-xs transition-colors text-blue-600"[39m
                [33mtitle[39m=[32m"Pamja satelitore"[39m
              [36m>[39m
                [0m🛰️[0m
              [36m</button>[39m
              [36m<button[39m
                [33mclass[39m=[32m"p-1.5 w-full text-xs transition-colors text-blue-600"[39m
                [33mtitle[39m=[32m"Terreni"[39m
              [36m>[39m
                [0m🏔️[0m
              [36m</button>[39m
            [36m</div>[39m
            [36m<button[39m
              [33mclass[39m=[32m"bg-white p-1.5 rounded-md shadow-md border border-gray-200 transition-colors duration-200"[39m
              [33mtitle[39m=[32m"Kthehu në pamjen fillestare"[39m
            [36m>[39m
              [36m<svg[39m
                [33maria-hidden[39m=[32m"true"[39m
                [33mclass[39m=[32m"lucide lucide-house h-3 w-3 text-blue-600"[39m
                [33mfill[39m=[32m"none"[39m
                [33mheight[39m=[32m"24"[39m
                [33mstroke[39m=[32m"currentColor"[39m
                [33mstroke-linecap[39m=[32m"round"[39m
                [33mstroke-linejoin[39m=[32m"round"[39m
                [33mstroke-width[39m=[32m"2"[39m
                [33mviewBox[39m=[32m"0 0 24 24"[39m
                [33mwidth[39m=[32m"24"[39m
                [33mxmlns[39m=[32m"http://www.w3.org/2000/svg"[39m
              [36m>[39m
                [36m<path[39m
                  [33md[39m=[32m"M15 21v-8a1 1 0 0 0-1-1h-4a1 1 0 0 0-1 1v8"[39m
                [36m/>[39m
                [36m<path[39m
                  [33md[39m=[32m"M3 10a2 2 0 0 1 .709-1.528l7-5.999a2 2 0 0 1 2.582 0l7 5.999A2 2 0 0 1 21 10v9a2 2 0 0 1-2 2H5a2 2 0 0 1-2-2z"[39m
                [36m/>[39m
              [36m</svg>[39m
            [36m</button>[39m
            [36m<button[39m
              [33mclass[39m=[32m"bg-white hover:bg-blue-50 p-1.5 rounded-md shadow-md border border-gray-200 transition-colors duration-200"[39m
              [33mtitle[39m=[32m"Harta në ekran të plotë"[39m
            [36m>[39m
              [36m<svg[39m
                [33mclass[39m=[32m"h-3 w-3 text-blue-600"[39m
                [33mfill[39m=[32m"none"[39m
                [33mstroke[39m=[32m"currentColor"[39m
                [33mviewBox[39m=[32m"0 0 24 24"[39m
              [36m>[39m
                [36m<path[39m
                  [33md[39m=[32m"M4 8V4m0 0h4M4 4l5 5m11-1V4m0 0h-4m4 0l-5 5M4 16v4m0 0h4m-4 0l5-5m11 5l-5-5m5 5v-4m0 4h-4"[39m
                  [33mstroke-linecap[39m=[32m"round"[39m
                  [33mstroke-linejoin[39m=[32m"round"[39m
                  [33mstroke-width[39m=[32m"2"[39m
                [36m/>[39m
              [36m</svg>[39m
            [36m</button>[39m
            [36m<button[39m
              [33mclass[39m=[32m"bg-white p-1.5 rounded-md shadow-md border border-gray-200 transition-colors duration-200"[39m
              [33mtitle[39m=[32m"Shko te lokacioni im"[39m
            [36m>[39m
              [36m<svg[39m
                [33mclass[39m=[32m"h-3 w-3 text-blue-600"[39m
                [33mfill[39m=[32m"none"[39m
                [33mstroke[39m=[32m"currentColor"[39m
                [33mviewBox[39m=[32m"0 0 24 24"[39m
              [36m>[39m
                [36m<path[39m
                  [33md[39m=[32m"M17.657 16.657L13.414 20.9a1.998 1.998 0 01-2.827 0l-4.244-4.243a8 8 0 1111.314 0z"[39m
                  [33mstroke-linecap[39m=[32m"round"[39m
                  [33mstroke-linejoin[39m=[32m"round"[39m
                  [33mstroke-width[39m=[32m"2"[39m
                [36m/>[39m
                [36m<path[39m
                  [33md[39m=[32m"M15 11a3 3 0 11-6 0 3 3 0 016 0z"[39m
                  [33mstroke-linecap[39m=[32m"round"[39m
                  [33mstroke-linejoin[39m=[32m"round"[39m
                  [33mstroke-width[39m=[32m"2"[39m
                [36m/>[39m
              [36m</svg>[39m
            [36m</button>[39m
          [36m</div>[39m
          [36m<div[39m
            [33mclass[39m=[32m"absolute top-3 left-3 z-1000"[39m
          [36m>[39m
            [36m<div[39m
              [33mclass[39m=[32m"bg-white rounded-lg shadow-md border border-gray-200 p-3 max-w-xs sm:max-w-sm"[39m
            [36m>[39m
              [36m<div[39m
                [33mclass[39m=[32m"flex items-center gap-2 mb-2"[39m
              [36m>[39m
                [36m<svg[39m
                  [33maria-hidden[39m=[32m"true"[39m
                  [33mclass[39m=[32m"lucide lucide-funnel h-4 w-4 text-blue-600"[39m
                  [33mfill[39m=[32m"none"[39m
                  [33mheight[39m=[32m"24"[39m
                  [33mstroke[39m=[32m"currentColor"[39m
                  [33mstroke-linecap[39m=[32m"round"[39m
                  [33mstroke-linejoin[39m=[32m"round"[39m
                  [33mstroke-width[39m=[32m"2"[39m
                  [33mviewBox[39m=[32m"0 0 24 24"[39m
                  [33mwidth[39m=[32m"24"[39m
                  [33mxmlns[39m=[32m"http://www.w3.org/2000/svg"[39m
                [36m>[39m
                  [36m<path[39m
                    [33md[39m=[32m"M10 20a1 1 0 0 0 .553.895l2 1A1 1 0 0 0 14 21v-7a2 2 0 0 1 .517-1.341L21.74 4.67A1 1 0 0 0 21 3H3a1 1 0 0 0-.742 1.67l7.225 7.989A2 2 0 0 1 10 14z"[39m
                  [36m/>[39m
                [36m</svg>[39m
                [36m<span[39m
                  [33mclass[39m=[32m"text-sm font-medium text-gray-700"[39m
                [36m>[39m
                  [0mFiltrat e Hartës[0m
                [36m</span>[39m
              [36m</div>[39m
              [36m<div[39m
                [33mclass[39m=[32m"space-y-2"[39m
              [36m>[39m
                [36m<div>[39m
                  [36m<label[39m
                    [33mclass[39m=[32m"text-xs text-gray-600 block mb-1"[39m
                  [36m>[39m
                    [0mÇmimi[0m
                  [36m</label>[39m
                  [36m<select[39m
                    [33mclass[39m=[32m"w-full text-xs border border-gray-300 rounded px-2 py-1.5 focus:outline-none focus:ring-1 focus:ring-blue-500 touch-manipulation"[39m
                  [36m>[39m
                    [36m<option[39m
                      [33mvalue[39m=[32m"all"[39m
                    [36m>[39m
                      [0mTë gjitha[0m
                    [36m</option>[39m
                    [36m<option[39m
                      [33mvalue[39m=[32m"low"[39m
                    [36m>[39m
                      [0mDeri €100,000[0m
                    [36m</option>[39m
                    [36m<option[39m
                      [33mvalue[39m=[32m"medium"[39m
                    [36m>[39m
                      [0m€100,000 - €300,000[0m
                    [36m</option>[39m
                    [36m<option[39m
                      [33mvalue[39m=[32m"high"[39m
                    [36m>[39m
                      [0mMbi €300,000[0m
                    [36m</option>[39m
                  [36m</select>[39m
                [36m</div>[39m
                [36m<div>[39m
                  [36m<label[39m
                    [33mclass[39m=[32m"text-xs text-gray-600 block mb-1"[39m
                  [36m>[39m
                    [0mLloji[0m
                  [36m</label>[39m
                  [36m<select[39m
                    [33mclass[39m=[32m"w-full text-xs border border-gray-300 rounded px-2 py-1.5 focus:outline-none focus:ring-1 focus:ring-blue-500 touch-manipulation"[39m
                  [36m>[39m
                    [36m<option[39m
                      [33mvalue[39m=[32m"all"[39m
                    [36m>[39m
                      [0mTë gjitha[0m
                    [36m</option>[39m
                    [36m<option[39m
                      [33mvalue[39m=[32m"house"[39m
                    [36m>[39m
                      [0mShtëpi[0m
                    [36m</option>[39m
                    [36m<option[39m
                      [33mvalue[39m=[32m"apartment"[39m
                    [36m>[39m
                      [0mApartament[0m
                    [36m</option>[39m
                    [36m<option[39m
                      [33mvalue[39m=[32m"condo"[39m
                    [36m>[39m
                      [0mKondo[0m
                    [36m</option>[39m
                    [36m<option[39m
                      [33mvalue[39m=[32m"townhouse"[39m
                    [36m>[39m
                      [0mShtëpi në Qytet[0m
                    [36m</option>[39m
                  [36m</select>[39m
                [36m</div>[39m
              [36m</div>[39m
              [36m<div[39m
                [33mclass[39m=[32m"mt-2 pt-2 border-t border-gray-200"[39m
              [36m>[39m
                [36m<span[39m
                  [33mclass[39m=[32m"text-xs text-gray-600"[39m
                [36m>[39m
                  [0m2[0m
                  [0m pasuri në hartë[0m
                [36m</span>[39m
              [36m</div>[39m
            [36m</div>[39m
          [36m</div>[39m
          [36m<div[39m
            [33mclass[39m=[32m"absolute inset-0 bg-linear-to-br from-blue-50 to-green-50 bg-opacity-95 flex items-center justify-center rounded-lg"[39m
          [36m>[39m
            [36m<div[39m
              [33mclass[39m=[32m"flex flex-col items-center justify-center p-6"[39m
            [36m>[39m
              [36m<div[39m
                [33mclass[39m=[32m"relative mb-4"[39m
              [36m>[39m
                [36m<div[39m
                  [33mclass[39m=[32m"absolute inset-0 bg-gradient-to-r from-red-100 to-blue-100 rounded-full animate-pulse"[39m
                [36m/>[39m
                [36m<div[39m
                  [33mclass[39m=[32m"relative bg-white rounded-full p-4 shadow-lg"[39m
                [36m>[39m
                  [36m<div[39m
                    [33mclass[39m=[32m"absolute inset-0 bg-gradient-to-r from-red-500 via-blue-500 to-yellow-500 rounded-full animate-spin opacity-20"[39m
                  [36m/>[39m
                  [36m<div[39m
                    [33mclass[39m=[32m"relative z-10"[39m
                  [36m>[39m
                    [36m<svg[39m
                      [33maria-hidden[39m=[32m"true"[39m
                      [33mclass[39m=[32m"lucide lucide-house h-8 w-8 text-red-500 transition-all duration-300 opacity-100 scale-110 transform"[39m
                      [33mfill[39m=[32m"none"[39m
                      [33mheight[39m=[32m"24"[39m
                      [33mstroke[39m=[32m"currentColor"[39m
                      [33mstroke-linecap[39m=[32m"round"[39m
                      [33mstroke-linejoin[39m=[32m"round"[39m
                      [33mstroke-width[39m=[32m"2"[39m
                      [33mviewBox[39m=[32m"0 0 24 24"[39m
                      [33mwidth[39m=[32m"24"[39m
                      [33mxmlns[39m=[32m"http://www.w3.org/2000/svg"[39m
                    [36m>[39m
                      [36m<path[39m
                        [33md[39m=[32m"M15 21v-8a1 1 0 0 0-1-1h-4a1 1 0 0 0-1 1v8"[39m
                      [36m/>[39m
                      [36m<path[39m
                        [33md[39m=[32m"M3 10a2 2 0 0 1 .709-1.528l7-5.999a2 2 0 0 1 2.582 0l7 5.999A2 2 0 0 1 21 10v9a2 2 0 0 1-2 2H5a2 2 0 0 1-2-2z"[39m
                      [36m/>[39m
                    [36m</svg>[39m
                    [36m<svg[39m
                      [33maria-hidden[39m=[32m"true"[39m
                      [33mclass[39m=[32m"lucide lucide-map-pin h-8 w-8 text-blue-500 transition-all duration-300 opacity-0 scale-90 absolute inset-0"[39m
                      [33mfill[39m=[32m"none"[39m
                      [33mheight[39m=[32m"24"[39m
                      [33mstroke[39m=[32m"currentColor"[39m
                      [33mstroke-linecap[39m=[32m"round"[39m
                      [33mstroke-linejoin[39m=[32m"round"[39m
                      [33mstroke-width[39m=[32m"2"[39m
                      [33mviewBox[39m=[32m"0 0 24 24"[39m
                      [33mwidth[39m=[32m"24"[39m
                      [33mxmlns[39m=[32m"http://www.w3.org/2000/svg"[39m
                    [36m>[39m
                      [36m<path[39m
                        [33md[39m=[32m"M20 10c0 4.993-5.539 10.193-7.399 11.799a1 1 0 0 1-1.202 0C9.539 20.193 4 14.993 4 10a8 8 0 0 1 16 0"[39m
                      [36m/>[39m
                      [36m<circle[39m
                        [33mcx[39m=[32m"12"[39m
                        [33mcy[39m=[32m"10"[39m
                        [33mr[39m=[32m"3"[39m
                      [36m/>[39m
                    [36m</svg>[39m
                    [36m<svg[39m
                      [33maria-hidden[39m=[32m"true"[39m
                      [33mclass[39m=[32m"lucide lucide-key h-8 w-8 text-yellow-500 transition-all duration-300 opacity-0 scale-90 absolute inset-0"[39m
                      [33mfill[39m=[32m"none"[39m
                      [33mheight[39m=[32m"24"[39m
                      [33mstroke[39m=[32m"currentColor"[39m
                      [33mstroke-linecap[39m=[32m"round"[39m
                      [33mstroke-linejoin[39m=[32m"round"[39m
                      [33mstroke-width[39m=[32m"2"[39m
                      [33mviewBox[39m=[32m"0 0 24 24"[39m
                      [33mwidth[39m=[32m"24"[39m
                      [33mxmlns[39m=[32m"http://www.w3.org/2000/svg"[39m
                    [36m>[39m
                      [36m<path[39m
                        [33md[39m=[32m"m15.5 7.5 2.3 2.3a1 1 0 0 0 1.4 0l2.1-2.1a1 1 0 0 0 0-1.4L19 4"[39m
                      [36m/>[39m
                      [36m<path[39m
                        [33md[39m=[32m"m21 2-9.6 9.6"[39m
                      [36m/>[39m
                      [36m<circle[39m
                        [33mcx[39m=[32m"7.5"[39m
                        [33mcy[39m=[32m"15.5"[39m
                        [33mr[39m=[32m"5.5"[39m
                      [36m/>[39m
                    [36m</svg>[39m
                    [36m<svg[39m
                      [33maria-hidden[39m=[32m"true"[39m
                      [33mclass[39m=[32m"lucide lucide-heart h-8 w-8 text-pink-500 transition-all duration-300 opacity-0 scale-90 absolute inset-0"[39m
                      [33mfill[39m=[32m"none"[39m
                      [33mheight[39m=[32m"24"[39m
                      [33mstroke[39m=[32m"currentColor"[39m
                      [33mstroke-linecap[39m=[32m"round"[39m
                      [33mstroke-linejoin[39m=[32m"round"[39m
                      [33mstroke-width[39m=[32m"2"[39m
                      [33mviewBox[39m=[32m"0 0 24 24"[39m
                      [33mwidth[39m=[32m"24"[39m
                      [33mxmlns[39m=[32m"http://www.w3.org/2000/svg"[39m
                    [36m>[39m
                      [36m<path[39m
                        [33md[39m=[32m"M19 14c1.49-1.46 3-3.21 3-5.5A5.5 5.5 0 0 0 16.5 3c-1.76 0-3 .5-4.5 2-1.5-1.5-2.74-2-4.5-2A5.5 5.5 0 0 0 2 8.5c0 2.3 1.5 4.05 3 5.5l7 7Z"[39m
                      [36m/>[39m
                    [36m</svg>[39m
                  [36m</div>[39m
                [36m</div>[39m
              [36m</div>[39m
              [36m<div[39m
                [33mclass[39m=[32m"flex space-x-1 mb-3"[39m
              [36m>[39m
                [36m<div[39m
                  [33mclass[39m=[32m"w-2 h-2 bg-red-500 rounded-full animate-bounce"[39m
                  [33mstyle[39m=[32m"animation-delay: 0s;"[39m
                [36m/>[39m
                [36m<div[39m
                  [33mclass[39m=[32m"w-2 h-2 bg-red-500 rounded-full animate-bounce"[39m
                  [33mstyle[39m=[32m"animation-delay: 0.2s;"[39m
                [36m/>[39m
                [36m<div[39m
                  [33mclass[39m=[32m"w-2 h-2 bg-red-500 rounded-full animate-bounce"[39m
                  [33mstyle[39m=[32m"animation-delay: 0.4s;"[39m
                [36m/>[39m
              [36m</div>[39m
              [36m<p[39m
                [33mclass[39m=[32m"text-gray-700 text-sm font-medium text-center"[39m
              [36m>[39m
                [0mPo ngarkohet harta...[0m
              [36m</p>[39m
              [36m<div[39m
                [33mclass[39m=[32m"w-32 h-1 bg-gray-200 rounded-full mt-3 overflow-hidden"[39m
              [36m>[39m
                [36m<div[39m
                  [33mclass[39m=[32m"h-full bg-gradient-to-r from-red-500 to-blue-500 rounded-full animate-pulse"[39m
                [36m/>[39m
              [36m</div>[39m
            [36m</div>[39m
          [36m</div>[39m
        [36m</div>[39m
      [36m</div>[39m
    [36m</body>[39m

      123 |     render(<MapView properties={mockProperties} />);
      124 |     
    > 125 |     const expandButton = screen.getByLabelText('Expand map');
          |                                 ^
      126 |     fireEvent.click(expandButton);
      127 |     
      128 |     await waitFor(() => {

      at Object.getElementError (node_modules/@testing-library/dom/dist/config.js:37:19)
      at getAllByLabelText (node_modules/@testing-library/dom/dist/queries/label-text.js:111:38)
      at node_modules/@testing-library/dom/dist/query-helpers.js:52:17
      at node_modules/@testing-library/dom/dist/query-helpers.js:95:19
      at Object.getByLabelText (src/components/__tests__/MapView.test.tsx:125:33)

  ● MapView Component › handles loading state

    TestingLibraryElementError: Unable to find an element with the text: Loading map.... This could be because the text is broken up by multiple elements. In this case, you can provide a function for your text matcher to make your matcher more flexible.

    Ignored nodes: comments, script, style
    [36m<body>[39m
      [36m<div>[39m
        [36m<div[39m
          [33mclass[39m=[32m"relative"[39m
        [36m>[39m
          [36m<div[39m
            [33mclass[39m=[32m"w-full rounded-lg shadow-md border border-gray-200 touch-pan-x touch-pan-y bg-gray-50"[39m
            [33mstyle[39m=[32m"height: 400px;"[39m
          [36m/>[39m
          [36m<div[39m
            [33mclass[39m=[32m"absolute top-2 right-2 flex flex-col gap-1 z-1000"[39m
          [36m>[39m
            [36m<div[39m
              [33mclass[39m=[32m"bg-white rounded-md shadow-md border border-gray-200 overflow-hidden"[39m
            [36m>[39m
              [36m<button[39m
                [33mclass[39m=[32m"p-1.5 w-full text-xs transition-colors bg-blue-600 text-white"[39m
                [33mtitle[39m=[32m"Harta e rrugëve"[39m
              [36m>[39m
                [0m🗺️[0m
              [36m</button>[39m
              [36m<button[39m
                [33mclass[39m=[32m"p-1.5 w-full text-xs transition-colors text-blue-600"[39m
                [33mtitle[39m=[32m"Pamja satelitore"[39m
              [36m>[39m
                [0m🛰️[0m
              [36m</button>[39m
              [36m<button[39m
                [33mclass[39m=[32m"p-1.5 w-full text-xs transition-colors text-blue-600"[39m
                [33mtitle[39m=[32m"Terreni"[39m
              [36m>[39m
                [0m🏔️[0m
              [36m</button>[39m
            [36m</div>[39m
            [36m<button[39m
              [33mclass[39m=[32m"bg-white p-1.5 rounded-md shadow-md border border-gray-200 transition-colors duration-200"[39m
              [33mtitle[39m=[32m"Kthehu në pamjen fillestare"[39m
            [36m>[39m
              [36m<svg[39m
                [33maria-hidden[39m=[32m"true"[39m
                [33mclass[39m=[32m"lucide lucide-house h-3 w-3 text-blue-600"[39m
                [33mfill[39m=[32m"none"[39m
                [33mheight[39m=[32m"24"[39m
                [33mstroke[39m=[32m"currentColor"[39m
                [33mstroke-linecap[39m=[32m"round"[39m
                [33mstroke-linejoin[39m=[32m"round"[39m
                [33mstroke-width[39m=[32m"2"[39m
                [33mviewBox[39m=[32m"0 0 24 24"[39m
                [33mwidth[39m=[32m"24"[39m
                [33mxmlns[39m=[32m"http://www.w3.org/2000/svg"[39m
              [36m>[39m
                [36m<path[39m
                  [33md[39m=[32m"M15 21v-8a1 1 0 0 0-1-1h-4a1 1 0 0 0-1 1v8"[39m
                [36m/>[39m
                [36m<path[39m
                  [33md[39m=[32m"M3 10a2 2 0 0 1 .709-1.528l7-5.999a2 2 0 0 1 2.582 0l7 5.999A2 2 0 0 1 21 10v9a2 2 0 0 1-2 2H5a2 2 0 0 1-2-2z"[39m
                [36m/>[39m
              [36m</svg>[39m
            [36m</button>[39m
            [36m<button[39m
              [33mclass[39m=[32m"bg-white hover:bg-blue-50 p-1.5 rounded-md shadow-md border border-gray-200 transition-colors duration-200"[39m
              [33mtitle[39m=[32m"Harta në ekran të plotë"[39m
            [36m>[39m
              [36m<svg[39m
                [33mclass[39m=[32m"h-3 w-3 text-blue-600"[39m
                [33mfill[39m=[32m"none"[39m
                [33mstroke[39m=[32m"currentColor"[39m
                [33mviewBox[39m=[32m"0 0 24 24"[39m
              [36m>[39m
                [36m<path[39m
                  [33md[39m=[32m"M4 8V4m0 0h4M4 4l5 5m11-1V4m0 0h-4m4 0l-5 5M4 16v4m0 0h4m-4 0l5-5m11 5l-5-5m5 5v-4m0 4h-4"[39m
                  [33mstroke-linecap[39m=[32m"round"[39m
                  [33mstroke-linejoin[39m=[32m"round"[39m
                  [33mstroke-width[39m=[32m"2"[39m
                [36m/>[39m
              [36m</svg>[39m
            [36m</button>[39m
            [36m<button[39m
              [33mclass[39m=[32m"bg-white p-1.5 rounded-md shadow-md border border-gray-200 transition-colors duration-200"[39m
              [33mtitle[39m=[32m"Shko te lokacioni im"[39m
            [36m>[39m
              [36m<svg[39m
                [33mclass[39m=[32m"h-3 w-3 text-blue-600"[39m
                [33mfill[39m=[32m"none"[39m
                [33mstroke[39m=[32m"currentColor"[39m
                [33mviewBox[39m=[32m"0 0 24 24"[39m
              [36m>[39m
                [36m<path[39m
                  [33md[39m=[32m"M17.657 16.657L13.414 20.9a1.998 1.998 0 01-2.827 0l-4.244-4.243a8 8 0 1111.314 0z"[39m
                  [33mstroke-linecap[39m=[32m"round"[39m
                  [33mstroke-linejoin[39m=[32m"round"[39m
                  [33mstroke-width[39m=[32m"2"[39m
                [36m/>[39m
                [36m<path[39m
                  [33md[39m=[32m"M15 11a3 3 0 11-6 0 3 3 0 016 0z"[39m
                  [33mstroke-linecap[39m=[32m"round"[39m
                  [33mstroke-linejoin[39m=[32m"round"[39m
                  [33mstroke-width[39m=[32m"2"[39m
                [36m/>[39m
              [36m</svg>[39m
            [36m</button>[39m
          [36m</div>[39m
          [36m<div[39m
            [33mclass[39m=[32m"absolute top-3 left-3 z-1000"[39m
          [36m>[39m
            [36m<div[39m
              [33mclass[39m=[32m"bg-white rounded-lg shadow-md border border-gray-200 p-3 max-w-xs sm:max-w-sm"[39m
            [36m>[39m
              [36m<div[39m
                [33mclass[39m=[32m"flex items-center gap-2 mb-2"[39m
              [36m>[39m
                [36m<svg[39m
                  [33maria-hidden[39m=[32m"true"[39m
                  [33mclass[39m=[32m"lucide lucide-funnel h-4 w-4 text-blue-600"[39m
                  [33mfill[39m=[32m"none"[39m
                  [33mheight[39m=[32m"24"[39m
                  [33mstroke[39m=[32m"currentColor"[39m
                  [33mstroke-linecap[39m=[32m"round"[39m
                  [33mstroke-linejoin[39m=[32m"round"[39m
                  [33mstroke-width[39m=[32m"2"[39m
                  [33mviewBox[39m=[32m"0 0 24 24"[39m
                  [33mwidth[39m=[32m"24"[39m
                  [33mxmlns[39m=[32m"http://www.w3.org/2000/svg"[39m
                [36m>[39m
                  [36m<path[39m
                    [33md[39m=[32m"M10 20a1 1 0 0 0 .553.895l2 1A1 1 0 0 0 14 21v-7a2 2 0 0 1 .517-1.341L21.74 4.67A1 1 0 0 0 21 3H3a1 1 0 0 0-.742 1.67l7.225 7.989A2 2 0 0 1 10 14z"[39m
                  [36m/>[39m
                [36m</svg>[39m
                [36m<span[39m
                  [33mclass[39m=[32m"text-sm font-medium text-gray-700"[39m
                [36m>[39m
                  [0mFiltrat e Hartës[0m
                [36m</span>[39m
              [36m</div>[39m
              [36m<div[39m
                [33mclass[39m=[32m"space-y-2"[39m
              [36m>[39m
                [36m<div>[39m
                  [36m<label[39m
                    [33mclass[39m=[32m"text-xs text-gray-600 block mb-1"[39m
                  [36m>[39m
                    [0mÇmimi[0m
                  [36m</label>[39m
                  [36m<select[39m
                    [33mclass[39m=[32m"w-full text-xs border border-gray-300 rounded px-2 py-1.5 focus:outline-none focus:ring-1 focus:ring-blue-500 touch-manipulation"[39m
                  [36m>[39m
                    [36m<option[39m
                      [33mvalue[39m=[32m"all"[39m
                    [36m>[39m
                      [0mTë gjitha[0m
                    [36m</option>[39m
                    [36m<option[39m
                      [33mvalue[39m=[32m"low"[39m
                    [36m>[39m
                      [0mDeri €100,000[0m
                    [36m</option>[39m
                    [36m<option[39m
                      [33mvalue[39m=[32m"medium"[39m
                    [36m>[39m
                      [0m€100,000 - €300,000[0m
                    [36m</option>[39m
                    [36m<option[39m
                      [33mvalue[39m=[32m"high"[39m
                    [36m>[39m
                      [0mMbi €300,000[0m
                    [36m</option>[39m
                  [36m</select>[39m
                [36m</div>[39m
                [36m<div>[39m
                  [36m<label[39m
                    [33mclass[39m=[32m"text-xs text-gray-600 block mb-1"[39m
                  [36m>[39m
                    [0mLloji[0m
                  [36m</label>[39m
                  [36m<select[39m
                    [33mclass[39m=[32m"w-full text-xs border border-gray-300 rounded px-2 py-1.5 focus:outline-none focus:ring-1 focus:ring-blue-500 touch-manipulation"[39m
                  [36m>[39m
                    [36m<option[39m
                      [33mvalue[39m=[32m"all"[39m
                    [36m>[39m
                      [0mTë gjitha[0m
                    [36m</option>[39m
                    [36m<option[39m
                      [33mvalue[39m=[32m"house"[39m
                    [36m>[39m
                      [0mShtëpi[0m
                    [36m</option>[39m
                    [36m<option[39m
                      [33mvalue[39m=[32m"apartment"[39m
                    [36m>[39m
                      [0mApartament[0m
                    [36m</option>[39m
                    [36m<option[39m
                      [33mvalue[39m=[32m"condo"[39m
                    [36m>[39m
                      [0mKondo[0m
                    [36m</option>[39m
                    [36m<option[39m
                      [33mvalue[39m=[32m"townhouse"[39m
                    [36m>[39m
                      [0mShtëpi në Qytet[0m
                    [36m</option>[39m
                  [36m</select>[39m
                [36m</div>[39m
              [36m</div>[39m
              [36m<div[39m
                [33mclass[39m=[32m"mt-2 pt-2 border-t border-gray-200"[39m
              [36m>[39m
                [36m<span[39m
                  [33mclass[39m=[32m"text-xs text-gray-600"[39m
                [36m>[39m
                  [0m2[0m
                  [0m pasuri në hartë[0m
                [36m</span>[39m
              [36m</div>[39m
            [36m</div>[39m
          [36m</div>[39m
          [36m<div[39m
            [33mclass[39m=[32m"absolute inset-0 bg-linear-to-br from-blue-50 to-green-50 bg-opacity-95 flex items-center justify-center rounded-lg"[39m
          [36m>[39m
            [36m<div[39m
              [33mclass[39m=[32m"flex flex-col items-center justify-center p-6"[39m
            [36m>[39m
              [36m<div[39m
                [33mclass[39m=[32m"relative mb-4"[39m
              [36m>[39m
                [36m<div[39m
                  [33mclass[39m=[32m"absolute inset-0 bg-gradient-to-r from-red-100 to-blue-100 rounded-full animate-pulse"[39m
                [36m/>[39m
                [36m<div[39m
                  [33mclass[39m=[32m"relative bg-white rounded-full p-4 shadow-lg"[39m
                [36m>[39m
                  [36m<div[39m
                    [33mclass[39m=[32m"absolute inset-0 bg-gradient-to-r from-red-500 via-blue-500 to-yellow-500 rounded-full animate-spin opacity-20"[39m
                  [36m/>[39m
                  [36m<div[39m
                    [33mclass[39m=[32m"relative z-10"[39m
                  [36m>[39m
                    [36m<svg[39m
                      [33maria-hidden[39m=[32m"true"[39m
                      [33mclass[39m=[32m"lucide lucide-house h-8 w-8 text-red-500 transition-all duration-300 opacity-100 scale-110 transform"[39m
                      [33mfill[39m=[32m"none"[39m
                      [33mheight[39m=[32m"24"[39m
                      [33mstroke[39m=[32m"currentColor"[39m
                      [33mstroke-linecap[39m=[32m"round"[39m
                      [33mstroke-linejoin[39m=[32m"round"[39m
                      [33mstroke-width[39m=[32m"2"[39m
                      [33mviewBox[39m=[32m"0 0 24 24"[39m
                      [33mwidth[39m=[32m"24"[39m
                      [33mxmlns[39m=[32m"http://www.w3.org/2000/svg"[39m
                    [36m>[39m
                      [36m<path[39m
                        [33md[39m=[32m"M15 21v-8a1 1 0 0 0-1-1h-4a1 1 0 0 0-1 1v8"[39m
                      [36m/>[39m
                      [36m<path[39m
                        [33md[39m=[32m"M3 10a2 2 0 0 1 .709-1.528l7-5.999a2 2 0 0 1 2.582 0l7 5.999A2 2 0 0 1 21 10v9a2 2 0 0 1-2 2H5a2 2 0 0 1-2-2z"[39m
                      [36m/>[39m
                    [36m</svg>[39m
                    [36m<svg[39m
                      [33maria-hidden[39m=[32m"true"[39m
                      [33mclass[39m=[32m"lucide lucide-map-pin h-8 w-8 text-blue-500 transition-all duration-300 opacity-0 scale-90 absolute inset-0"[39m
                      [33mfill[39m=[32m"none"[39m
                      [33mheight[39m=[32m"24"[39m
                      [33mstroke[39m=[32m"currentColor"[39m
                      [33mstroke-linecap[39m=[32m"round"[39m
                      [33mstroke-linejoin[39m=[32m"round"[39m
                      [33mstroke-width[39m=[32m"2"[39m
                      [33mviewBox[39m=[32m"0 0 24 24"[39m
                      [33mwidth[39m=[32m"24"[39m
                      [33mxmlns[39m=[32m"http://www.w3.org/2000/svg"[39m
                    [36m>[39m
                      [36m<path[39m
                        [33md[39m=[32m"M20 10c0 4.993-5.539 10.193-7.399 11.799a1 1 0 0 1-1.202 0C9.539 20.193 4 14.993 4 10a8 8 0 0 1 16 0"[39m
                      [36m/>[39m
                      [36m<circle[39m
                        [33mcx[39m=[32m"12"[39m
                        [33mcy[39m=[32m"10"[39m
                        [33mr[39m=[32m"3"[39m
                      [36m/>[39m
                    [36m</svg>[39m
                    [36m<svg[39m
                      [33maria-hidden[39m=[32m"true"[39m
                      [33mclass[39m=[32m"lucide lucide-key h-8 w-8 text-yellow-500 transition-all duration-300 opacity-0 scale-90 absolute inset-0"[39m
                      [33mfill[39m=[32m"none"[39m
                      [33mheight[39m=[32m"24"[39m
                      [33mstroke[39m=[32m"currentColor"[39m
                      [33mstroke-linecap[39m=[32m"round"[39m
                      [33mstroke-linejoin[39m=[32m"round"[39m
                      [33mstroke-width[39m=[32m"2"[39m
                      [33mviewBox[39m=[32m"0 0 24 24"[39m
                      [33mwidth[39m=[32m"24"[39m
                      [33mxmlns[39m=[32m"http://www.w3.org/2000/svg"[39m
                    [36m>[39m
                      [36m<path[39m
                        [33md[39m=[32m"m15.5 7.5 2.3 2.3a1 1 0 0 0 1.4 0l2.1-2.1a1 1 0 0 0 0-1.4L19 4"[39m
                      [36m/>[39m
                      [36m<path[39m
                        [33md[39m=[32m"m21 2-9.6 9.6"[39m
                      [36m/>[39m
                      [36m<circle[39m
                        [33mcx[39m=[32m"7.5"[39m
                        [33mcy[39m=[32m"15.5"[39m
                        [33mr[39m=[32m"5.5"[39m
                      [36m/>[39m
                    [36m</svg>[39m
                    [36m<svg[39m
                      [33maria-hidden[39m=[32m"true"[39m
                      [33mclass[39m=[32m"lucide lucide-heart h-8 w-8 text-pink-500 transition-all duration-300 opacity-0 scale-90 absolute inset-0"[39m
                      [33mfill[39m=[32m"none"[39m
                      [33mheight[39m=[32m"24"[39m
                      [33mstroke[39m=[32m"currentColor"[39m
                      [33mstroke-linecap[39m=[32m"round"[39m
                      [33mstroke-linejoin[39m=[32m"round"[39m
                      [33mstroke-width[39m=[32m"2"[39m
                      [33mviewBox[39m=[32m"0 0 24 24"[39m
                      [33mwidth[39m=[32m"24"[39m
                      [33mxmlns[39m=[32m"http://www.w3.org/2000/svg"[39m
                    [36m>[39m
                      [36m<path[39m
                        [33md[39m=[32m"M19 14c1.49-1.46 3-3.21 3-5.5A5.5 5.5 0 0 0 16.5 3c-1.76 0-3 .5-4.5 2-1.5-1.5-2.74-2-4.5-2A5.5 5.5 0 0 0 2 8.5c0 2.3 1.5 4.05 3 5.5l7 7Z"[39m
                      [36m/>[39m
                    [36m</svg>[39m
                  [36m</div>[39m
                [36m</div>[39m
              [36m</div>[39m
              [36m<div[39m
                [33mclass[39m=[32m"flex space-x-1 mb-3"[39m
              [36m>[39m
                [36m<div[39m
                  [33mclass[39m=[32m"w-2 h-2 bg-red-500 rounded-full animate-bounce"[39m
                  [33mstyle[39m=[32m"animation-delay: 0s;"[39m
                [36m/>[39m
                [36m<div[39m
                  [33mclass[39m=[32m"w-2 h-2 bg-red-500 rounded-full animate-bounce"[39m
                  [33mstyle[39m=[32m"animation-delay: 0.2s;"[39m
                [36m/>[39m
                [36m<div[39m
                  [33mclass[39m=[32m"w-2 h-2 bg-red-500 rounded-full animate-bounce"[39m
                  [33mstyle[39m=[32m"animation-delay: 0.4s;"[39m
                [36m/>[39m
              [36m</div>[39m
              [36m<p[39m
                [33mclass[39m=[32m"text-gray-700 text-sm font-medium text-center"[39m
              [36m>[39m
                [0mPo ngarkohet harta...[0m
              [36m</p>[39m
              [36m<div[39m
                [33mclass[39m=[32m"w-32 h-1 bg-gray-200 rounded-full mt-3 overflow-hidden"[39m
              [36m>[39m
                [36m<div[39m
                  [33mclass[39m=[32m"h-full bg-gradient-to-r from-red-500 to-blue-500 rounded-full animate-pulse"[39m
                [36m/>[39m
              [36m</div>[39m
            [36m</div>[39m
          [36m</div>[39m
        [36m</div>[39m
      [36m</div>[39m
    [36m</body>[39m

      148 |   it('handles loading state', () => {
      149 |     render(<MapView properties={mockProperties} loading={true} />);
    > 150 |     expect(screen.getByText('Loading map...')).toBeInTheDocument();
          |                   ^
      151 |   });
      152 |
      153 |   it('handles error state', () => {

      at Object.getElementError (node_modules/@testing-library/dom/dist/config.js:37:19)
      at node_modules/@testing-library/dom/dist/query-helpers.js:76:38
      at node_modules/@testing-library/dom/dist/query-helpers.js:52:17
      at node_modules/@testing-library/dom/dist/query-helpers.js:95:19
      at Object.getByText (src/components/__tests__/MapView.test.tsx:150:19)

  ● MapView Component › handles error state

    TestingLibraryElementError: Unable to find an element with the text: Failed to load map. This could be because the text is broken up by multiple elements. In this case, you can provide a function for your text matcher to make your matcher more flexible.

    Ignored nodes: comments, script, style
    [36m<body>[39m
      [36m<div>[39m
        [36m<div[39m
          [33mclass[39m=[32m"relative"[39m
        [36m>[39m
          [36m<div[39m
            [33mclass[39m=[32m"w-full rounded-lg shadow-md border border-gray-200 touch-pan-x touch-pan-y bg-gray-50"[39m
            [33mstyle[39m=[32m"height: 400px;"[39m
          [36m/>[39m
          [36m<div[39m
            [33mclass[39m=[32m"absolute top-2 right-2 flex flex-col gap-1 z-1000"[39m
          [36m>[39m
            [36m<div[39m
              [33mclass[39m=[32m"bg-white rounded-md shadow-md border border-gray-200 overflow-hidden"[39m
            [36m>[39m
              [36m<button[39m
                [33mclass[39m=[32m"p-1.5 w-full text-xs transition-colors bg-blue-600 text-white"[39m
                [33mtitle[39m=[32m"Harta e rrugëve"[39m
              [36m>[39m
                [0m🗺️[0m
              [36m</button>[39m
              [36m<button[39m
                [33mclass[39m=[32m"p-1.5 w-full text-xs transition-colors text-blue-600"[39m
                [33mtitle[39m=[32m"Pamja satelitore"[39m
              [36m>[39m
                [0m🛰️[0m
              [36m</button>[39m
              [36m<button[39m
                [33mclass[39m=[32m"p-1.5 w-full text-xs transition-colors text-blue-600"[39m
                [33mtitle[39m=[32m"Terreni"[39m
              [36m>[39m
                [0m🏔️[0m
              [36m</button>[39m
            [36m</div>[39m
            [36m<button[39m
              [33mclass[39m=[32m"bg-white p-1.5 rounded-md shadow-md border border-gray-200 transition-colors duration-200"[39m
              [33mtitle[39m=[32m"Kthehu në pamjen fillestare"[39m
            [36m>[39m
              [36m<svg[39m
                [33maria-hidden[39m=[32m"true"[39m
                [33mclass[39m=[32m"lucide lucide-house h-3 w-3 text-blue-600"[39m
                [33mfill[39m=[32m"none"[39m
                [33mheight[39m=[32m"24"[39m
                [33mstroke[39m=[32m"currentColor"[39m
                [33mstroke-linecap[39m=[32m"round"[39m
                [33mstroke-linejoin[39m=[32m"round"[39m
                [33mstroke-width[39m=[32m"2"[39m
                [33mviewBox[39m=[32m"0 0 24 24"[39m
                [33mwidth[39m=[32m"24"[39m
                [33mxmlns[39m=[32m"http://www.w3.org/2000/svg"[39m
              [36m>[39m
                [36m<path[39m
                  [33md[39m=[32m"M15 21v-8a1 1 0 0 0-1-1h-4a1 1 0 0 0-1 1v8"[39m
                [36m/>[39m
                [36m<path[39m
                  [33md[39m=[32m"M3 10a2 2 0 0 1 .709-1.528l7-5.999a2 2 0 0 1 2.582 0l7 5.999A2 2 0 0 1 21 10v9a2 2 0 0 1-2 2H5a2 2 0 0 1-2-2z"[39m
                [36m/>[39m
              [36m</svg>[39m
            [36m</button>[39m
            [36m<button[39m
              [33mclass[39m=[32m"bg-white hover:bg-blue-50 p-1.5 rounded-md shadow-md border border-gray-200 transition-colors duration-200"[39m
              [33mtitle[39m=[32m"Harta në ekran të plotë"[39m
            [36m>[39m
              [36m<svg[39m
                [33mclass[39m=[32m"h-3 w-3 text-blue-600"[39m
                [33mfill[39m=[32m"none"[39m
                [33mstroke[39m=[32m"currentColor"[39m
                [33mviewBox[39m=[32m"0 0 24 24"[39m
              [36m>[39m
                [36m<path[39m
                  [33md[39m=[32m"M4 8V4m0 0h4M4 4l5 5m11-1V4m0 0h-4m4 0l-5 5M4 16v4m0 0h4m-4 0l5-5m11 5l-5-5m5 5v-4m0 4h-4"[39m
                  [33mstroke-linecap[39m=[32m"round"[39m
                  [33mstroke-linejoin[39m=[32m"round"[39m
                  [33mstroke-width[39m=[32m"2"[39m
                [36m/>[39m
              [36m</svg>[39m
            [36m</button>[39m
            [36m<button[39m
              [33mclass[39m=[32m"bg-white p-1.5 rounded-md shadow-md border border-gray-200 transition-colors duration-200"[39m
              [33mtitle[39m=[32m"Shko te lokacioni im"[39m
            [36m>[39m
              [36m<svg[39m
                [33mclass[39m=[32m"h-3 w-3 text-blue-600"[39m
                [33mfill[39m=[32m"none"[39m
                [33mstroke[39m=[32m"currentColor"[39m
                [33mviewBox[39m=[32m"0 0 24 24"[39m
              [36m>[39m
                [36m<path[39m
                  [33md[39m=[32m"M17.657 16.657L13.414 20.9a1.998 1.998 0 01-2.827 0l-4.244-4.243a8 8 0 1111.314 0z"[39m
                  [33mstroke-linecap[39m=[32m"round"[39m
                  [33mstroke-linejoin[39m=[32m"round"[39m
                  [33mstroke-width[39m=[32m"2"[39m
                [36m/>[39m
                [36m<path[39m
                  [33md[39m=[32m"M15 11a3 3 0 11-6 0 3 3 0 016 0z"[39m
                  [33mstroke-linecap[39m=[32m"round"[39m
                  [33mstroke-linejoin[39m=[32m"round"[39m
                  [33mstroke-width[39m=[32m"2"[39m
                [36m/>[39m
              [36m</svg>[39m
            [36m</button>[39m
          [36m</div>[39m
          [36m<div[39m
            [33mclass[39m=[32m"absolute top-3 left-3 z-1000"[39m
          [36m>[39m
            [36m<div[39m
              [33mclass[39m=[32m"bg-white rounded-lg shadow-md border border-gray-200 p-3 max-w-xs sm:max-w-sm"[39m
            [36m>[39m
              [36m<div[39m
                [33mclass[39m=[32m"flex items-center gap-2 mb-2"[39m
              [36m>[39m
                [36m<svg[39m
                  [33maria-hidden[39m=[32m"true"[39m
                  [33mclass[39m=[32m"lucide lucide-funnel h-4 w-4 text-blue-600"[39m
                  [33mfill[39m=[32m"none"[39m
                  [33mheight[39m=[32m"24"[39m
                  [33mstroke[39m=[32m"currentColor"[39m
                  [33mstroke-linecap[39m=[32m"round"[39m
                  [33mstroke-linejoin[39m=[32m"round"[39m
                  [33mstroke-width[39m=[32m"2"[39m
                  [33mviewBox[39m=[32m"0 0 24 24"[39m
                  [33mwidth[39m=[32m"24"[39m
                  [33mxmlns[39m=[32m"http://www.w3.org/2000/svg"[39m
                [36m>[39m
                  [36m<path[39m
                    [33md[39m=[32m"M10 20a1 1 0 0 0 .553.895l2 1A1 1 0 0 0 14 21v-7a2 2 0 0 1 .517-1.341L21.74 4.67A1 1 0 0 0 21 3H3a1 1 0 0 0-.742 1.67l7.225 7.989A2 2 0 0 1 10 14z"[39m
                  [36m/>[39m
                [36m</svg>[39m
                [36m<span[39m
                  [33mclass[39m=[32m"text-sm font-medium text-gray-700"[39m
                [36m>[39m
                  [0mFiltrat e Hartës[0m
                [36m</span>[39m
              [36m</div>[39m
              [36m<div[39m
                [33mclass[39m=[32m"space-y-2"[39m
              [36m>[39m
                [36m<div>[39m
                  [36m<label[39m
                    [33mclass[39m=[32m"text-xs text-gray-600 block mb-1"[39m
                  [36m>[39m
                    [0mÇmimi[0m
                  [36m</label>[39m
                  [36m<select[39m
                    [33mclass[39m=[32m"w-full text-xs border border-gray-300 rounded px-2 py-1.5 focus:outline-none focus:ring-1 focus:ring-blue-500 touch-manipulation"[39m
                  [36m>[39m
                    [36m<option[39m
                      [33mvalue[39m=[32m"all"[39m
                    [36m>[39m
                      [0mTë gjitha[0m
                    [36m</option>[39m
                    [36m<option[39m
                      [33mvalue[39m=[32m"low"[39m
                    [36m>[39m
                      [0mDeri €100,000[0m
                    [36m</option>[39m
                    [36m<option[39m
                      [33mvalue[39m=[32m"medium"[39m
                    [36m>[39m
                      [0m€100,000 - €300,000[0m
                    [36m</option>[39m
                    [36m<option[39m
                      [33mvalue[39m=[32m"high"[39m
                    [36m>[39m
                      [0mMbi €300,000[0m
                    [36m</option>[39m
                  [36m</select>[39m
                [36m</div>[39m
                [36m<div>[39m
                  [36m<label[39m
                    [33mclass[39m=[32m"text-xs text-gray-600 block mb-1"[39m
                  [36m>[39m
                    [0mLloji[0m
                  [36m</label>[39m
                  [36m<select[39m
                    [33mclass[39m=[32m"w-full text-xs border border-gray-300 rounded px-2 py-1.5 focus:outline-none focus:ring-1 focus:ring-blue-500 touch-manipulation"[39m
                  [36m>[39m
                    [36m<option[39m
                      [33mvalue[39m=[32m"all"[39m
                    [36m>[39m
                      [0mTë gjitha[0m
                    [36m</option>[39m
                    [36m<option[39m
                      [33mvalue[39m=[32m"house"[39m
                    [36m>[39m
                      [0mShtëpi[0m
                    [36m</option>[39m
                    [36m<option[39m
                      [33mvalue[39m=[32m"apartment"[39m
                    [36m>[39m
                      [0mApartament[0m
                    [36m</option>[39m
                    [36m<option[39m
                      [33mvalue[39m=[32m"condo"[39m
                    [36m>[39m
                      [0mKondo[0m
                    [36m</option>[39m
                    [36m<option[39m
                      [33mvalue[39m=[32m"townhouse"[39m
                    [36m>[39m
                      [0mShtëpi në Qytet[0m
                    [36m</option>[39m
                  [36m</select>[39m
                [36m</div>[39m
              [36m</div>[39m
              [36m<div[39m
                [33mclass[39m=[32m"mt-2 pt-2 border-t border-gray-200"[39m
              [36m>[39m
                [36m<span[39m
                  [33mclass[39m=[32m"text-xs text-gray-600"[39m
                [36m>[39m
                  [0m2[0m
                  [0m pasuri në hartë[0m
                [36m</span>[39m
              [36m</div>[39m
            [36m</div>[39m
          [36m</div>[39m
          [36m<div[39m
            [33mclass[39m=[32m"absolute inset-0 bg-linear-to-br from-blue-50 to-green-50 bg-opacity-95 flex items-center justify-center rounded-lg"[39m
          [36m>[39m
            [36m<div[39m
              [33mclass[39m=[32m"flex flex-col items-center justify-center p-6"[39m
            [36m>[39m
              [36m<div[39m
                [33mclass[39m=[32m"relative mb-4"[39m
              [36m>[39m
                [36m<div[39m
                  [33mclass[39m=[32m"absolute inset-0 bg-gradient-to-r from-red-100 to-blue-100 rounded-full animate-pulse"[39m
                [36m/>[39m
                [36m<div[39m
                  [33mclass[39m=[32m"relative bg-white rounded-full p-4 shadow-lg"[39m
                [36m>[39m
                  [36m<div[39m
                    [33mclass[39m=[32m"absolute inset-0 bg-gradient-to-r from-red-500 via-blue-500 to-yellow-500 rounded-full animate-spin opacity-20"[39m
                  [36m/>[39m
                  [36m<div[39m
                    [33mclass[39m=[32m"relative z-10"[39m
                  [36m>[39m
                    [36m<svg[39m
                      [33maria-hidden[39m=[32m"true"[39m
                      [33mclass[39m=[32m"lucide lucide-house h-8 w-8 text-red-500 transition-all duration-300 opacity-100 scale-110 transform"[39m
                      [33mfill[39m=[32m"none"[39m
                      [33mheight[39m=[32m"24"[39m
                      [33mstroke[39m=[32m"currentColor"[39m
                      [33mstroke-linecap[39m=[32m"round"[39m
                      [33mstroke-linejoin[39m=[32m"round"[39m
                      [33mstroke-width[39m=[32m"2"[39m
                      [33mviewBox[39m=[32m"0 0 24 24"[39m
                      [33mwidth[39m=[32m"24"[39m
                      [33mxmlns[39m=[32m"http://www.w3.org/2000/svg"[39m
                    [36m>[39m
                      [36m<path[39m
                        [33md[39m=[32m"M15 21v-8a1 1 0 0 0-1-1h-4a1 1 0 0 0-1 1v8"[39m
                      [36m/>[39m
                      [36m<path[39m
                        [33md[39m=[32m"M3 10a2 2 0 0 1 .709-1.528l7-5.999a2 2 0 0 1 2.582 0l7 5.999A2 2 0 0 1 21 10v9a2 2 0 0 1-2 2H5a2 2 0 0 1-2-2z"[39m
                      [36m/>[39m
                    [36m</svg>[39m
                    [36m<svg[39m
                      [33maria-hidden[39m=[32m"true"[39m
                      [33mclass[39m=[32m"lucide lucide-map-pin h-8 w-8 text-blue-500 transition-all duration-300 opacity-0 scale-90 absolute inset-0"[39m
                      [33mfill[39m=[32m"none"[39m
                      [33mheight[39m=[32m"24"[39m
                      [33mstroke[39m=[32m"currentColor"[39m
                      [33mstroke-linecap[39m=[32m"round"[39m
                      [33mstroke-linejoin[39m=[32m"round"[39m
                      [33mstroke-width[39m=[32m"2"[39m
                      [33mviewBox[39m=[32m"0 0 24 24"[39m
                      [33mwidth[39m=[32m"24"[39m
                      [33mxmlns[39m=[32m"http://www.w3.org/2000/svg"[39m
                    [36m>[39m
                      [36m<path[39m
                        [33md[39m=[32m"M20 10c0 4.993-5.539 10.193-7.399 11.799a1 1 0 0 1-1.202 0C9.539 20.193 4 14.993 4 10a8 8 0 0 1 16 0"[39m
                      [36m/>[39m
                      [36m<circle[39m
                        [33mcx[39m=[32m"12"[39m
                        [33mcy[39m=[32m"10"[39m
                        [33mr[39m=[32m"3"[39m
                      [36m/>[39m
                    [36m</svg>[39m
                    [36m<svg[39m
                      [33maria-hidden[39m=[32m"true"[39m
                      [33mclass[39m=[32m"lucide lucide-key h-8 w-8 text-yellow-500 transition-all duration-300 opacity-0 scale-90 absolute inset-0"[39m
                      [33mfill[39m=[32m"none"[39m
                      [33mheight[39m=[32m"24"[39m
                      [33mstroke[39m=[32m"currentColor"[39m
                      [33mstroke-linecap[39m=[32m"round"[39m
                      [33mstroke-linejoin[39m=[32m"round"[39m
                      [33mstroke-width[39m=[32m"2"[39m
                      [33mviewBox[39m=[32m"0 0 24 24"[39m
                      [33mwidth[39m=[32m"24"[39m
                      [33mxmlns[39m=[32m"http://www.w3.org/2000/svg"[39m
                    [36m>[39m
                      [36m<path[39m
                        [33md[39m=[32m"m15.5 7.5 2.3 2.3a1 1 0 0 0 1.4 0l2.1-2.1a1 1 0 0 0 0-1.4L19 4"[39m
                      [36m/>[39m
                      [36m<path[39m
                        [33md[39m=[32m"m21 2-9.6 9.6"[39m
                      [36m/>[39m
                      [36m<circle[39m
                        [33mcx[39m=[32m"7.5"[39m
                        [33mcy[39m=[32m"15.5"[39m
                        [33mr[39m=[32m"5.5"[39m
                      [36m/>[39m
                    [36m</svg>[39m
                    [36m<svg[39m
                      [33maria-hidden[39m=[32m"true"[39m
                      [33mclass[39m=[32m"lucide lucide-heart h-8 w-8 text-pink-500 transition-all duration-300 opacity-0 scale-90 absolute inset-0"[39m
                      [33mfill[39m=[32m"none"[39m
                      [33mheight[39m=[32m"24"[39m
                      [33mstroke[39m=[32m"currentColor"[39m
                      [33mstroke-linecap[39m=[32m"round"[39m
                      [33mstroke-linejoin[39m=[32m"round"[39m
                      [33mstroke-width[39m=[32m"2"[39m
                      [33mviewBox[39m=[32m"0 0 24 24"[39m
                      [33mwidth[39m=[32m"24"[39m
                      [33mxmlns[39m=[32m"http://www.w3.org/2000/svg"[39m
                    [36m>[39m
                      [36m<path[39m
                        [33md[39m=[32m"M19 14c1.49-1.46 3-3.21 3-5.5A5.5 5.5 0 0 0 16.5 3c-1.76 0-3 .5-4.5 2-1.5-1.5-2.74-2-4.5-2A5.5 5.5 0 0 0 2 8.5c0 2.3 1.5 4.05 3 5.5l7 7Z"[39m
                      [36m/>[39m
                    [36m</svg>[39m
                  [36m</div>[39m
                [36m</div>[39m
              [36m</div>[39m
              [36m<div[39m
                [33mclass[39m=[32m"flex space-x-1 mb-3"[39m
              [36m>[39m
                [36m<div[39m
                  [33mclass[39m=[32m"w-2 h-2 bg-red-500 rounded-full animate-bounce"[39m
                  [33mstyle[39m=[32m"animation-delay: 0s;"[39m
                [36m/>[39m
                [36m<div[39m
                  [33mclass[39m=[32m"w-2 h-2 bg-red-500 rounded-full animate-bounce"[39m
                  [33mstyle[39m=[32m"animation-delay: 0.2s;"[39m
                [36m/>[39m
                [36m<div[39m
                  [33mclass[39m=[32m"w-2 h-2 bg-red-500 rounded-full animate-bounce"[39m
                  [33mstyle[39m=[32m"animation-delay: 0.4s;"[39m
                [36m/>[39m
              [36m</div>[39m
              [36m<p[39m
                [33mclass[39m=[32m"text-gray-700 text-sm font-medium text-center"[39m
              [36m>[39m
                [0mPo ngarkohet harta...[0m
              [36m</p>[39m
              [36m<div[39m
                [33mclass[39m=[32m"w-32 h-1 bg-gray-200 rounded-full mt-3 overflow-hidden"[39m
              [36m>[39m
                [36m<div[39m
                  [33mclass[39m=[32m"h-full bg-gradient-to-r from-red-500 to-blue-500 rounded-full animate-pulse"[39m
                [36m/>[39m
              [36m</div>[39m
            [36m</div>[39m
          [36m</div>[39m
        [36m</div>[39m
      [36m</div>[39m
    [36m</body>[39m

      154 |     const errorMessage = 'Failed to load map';
      155 |     render(<MapView properties={mockProperties} error={errorMessage} />);
    > 156 |     expect(screen.getByText(errorMessage)).toBeInTheDocument();
          |                   ^
      157 |   });
      158 |
      159 |   it('renders with custom height', () => {

      at Object.getElementError (node_modules/@testing-library/dom/dist/config.js:37:19)
      at node_modules/@testing-library/dom/dist/query-helpers.js:76:38
      at node_modules/@testing-library/dom/dist/query-helpers.js:52:17
      at node_modules/@testing-library/dom/dist/query-helpers.js:95:19
      at Object.getByText (src/components/__tests__/MapView.test.tsx:156:19)

  ● MapView Component › renders with custom height

    TestingLibraryElementError: Unable to find an element by: [data-testid="map-container"]

    Ignored nodes: comments, script, style
    [36m<body>[39m
      [36m<div>[39m
        [36m<div[39m
          [33mclass[39m=[32m"relative"[39m
        [36m>[39m
          [36m<div[39m
            [33mclass[39m=[32m"w-full rounded-lg shadow-md border border-gray-200 touch-pan-x touch-pan-y bg-gray-50"[39m
            [33mstyle[39m=[32m"height: 400px;"[39m
          [36m/>[39m
          [36m<div[39m
            [33mclass[39m=[32m"absolute top-2 right-2 flex flex-col gap-1 z-1000"[39m
          [36m>[39m
            [36m<div[39m
              [33mclass[39m=[32m"bg-white rounded-md shadow-md border border-gray-200 overflow-hidden"[39m
            [36m>[39m
              [36m<button[39m
                [33mclass[39m=[32m"p-1.5 w-full text-xs transition-colors bg-blue-600 text-white"[39m
                [33mtitle[39m=[32m"Harta e rrugëve"[39m
              [36m>[39m
                [0m🗺️[0m
              [36m</button>[39m
              [36m<button[39m
                [33mclass[39m=[32m"p-1.5 w-full text-xs transition-colors text-blue-600"[39m
                [33mtitle[39m=[32m"Pamja satelitore"[39m
              [36m>[39m
                [0m🛰️[0m
              [36m</button>[39m
              [36m<button[39m
                [33mclass[39m=[32m"p-1.5 w-full text-xs transition-colors text-blue-600"[39m
                [33mtitle[39m=[32m"Terreni"[39m
              [36m>[39m
                [0m🏔️[0m
              [36m</button>[39m
            [36m</div>[39m
            [36m<button[39m
              [33mclass[39m=[32m"bg-white p-1.5 rounded-md shadow-md border border-gray-200 transition-colors duration-200"[39m
              [33mtitle[39m=[32m"Kthehu në pamjen fillestare"[39m
            [36m>[39m
              [36m<svg[39m
                [33maria-hidden[39m=[32m"true"[39m
                [33mclass[39m=[32m"lucide lucide-house h-3 w-3 text-blue-600"[39m
                [33mfill[39m=[32m"none"[39m
                [33mheight[39m=[32m"24"[39m
                [33mstroke[39m=[32m"currentColor"[39m
                [33mstroke-linecap[39m=[32m"round"[39m
                [33mstroke-linejoin[39m=[32m"round"[39m
                [33mstroke-width[39m=[32m"2"[39m
                [33mviewBox[39m=[32m"0 0 24 24"[39m
                [33mwidth[39m=[32m"24"[39m
                [33mxmlns[39m=[32m"http://www.w3.org/2000/svg"[39m
              [36m>[39m
                [36m<path[39m
                  [33md[39m=[32m"M15 21v-8a1 1 0 0 0-1-1h-4a1 1 0 0 0-1 1v8"[39m
                [36m/>[39m
                [36m<path[39m
                  [33md[39m=[32m"M3 10a2 2 0 0 1 .709-1.528l7-5.999a2 2 0 0 1 2.582 0l7 5.999A2 2 0 0 1 21 10v9a2 2 0 0 1-2 2H5a2 2 0 0 1-2-2z"[39m
                [36m/>[39m
              [36m</svg>[39m
            [36m</button>[39m
            [36m<button[39m
              [33mclass[39m=[32m"bg-white hover:bg-blue-50 p-1.5 rounded-md shadow-md border border-gray-200 transition-colors duration-200"[39m
              [33mtitle[39m=[32m"Harta në ekran të plotë"[39m
            [36m>[39m
              [36m<svg[39m
                [33mclass[39m=[32m"h-3 w-3 text-blue-600"[39m
                [33mfill[39m=[32m"none"[39m
                [33mstroke[39m=[32m"currentColor"[39m
                [33mviewBox[39m=[32m"0 0 24 24"[39m
              [36m>[39m
                [36m<path[39m
                  [33md[39m=[32m"M4 8V4m0 0h4M4 4l5 5m11-1V4m0 0h-4m4 0l-5 5M4 16v4m0 0h4m-4 0l5-5m11 5l-5-5m5 5v-4m0 4h-4"[39m
                  [33mstroke-linecap[39m=[32m"round"[39m
                  [33mstroke-linejoin[39m=[32m"round"[39m
                  [33mstroke-width[39m=[32m"2"[39m
                [36m/>[39m
              [36m</svg>[39m
            [36m</button>[39m
            [36m<button[39m
              [33mclass[39m=[32m"bg-white p-1.5 rounded-md shadow-md border border-gray-200 transition-colors duration-200"[39m
              [33mtitle[39m=[32m"Shko te lokacioni im"[39m
            [36m>[39m
              [36m<svg[39m
                [33mclass[39m=[32m"h-3 w-3 text-blue-600"[39m
                [33mfill[39m=[32m"none"[39m
                [33mstroke[39m=[32m"currentColor"[39m
                [33mviewBox[39m=[32m"0 0 24 24"[39m
              [36m>[39m
                [36m<path[39m
                  [33md[39m=[32m"M17.657 16.657L13.414 20.9a1.998 1.998 0 01-2.827 0l-4.244-4.243a8 8 0 1111.314 0z"[39m
                  [33mstroke-linecap[39m=[32m"round"[39m
                  [33mstroke-linejoin[39m=[32m"round"[39m
                  [33mstroke-width[39m=[32m"2"[39m
                [36m/>[39m
                [36m<path[39m
                  [33md[39m=[32m"M15 11a3 3 0 11-6 0 3 3 0 016 0z"[39m
                  [33mstroke-linecap[39m=[32m"round"[39m
                  [33mstroke-linejoin[39m=[32m"round"[39m
                  [33mstroke-width[39m=[32m"2"[39m
                [36m/>[39m
              [36m</svg>[39m
            [36m</button>[39m
          [36m</div>[39m
          [36m<div[39m
            [33mclass[39m=[32m"absolute top-3 left-3 z-1000"[39m
          [36m>[39m
            [36m<div[39m
              [33mclass[39m=[32m"bg-white rounded-lg shadow-md border border-gray-200 p-3 max-w-xs sm:max-w-sm"[39m
            [36m>[39m
              [36m<div[39m
                [33mclass[39m=[32m"flex items-center gap-2 mb-2"[39m
              [36m>[39m
                [36m<svg[39m
                  [33maria-hidden[39m=[32m"true"[39m
                  [33mclass[39m=[32m"lucide lucide-funnel h-4 w-4 text-blue-600"[39m
                  [33mfill[39m=[32m"none"[39m
                  [33mheight[39m=[32m"24"[39m
                  [33mstroke[39m=[32m"currentColor"[39m
                  [33mstroke-linecap[39m=[32m"round"[39m
                  [33mstroke-linejoin[39m=[32m"round"[39m
                  [33mstroke-width[39m=[32m"2"[39m
                  [33mviewBox[39m=[32m"0 0 24 24"[39m
                  [33mwidth[39m=[32m"24"[39m
                  [33mxmlns[39m=[32m"http://www.w3.org/2000/svg"[39m
                [36m>[39m
                  [36m<path[39m
                    [33md[39m=[32m"M10 20a1 1 0 0 0 .553.895l2 1A1 1 0 0 0 14 21v-7a2 2 0 0 1 .517-1.341L21.74 4.67A1 1 0 0 0 21 3H3a1 1 0 0 0-.742 1.67l7.225 7.989A2 2 0 0 1 10 14z"[39m
                  [36m/>[39m
                [36m</svg>[39m
                [36m<span[39m
                  [33mclass[39m=[32m"text-sm font-medium text-gray-700"[39m
                [36m>[39m
                  [0mFiltrat e Hartës[0m
                [36m</span>[39m
              [36m</div>[39m
              [36m<div[39m
                [33mclass[39m=[32m"space-y-2"[39m
              [36m>[39m
                [36m<div>[39m
                  [36m<label[39m
                    [33mclass[39m=[32m"text-xs text-gray-600 block mb-1"[39m
                  [36m>[39m
                    [0mÇmimi[0m
                  [36m</label>[39m
                  [36m<select[39m
                    [33mclass[39m=[32m"w-full text-xs border border-gray-300 rounded px-2 py-1.5 focus:outline-none focus:ring-1 focus:ring-blue-500 touch-manipulation"[39m
                  [36m>[39m
                    [36m<option[39m
                      [33mvalue[39m=[32m"all"[39m
                    [36m>[39m
                      [0mTë gjitha[0m
                    [36m</option>[39m
                    [36m<option[39m
                      [33mvalue[39m=[32m"low"[39m
                    [36m>[39m
                      [0mDeri €100,000[0m
                    [36m</option>[39m
                    [36m<option[39m
                      [33mvalue[39m=[32m"medium"[39m
                    [36m>[39m
                      [0m€100,000 - €300,000[0m
                    [36m</option>[39m
                    [36m<option[39m
                      [33mvalue[39m=[32m"high"[39m
                    [36m>[39m
                      [0mMbi €300,000[0m
                    [36m</option>[39m
                  [36m</select>[39m
                [36m</div>[39m
                [36m<div>[39m
                  [36m<label[39m
                    [33mclass[39m=[32m"text-xs text-gray-600 block mb-1"[39m
                  [36m>[39m
                    [0mLloji[0m
                  [36m</label>[39m
                  [36m<select[39m
                    [33mclass[39m=[32m"w-full text-xs border border-gray-300 rounded px-2 py-1.5 focus:outline-none focus:ring-1 focus:ring-blue-500 touch-manipulation"[39m
                  [36m>[39m
                    [36m<option[39m
                      [33mvalue[39m=[32m"all"[39m
                    [36m>[39m
                      [0mTë gjitha[0m
                    [36m</option>[39m
                    [36m<option[39m
                      [33mvalue[39m=[32m"house"[39m
                    [36m>[39m
                      [0mShtëpi[0m
                    [36m</option>[39m
                    [36m<option[39m
                      [33mvalue[39m=[32m"apartment"[39m
                    [36m>[39m
                      [0mApartament[0m
                    [36m</option>[39m
                    [36m<option[39m
                      [33mvalue[39m=[32m"condo"[39m
                    [36m>[39m
                      [0mKondo[0m
                    [36m</option>[39m
                    [36m<option[39m
                      [33mvalue[39m=[32m"townhouse"[39m
                    [36m>[39m
                      [0mShtëpi në Qytet[0m
                    [36m</option>[39m
                  [36m</select>[39m
                [36m</div>[39m
              [36m</div>[39m
              [36m<div[39m
                [33mclass[39m=[32m"mt-2 pt-2 border-t border-gray-200"[39m
              [36m>[39m
                [36m<span[39m
                  [33mclass[39m=[32m"text-xs text-gray-600"[39m
                [36m>[39m
                  [0m2[0m
                  [0m pasuri në hartë[0m
                [36m</span>[39m
              [36m</div>[39m
            [36m</div>[39m
          [36m</div>[39m
          [36m<div[39m
            [33mclass[39m=[32m"absolute inset-0 bg-linear-to-br from-blue-50 to-green-50 bg-opacity-95 flex items-center justify-center rounded-lg"[39m
          [36m>[39m
            [36m<div[39m
              [33mclass[39m=[32m"flex flex-col items-center justify-center p-6"[39m
            [36m>[39m
              [36m<div[39m
                [33mclass[39m=[32m"relative mb-4"[39m
              [36m>[39m
                [36m<div[39m
                  [33mclass[39m=[32m"absolute inset-0 bg-gradient-to-r from-red-100 to-blue-100 rounded-full animate-pulse"[39m
                [36m/>[39m
                [36m<div[39m
                  [33mclass[39m=[32m"relative bg-white rounded-full p-4 shadow-lg"[39m
                [36m>[39m
                  [36m<div[39m
                    [33mclass[39m=[32m"absolute inset-0 bg-gradient-to-r from-red-500 via-blue-500 to-yellow-500 rounded-full animate-spin opacity-20"[39m
                  [36m/>[39m
                  [36m<div[39m
                    [33mclass[39m=[32m"relative z-10"[39m
                  [36m>[39m
                    [36m<svg[39m
                      [33maria-hidden[39m=[32m"true"[39m
                      [33mclass[39m=[32m"lucide lucide-house h-8 w-8 text-red-500 transition-all duration-300 opacity-100 scale-110 transform"[39m
                      [33mfill[39m=[32m"none"[39m
                      [33mheight[39m=[32m"24"[39m
                      [33mstroke[39m=[32m"currentColor"[39m
                      [33mstroke-linecap[39m=[32m"round"[39m
                      [33mstroke-linejoin[39m=[32m"round"[39m
                      [33mstroke-width[39m=[32m"2"[39m
                      [33mviewBox[39m=[32m"0 0 24 24"[39m
                      [33mwidth[39m=[32m"24"[39m
                      [33mxmlns[39m=[32m"http://www.w3.org/2000/svg"[39m
                    [36m>[39m
                      [36m<path[39m
                        [33md[39m=[32m"M15 21v-8a1 1 0 0 0-1-1h-4a1 1 0 0 0-1 1v8"[39m
                      [36m/>[39m
                      [36m<path[39m
                        [33md[39m=[32m"M3 10a2 2 0 0 1 .709-1.528l7-5.999a2 2 0 0 1 2.582 0l7 5.999A2 2 0 0 1 21 10v9a2 2 0 0 1-2 2H5a2 2 0 0 1-2-2z"[39m
                      [36m/>[39m
                    [36m</svg>[39m
                    [36m<svg[39m
                      [33maria-hidden[39m=[32m"true"[39m
                      [33mclass[39m=[32m"lucide lucide-map-pin h-8 w-8 text-blue-500 transition-all duration-300 opacity-0 scale-90 absolute inset-0"[39m
                      [33mfill[39m=[32m"none"[39m
                      [33mheight[39m=[32m"24"[39m
                      [33mstroke[39m=[32m"currentColor"[39m
                      [33mstroke-linecap[39m=[32m"round"[39m
                      [33mstroke-linejoin[39m=[32m"round"[39m
                      [33mstroke-width[39m=[32m"2"[39m
                      [33mviewBox[39m=[32m"0 0 24 24"[39m
                      [33mwidth[39m=[32m"24"[39m
                      [33mxmlns[39m=[32m"http://www.w3.org/2000/svg"[39m
                    [36m>[39m
                      [36m<path[39m
                        [33md[39m=[32m"M20 10c0 4.993-5.539 10.193-7.399 11.799a1 1 0 0 1-1.202 0C9.539 20.193 4 14.993 4 10a8 8 0 0 1 16 0"[39m
                      [36m/>[39m
                      [36m<circle[39m
                        [33mcx[39m=[32m"12"[39m
                        [33mcy[39m=[32m"10"[39m
                        [33mr[39m=[32m"3"[39m
                      [36m/>[39m
                    [36m</svg>[39m
                    [36m<svg[39m
                      [33maria-hidden[39m=[32m"true"[39m
                      [33mclass[39m=[32m"lucide lucide-key h-8 w-8 text-yellow-500 transition-all duration-300 opacity-0 scale-90 absolute inset-0"[39m
                      [33mfill[39m=[32m"none"[39m
                      [33mheight[39m=[32m"24"[39m
                      [33mstroke[39m=[32m"currentColor"[39m
                      [33mstroke-linecap[39m=[32m"round"[39m
                      [33mstroke-linejoin[39m=[32m"round"[39m
                      [33mstroke-width[39m=[32m"2"[39m
                      [33mviewBox[39m=[32m"0 0 24 24"[39m
                      [33mwidth[39m=[32m"24"[39m
                      [33mxmlns[39m=[32m"http://www.w3.org/2000/svg"[39m
                    [36m>[39m
                      [36m<path[39m
                        [33md[39m=[32m"m15.5 7.5 2.3 2.3a1 1 0 0 0 1.4 0l2.1-2.1a1 1 0 0 0 0-1.4L19 4"[39m
                      [36m/>[39m
                      [36m<path[39m
                        [33md[39m=[32m"m21 2-9.6 9.6"[39m
                      [36m/>[39m
                      [36m<circle[39m
                        [33mcx[39m=[32m"7.5"[39m
                        [33mcy[39m=[32m"15.5"[39m
                        [33mr[39m=[32m"5.5"[39m
                      [36m/>[39m
                    [36m</svg>[39m
                    [36m<svg[39m
                      [33maria-hidden[39m=[32m"true"[39m
                      [33mclass[39m=[32m"lucide lucide-heart h-8 w-8 text-pink-500 transition-all duration-300 opacity-0 scale-90 absolute inset-0"[39m
                      [33mfill[39m=[32m"none"[39m
                      [33mheight[39m=[32m"24"[39m
                      [33mstroke[39m=[32m"currentColor"[39m
                      [33mstroke-linecap[39m=[32m"round"[39m
                      [33mstroke-linejoin[39m=[32m"round"[39m
                      [33mstroke-width[39m=[32m"2"[39m
                      [33mviewBox[39m=[32m"0 0 24 24"[39m
                      [33mwidth[39m=[32m"24"[39m
                      [33mxmlns[39m=[32m"http://www.w3.org/2000/svg"[39m
                    [36m>[39m
                      [36m<path[39m
                        [33md[39m=[32m"M19 14c1.49-1.46 3-3.21 3-5.5A5.5 5.5 0 0 0 16.5 3c-1.76 0-3 .5-4.5 2-1.5-1.5-2.74-2-4.5-2A5.5 5.5 0 0 0 2 8.5c0 2.3 1.5 4.05 3 5.5l7 7Z"[39m
                      [36m/>[39m
                    [36m</svg>[39m
                  [36m</div>[39m
                [36m</div>[39m
              [36m</div>[39m
              [36m<div[39m
                [33mclass[39m=[32m"flex space-x-1 mb-3"[39m
              [36m>[39m
                [36m<div[39m
                  [33mclass[39m=[32m"w-2 h-2 bg-red-500 rounded-full animate-bounce"[39m
                  [33mstyle[39m=[32m"animation-delay: 0s;"[39m
                [36m/>[39m
                [36m<div[39m
                  [33mclass[39m=[32m"w-2 h-2 bg-red-500 rounded-full animate-bounce"[39m
                  [33mstyle[39m=[32m"animation-delay: 0.2s;"[39m
                [36m/>[39m
                [36m<div[39m
                  [33mclass[39m=[32m"w-2 h-2 bg-red-500 rounded-full animate-bounce"[39m
                  [33mstyle[39m=[32m"animation-delay: 0.4s;"[39m
                [36m/>[39m
              [36m</div>[39m
              [36m<p[39m
                [33mclass[39m=[32m"text-gray-700 text-sm font-medium text-center"[39m
              [36m>[39m
                [0mPo ngarkohet harta...[0m
              [36m</p>[39m
              [36m<div[39m
                [33mclass[39m=[32m"w-32 h-1 bg-gray-200 rounded-full mt-3 overflow-hidden"[39m
              [36m>[39m
                [36m<div[39m
                  [33mclass[39m=[32m"h-full bg-gradient-to-r from-red-500 to-blue-500 rounded-full animate-pulse"[39m
                [36m/>[39m
              [36m</div>[39m
            [36m</div>[39m
          [36m</div>[39m
        [36m</div>[39m
      [36m</div>[39m
    [36m</body>[39m

      159 |   it('renders with custom height', () => {
      160 |     render(<MapView properties={mockProperties} height="400px" />);
    > 161 |     const mapWrapper = screen.getByTestId('map-container').parentElement;
          |                               ^
      162 |     expect(mapWrapper).toHaveStyle({ height: '400px' });
      163 |   });
      164 |

      at Object.getElementError (node_modules/@testing-library/dom/dist/config.js:37:19)
      at node_modules/@testing-library/dom/dist/query-helpers.js:76:38
      at node_modules/@testing-library/dom/dist/query-helpers.js:52:17
      at node_modules/@testing-library/dom/dist/query-helpers.js:95:19
      at Object.getByTestId (src/components/__tests__/MapView.test.tsx:161:31)

  ● MapView Component › handles keyboard navigation for expand button

    TestingLibraryElementError: Unable to find a label with the text of: Expand map

    Ignored nodes: comments, script, style
    [36m<body>[39m
      [36m<div>[39m
        [36m<div[39m
          [33mclass[39m=[32m"relative"[39m
        [36m>[39m
          [36m<div[39m
            [33mclass[39m=[32m"w-full rounded-lg shadow-md border border-gray-200 touch-pan-x touch-pan-y bg-gray-50"[39m
            [33mstyle[39m=[32m"height: 400px;"[39m
          [36m/>[39m
          [36m<div[39m
            [33mclass[39m=[32m"absolute top-2 right-2 flex flex-col gap-1 z-1000"[39m
          [36m>[39m
            [36m<div[39m
              [33mclass[39m=[32m"bg-white rounded-md shadow-md border border-gray-200 overflow-hidden"[39m
            [36m>[39m
              [36m<button[39m
                [33mclass[39m=[32m"p-1.5 w-full text-xs transition-colors bg-blue-600 text-white"[39m
                [33mtitle[39m=[32m"Harta e rrugëve"[39m
              [36m>[39m
                [0m🗺️[0m
              [36m</button>[39m
              [36m<button[39m
                [33mclass[39m=[32m"p-1.5 w-full text-xs transition-colors text-blue-600"[39m
                [33mtitle[39m=[32m"Pamja satelitore"[39m
              [36m>[39m
                [0m🛰️[0m
              [36m</button>[39m
              [36m<button[39m
                [33mclass[39m=[32m"p-1.5 w-full text-xs transition-colors text-blue-600"[39m
                [33mtitle[39m=[32m"Terreni"[39m
              [36m>[39m
                [0m🏔️[0m
              [36m</button>[39m
            [36m</div>[39m
            [36m<button[39m
              [33mclass[39m=[32m"bg-white p-1.5 rounded-md shadow-md border border-gray-200 transition-colors duration-200"[39m
              [33mtitle[39m=[32m"Kthehu në pamjen fillestare"[39m
            [36m>[39m
              [36m<svg[39m
                [33maria-hidden[39m=[32m"true"[39m
                [33mclass[39m=[32m"lucide lucide-house h-3 w-3 text-blue-600"[39m
                [33mfill[39m=[32m"none"[39m
                [33mheight[39m=[32m"24"[39m
                [33mstroke[39m=[32m"currentColor"[39m
                [33mstroke-linecap[39m=[32m"round"[39m
                [33mstroke-linejoin[39m=[32m"round"[39m
                [33mstroke-width[39m=[32m"2"[39m
                [33mviewBox[39m=[32m"0 0 24 24"[39m
                [33mwidth[39m=[32m"24"[39m
                [33mxmlns[39m=[32m"http://www.w3.org/2000/svg"[39m
              [36m>[39m
                [36m<path[39m
                  [33md[39m=[32m"M15 21v-8a1 1 0 0 0-1-1h-4a1 1 0 0 0-1 1v8"[39m
                [36m/>[39m
                [36m<path[39m
                  [33md[39m=[32m"M3 10a2 2 0 0 1 .709-1.528l7-5.999a2 2 0 0 1 2.582 0l7 5.999A2 2 0 0 1 21 10v9a2 2 0 0 1-2 2H5a2 2 0 0 1-2-2z"[39m
                [36m/>[39m
              [36m</svg>[39m
            [36m</button>[39m
            [36m<button[39m
              [33mclass[39m=[32m"bg-white hover:bg-blue-50 p-1.5 rounded-md shadow-md border border-gray-200 transition-colors duration-200"[39m
              [33mtitle[39m=[32m"Harta në ekran të plotë"[39m
            [36m>[39m
              [36m<svg[39m
                [33mclass[39m=[32m"h-3 w-3 text-blue-600"[39m
                [33mfill[39m=[32m"none"[39m
                [33mstroke[39m=[32m"currentColor"[39m
                [33mviewBox[39m=[32m"0 0 24 24"[39m
              [36m>[39m
                [36m<path[39m
                  [33md[39m=[32m"M4 8V4m0 0h4M4 4l5 5m11-1V4m0 0h-4m4 0l-5 5M4 16v4m0 0h4m-4 0l5-5m11 5l-5-5m5 5v-4m0 4h-4"[39m
                  [33mstroke-linecap[39m=[32m"round"[39m
                  [33mstroke-linejoin[39m=[32m"round"[39m
                  [33mstroke-width[39m=[32m"2"[39m
                [36m/>[39m
              [36m</svg>[39m
            [36m</button>[39m
            [36m<button[39m
              [33mclass[39m=[32m"bg-white p-1.5 rounded-md shadow-md border border-gray-200 transition-colors duration-200"[39m
              [33mtitle[39m=[32m"Shko te lokacioni im"[39m
            [36m>[39m
              [36m<svg[39m
                [33mclass[39m=[32m"h-3 w-3 text-blue-600"[39m
                [33mfill[39m=[32m"none"[39m
                [33mstroke[39m=[32m"currentColor"[39m
                [33mviewBox[39m=[32m"0 0 24 24"[39m
              [36m>[39m
                [36m<path[39m
                  [33md[39m=[32m"M17.657 16.657L13.414 20.9a1.998 1.998 0 01-2.827 0l-4.244-4.243a8 8 0 1111.314 0z"[39m
                  [33mstroke-linecap[39m=[32m"round"[39m
                  [33mstroke-linejoin[39m=[32m"round"[39m
                  [33mstroke-width[39m=[32m"2"[39m
                [36m/>[39m
                [36m<path[39m
                  [33md[39m=[32m"M15 11a3 3 0 11-6 0 3 3 0 016 0z"[39m
                  [33mstroke-linecap[39m=[32m"round"[39m
                  [33mstroke-linejoin[39m=[32m"round"[39m
                  [33mstroke-width[39m=[32m"2"[39m
                [36m/>[39m
              [36m</svg>[39m
            [36m</button>[39m
          [36m</div>[39m
          [36m<div[39m
            [33mclass[39m=[32m"absolute top-3 left-3 z-1000"[39m
          [36m>[39m
            [36m<div[39m
              [33mclass[39m=[32m"bg-white rounded-lg shadow-md border border-gray-200 p-3 max-w-xs sm:max-w-sm"[39m
            [36m>[39m
              [36m<div[39m
                [33mclass[39m=[32m"flex items-center gap-2 mb-2"[39m
              [36m>[39m
                [36m<svg[39m
                  [33maria-hidden[39m=[32m"true"[39m
                  [33mclass[39m=[32m"lucide lucide-funnel h-4 w-4 text-blue-600"[39m
                  [33mfill[39m=[32m"none"[39m
                  [33mheight[39m=[32m"24"[39m
                  [33mstroke[39m=[32m"currentColor"[39m
                  [33mstroke-linecap[39m=[32m"round"[39m
                  [33mstroke-linejoin[39m=[32m"round"[39m
                  [33mstroke-width[39m=[32m"2"[39m
                  [33mviewBox[39m=[32m"0 0 24 24"[39m
                  [33mwidth[39m=[32m"24"[39m
                  [33mxmlns[39m=[32m"http://www.w3.org/2000/svg"[39m
                [36m>[39m
                  [36m<path[39m
                    [33md[39m=[32m"M10 20a1 1 0 0 0 .553.895l2 1A1 1 0 0 0 14 21v-7a2 2 0 0 1 .517-1.341L21.74 4.67A1 1 0 0 0 21 3H3a1 1 0 0 0-.742 1.67l7.225 7.989A2 2 0 0 1 10 14z"[39m
                  [36m/>[39m
                [36m</svg>[39m
                [36m<span[39m
                  [33mclass[39m=[32m"text-sm font-medium text-gray-700"[39m
                [36m>[39m
                  [0mFiltrat e Hartës[0m
                [36m</span>[39m
              [36m</div>[39m
              [36m<div[39m
                [33mclass[39m=[32m"space-y-2"[39m
              [36m>[39m
                [36m<div>[39m
                  [36m<label[39m
                    [33mclass[39m=[32m"text-xs text-gray-600 block mb-1"[39m
                  [36m>[39m
                    [0mÇmimi[0m
                  [36m</label>[39m
                  [36m<select[39m
                    [33mclass[39m=[32m"w-full text-xs border border-gray-300 rounded px-2 py-1.5 focus:outline-none focus:ring-1 focus:ring-blue-500 touch-manipulation"[39m
                  [36m>[39m
                    [36m<option[39m
                      [33mvalue[39m=[32m"all"[39m
                    [36m>[39m
                      [0mTë gjitha[0m
                    [36m</option>[39m
                    [36m<option[39m
                      [33mvalue[39m=[32m"low"[39m
                    [36m>[39m
                      [0mDeri €100,000[0m
                    [36m</option>[39m
                    [36m<option[39m
                      [33mvalue[39m=[32m"medium"[39m
                    [36m>[39m
                      [0m€100,000 - €300,000[0m
                    [36m</option>[39m
                    [36m<option[39m
                      [33mvalue[39m=[32m"high"[39m
                    [36m>[39m
                      [0mMbi €300,000[0m
                    [36m</option>[39m
                  [36m</select>[39m
                [36m</div>[39m
                [36m<div>[39m
                  [36m<label[39m
                    [33mclass[39m=[32m"text-xs text-gray-600 block mb-1"[39m
                  [36m>[39m
                    [0mLloji[0m
                  [36m</label>[39m
                  [36m<select[39m
                    [33mclass[39m=[32m"w-full text-xs border border-gray-300 rounded px-2 py-1.5 focus:outline-none focus:ring-1 focus:ring-blue-500 touch-manipulation"[39m
                  [36m>[39m
                    [36m<option[39m
                      [33mvalue[39m=[32m"all"[39m
                    [36m>[39m
                      [0mTë gjitha[0m
                    [36m</option>[39m
                    [36m<option[39m
                      [33mvalue[39m=[32m"house"[39m
                    [36m>[39m
                      [0mShtëpi[0m
                    [36m</option>[39m
                    [36m<option[39m
                      [33mvalue[39m=[32m"apartment"[39m
                    [36m>[39m
                      [0mApartament[0m
                    [36m</option>[39m
                    [36m<option[39m
                      [33mvalue[39m=[32m"condo"[39m
                    [36m>[39m
                      [0mKondo[0m
                    [36m</option>[39m
                    [36m<option[39m
                      [33mvalue[39m=[32m"townhouse"[39m
                    [36m>[39m
                      [0mShtëpi në Qytet[0m
                    [36m</option>[39m
                  [36m</select>[39m
                [36m</div>[39m
              [36m</div>[39m
              [36m<div[39m
                [33mclass[39m=[32m"mt-2 pt-2 border-t border-gray-200"[39m
              [36m>[39m
                [36m<span[39m
                  [33mclass[39m=[32m"text-xs text-gray-600"[39m
                [36m>[39m
                  [0m2[0m
                  [0m pasuri në hartë[0m
                [36m</span>[39m
              [36m</div>[39m
            [36m</div>[39m
          [36m</div>[39m
          [36m<div[39m
            [33mclass[39m=[32m"absolute inset-0 bg-linear-to-br from-blue-50 to-green-50 bg-opacity-95 flex items-center justify-center rounded-lg"[39m
          [36m>[39m
            [36m<div[39m
              [33mclass[39m=[32m"flex flex-col items-center justify-center p-6"[39m
            [36m>[39m
              [36m<div[39m
                [33mclass[39m=[32m"relative mb-4"[39m
              [36m>[39m
                [36m<div[39m
                  [33mclass[39m=[32m"absolute inset-0 bg-gradient-to-r from-red-100 to-blue-100 rounded-full animate-pulse"[39m
                [36m/>[39m
                [36m<div[39m
                  [33mclass[39m=[32m"relative bg-white rounded-full p-4 shadow-lg"[39m
                [36m>[39m
                  [36m<div[39m
                    [33mclass[39m=[32m"absolute inset-0 bg-gradient-to-r from-red-500 via-blue-500 to-yellow-500 rounded-full animate-spin opacity-20"[39m
                  [36m/>[39m
                  [36m<div[39m
                    [33mclass[39m=[32m"relative z-10"[39m
                  [36m>[39m
                    [36m<svg[39m
                      [33maria-hidden[39m=[32m"true"[39m
                      [33mclass[39m=[32m"lucide lucide-house h-8 w-8 text-red-500 transition-all duration-300 opacity-100 scale-110 transform"[39m
                      [33mfill[39m=[32m"none"[39m
                      [33mheight[39m=[32m"24"[39m
                      [33mstroke[39m=[32m"currentColor"[39m
                      [33mstroke-linecap[39m=[32m"round"[39m
                      [33mstroke-linejoin[39m=[32m"round"[39m
                      [33mstroke-width[39m=[32m"2"[39m
                      [33mviewBox[39m=[32m"0 0 24 24"[39m
                      [33mwidth[39m=[32m"24"[39m
                      [33mxmlns[39m=[32m"http://www.w3.org/2000/svg"[39m
                    [36m>[39m
                      [36m<path[39m
                        [33md[39m=[32m"M15 21v-8a1 1 0 0 0-1-1h-4a1 1 0 0 0-1 1v8"[39m
                      [36m/>[39m
                      [36m<path[39m
                        [33md[39m=[32m"M3 10a2 2 0 0 1 .709-1.528l7-5.999a2 2 0 0 1 2.582 0l7 5.999A2 2 0 0 1 21 10v9a2 2 0 0 1-2 2H5a2 2 0 0 1-2-2z"[39m
                      [36m/>[39m
                    [36m</svg>[39m
                    [36m<svg[39m
                      [33maria-hidden[39m=[32m"true"[39m
                      [33mclass[39m=[32m"lucide lucide-map-pin h-8 w-8 text-blue-500 transition-all duration-300 opacity-0 scale-90 absolute inset-0"[39m
                      [33mfill[39m=[32m"none"[39m
                      [33mheight[39m=[32m"24"[39m
                      [33mstroke[39m=[32m"currentColor"[39m
                      [33mstroke-linecap[39m=[32m"round"[39m
                      [33mstroke-linejoin[39m=[32m"round"[39m
                      [33mstroke-width[39m=[32m"2"[39m
                      [33mviewBox[39m=[32m"0 0 24 24"[39m
                      [33mwidth[39m=[32m"24"[39m
                      [33mxmlns[39m=[32m"http://www.w3.org/2000/svg"[39m
                    [36m>[39m
                      [36m<path[39m
                        [33md[39m=[32m"M20 10c0 4.993-5.539 10.193-7.399 11.799a1 1 0 0 1-1.202 0C9.539 20.193 4 14.993 4 10a8 8 0 0 1 16 0"[39m
                      [36m/>[39m
                      [36m<circle[39m
                        [33mcx[39m=[32m"12"[39m
                        [33mcy[39m=[32m"10"[39m
                        [33mr[39m=[32m"3"[39m
                      [36m/>[39m
                    [36m</svg>[39m
                    [36m<svg[39m
                      [33maria-hidden[39m=[32m"true"[39m
                      [33mclass[39m=[32m"lucide lucide-key h-8 w-8 text-yellow-500 transition-all duration-300 opacity-0 scale-90 absolute inset-0"[39m
                      [33mfill[39m=[32m"none"[39m
                      [33mheight[39m=[32m"24"[39m
                      [33mstroke[39m=[32m"currentColor"[39m
                      [33mstroke-linecap[39m=[32m"round"[39m
                      [33mstroke-linejoin[39m=[32m"round"[39m
                      [33mstroke-width[39m=[32m"2"[39m
                      [33mviewBox[39m=[32m"0 0 24 24"[39m
                      [33mwidth[39m=[32m"24"[39m
                      [33mxmlns[39m=[32m"http://www.w3.org/2000/svg"[39m
                    [36m>[39m
                      [36m<path[39m
                        [33md[39m=[32m"m15.5 7.5 2.3 2.3a1 1 0 0 0 1.4 0l2.1-2.1a1 1 0 0 0 0-1.4L19 4"[39m
                      [36m/>[39m
                      [36m<path[39m
                        [33md[39m=[32m"m21 2-9.6 9.6"[39m
                      [36m/>[39m
                      [36m<circle[39m
                        [33mcx[39m=[32m"7.5"[39m
                        [33mcy[39m=[32m"15.5"[39m
                        [33mr[39m=[32m"5.5"[39m
                      [36m/>[39m
                    [36m</svg>[39m
                    [36m<svg[39m
                      [33maria-hidden[39m=[32m"true"[39m
                      [33mclass[39m=[32m"lucide lucide-heart h-8 w-8 text-pink-500 transition-all duration-300 opacity-0 scale-90 absolute inset-0"[39m
                      [33mfill[39m=[32m"none"[39m
                      [33mheight[39m=[32m"24"[39m
                      [33mstroke[39m=[32m"currentColor"[39m
                      [33mstroke-linecap[39m=[32m"round"[39m
                      [33mstroke-linejoin[39m=[32m"round"[39m
                      [33mstroke-width[39m=[32m"2"[39m
                      [33mviewBox[39m=[32m"0 0 24 24"[39m
                      [33mwidth[39m=[32m"24"[39m
                      [33mxmlns[39m=[32m"http://www.w3.org/2000/svg"[39m
                    [36m>[39m
                      [36m<path[39m
                        [33md[39m=[32m"M19 14c1.49-1.46 3-3.21 3-5.5A5.5 5.5 0 0 0 16.5 3c-1.76 0-3 .5-4.5 2-1.5-1.5-2.74-2-4.5-2A5.5 5.5 0 0 0 2 8.5c0 2.3 1.5 4.05 3 5.5l7 7Z"[39m
                      [36m/>[39m
                    [36m</svg>[39m
                  [36m</div>[39m
                [36m</div>[39m
              [36m</div>[39m
              [36m<div[39m
                [33mclass[39m=[32m"flex space-x-1 mb-3"[39m
              [36m>[39m
                [36m<div[39m
                  [33mclass[39m=[32m"w-2 h-2 bg-red-500 rounded-full animate-bounce"[39m
                  [33mstyle[39m=[32m"animation-delay: 0s;"[39m
                [36m/>[39m
                [36m<div[39m
                  [33mclass[39m=[32m"w-2 h-2 bg-red-500 rounded-full animate-bounce"[39m
                  [33mstyle[39m=[32m"animation-delay: 0.2s;"[39m
                [36m/>[39m
                [36m<div[39m
                  [33mclass[39m=[32m"w-2 h-2 bg-red-500 rounded-full animate-bounce"[39m
                  [33mstyle[39m=[32m"animation-delay: 0.4s;"[39m
                [36m/>[39m
              [36m</div>[39m
              [36m<p[39m
                [33mclass[39m=[32m"text-gray-700 text-sm font-medium text-center"[39m
              [36m>[39m
                [0mPo ngarkohet harta...[0m
              [36m</p>[39m
              [36m<div[39m
                [33mclass[39m=[32m"w-32 h-1 bg-gray-200 rounded-full mt-3 overflow-hidden"[39m
              [36m>[39m
                [36m<div[39m
                  [33mclass[39m=[32m"h-full bg-gradient-to-r from-red-500 to-blue-500 rounded-full animate-pulse"[39m
                [36m/>[39m
              [36m</div>[39m
            [36m</div>[39m
          [36m</div>[39m
        [36m</div>[39m
      [36m</div>[39m
    [36m</body>[39m

      166 |     render(<MapView properties={mockProperties} />);
      167 |     
    > 168 |     const expandButton = screen.getByLabelText('Expand map');
          |                                 ^
      169 |     fireEvent.keyDown(expandButton, { key: 'Enter' });
      170 |     
      171 |     // Should trigger the same action as click

      at Object.getElementError (node_modules/@testing-library/dom/dist/config.js:37:19)
      at getAllByLabelText (node_modules/@testing-library/dom/dist/queries/label-text.js:111:38)
      at node_modules/@testing-library/dom/dist/query-helpers.js:52:17
      at node_modules/@testing-library/dom/dist/query-helpers.js:95:19
      at Object.getByLabelText (src/components/__tests__/MapView.test.tsx:168:33)

PASS src/lib/__tests__/agent-validation.test.ts
PASS src/lib/__tests__/security.test.ts
PASS src/components/__tests__/ResponsiveLayout.test.tsx
PASS src/__tests__/components/PropertyCard.test.tsx
FAIL src/components/__tests__/SearchFilters.test.tsx
  ● SearchFilters › renders search input

    TestingLibraryElementError: Unable to find an element with the placeholder text of: /Kërkoni sipas titullit/

    Ignored nodes: comments, script, style
    [36m<body>[39m
      [36m<div>[39m
        [36m<div[39m
          [33mclass[39m=[32m"bg-white/95 backdrop-blur-xl rounded-2xl shadow-xl hover:shadow-2xl border border-white/20 p-5 sm:p-6 md:p-8 mb-4 sm:mb-6 md:mb-8 transition-shadow duration-500"[39m
        [36m>[39m
          [36m<div[39m
            [33mclass[39m=[32m"relative mb-4"[39m
          [36m>[39m
            [36m<label[39m
              [33mclass[39m=[32m"sr-only"[39m
              [33mfor[39m=[32m"property-search"[39m
            [36m>[39m
              [0mSearch properties[0m
            [36m</label>[39m
            [36m<svg[39m
              [33maria-hidden[39m=[32m"true"[39m
              [33mclass[39m=[32m"lucide lucide-search absolute left-3 top-1/2 transform -translate-y-1/2 text-gray-400 h-4 w-4 sm:h-5 sm:w-5"[39m
              [33mfill[39m=[32m"none"[39m
              [33mheight[39m=[32m"24"[39m
              [33mstroke[39m=[32m"currentColor"[39m
              [33mstroke-linecap[39m=[32m"round"[39m
              [33mstroke-linejoin[39m=[32m"round"[39m
              [33mstroke-width[39m=[32m"2"[39m
              [33mviewBox[39m=[32m"0 0 24 24"[39m
              [33mwidth[39m=[32m"24"[39m
              [33mxmlns[39m=[32m"http://www.w3.org/2000/svg"[39m
            [36m>[39m
              [36m<path[39m
                [33md[39m=[32m"m21 21-4.34-4.34"[39m
              [36m/>[39m
              [36m<circle[39m
                [33mcx[39m=[32m"11"[39m
                [33mcy[39m=[32m"11"[39m
                [33mr[39m=[32m"8"[39m
              [36m/>[39m
            [36m</svg>[39m
            [36m<input[39m
              [33maria-label[39m=[32m"Search properties by title, description, or location"[39m
              [33mclass[39m=[32m"w-full pl-9 sm:pl-10 pr-4 py-2.5 sm:py-3 text-sm sm:text-base border border-gray-300 rounded-lg focus:outline-none focus:ring-2 focus:ring-blue-500 focus:border-transparent"[39m
              [33mid[39m=[32m"property-search"[39m
              [33mplaceholder[39m=[32m"Kërkoni pasuri..."[39m
              [33mtype[39m=[32m"text"[39m
              [33mvalue[39m=[32m""[39m
            [36m/>[39m
          [36m</div>[39m
          [36m<div[39m
            [33mclass[39m=[32m"flex flex-col sm:flex-row items-start sm:items-center justify-between gap-4 mb-4"[39m
          [36m>[39m
            [36m<button[39m
              [33maria-controls[39m=[32m"advanced-filters"[39m
              [33maria-expanded[39m=[32m"false"[39m
              [33maria-label[39m=[32m"Show advanced filters"[39m
              [33mclass[39m=[32m"flex items-center text-gray-700 hover:text-blue-600 transition-colors focus:outline-none focus:ring-2 focus:ring-blue-500 focus:ring-offset-2 rounded-md px-2 py-1"[39m
            [36m>[39m
              [36m<svg[39m
                [33maria-hidden[39m=[32m"true"[39m
                [33mclass[39m=[32m"lucide lucide-funnel h-5 w-5 mr-2"[39m
                [33mfill[39m=[32m"none"[39m
                [33mheight[39m=[32m"24"[39m
                [33mstroke[39m=[32m"currentColor"[39m
                [33mstroke-linecap[39m=[32m"round"[39m
                [33mstroke-linejoin[39m=[32m"round"[39m
                [33mstroke-width[39m=[32m"2"[39m
                [33mviewBox[39m=[32m"0 0 24 24"[39m
                [33mwidth[39m=[32m"24"[39m
                [33mxmlns[39m=[32m"http://www.w3.org/2000/svg"[39m
              [36m>[39m
                [36m<path[39m
                  [33md[39m=[32m"M10 20a1 1 0 0 0 .553.895l2 1A1 1 0 0 0 14 21v-7a2 2 0 0 1 .517-1.341L21.74 4.67A1 1 0 0 0 21 3H3a1 1 0 0 0-.742 1.67l7.225 7.989A2 2 0 0 1 10 14z"[39m
                [36m/>[39m
              [36m</svg>[39m
              [36m<span[39m
                [33mclass[39m=[32m"font-medium"[39m
              [36m>[39m
                [0mFiltrat e Avancuara[0m
              [36m</span>[39m
              [36m<span[39m
                [33maria-hidden[39m=[32m"true"[39m
                [33mclass[39m=[32m"ml-2 text-sm text-gray-500"[39m
              [36m>[39m
                [0m▼[0m
              [36m</span>[39m
            [36m</button>[39m
            [36m<div[39m
              [33mclass[39m=[32m"flex items-center gap-4"[39m
            [36m>[39m
              [36m<div[39m
                [33mclass[39m=[32m"flex items-center gap-2"[39m
              [36m>[39m
                [36m<svg[39m
                  [33maria-hidden[39m=[32m"true"[39m
                  [33mclass[39m=[32m"lucide lucide-arrow-up-down h-4 w-4 text-gray-500"[39m
                  [33mfill[39m=[32m"none"[39m
                  [33mheight[39m=[32m"24"[39m
                  [33mstroke[39m=[32m"currentColor"[39m
                  [33mstroke-linecap[39m=[32m"round"[39m
                  [33mstroke-linejoin[39m=[32m"round"[39m
                  [33mstroke-width[39m=[32m"2"[39m
                  [33mviewBox[39m=[32m"0 0 24 24"[39m
                  [33mwidth[39m=[32m"24"[39m
                  [33mxmlns[39m=[32m"http://www.w3.org/2000/svg"[39m
                [36m>[39m
                  [36m<path[39m
                    [33md[39m=[32m"m21 16-4 4-4-4"[39m
                  [36m/>[39m
                  [36m<path[39m
                    [33md[39m=[32m"M17 20V4"[39m
                  [36m/>[39m
                  [36m<path[39m
                    [33md[39m=[32m"m3 8 4-4 4 4"[39m
                  [36m/>[39m
                  [36m<path[39m
                    [33md[39m=[32m"M7 4v16"[39m
                  [36m/>[39m
                [36m</svg>[39m
                [36m<select[39m
                  [33mclass[39m=[32m"px-3 py-1.5 text-sm border border-gray-300 rounded-md focus:outline-none focus:ring-2 focus:ring-blue-500"[39m
                  [33mid[39m=[32m"sort-by"[39m
                  [33mname[39m=[32m"sortBy"[39m
                [36m>[39m
                  [36m<option[39m
                    [33mvalue[39m=[32m""[39m
                  [36m>[39m
                    [0mRenditja[0m
                  [36m</option>[39m
                  [36m<option[39m
                    [33mvalue[39m=[32m"price"[39m
                  [36m>[39m
                    [0mÇmimi[0m
                  [36m</option>[39m
                  [36m<option[39m
                    [33mvalue[39m=[32m"date"[39m
                  [36m>[39m
                    [0mData e Shtimit[0m
                  [36m</option>[39m
                  [36m<option[39m
                    [33mvalue[39m=[32m"size"[39m
                  [36m>[39m
                    [0mMadhësia[0m
                  [36m</option>[39m
                  [36m<option[39m
                    [33mvalue[39m=[32m"location"[39m
                  [36m>[39m
                    [0mLokacioni[0m
                  [36m</option>[39m
                [36m</select>[39m
              [36m</div>[39m
            [36m</div>[39m
          [36m</div>[39m
        [36m</div>[39m
      [36m</div>[39m
    [36m</body>[39m

      73 |     );
      74 |     
    > 75 |     expect(screen.getByPlaceholderText(/Kërkoni sipas titullit/)).toBeInTheDocument();
         |                   ^
      76 |   });
      77 |
      78 |   it('filters properties by search term', async () => {

      at Object.getElementError (node_modules/@testing-library/dom/dist/config.js:37:19)
      at node_modules/@testing-library/dom/dist/query-helpers.js:76:38
      at node_modules/@testing-library/dom/dist/query-helpers.js:52:17
      at node_modules/@testing-library/dom/dist/query-helpers.js:95:19
      at Object.getByPlaceholderText (src/components/__tests__/SearchFilters.test.tsx:75:19)

  ● SearchFilters › filters properties by search term

    TestingLibraryElementError: Unable to find an element with the placeholder text of: /Kërkoni sipas titullit/

    Ignored nodes: comments, script, style
    [36m<body>[39m
      [36m<div>[39m
        [36m<div[39m
          [33mclass[39m=[32m"bg-white/95 backdrop-blur-xl rounded-2xl shadow-xl hover:shadow-2xl border border-white/20 p-5 sm:p-6 md:p-8 mb-4 sm:mb-6 md:mb-8 transition-shadow duration-500"[39m
        [36m>[39m
          [36m<div[39m
            [33mclass[39m=[32m"relative mb-4"[39m
          [36m>[39m
            [36m<label[39m
              [33mclass[39m=[32m"sr-only"[39m
              [33mfor[39m=[32m"property-search"[39m
            [36m>[39m
              [0mSearch properties[0m
            [36m</label>[39m
            [36m<svg[39m
              [33maria-hidden[39m=[32m"true"[39m
              [33mclass[39m=[32m"lucide lucide-search absolute left-3 top-1/2 transform -translate-y-1/2 text-gray-400 h-4 w-4 sm:h-5 sm:w-5"[39m
              [33mfill[39m=[32m"none"[39m
              [33mheight[39m=[32m"24"[39m
              [33mstroke[39m=[32m"currentColor"[39m
              [33mstroke-linecap[39m=[32m"round"[39m
              [33mstroke-linejoin[39m=[32m"round"[39m
              [33mstroke-width[39m=[32m"2"[39m
              [33mviewBox[39m=[32m"0 0 24 24"[39m
              [33mwidth[39m=[32m"24"[39m
              [33mxmlns[39m=[32m"http://www.w3.org/2000/svg"[39m
            [36m>[39m
              [36m<path[39m
                [33md[39m=[32m"m21 21-4.34-4.34"[39m
              [36m/>[39m
              [36m<circle[39m
                [33mcx[39m=[32m"11"[39m
                [33mcy[39m=[32m"11"[39m
                [33mr[39m=[32m"8"[39m
              [36m/>[39m
            [36m</svg>[39m
            [36m<input[39m
              [33maria-label[39m=[32m"Search properties by title, description, or location"[39m
              [33mclass[39m=[32m"w-full pl-9 sm:pl-10 pr-4 py-2.5 sm:py-3 text-sm sm:text-base border border-gray-300 rounded-lg focus:outline-none focus:ring-2 focus:ring-blue-500 focus:border-transparent"[39m
              [33mid[39m=[32m"property-search"[39m
              [33mplaceholder[39m=[32m"Kërkoni pasuri..."[39m
              [33mtype[39m=[32m"text"[39m
              [33mvalue[39m=[32m""[39m
            [36m/>[39m
          [36m</div>[39m
          [36m<div[39m
            [33mclass[39m=[32m"flex flex-col sm:flex-row items-start sm:items-center justify-between gap-4 mb-4"[39m
          [36m>[39m
            [36m<button[39m
              [33maria-controls[39m=[32m"advanced-filters"[39m
              [33maria-expanded[39m=[32m"false"[39m
              [33maria-label[39m=[32m"Show advanced filters"[39m
              [33mclass[39m=[32m"flex items-center text-gray-700 hover:text-blue-600 transition-colors focus:outline-none focus:ring-2 focus:ring-blue-500 focus:ring-offset-2 rounded-md px-2 py-1"[39m
            [36m>[39m
              [36m<svg[39m
                [33maria-hidden[39m=[32m"true"[39m
                [33mclass[39m=[32m"lucide lucide-funnel h-5 w-5 mr-2"[39m
                [33mfill[39m=[32m"none"[39m
                [33mheight[39m=[32m"24"[39m
                [33mstroke[39m=[32m"currentColor"[39m
                [33mstroke-linecap[39m=[32m"round"[39m
                [33mstroke-linejoin[39m=[32m"round"[39m
                [33mstroke-width[39m=[32m"2"[39m
                [33mviewBox[39m=[32m"0 0 24 24"[39m
                [33mwidth[39m=[32m"24"[39m
                [33mxmlns[39m=[32m"http://www.w3.org/2000/svg"[39m
              [36m>[39m
                [36m<path[39m
                  [33md[39m=[32m"M10 20a1 1 0 0 0 .553.895l2 1A1 1 0 0 0 14 21v-7a2 2 0 0 1 .517-1.341L21.74 4.67A1 1 0 0 0 21 3H3a1 1 0 0 0-.742 1.67l7.225 7.989A2 2 0 0 1 10 14z"[39m
                [36m/>[39m
              [36m</svg>[39m
              [36m<span[39m
                [33mclass[39m=[32m"font-medium"[39m
              [36m>[39m
                [0mFiltrat e Avancuara[0m
              [36m</span>[39m
              [36m<span[39m
                [33maria-hidden[39m=[32m"true"[39m
                [33mclass[39m=[32m"ml-2 text-sm text-gray-500"[39m
              [36m>[39m
                [0m▼[0m
              [36m</span>[39m
            [36m</button>[39m
            [36m<div[39m
              [33mclass[39m=[32m"flex items-center gap-4"[39m
            [36m>[39m
              [36m<div[39m
                [33mclass[39m=[32m"flex items-center gap-2"[39m
              [36m>[39m
                [36m<svg[39m
                  [33maria-hidden[39m=[32m"true"[39m
                  [33mclass[39m=[32m"lucide lucide-arrow-up-down h-4 w-4 text-gray-500"[39m
                  [33mfill[39m=[32m"none"[39m
                  [33mheight[39m=[32m"24"[39m
                  [33mstroke[39m=[32m"currentColor"[39m
                  [33mstroke-linecap[39m=[32m"round"[39m
                  [33mstroke-linejoin[39m=[32m"round"[39m
                  [33mstroke-width[39m=[32m"2"[39m
                  [33mviewBox[39m=[32m"0 0 24 24"[39m
                  [33mwidth[39m=[32m"24"[39m
                  [33mxmlns[39m=[32m"http://www.w3.org/2000/svg"[39m
                [36m>[39m
                  [36m<path[39m
                    [33md[39m=[32m"m21 16-4 4-4-4"[39m
                  [36m/>[39m
                  [36m<path[39m
                    [33md[39m=[32m"M17 20V4"[39m
                  [36m/>[39m
                  [36m<path[39m
                    [33md[39m=[32m"m3 8 4-4 4 4"[39m
                  [36m/>[39m
                  [36m<path[39m
                    [33md[39m=[32m"M7 4v16"[39m
                  [36m/>[39m
                [36m</svg>[39m
                [36m<select[39m
                  [33mclass[39m=[32m"px-3 py-1.5 text-sm border border-gray-300 rounded-md focus:outline-none focus:ring-2 focus:ring-blue-500"[39m
                  [33mid[39m=[32m"sort-by"[39m
                  [33mname[39m=[32m"sortBy"[39m
                [36m>[39m
                  [36m<option[39m
                    [33mvalue[39m=[32m""[39m
                  [36m>[39m
                    [0mRenditja[0m
                  [36m</option>[39m
                  [36m<option[39m
                    [33mvalue[39m=[32m"price"[39m
                  [36m>[39m
                    [0mÇmimi[0m
                  [36m</option>[39m
                  [36m<option[39m
                    [33mvalue[39m=[32m"date"[39m
                  [36m>[39m
                    [0mData e Shtimit[0m
                  [36m</option>[39m
                  [36m<option[39m
                    [33mvalue[39m=[32m"size"[39m
                  [36m>[39m
                    [0mMadhësia[0m
                  [36m</option>[39m
                  [36m<option[39m
                    [33mvalue[39m=[32m"location"[39m
                  [36m>[39m
                    [0mLokacioni[0m
                  [36m</option>[39m
                [36m</select>[39m
              [36m</div>[39m
            [36m</div>[39m
          [36m</div>[39m
        [36m</div>[39m
      [36m</div>[39m
    [36m</body>[39m

      84 |     );
      85 |     
    > 86 |     const searchInput = screen.getByPlaceholderText(/Kërkoni sipas titullit/);
         |                                ^
      87 |     fireEvent.change(searchInput, { target: { value: 'Beautiful' } });
      88 |     
      89 |     await waitFor(() => {

      at Object.getElementError (node_modules/@testing-library/dom/dist/config.js:37:19)
      at node_modules/@testing-library/dom/dist/query-helpers.js:76:38
      at node_modules/@testing-library/dom/dist/query-helpers.js:52:17
      at node_modules/@testing-library/dom/dist/query-helpers.js:95:19
      at Object.getByPlaceholderText (src/components/__tests__/SearchFilters.test.tsx:86:32)

  ● SearchFilters › shows advanced filters when expanded

    TestingLibraryElementError: Found multiple elements with the text: Lokacioni

    Here are the matching elements:

    Ignored nodes: comments, script, style
    [36m<option[39m
      [33mvalue[39m=[32m"location"[39m
    [36m>[39m
      [0mLokacioni[0m
    [36m</option>[39m

    Ignored nodes: comments, script, style
    [36m<label[39m
      [33mclass[39m=[32m"block text-sm font-medium text-gray-900 mb-2"[39m
    [36m>[39m
      [36m<svg[39m
        [33maria-hidden[39m=[32m"true"[39m
        [33mclass[39m=[32m"lucide lucide-map-pin inline h-4 w-4 mr-1 text-blue-600"[39m
        [33mfill[39m=[32m"none"[39m
        [33mheight[39m=[32m"24"[39m
        [33mstroke[39m=[32m"currentColor"[39m
        [33mstroke-linecap[39m=[32m"round"[39m
        [33mstroke-linejoin[39m=[32m"round"[39m
        [33mstroke-width[39m=[32m"2"[39m
        [33mviewBox[39m=[32m"0 0 24 24"[39m
        [33mwidth[39m=[32m"24"[39m
        [33mxmlns[39m=[32m"http://www.w3.org/2000/svg"[39m
      [36m>[39m
        [36m<path[39m
          [33md[39m=[32m"M20 10c0 4.993-5.539 10.193-7.399 11.799a1 1 0 0 1-1.202 0C9.539 20.193 4 14.993 4 10a8 8 0 0 1 16 0"[39m
        [36m/>[39m
        [36m<circle[39m
          [33mcx[39m=[32m"12"[39m
          [33mcy[39m=[32m"10"[39m
          [33mr[39m=[32m"3"[39m
        [36m/>[39m
      [36m</svg>[39m
      [0mLokacioni[0m
    [36m</label>[39m

    (If this is intentional, then use the `*AllBy*` variant of the query (like `queryAllByText`, `getAllByText`, or `findAllByText`)).

    Ignored nodes: comments, script, style
    [36m<body>[39m
      [36m<div>[39m
        [36m<div[39m
          [33mclass[39m=[32m"bg-white/95 backdrop-blur-xl rounded-2xl shadow-xl hover:shadow-2xl border border-white/20 p-5 sm:p-6 md:p-8 mb-4 sm:mb-6 md:mb-8 transition-shadow duration-500"[39m
        [36m>[39m
          [36m<div[39m
            [33mclass[39m=[32m"relative mb-4"[39m
          [36m>[39m
            [36m<label[39m
              [33mclass[39m=[32m"sr-only"[39m
              [33mfor[39m=[32m"property-search"[39m
            [36m>[39m
              [0mSearch properties[0m
            [36m</label>[39m
            [36m<svg[39m
              [33maria-hidden[39m=[32m"true"[39m
              [33mclass[39m=[32m"lucide lucide-search absolute left-3 top-1/2 transform -translate-y-1/2 text-gray-400 h-4 w-4 sm:h-5 sm:w-5"[39m
              [33mfill[39m=[32m"none"[39m
              [33mheight[39m=[32m"24"[39m
              [33mstroke[39m=[32m"currentColor"[39m
              [33mstroke-linecap[39m=[32m"round"[39m
              [33mstroke-linejoin[39m=[32m"round"[39m
              [33mstroke-width[39m=[32m"2"[39m
              [33mviewBox[39m=[32m"0 0 24 24"[39m
              [33mwidth[39m=[32m"24"[39m
              [33mxmlns[39m=[32m"http://www.w3.org/2000/svg"[39m
            [36m>[39m
              [36m<path[39m
                [33md[39m=[32m"m21 21-4.34-4.34"[39m
              [36m/>[39m
              [36m<circle[39m
                [33mcx[39m=[32m"11"[39m
                [33mcy[39m=[32m"11"[39m
                [33mr[39m=[32m"8"[39m
              [36m/>[39m
            [36m</svg>[39m
            [36m<input[39m
              [33maria-label[39m=[32m"Search properties by title, description, or location"[39m
              [33mclass[39m=[32m"w-full pl-9 sm:pl-10 pr-4 py-2.5 sm:py-3 text-sm sm:text-base border border-gray-300 rounded-lg focus:outline-none focus:ring-2 focus:ring-blue-500 focus:border-transparent"[39m
              [33mid[39m=[32m"property-search"[39m
              [33mplaceholder[39m=[32m"Kërkoni pasuri..."[39m
              [33mtype[39m=[32m"text"[39m
              [33mvalue[39m=[32m""[39m
            [36m/>[39m
          [36m</div>[39m
          [36m<div[39m
            [33mclass[39m=[32m"flex flex-col sm:flex-row items-start sm:items-center justify-between gap-4 mb-4"[39m
          [36m>[39m
            [36m<button[39m
              [33maria-controls[39m=[32m"advanced-filters"[39m
              [33maria-expanded[39m=[32m"true"[39m
              [33maria-label[39m=[32m"Hide advanced filters"[39m
              [33mclass[39m=[32m"flex items-center text-gray-700 hover:text-blue-600 transition-colors focus:outline-none focus:ring-2 focus:ring-blue-500 focus:ring-offset-2 rounded-md px-2 py-1"[39m
            [36m>[39m
              [36m<svg[39m
                [33maria-hidden[39m=[32m"true"[39m
                [33mclass[39m=[32m"lucide lucide-funnel h-5 w-5 mr-2"[39m
                [33mfill[39m=[32m"none"[39m
                [33mheight[39m=[32m"24"[39m
                [33mstroke[39m=[32m"currentColor"[39m
                [33mstroke-linecap[39m=[32m"round"[39m
                [33mstroke-linejoin[39m=[32m"round"[39m
                [33mstroke-width[39m=[32m"2"[39m
                [33mviewBox[39m=[32m"0 0 24 24"[39m
                [33mwidth[39m=[32m"24"[39m
                [33mxmlns[39m=[32m"http://www.w3.org/2000/svg"[39m
              [36m>[39m
                [36m<path[39m
                  [33md[39m=[32m"M10 20a1 1 0 0 0 .553.895l2 1A1 1 0 0 0 14 21v-7a2 2 0 0 1 .517-1.341L21.74 4.67A1 1 0 0 0 21 3H3a1 1 0 0 0-.742 1.67l7.225 7.989A2 2 0 0 1 10 14z"[39m
                [36m/>[39m
              [36m</svg>[39m
              [36m<span[39m
                [33mclass[39m=[32m"font-medium"[39m
              [36m>[39m
                [0mFiltrat e Avancuara[0m
              [36m</span>[39m
              [36m<span[39m
                [33maria-hidden[39m=[32m"true"[39m
                [33mclass[39m=[32m"ml-2 text-sm text-gray-500"[39m
              [36m>[39m
                [0m▲[0m
              [36m</span>[39m
            [36m</button>[39m
            [36m<div[39m
              [33mclass[39m=[32m"flex items-center gap-4"[39m
            [36m>[39m
              [36m<div[39m
                [33mclass[39m=[32m"flex items-center gap-2"[39m
              [36m>[39m
                [36m<svg[39m
                  [33maria-hidden[39m=[32m"true"[39m
                  [33mclass[39m=[32m"lucide lucide-arrow-up-down h-4 w-4 text-gray-500"[39m
                  [33mfill[39m=[32m"none"[39m
                  [33mheight[39m=[32m"24"[39m
                  [33mstroke[39m=[32m"currentColor"[39m
                  [33mstroke-linecap[39m=[32m"round"[39m
                  [33mstroke-linejoin[39m=[32m"round"[39m
                  [33mstroke-width[39m=[32m"2"[39m
                  [33mviewBox[39m=[32m"0 0 24 24"[39m
                  [33mwidth[39m=[32m"24"[39m
                  [33mxmlns[39m=[32m"http://www.w3.org/2000/svg"[39m
                [36m>[39m
                  [36m<path[39m
                    [33md[39m=[32m"m21 16-4 4-4-4"[39m
                  [36m/>[39m
                  [36m<path[39m
                    [33md[39m=[32m"M17 20V4"[39m
                  [36m/>[39m
                  [36m<path[39m
                    [33md[39m=[32m"m3 8 4-4 4 4"[39m
                  [36m/>[39m
                  [36m<path[39m
                    [33md[39m=[32m"M7 4v16"[39m
                  [36m/>[39m
                [36m</svg>[39m
                [36m<select[39m
                  [33mclass[39m=[32m"px-3 py-1.5 text-sm border border-gray-300 rounded-md focus:outline-none focus:ring-2 focus:ring-blue-500"[39m
                  [33mid[39m=[32m"sort-by"[39m
                  [33mname[39m=[32m"sortBy"[39m
                [36m>[39m
                  [36m<option[39m
                    [33mvalue[39m=[32m""[39m
                  [36m>[39m
                    [0mRenditja[0m
                  [36m</option>[39m
                  [36m<option[39m
                    [33mvalue[39m=[32m"price"[39m
                  [36m>[39m
                    [0mÇmimi[0m
                  [36m</option>[39m
                  [36m<option[39m
                    [33mvalue[39m=[32m"date"[39m
                  [36m>[39m
                    [0mData e Shtimit[0m
                  [36m</option>[39m
                  [36m<option[39m
                    [33mvalue[39m=[32m"size"[39m
                  [36m>[39m
                    [0mMadhësia[0m
                  [36m</option>[39m
                  [36m<option[39m
                    [33mvalue[39m=[32m"location"[39m
                  [36m>[39m
                    [0mLokacioni[0m
                  [36m</option>[39m
                [36m</select>[39m
              [36m</div>[39m
            [36m</div>[39m
          [36m</div>[39m
          [36m<div[39m
            [33maria-label[39m=[32m"Advanced search filters"[39m
            [33mclass[39m=[32m"grid grid-cols-1 sm:grid-cols-2 lg:grid-cols-3 xl:grid-cols-4 gap-4 sm:gap-6 pt-4 border-t border-gray-200"[39m
            [33mid[39m=[32m"advanced-filters"[39m
            [33mrole[39m=[32m"region"[39m
          [36m>[39m
            [36m<div>[3...

      104 |     
      105 |     expect(screen.getByText('Çmimi (€)')).toBeInTheDocument();
    > 106 |     expect(screen.getByText('Lokacioni')).toBeInTheDocument();
          |                   ^
      107 |   });
      108 |
      109 |   it('filters by property type', async () => {

      at Object.getElementError (node_modules/@testing-library/dom/dist/config.js:37:19)
      at getElementError (node_modules/@testing-library/dom/dist/query-helpers.js:20:35)
      at getMultipleElementsFoundError (node_modules/@testing-library/dom/dist/query-helpers.js:23:10)
      at node_modules/@testing-library/dom/dist/query-helpers.js:55:13
      at node_modules/@testing-library/dom/dist/query-helpers.js:95:19
      at Object.getByText (src/components/__tests__/SearchFilters.test.tsx:106:19)

  ● SearchFilters › filters by property type

    TestingLibraryElementError: Unable to find an element with the display value: Të gjitha llojet.

    Ignored nodes: comments, script, style
    [36m<body>[39m
      [36m<div>[39m
        [36m<div[39m
          [33mclass[39m=[32m"bg-white/95 backdrop-blur-xl rounded-2xl shadow-xl hover:shadow-2xl border border-white/20 p-5 sm:p-6 md:p-8 mb-4 sm:mb-6 md:mb-8 transition-shadow duration-500"[39m
        [36m>[39m
          [36m<div[39m
            [33mclass[39m=[32m"relative mb-4"[39m
          [36m>[39m
            [36m<label[39m
              [33mclass[39m=[32m"sr-only"[39m
              [33mfor[39m=[32m"property-search"[39m
            [36m>[39m
              [0mSearch properties[0m
            [36m</label>[39m
            [36m<svg[39m
              [33maria-hidden[39m=[32m"true"[39m
              [33mclass[39m=[32m"lucide lucide-search absolute left-3 top-1/2 transform -translate-y-1/2 text-gray-400 h-4 w-4 sm:h-5 sm:w-5"[39m
              [33mfill[39m=[32m"none"[39m
              [33mheight[39m=[32m"24"[39m
              [33mstroke[39m=[32m"currentColor"[39m
              [33mstroke-linecap[39m=[32m"round"[39m
              [33mstroke-linejoin[39m=[32m"round"[39m
              [33mstroke-width[39m=[32m"2"[39m
              [33mviewBox[39m=[32m"0 0 24 24"[39m
              [33mwidth[39m=[32m"24"[39m
              [33mxmlns[39m=[32m"http://www.w3.org/2000/svg"[39m
            [36m>[39m
              [36m<path[39m
                [33md[39m=[32m"m21 21-4.34-4.34"[39m
              [36m/>[39m
              [36m<circle[39m
                [33mcx[39m=[32m"11"[39m
                [33mcy[39m=[32m"11"[39m
                [33mr[39m=[32m"8"[39m
              [36m/>[39m
            [36m</svg>[39m
            [36m<input[39m
              [33maria-label[39m=[32m"Search properties by title, description, or location"[39m
              [33mclass[39m=[32m"w-full pl-9 sm:pl-10 pr-4 py-2.5 sm:py-3 text-sm sm:text-base border border-gray-300 rounded-lg focus:outline-none focus:ring-2 focus:ring-blue-500 focus:border-transparent"[39m
              [33mid[39m=[32m"property-search"[39m
              [33mplaceholder[39m=[32m"Kërkoni pasuri..."[39m
              [33mtype[39m=[32m"text"[39m
              [33mvalue[39m=[32m""[39m
            [36m/>[39m
          [36m</div>[39m
          [36m<div[39m
            [33mclass[39m=[32m"flex flex-col sm:flex-row items-start sm:items-center justify-between gap-4 mb-4"[39m
          [36m>[39m
            [36m<button[39m
              [33maria-controls[39m=[32m"advanced-filters"[39m
              [33maria-expanded[39m=[32m"true"[39m
              [33maria-label[39m=[32m"Hide advanced filters"[39m
              [33mclass[39m=[32m"flex items-center text-gray-700 hover:text-blue-600 transition-colors focus:outline-none focus:ring-2 focus:ring-blue-500 focus:ring-offset-2 rounded-md px-2 py-1"[39m
            [36m>[39m
              [36m<svg[39m
                [33maria-hidden[39m=[32m"true"[39m
                [33mclass[39m=[32m"lucide lucide-funnel h-5 w-5 mr-2"[39m
                [33mfill[39m=[32m"none"[39m
                [33mheight[39m=[32m"24"[39m
                [33mstroke[39m=[32m"currentColor"[39m
                [33mstroke-linecap[39m=[32m"round"[39m
                [33mstroke-linejoin[39m=[32m"round"[39m
                [33mstroke-width[39m=[32m"2"[39m
                [33mviewBox[39m=[32m"0 0 24 24"[39m
                [33mwidth[39m=[32m"24"[39m
                [33mxmlns[39m=[32m"http://www.w3.org/2000/svg"[39m
              [36m>[39m
                [36m<path[39m
                  [33md[39m=[32m"M10 20a1 1 0 0 0 .553.895l2 1A1 1 0 0 0 14 21v-7a2 2 0 0 1 .517-1.341L21.74 4.67A1 1 0 0 0 21 3H3a1 1 0 0 0-.742 1.67l7.225 7.989A2 2 0 0 1 10 14z"[39m
                [36m/>[39m
              [36m</svg>[39m
              [36m<span[39m
                [33mclass[39m=[32m"font-medium"[39m
              [36m>[39m
                [0mFiltrat e Avancuara[0m
              [36m</span>[39m
              [36m<span[39m
                [33maria-hidden[39m=[32m"true"[39m
                [33mclass[39m=[32m"ml-2 text-sm text-gray-500"[39m
              [36m>[39m
                [0m▲[0m
              [36m</span>[39m
            [36m</button>[39m
            [36m<div[39m
              [33mclass[39m=[32m"flex items-center gap-4"[39m
            [36m>[39m
              [36m<div[39m
                [33mclass[39m=[32m"flex items-center gap-2"[39m
              [36m>[39m
                [36m<svg[39m
                  [33maria-hidden[39m=[32m"true"[39m
                  [33mclass[39m=[32m"lucide lucide-arrow-up-down h-4 w-4 text-gray-500"[39m
                  [33mfill[39m=[32m"none"[39m
                  [33mheight[39m=[32m"24"[39m
                  [33mstroke[39m=[32m"currentColor"[39m
                  [33mstroke-linecap[39m=[32m"round"[39m
                  [33mstroke-linejoin[39m=[32m"round"[39m
                  [33mstroke-width[39m=[32m"2"[39m
                  [33mviewBox[39m=[32m"0 0 24 24"[39m
                  [33mwidth[39m=[32m"24"[39m
                  [33mxmlns[39m=[32m"http://www.w3.org/2000/svg"[39m
                [36m>[39m
                  [36m<path[39m
                    [33md[39m=[32m"m21 16-4 4-4-4"[39m
                  [36m/>[39m
                  [36m<path[39m
                    [33md[39m=[32m"M17 20V4"[39m
                  [36m/>[39m
                  [36m<path[39m
                    [33md[39m=[32m"m3 8 4-4 4 4"[39m
                  [36m/>[39m
                  [36m<path[39m
                    [33md[39m=[32m"M7 4v16"[39m
                  [36m/>[39m
                [36m</svg>[39m
                [36m<select[39m
                  [33mclass[39m=[32m"px-3 py-1.5 text-sm border border-gray-300 rounded-md focus:outline-none focus:ring-2 focus:ring-blue-500"[39m
                  [33mid[39m=[32m"sort-by"[39m
                  [33mname[39m=[32m"sortBy"[39m
                [36m>[39m
                  [36m<option[39m
                    [33mvalue[39m=[32m""[39m
                  [36m>[39m
                    [0mRenditja[0m
                  [36m</option>[39m
                  [36m<option[39m
                    [33mvalue[39m=[32m"price"[39m
                  [36m>[39m
                    [0mÇmimi[0m
                  [36m</option>[39m
                  [36m<option[39m
                    [33mvalue[39m=[32m"date"[39m
                  [36m>[39m
                    [0mData e Shtimit[0m
                  [36m</option>[39m
                  [36m<option[39m
                    [33mvalue[39m=[32m"size"[39m
                  [36m>[39m
                    [0mMadhësia[0m
                  [36m</option>[39m
                  [36m<option[39m
                    [33mvalue[39m=[32m"location"[39m
                  [36m>[39m
                    [0mLokacioni[0m
                  [36m</option>[39m
                [36m</select>[39m
              [36m</div>[39m
            [36m</div>[39m
          [36m</div>[39m
          [36m<div[39m
            [33maria-label[39m=[32m"Advanced search filters"[39m
            [33mclass[39m=[32m"grid grid-cols-1 sm:grid-cols-2 lg:grid-cols-3 xl:grid-cols-4 gap-4 sm:gap-6 pt-4 border-t border-gray-200"[39m
            [33mid[39m=[32m"advanced-filters"[39m
            [33mrole[39m=[32m"region"[39m
          [36m>[39m
            [36m<div>[3...

      119 |     
      120 |     // Select apartment type
    > 121 |     const propertyTypeSelect = screen.getByDisplayValue('Të gjitha llojet');
          |                                       ^
      122 |     fireEvent.change(propertyTypeSelect, { target: { value: 'apartment' } });
      123 |     
      124 |     await waitFor(() => {

      at Object.getElementError (node_modules/@testing-library/dom/dist/config.js:37:19)
      at node_modules/@testing-library/dom/dist/query-helpers.js:76:38
      at node_modules/@testing-library/dom/dist/query-helpers.js:52:17
      at node_modules/@testing-library/dom/dist/query-helpers.js:95:19
      at Object.getByDisplayValue (src/components/__tests__/SearchFilters.test.tsx:121:39)

  ● SearchFilters › clears all filters

    TestingLibraryElementError: Unable to find an element with the placeholder text of: /Kërkoni sipas titullit/

    Ignored nodes: comments, script, style
    [36m<body>[39m
      [36m<div>[39m
        [36m<div[39m
          [33mclass[39m=[32m"bg-white/95 backdrop-blur-xl rounded-2xl shadow-xl hover:shadow-2xl border border-white/20 p-5 sm:p-6 md:p-8 mb-4 sm:mb-6 md:mb-8 transition-shadow duration-500"[39m
        [36m>[39m
          [36m<div[39m
            [33mclass[39m=[32m"relative mb-4"[39m
          [36m>[39m
            [36m<label[39m
              [33mclass[39m=[32m"sr-only"[39m
              [33mfor[39m=[32m"property-search"[39m
            [36m>[39m
              [0mSearch properties[0m
            [36m</label>[39m
            [36m<svg[39m
              [33maria-hidden[39m=[32m"true"[39m
              [33mclass[39m=[32m"lucide lucide-search absolute left-3 top-1/2 transform -translate-y-1/2 text-gray-400 h-4 w-4 sm:h-5 sm:w-5"[39m
              [33mfill[39m=[32m"none"[39m
              [33mheight[39m=[32m"24"[39m
              [33mstroke[39m=[32m"currentColor"[39m
              [33mstroke-linecap[39m=[32m"round"[39m
              [33mstroke-linejoin[39m=[32m"round"[39m
              [33mstroke-width[39m=[32m"2"[39m
              [33mviewBox[39m=[32m"0 0 24 24"[39m
              [33mwidth[39m=[32m"24"[39m
              [33mxmlns[39m=[32m"http://www.w3.org/2000/svg"[39m
            [36m>[39m
              [36m<path[39m
                [33md[39m=[32m"m21 21-4.34-4.34"[39m
              [36m/>[39m
              [36m<circle[39m
                [33mcx[39m=[32m"11"[39m
                [33mcy[39m=[32m"11"[39m
                [33mr[39m=[32m"8"[39m
              [36m/>[39m
            [36m</svg>[39m
            [36m<input[39m
              [33maria-label[39m=[32m"Search properties by title, description, or location"[39m
              [33mclass[39m=[32m"w-full pl-9 sm:pl-10 pr-4 py-2.5 sm:py-3 text-sm sm:text-base border border-gray-300 rounded-lg focus:outline-none focus:ring-2 focus:ring-blue-500 focus:border-transparent"[39m
              [33mid[39m=[32m"property-search"[39m
              [33mplaceholder[39m=[32m"Kërkoni pasuri..."[39m
              [33mtype[39m=[32m"text"[39m
              [33mvalue[39m=[32m""[39m
            [36m/>[39m
          [36m</div>[39m
          [36m<div[39m
            [33mclass[39m=[32m"flex flex-col sm:flex-row items-start sm:items-center justify-between gap-4 mb-4"[39m
          [36m>[39m
            [36m<button[39m
              [33maria-controls[39m=[32m"advanced-filters"[39m
              [33maria-expanded[39m=[32m"false"[39m
              [33maria-label[39m=[32m"Show advanced filters"[39m
              [33mclass[39m=[32m"flex items-center text-gray-700 hover:text-blue-600 transition-colors focus:outline-none focus:ring-2 focus:ring-blue-500 focus:ring-offset-2 rounded-md px-2 py-1"[39m
            [36m>[39m
              [36m<svg[39m
                [33maria-hidden[39m=[32m"true"[39m
                [33mclass[39m=[32m"lucide lucide-funnel h-5 w-5 mr-2"[39m
                [33mfill[39m=[32m"none"[39m
                [33mheight[39m=[32m"24"[39m
                [33mstroke[39m=[32m"currentColor"[39m
                [33mstroke-linecap[39m=[32m"round"[39m
                [33mstroke-linejoin[39m=[32m"round"[39m
                [33mstroke-width[39m=[32m"2"[39m
                [33mviewBox[39m=[32m"0 0 24 24"[39m
                [33mwidth[39m=[32m"24"[39m
                [33mxmlns[39m=[32m"http://www.w3.org/2000/svg"[39m
              [36m>[39m
                [36m<path[39m
                  [33md[39m=[32m"M10 20a1 1 0 0 0 .553.895l2 1A1 1 0 0 0 14 21v-7a2 2 0 0 1 .517-1.341L21.74 4.67A1 1 0 0 0 21 3H3a1 1 0 0 0-.742 1.67l7.225 7.989A2 2 0 0 1 10 14z"[39m
                [36m/>[39m
              [36m</svg>[39m
              [36m<span[39m
                [33mclass[39m=[32m"font-medium"[39m
              [36m>[39m
                [0mFiltrat e Avancuara[0m
              [36m</span>[39m
              [36m<span[39m
                [33maria-hidden[39m=[32m"true"[39m
                [33mclass[39m=[32m"ml-2 text-sm text-gray-500"[39m
              [36m>[39m
                [0m▼[0m
              [36m</span>[39m
            [36m</button>[39m
            [36m<div[39m
              [33mclass[39m=[32m"flex items-center gap-4"[39m
            [36m>[39m
              [36m<div[39m
                [33mclass[39m=[32m"flex items-center gap-2"[39m
              [36m>[39m
                [36m<svg[39m
                  [33maria-hidden[39m=[32m"true"[39m
                  [33mclass[39m=[32m"lucide lucide-arrow-up-down h-4 w-4 text-gray-500"[39m
                  [33mfill[39m=[32m"none"[39m
                  [33mheight[39m=[32m"24"[39m
                  [33mstroke[39m=[32m"currentColor"[39m
                  [33mstroke-linecap[39m=[32m"round"[39m
                  [33mstroke-linejoin[39m=[32m"round"[39m
                  [33mstroke-width[39m=[32m"2"[39m
                  [33mviewBox[39m=[32m"0 0 24 24"[39m
                  [33mwidth[39m=[32m"24"[39m
                  [33mxmlns[39m=[32m"http://www.w3.org/2000/svg"[39m
                [36m>[39m
                  [36m<path[39m
                    [33md[39m=[32m"m21 16-4 4-4-4"[39m
                  [36m/>[39m
                  [36m<path[39m
                    [33md[39m=[32m"M17 20V4"[39m
                  [36m/>[39m
                  [36m<path[39m
                    [33md[39m=[32m"m3 8 4-4 4 4"[39m
                  [36m/>[39m
                  [36m<path[39m
                    [33md[39m=[32m"M7 4v16"[39m
                  [36m/>[39m
                [36m</svg>[39m
                [36m<select[39m
                  [33mclass[39m=[32m"px-3 py-1.5 text-sm border border-gray-300 rounded-md focus:outline-none focus:ring-2 focus:ring-blue-500"[39m
                  [33mid[39m=[32m"sort-by"[39m
                  [33mname[39m=[32m"sortBy"[39m
                [36m>[39m
                  [36m<option[39m
                    [33mvalue[39m=[32m""[39m
                  [36m>[39m
                    [0mRenditja[0m
                  [36m</option>[39m
                  [36m<option[39m
                    [33mvalue[39m=[32m"price"[39m
                  [36m>[39m
                    [0mÇmimi[0m
                  [36m</option>[39m
                  [36m<option[39m
                    [33mvalue[39m=[32m"date"[39m
                  [36m>[39m
                    [0mData e Shtimit[0m
                  [36m</option>[39m
                  [36m<option[39m
                    [33mvalue[39m=[32m"size"[39m
                  [36m>[39m
                    [0mMadhësia[0m
                  [36m</option>[39m
                  [36m<option[39m
                    [33mvalue[39m=[32m"location"[39m
                  [36m>[39m
                    [0mLokacioni[0m
                  [36m</option>[39m
                [36m</select>[39m
              [36m</div>[39m
            [36m</div>[39m
          [36m</div>[39m
        [36m</div>[39m
      [36m</div>[39m
    [36m</body>[39m

      156 |     
      157 |     // Add a search term
    > 158 |     const searchInput = screen.getByPlaceholderText(/Kërkoni sipas titullit/);
          |                                ^
      159 |     fireEvent.change(searchInput, { target: { value: 'Beautiful' } });
      160 |     
      161 |     // Clear filters

      at Object.getElementError (node_modules/@testing-library/dom/dist/config.js:37:19)
      at node_modules/@testing-library/dom/dist/query-helpers.js:76:38
      at node_modules/@testing-library/dom/dist/query-helpers.js:52:17
      at node_modules/@testing-library/dom/dist/query-helpers.js:95:19
      at Object.getByPlaceholderText (src/components/__tests__/SearchFilters.test.tsx:158:32)

FAIL src/components/__tests__/MobileNavigation.test.tsx
  ● Test suite failed to run

    Cannot find module 'framer-motion' from 'src/components/__tests__/MobileNavigation.test.tsx'

      15 |
      16 | // Mock framer-motion
    > 17 | jest.mock('framer-motion', () => ({
         |      ^
      18 |   motion: {
      19 |     div: ({ children, ...props }: any) => <div {...props}>{children}</div>,
      20 |     nav: ({ children, ...props }: any) => <nav {...props}>{children}</nav>,

      at Resolver._throwModNotFoundError (node_modules/jest-resolve/build/index.js:863:11)
      at Object.mock (src/components/__tests__/MobileNavigation.test.tsx:17:6)

PASS src/__tests__/utils/utils.test.ts
PASS src/__tests__/lib/data.test.ts
FAIL src/__tests__/test-runner.js
  ● Test suite failed to run

    Your test suite must contain at least one test.

      at onResult (node_modules/@jest/core/build/index.js:1052:18)
      at node_modules/@jest/core/build/index.js:1122:165
      at node_modules/emittery/index.js:363:13
          at Array.map (<anonymous>)
      at Emittery.emit (node_modules/emittery/index.js:361:23)

FAIL src/__tests__/api/agents.test.ts
  ● Test suite failed to run

    ReferenceError: Request is not defined

      21 |   hashPassword: jest.fn(),
      22 | }));
    > 23 |
         | ^
      24 | jest.mock('@/lib/auth-middleware', () => ({
      25 |   withAdminAuth: (handler: any) => handler,
      26 | }));

      at Object.Request (node_modules/next/src/server/web/spec-extension/request.ts:14:34)
      at Object.<anonymous> (node_modules/next/server.js:2:16)
      at Object.<anonymous> (src/__tests__/api/agents.test.ts:23:17)

FAIL src/__tests__/accessibility/accessibility.test.tsx
  ● Test suite failed to run

    Cannot find module 'jest-axe' from 'src/__tests__/accessibility/accessibility.test.tsx'

      25 |   title: 'Test Property',
      26 |   description: 'A beautiful test property',
    > 27 |   price: 150000,
         |                 ^
      28 |   address: {
      29 |     street: 'Test Street 123',
      30 |     city: 'Test City',

      at Resolver._throwModNotFoundError (node_modules/jest-resolve/build/index.js:863:11)
      at Object.<anonymous> (src/__tests__/accessibility/accessibility.test.tsx:27:18)

/Users/rediballa/real-estate-website/src/components/InteractiveMapView.tsx:143
            map.whenReady(()=>{
                ^

[TypeError: map.whenReady is not a function]

Node.js v24.13.0
FAIL src/__tests__/e2e/critical-user-flows.test.tsx
  ● Console

    console.error
      Error: Not implemented: HTMLFormElement.prototype.requestSubmit
          at Object.<anonymous> (src/__tests__/e2e/critical-user-flows.test.tsx:457:7) {
        type: 'not implemented'
      }

      455 |
      456 |       // Submit form
    > 457 |       await user.click(screen.getByTestId('contact-submit'));
          |       ^
      458 |
      459 |       // Form should be submitted (in real app, would show success message)
      460 |       expect(screen.getByTestId('contact-form')).toBeInTheDocument();

      at VirtualConsole.<anonymous> (node_modules/@jest/environment-jsdom-abstract/build/index.js:78:23)
      at module.exports (node_modules/jsdom/lib/jsdom/browser/not-implemented.js:12:26)
      at HTMLFormElementImpl.requestSubmit (node_modules/jsdom/lib/jsdom/living/nodes/HTMLFormElement-impl.js:130:5)
      at HTMLFormElementImpl._doRequestSubmit (node_modules/jsdom/lib/jsdom/living/nodes/HTMLFormElement-impl.js:100:10)
      at HTMLButtonElementImpl._activationBehavior (node_modules/jsdom/lib/jsdom/living/nodes/HTMLButtonElement-impl.js:23:14)
      at HTMLButtonElementImpl._dispatch (node_modules/jsdom/lib/jsdom/living/events/EventTarget-impl.js:252:26)
      at HTMLButtonElementImpl.dispatchEvent (node_modules/jsdom/lib/jsdom/living/events/EventTarget-impl.js:104:17)
      at HTMLButtonElement.dispatchEvent (node_modules/jsdom/lib/jsdom/living/generated/EventTarget.js:241:34)
      at node_modules/@testing-library/user-event/dist/cjs/event/dispatchEvent.js:45:43
      at node_modules/@testing-library/react/dist/pure.js:108:16
      at node_modules/@testing-library/react/dist/act-compat.js:48:24
      at process.env.NODE_ENV.exports.act (node_modules/react/cjs/react.development.js:789:22)
      at node_modules/@testing-library/react/dist/act-compat.js:47:25
      at Object.eventWrapper (node_modules/@testing-library/react/dist/pure.js:107:28)
      at Object.wrapEvent (node_modules/@testing-library/user-event/dist/cjs/event/wrapEvent.js:6:28)
      at Object.dispatchEvent (node_modules/@testing-library/user-event/dist/cjs/event/dispatchEvent.js:45:22)
      at Object.dispatchUIEvent (node_modules/@testing-library/user-event/dist/cjs/event/dispatchEvent.js:22:26)
      at Mouse.up (node_modules/@testing-library/user-event/dist/cjs/system/pointer/mouse.js:100:30)
      at PointerHost.release (node_modules/@testing-library/user-event/dist/cjs/system/pointer/index.js:87:24)
      at pointerAction (node_modules/@testing-library/user-event/dist/cjs/pointer/index.js:54:47)
      at Object.pointer (node_modules/@testing-library/user-event/dist/cjs/pointer/index.js:27:9)
      at Object.asyncWrapper (node_modules/@testing-library/react/dist/pure.js:88:22)
      at Object.<anonymous> (src/__tests__/e2e/critical-user-flows.test.tsx:457:7)

  ● Critical User Flows E2E Tests › Property Detail Flow › allows users to view property details from search results

    TestingLibraryElementError: Found multiple elements with the text: Luxury Downtown Condo

    Here are the matching elements:

    Ignored nodes: comments, script, style
    [36m<h3>[39m
      [0mLuxury Downtown Condo[0m
    [36m</h3>[39m

    Ignored nodes: comments, script, style
    [36m<h2>[39m
      [0mLuxury Downtown Condo[0m
    [36m</h2>[39m

    (If this is intentional, then use the `*AllBy*` variant of the query (like `queryAllByText`, `getAllByText`, or `findAllByText`)).

    Ignored nodes: comments, script, style
    [36m<body>[39m
      [36m<div>[39m
        [36m<div[39m
          [33mdata-testid[39m=[32m"app"[39m
        [36m>[39m
          [36m<nav[39m
            [33mdata-testid[39m=[32m"main-navigation"[39m
          [36m>[39m
            [36m<button>[39m
              [0mHome[0m
            [36m</button>[39m
            [36m<button>[39m
              [0mProperties[0m
            [36m</button>[39m
            [36m<button>[39m
              [0mMap[0m
            [36m</button>[39m
            [36m<button>[39m
              [0mContact[0m
            [36m</button>[39m
          [36m</nav>[39m
          [36m<div[39m
            [33mdata-testid[39m=[32m"properties-page"[39m
          [36m>[39m
            [36m<h1>[39m
              [0mProperties[0m
            [36m</h1>[39m
            [36m<div[39m
              [33mdata-testid[39m=[32m"search-filters"[39m
            [36m>[39m
              [36m<input[39m
                [33mdata-testid[39m=[32m"min-price-input"[39m
                [33mplaceholder[39m=[32m"Min Price"[39m
                [33mtype[39m=[32m"number"[39m
              [36m/>[39m
              [36m<input[39m
                [33mdata-testid[39m=[32m"max-price-input"[39m
                [33mplaceholder[39m=[32m"Max Price"[39m
                [33mtype[39m=[32m"number"[39m
              [36m/>[39m
              [36m<select[39m
                [33mdata-testid[39m=[32m"property-type-select"[39m
              [36m>[39m
                [36m<option[39m
                  [33mvalue[39m=[32m""[39m
                [36m>[39m
                  [0mAll Types[0m
                [36m</option>[39m
                [36m<option[39m
                  [33mvalue[39m=[32m"house"[39m
                [36m>[39m
                  [0mHouse[0m
                [36m</option>[39m
                [36m<option[39m
                  [33mvalue[39m=[32m"condo"[39m
                [36m>[39m
                  [0mCondo[0m
                [36m</option>[39m
              [36m</select>[39m
              [36m<button[39m
                [33mdata-testid[39m=[32m"clear-filters"[39m
              [36m>[39m
                [0mClear Filters[0m
              [36m</button>[39m
            [36m</div>[39m
            [36m<div[39m
              [33mdata-testid[39m=[32m"search-results"[39m
            [36m>[39m
              [36m<p[39m
                [33mdata-testid[39m=[32m"results-count"[39m
              [36m>[39m
                [0m2[0m
                [0m properties found[0m
              [36m</p>[39m
              [36m<div[39m
                [33mdata-testid[39m=[32m"property-grid"[39m
              [36m>[39m
                [36m<div[39m
                  [33mdata-testid[39m=[32m"property-card-1"[39m
                [36m>[39m
                  [36m<img[39m
                    [33malt[39m=[32m"Luxury Downtown Condo"[39m
                    [33msrc[39m=[32m"/images/property-1.jpg"[39m
                  [36m/>[39m
                  [36m<h3>[39m
                    [0mLuxury Downtown Condo[0m
                  [36m</h3>[39m
                  [36m<p>[39m
                    [0m$[0m
                    [0m750,000[0m
                  [36m</p>[39m
                  [36m<p>[39m
                    [0mDowntown, City[0m
                  [36m</p>[39m
                  [36m<p>[39m
                    [0m2[0m
                    [0m beds • [0m
                    [0m2[0m
                    [0m baths • [0m
                    [0m1200[0m
                    [0m sqft[0m
                  [36m</p>[39m
                  [36m<div[39m
                    [33mdata-testid[39m=[32m"property-actions"[39m
                  [36m>[39m
                    [36m<button[39m
                      [33maria-label[39m=[32m"Add to favorites"[39m
                      [33mdata-testid[39m=[32m"favorite-btn-1"[39m
                    [36m>[39m
                      [0m🤍[0m
                    [36m</button>[39m
                    [36m<button[39m
                      [33mdata-testid[39m=[32m"view-details-1"[39m
                    [36m>[39m
                      [0mView Details[0m
                    [36m</button>[39m
                  [36m</div>[39m
                [36m</div>[39m
                [36m<div[39m
                  [33mdata-testid[39m=[32m"property-card-2"[39m
                [36m>[39m
                  [36m<img[39m
                    [33malt[39m=[32m"Suburban Family Home"[39m
                    [33msrc[39m=[32m"/images/property-2.jpg"[39m
                  [36m/>[39m
                  [36m<h3>[39m
                    [0mSuburban Family Home[0m
                  [36m</h3>[39m
                  [36m<p>[39m
                    [0m$[0m
                    [0m450,000[0m
                  [36m</p>[39m
                  [36m<p>[39m
                    [0mSuburbs, City[0m
                  [36m</p>[39m
                  [36m<p>[39m
                    [0m4[0m
                    [0m beds • [0m
                    [0m3[0m
                    [0m baths • [0m
                    [0m2500[0m
                    [0m sqft[0m
                  [36m</p>[39m
                  [36m<div[39m
                    [33mdata-testid[39m=[32m"property-actions"[39m
                  [36m>[39m
                    [36m<button[39m
                      [33maria-label[39m=[32m"Add to favorites"[39m
                      [33mdata-testid[39m=[32m"favorite-btn-2"[39m
                    [36m>[39m
                      [0m🤍[0m
                    [36m</button>[39m
                    [36m<button[39m
                      [33mdata-testid[39m=[32m"view-details-2"[39m
                    [36m>[39m
                      [0mView Details[0m
                    [36m</button>[39m
                  [36m</div>[39m
                [36m</div>[39m
              [36m</div>[39m
            [36m</div>[39m
          [36m</div>[39m
          [36m<div[39m
            [33maria-modal[39m=[32m"true"[39m
            [33mdata-testid[39m=[32m"property-modal"[39m
            [33mrole[39m=[32m"dialog"[39m
          [36m>[39m
            [36m<div[39m
              [33mdata-testid[39m=[32m"modal-content"[39m
            [36m>[39m
              [36m<button[39m
                [33maria-label[39m=[32m"Close property details"[39m
                [33mdata-testid[39m=[32m"close-modal"[39m
              [36m>[39m
                [0m×[0m
              [36m</button>[39m
              [36m<h2>[39m
                [0mLuxury Downtown Condo[0m
              [36m</h2>[39m
              [36m<img[39m
                [33malt[39m=[32m"Luxury Downtown Condo"[39m
                [33msrc[39m=[32m"/images/property-1.jpg"[39m
              [36m/>[39m
              [36m<p>[39m
                [0m$[0m
                [0m750,000[0m
              [36m</p>[39m
              [36m<p>[39m
                [0mDowntown, City[0m
              [36m</p>[39m
              [36m<p>[39m
                [0mBeautiful downtown condo with city views[0m
              [36m</p>[39m
              [36m<div[39m
                [33mdata-testid[39m=[32m"property-features"[39m
              [36m>[39m
                [36m<h3>[39m
                  [0mFeatures[0m
                [36m</h3>[39m
                [36m<ul>[39m
                  [36m<li>[39m
                    [0mBalcony[0m
                  [36m</li>[39m
                  [36m<li>[39m
                    [0mGym[0m
                  [36m</li>[39m
                  [36m<li>[39m
                    [0mConcierge[0m
                  [36m</li>[39m
                [36m</ul>[39m
              [36m</div>[39m
              [36m<button[39m
                [33mdata-testid[39m=[32m"contact-agent"[39m
              [36m>[39m
                [0mContact Agent[0m
              [36m</button>[39m
            [36m</div>[39m
          [36m</div>[39m
        [36m</div>[39m
      [36m</div>[39m
    [36m</body>[39m

      391 |       // Modal should open
      392 |       expect(screen.getByTestId('property-modal')).toBeInTheDocument();
    > 393 |       expect(screen.getByText('Luxury Downtown Condo')).toBeInTheDocument();
          |                     ^
      394 |       expect(screen.getByText('Beautiful downtown condo with city views')).toBeInTheDocument();
      395 |
      396 |       // Check features are displayed

      at Object.getElementError (node_modules/@testing-library/dom/dist/config.js:37:19)
      at getElementError (node_modules/@testing-library/dom/dist/query-helpers.js:20:35)
      at getMultipleElementsFoundError (node_modules/@testing-library/dom/dist/query-helpers.js:23:10)
      at node_modules/@testing-library/dom/dist/query-helpers.js:55:13
      at node_modules/@testing-library/dom/dist/query-helpers.js:95:19
      at Object.getByText (src/__tests__/e2e/critical-user-flows.test.tsx:393:21)

  ● Critical User Flows E2E Tests › Map Interaction Flow › allows users to view properties on map

    TestingLibraryElementError: Found multiple elements with the text: Luxury Downtown Condo

    Here are the matching elements:

    Ignored nodes: comments, script, style
    [36m<button[39m
      [33mdata-testid[39m=[32m"map-marker-1"[39m
    [36m>[39m
      [0mLuxury Downtown Condo[0m
    [36m</button>[39m

    Ignored nodes: comments, script, style
    [36m<h2>[39m
      [0mLuxury Downtown Condo[0m
    [36m</h2>[39m

    (If this is intentional, then use the `*AllBy*` variant of the query (like `queryAllByText`, `getAllByText`, or `findAllByText`)).

    Ignored nodes: comments, script, style
    [36m<body>[39m
      [36m<div>[39m
        [36m<div[39m
          [33mdata-testid[39m=[32m"app"[39m
        [36m>[39m
          [36m<nav[39m
            [33mdata-testid[39m=[32m"main-navigation"[39m
          [36m>[39m
            [36m<button>[39m
              [0mHome[0m
            [36m</button>[39m
            [36m<button>[39m
              [0mProperties[0m
            [36m</button>[39m
            [36m<button>[39m
              [0mMap[0m
            [36m</button>[39m
            [36m<button>[39m
              [0mContact[0m
            [36m</button>[39m
          [36m</nav>[39m
          [36m<div[39m
            [33mdata-testid[39m=[32m"map-page"[39m
          [36m>[39m
            [36m<h1>[39m
              [0mProperty Map[0m
            [36m</h1>[39m
            [36m<div[39m
              [33mdata-testid[39m=[32m"map-container"[39m
            [36m>[39m
              [36m<div[39m
                [33mdata-testid[39m=[32m"map-view"[39m
              [36m>[39m
                [0mMap View[0m
              [36m</div>[39m
              [36m<div[39m
                [33mdata-testid[39m=[32m"map-markers"[39m
              [36m>[39m
                [36m<button[39m
                  [33mdata-testid[39m=[32m"map-marker-1"[39m
                [36m>[39m
                  [0mLuxury Downtown Condo[0m
                [36m</button>[39m
                [36m<button[39m
                  [33mdata-testid[39m=[32m"map-marker-2"[39m
                [36m>[39m
                  [0mSuburban Family Home[0m
                [36m</button>[39m
              [36m</div>[39m
            [36m</div>[39m
          [36m</div>[39m
          [36m<div[39m
            [33maria-modal[39m=[32m"true"[39m
            [33mdata-testid[39m=[32m"property-modal"[39m
            [33mrole[39m=[32m"dialog"[39m
          [36m>[39m
            [36m<div[39m
              [33mdata-testid[39m=[32m"modal-content"[39m
            [36m>[39m
              [36m<button[39m
                [33maria-label[39m=[32m"Close property details"[39m
                [33mdata-testid[39m=[32m"close-modal"[39m
              [36m>[39m
                [0m×[0m
              [36m</button>[39m
              [36m<h2>[39m
                [0mLuxury Downtown Condo[0m
              [36m</h2>[39m
              [36m<img[39m
                [33malt[39m=[32m"Luxury Downtown Condo"[39m
                [33msrc[39m=[32m"/images/property-1.jpg"[39m
              [36m/>[39m
              [36m<p>[39m
                [0m$[0m
                [0m750,000[0m
              [36m</p>[39m
              [36m<p>[39m
                [0mDowntown, City[0m
              [36m</p>[39m
              [36m<p>[39m
                [0mBeautiful downtown condo with city views[0m
              [36m</p>[39m
              [36m<div[39m
                [33mdata-testid[39m=[32m"property-features"[39m
              [36m>[39m
                [36m<h3>[39m
                  [0mFeatures[0m
                [36m</h3>[39m
                [36m<ul>[39m
                  [36m<li>[39m
                    [0mBalcony[0m
                  [36m</li>[39m
                  [36m<li>[39m
                    [0mGym[0m
                  [36m</li>[39m
                  [36m<li>[39m
                    [0mConcierge[0m
                  [36m</li>[39m
                [36m</ul>[39m
              [36m</div>[39m
              [36m<button[39m
                [33mdata-testid[39m=[32m"contact-agent"[39m
              [36m>[39m
                [0mContact Agent[0m
              [36m</button>[39m
            [36m</div>[39m
          [36m</div>[39m
        [36m</div>[39m
      [36m</div>[39m
    [36m</body>[39m

      437 |       // Property details should open
      438 |       expect(screen.getByTestId('property-modal')).toBeInTheDocument();
    > 439 |       expect(screen.getByText('Luxury Downtown Condo')).toBeInTheDocument();
          |                     ^
      440 |     });
      441 |   });
      442 |

      at Object.getElementError (node_modules/@testing-library/dom/dist/config.js:37:19)
      at getElementError (node_modules/@testing-library/dom/dist/query-helpers.js:20:35)
      at getMultipleElementsFoundError (node_modules/@testing-library/dom/dist/query-helpers.js:23:10)
      at node_modules/@testing-library/dom/dist/query-helpers.js:55:13
      at node_modules/@testing-library/dom/dist/query-helpers.js:95:19
      at Object.getByText (src/__tests__/e2e/critical-user-flows.test.tsx:439:21)

  ● Critical User Flows E2E Tests › Accessibility Flow › supports keyboard navigation

    expect(element).not.toBeInTheDocument()

    expected document not to contain element, found <div aria-modal="true" data-testid="property-modal" role="dialog"><div data-testid="modal-content"><button aria-label="Close property details" data-testid="close-modal">×</button><h2>Luxury Downtown Condo</h2><img alt="Luxury Downtown Condo" src="/images/property-1.jpg" /><p>$750,000</p><p>Downtown, City</p><p>Beautiful downtown condo with city views</p><div data-testid="property-features"><h3>Features</h3><ul><li>Balcony</li><li>Gym</li><li>Concierge</li></ul></div><button data-testid="contact-agent">Contact Agent</button></div></div> instead

      508 |       // Use Escape to close modal
      509 |       await user.keyboard('{Escape}');
    > 510 |       expect(screen.queryByTestId('property-modal')).not.toBeInTheDocument();
          |                                                          ^
      511 |     });
      512 |
      513 |     it('provides proper ARIA labels and roles', async () => {

      at Object.toBeInTheDocument (src/__tests__/e2e/critical-user-flows.test.tsx:510:58)

PASS src/__tests__/styling/homepage-styling.test.tsx
PASS src/__tests__/e2e/complete-user-flows.test.tsx
  ● Console

    console.log
      --- TEST FETCH CALLED WITH URL --- /api/auth/login

      at log (src/__tests__/e2e/complete-user-flows.test.tsx:269:17)

FAIL src/__tests__/components/SearchFilters.test.tsx
  ● SearchFilters › expands advanced filters when button is clicked

    TestingLibraryElementError: Found multiple elements with the text: Lokacioni

    Here are the matching elements:

    Ignored nodes: comments, script, style
    [36m<option[39m
      [33mvalue[39m=[32m"location"[39m
    [36m>[39m
      [0mLokacioni[0m
    [36m</option>[39m

    Ignored nodes: comments, script, style
    [36m<label[39m
      [33mclass[39m=[32m"block text-sm font-medium text-gray-900 mb-2"[39m
    [36m>[39m
      [36m<svg[39m
        [33maria-hidden[39m=[32m"true"[39m
        [33mclass[39m=[32m"lucide lucide-map-pin inline h-4 w-4 mr-1 text-blue-600"[39m
        [33mfill[39m=[32m"none"[39m
        [33mheight[39m=[32m"24"[39m
        [33mstroke[39m=[32m"currentColor"[39m
        [33mstroke-linecap[39m=[32m"round"[39m
        [33mstroke-linejoin[39m=[32m"round"[39m
        [33mstroke-width[39m=[32m"2"[39m
        [33mviewBox[39m=[32m"0 0 24 24"[39m
        [33mwidth[39m=[32m"24"[39m
        [33mxmlns[39m=[32m"http://www.w3.org/2000/svg"[39m
      [36m>[39m
        [36m<path[39m
          [33md[39m=[32m"M20 10c0 4.993-5.539 10.193-7.399 11.799a1 1 0 0 1-1.202 0C9.539 20.193 4 14.993 4 10a8 8 0 0 1 16 0"[39m
        [36m/>[39m
        [36m<circle[39m
          [33mcx[39m=[32m"12"[39m
          [33mcy[39m=[32m"10"[39m
          [33mr[39m=[32m"3"[39m
        [36m/>[39m
      [36m</svg>[39m
      [0mLokacioni[0m
    [36m</label>[39m

    (If this is intentional, then use the `*AllBy*` variant of the query (like `queryAllByText`, `getAllByText`, or `findAllByText`)).

    Ignored nodes: comments, script, style
    [36m<body>[39m
      [36m<div>[39m
        [36m<div[39m
          [33mclass[39m=[32m"bg-white/95 backdrop-blur-xl rounded-2xl shadow-xl hover:shadow-2xl border border-white/20 p-5 sm:p-6 md:p-8 mb-4 sm:mb-6 md:mb-8 transition-shadow duration-500"[39m
        [36m>[39m
          [36m<div[39m
            [33mclass[39m=[32m"relative mb-4"[39m
          [36m>[39m
            [36m<label[39m
              [33mclass[39m=[32m"sr-only"[39m
              [33mfor[39m=[32m"property-search"[39m
            [36m>[39m
              [0mSearch properties[0m
            [36m</label>[39m
            [36m<svg[39m
              [33maria-hidden[39m=[32m"true"[39m
              [33mclass[39m=[32m"lucide lucide-search absolute left-3 top-1/2 transform -translate-y-1/2 text-gray-400 h-4 w-4 sm:h-5 sm:w-5"[39m
              [33mfill[39m=[32m"none"[39m
              [33mheight[39m=[32m"24"[39m
              [33mstroke[39m=[32m"currentColor"[39m
              [33mstroke-linecap[39m=[32m"round"[39m
              [33mstroke-linejoin[39m=[32m"round"[39m
              [33mstroke-width[39m=[32m"2"[39m
              [33mviewBox[39m=[32m"0 0 24 24"[39m
              [33mwidth[39m=[32m"24"[39m
              [33mxmlns[39m=[32m"http://www.w3.org/2000/svg"[39m
            [36m>[39m
              [36m<path[39m
                [33md[39m=[32m"m21 21-4.34-4.34"[39m
              [36m/>[39m
              [36m<circle[39m
                [33mcx[39m=[32m"11"[39m
                [33mcy[39m=[32m"11"[39m
                [33mr[39m=[32m"8"[39m
              [36m/>[39m
            [36m</svg>[39m
            [36m<input[39m
              [33maria-label[39m=[32m"Search properties by title, description, or location"[39m
              [33mclass[39m=[32m"w-full pl-9 sm:pl-10 pr-4 py-2.5 sm:py-3 text-sm sm:text-base border border-gray-300 rounded-lg focus:outline-none focus:ring-2 focus:ring-blue-500 focus:border-transparent"[39m
              [33mid[39m=[32m"property-search"[39m
              [33mplaceholder[39m=[32m"Kërkoni pasuri..."[39m
              [33mtype[39m=[32m"text"[39m
              [33mvalue[39m=[32m""[39m
            [36m/>[39m
          [36m</div>[39m
          [36m<div[39m
            [33mclass[39m=[32m"flex flex-col sm:flex-row items-start sm:items-center justify-between gap-4 mb-4"[39m
          [36m>[39m
            [36m<button[39m
              [33maria-controls[39m=[32m"advanced-filters"[39m
              [33maria-expanded[39m=[32m"true"[39m
              [33maria-label[39m=[32m"Hide advanced filters"[39m
              [33mclass[39m=[32m"flex items-center text-gray-700 hover:text-blue-600 transition-colors focus:outline-none focus:ring-2 focus:ring-blue-500 focus:ring-offset-2 rounded-md px-2 py-1"[39m
            [36m>[39m
              [36m<svg[39m
                [33maria-hidden[39m=[32m"true"[39m
                [33mclass[39m=[32m"lucide lucide-funnel h-5 w-5 mr-2"[39m
                [33mfill[39m=[32m"none"[39m
                [33mheight[39m=[32m"24"[39m
                [33mstroke[39m=[32m"currentColor"[39m
                [33mstroke-linecap[39m=[32m"round"[39m
                [33mstroke-linejoin[39m=[32m"round"[39m
                [33mstroke-width[39m=[32m"2"[39m
                [33mviewBox[39m=[32m"0 0 24 24"[39m
                [33mwidth[39m=[32m"24"[39m
                [33mxmlns[39m=[32m"http://www.w3.org/2000/svg"[39m
              [36m>[39m
                [36m<path[39m
                  [33md[39m=[32m"M10 20a1 1 0 0 0 .553.895l2 1A1 1 0 0 0 14 21v-7a2 2 0 0 1 .517-1.341L21.74 4.67A1 1 0 0 0 21 3H3a1 1 0 0 0-.742 1.67l7.225 7.989A2 2 0 0 1 10 14z"[39m
                [36m/>[39m
              [36m</svg>[39m
              [36m<span[39m
                [33mclass[39m=[32m"font-medium"[39m
              [36m>[39m
                [0mFiltrat e Avancuara[0m
              [36m</span>[39m
              [36m<span[39m
                [33maria-hidden[39m=[32m"true"[39m
                [33mclass[39m=[32m"ml-2 text-sm text-gray-500"[39m
              [36m>[39m
                [0m▲[0m
              [36m</span>[39m
            [36m</button>[39m
            [36m<div[39m
              [33mclass[39m=[32m"flex items-center gap-4"[39m
            [36m>[39m
              [36m<div[39m
                [33mclass[39m=[32m"flex items-center gap-2"[39m
              [36m>[39m
                [36m<svg[39m
                  [33maria-hidden[39m=[32m"true"[39m
                  [33mclass[39m=[32m"lucide lucide-arrow-up-down h-4 w-4 text-gray-500"[39m
                  [33mfill[39m=[32m"none"[39m
                  [33mheight[39m=[32m"24"[39m
                  [33mstroke[39m=[32m"currentColor"[39m
                  [33mstroke-linecap[39m=[32m"round"[39m
                  [33mstroke-linejoin[39m=[32m"round"[39m
                  [33mstroke-width[39m=[32m"2"[39m
                  [33mviewBox[39m=[32m"0 0 24 24"[39m
                  [33mwidth[39m=[32m"24"[39m
                  [33mxmlns[39m=[32m"http://www.w3.org/2000/svg"[39m
                [36m>[39m
                  [36m<path[39m
                    [33md[39m=[32m"m21 16-4 4-4-4"[39m
                  [36m/>[39m
                  [36m<path[39m
                    [33md[39m=[32m"M17 20V4"[39m
                  [36m/>[39m
                  [36m<path[39m
                    [33md[39m=[32m"m3 8 4-4 4 4"[39m
                  [36m/>[39m
                  [36m<path[39m
                    [33md[39m=[32m"M7 4v16"[39m
                  [36m/>[39m
                [36m</svg>[39m
                [36m<select[39m
                  [33mclass[39m=[32m"px-3 py-1.5 text-sm border border-gray-300 rounded-md focus:outline-none focus:ring-2 focus:ring-blue-500"[39m
                  [33mid[39m=[32m"sort-by"[39m
                  [33mname[39m=[32m"sortBy"[39m
                [36m>[39m
                  [36m<option[39m
                    [33mvalue[39m=[32m""[39m
                  [36m>[39m
                    [0mRenditja[0m
                  [36m</option>[39m
                  [36m<option[39m
                    [33mvalue[39m=[32m"price"[39m
                  [36m>[39m
                    [0mÇmimi[0m
                  [36m</option>[39m
                  [36m<option[39m
                    [33mvalue[39m=[32m"date"[39m
                  [36m>[39m
                    [0mData e Shtimit[0m
                  [36m</option>[39m
                  [36m<option[39m
                    [33mvalue[39m=[32m"size"[39m
                  [36m>[39m
                    [0mMadhësia[0m
                  [36m</option>[39m
                  [36m<option[39m
                    [33mvalue[39m=[32m"location"[39m
                  [36m>[39m
                    [0mLokacioni[0m
                  [36m</option>[39m
                [36m</select>[39m
              [36m</div>[39m
            [36m</div>[39m
          [36m</div>[39m
          [36m<div[39m
            [33maria-label[39m=[32m"Advanced search filters"[39m
            [33mclass[39m=[32m"grid grid-cols-1 sm:grid-cols-2 lg:grid-cols-3 xl:grid-cols-4 gap-4 sm:gap-6 pt-4 border-t border-gray-200"[39m
            [33mid[39m=[32m"advanced-filters"[39m
            [33mrole[39m=[32m"region"[39m
          [36m>[39m
            [36m<div>[3...

      123 |     
      124 |     expect(screen.getByText('Çmimi (€)')).toBeInTheDocument();
    > 125 |     expect(screen.getByText('Lokacioni')).toBeInTheDocument();
          |                   ^
      126 |   });
      127 |
      128 |   it('filters by price range', async () => {

      at Object.getElementError (node_modules/@testing-library/dom/dist/config.js:37:19)
      at getElementError (node_modules/@testing-library/dom/dist/query-helpers.js:20:35)
      at getMultipleElementsFoundError (node_modules/@testing-library/dom/dist/query-helpers.js:23:10)
      at node_modules/@testing-library/dom/dist/query-helpers.js:55:13
      at node_modules/@testing-library/dom/dist/query-helpers.js:95:19
      at Object.getByText (src/__tests__/components/SearchFilters.test.tsx:125:19)

/Users/rediballa/real-estate-website/src/components/InteractiveMapView.tsx:143
            map.whenReady(()=>{
                ^

[TypeError: map.whenReady is not a function]

Node.js v24.13.0
FAIL src/__tests__/integration/property-search-flow.test.tsx
  ● Property Search Flow Integration › renders the complete search interface

    TestingLibraryElementError: Found multiple elements by: [data-testid="map-view"]

    Here are the matching elements:

    Ignored nodes: comments, script, style
    [36m<button[39m
      [33mdata-testid[39m=[32m"map-view"[39m
    [36m>[39m
      [0mMap View[0m
    [36m</button>[39m

    Ignored nodes: comments, script, style
    [36m<div[39m
      [33mdata-testid[39m=[32m"map-view"[39m
    [36m>[39m
      [36m<div[39m
        [33mdata-testid[39m=[32m"map-container"[39m
      [36m>[39m
        [0mMap Container[0m
      [36m</div>[39m
      [36m<button[39m
        [33mdata-testid[39m=[32m"map-marker-1"[39m
      [36m>[39m
        [0mLuxury Villa[0m
      [36m</button>[39m
      [36m<button[39m
        [33mdata-testid[39m=[32m"map-marker-2"[39m
      [36m>[39m
        [0mModern Condo[0m
      [36m</button>[39m
    [36m</div>[39m

    (If this is intentional, then use the `*AllBy*` variant of the query (like `queryAllByText`, `getAllByText`, or `findAllByText`)).

    Ignored nodes: comments, script, style
    [36m<body>[39m
      [36m<div>[39m
        [36m<div[39m
          [33mdata-testid[39m=[32m"property-search-page"[39m
        [36m>[39m
          [36m<h1>[39m
            [0mProperty Search[0m
          [36m</h1>[39m
          [36m<div[39m
            [33mclass[39m=[32m"grid grid-cols-1 lg:grid-cols-4 gap-6"[39m
            [33mdata-testid[39m=[32m"search-layout"[39m
          [36m>[39m
            [36m<div[39m
              [33mdata-testid[39m=[32m"filters-sidebar"[39m
            [36m>[39m
              [36m<div[39m
                [33mdata-testid[39m=[32m"search-filters"[39m
              [36m>[39m
                [36m<input[39m
                  [33mdata-testid[39m=[32m"price-min"[39m
                  [33mplaceholder[39m=[32m"Min Price"[39m
                [36m/>[39m
                [36m<input[39m
                  [33mdata-testid[39m=[32m"price-max"[39m
                  [33mplaceholder[39m=[32m"Max Price"[39m
                [36m/>[39m
                [36m<select[39m
                  [33mdata-testid[39m=[32m"property-type"[39m
                [36m>[39m
                  [36m<option[39m
                    [33mvalue[39m=[32m""[39m
                  [36m>[39m
                    [0mAll Types[0m
                  [36m</option>[39m
                  [36m<option[39m
                    [33mvalue[39m=[32m"house"[39m
                  [36m>[39m
                    [0mHouse[0m
                  [36m</option>[39m
                  [36m<option[39m
                    [33mvalue[39m=[32m"condo"[39m
                  [36m>[39m
                    [0mCondo[0m
                  [36m</option>[39m
                [36m</select>[39m
                [36m<button[39m
                  [33mdata-testid[39m=[32m"apply-filters"[39m
                [36m>[39m
                  [0mApply Filters[0m
                [36m</button>[39m
              [36m</div>[39m
            [36m</div>[39m
            [36m<div[39m
              [33mclass[39m=[32m"lg:col-span-3"[39m
              [33mdata-testid[39m=[32m"main-content"[39m
            [36m>[39m
              [36m<div[39m
                [33mdata-testid[39m=[32m"results-header"[39m
              [36m>[39m
                [36m<p>[39m
                  [0m2[0m
                  [0m properties found[0m
                [36m</p>[39m
              [36m</div>[39m
              [36m<div[39m
                [33mdata-testid[39m=[32m"view-toggle"[39m
              [36m>[39m
                [36m<button[39m
                  [33mdata-testid[39m=[32m"grid-view"[39m
                [36m>[39m
                  [0mGrid View[0m
                [36m</button>[39m
                [36m<button[39m
                  [33mdata-testid[39m=[32m"map-view"[39m
                [36m>[39m
                  [0mMap View[0m
                [36m</button>[39m
              [36m</div>[39m
              [36m<div[39m
                [33mdata-testid[39m=[32m"property-grid"[39m
              [36m>[39m
                [36m<div[39m
                  [33mdata-testid[39m=[32m"property-1"[39m
                [36m>[39m
                  [36m<h3>[39m
                    [0mLuxury Villa[0m
                  [36m</h3>[39m
                  [36m<p>[39m
                    [0m$[0m
                    [0m1,200,000[0m
                  [36m</p>[39m
                  [36m<p>[39m
                    [0mBeverly Hills, CA[0m
                  [36m</p>[39m
                  [36m<button[39m
                    [33mdata-testid[39m=[32m"view-property-1"[39m
                  [36m>[39m
                    [0mView Details[0m
                  [36m</button>[39m
                [36m</div>[39m
                [36m<div[39m
                  [33mdata-testid[39m=[32m"property-2"[39m
                [36m>[39m
                  [36m<h3>[39m
                    [0mModern Condo[0m
                  [36m</h3>[39m
                  [36m<p>[39m
                    [0m$[0m
                    [0m800,000[0m
                  [36m</p>[39m
                  [36m<p>[39m
                    [0mManhattan, NY[0m
                  [36m</p>[39m
                  [36m<button[39m
                    [33mdata-testid[39m=[32m"view-property-2"[39m
                  [36m>[39m
                    [0mView Details[0m
                  [36m</button>[39m
                [36m</div>[39m
              [36m</div>[39m
              [36m<div[39m
                [33mdata-testid[39m=[32m"map-view"[39m
              [36m>[39m
                [36m<div[39m
                  [33mdata-testid[39m=[32m"map-container"[39m
                [36m>[39m
                  [0mMap Container[0m
                [36m</div>[39m
                [36m<button[39m
                  [33mdata-testid[39m=[32m"map-marker-1"[39m
                [36m>[39m
                  [0mLuxury Villa[0m
                [36m</button>[39m
                [36m<button[39m
                  [33mdata-testid[39m=[32m"map-marker-2"[39m
                [36m>[39m
                  [0mModern Condo[0m
                [36m</button>[39m
              [36m</div>[39m
            [36m</div>[39m
          [36m</div>[39m
        [36m</div>[39m
      [36m</div>[39m
    [36m</body>[39m

      209 |     expect(screen.getByTestId('search-filters')).toBeInTheDocument();
      210 |     expect(screen.getByTestId('property-grid')).toBeInTheDocument();
    > 211 |     expect(screen.getByTestId('map-view')).toBeInTheDocument();
          |                   ^
      212 |   });
      213 |
      214 |   it('displays initial property count', () => {

      at Object.getElementError (node_modules/@testing-library/dom/dist/config.js:37:19)
      at getElementError (node_modules/@testing-library/dom/dist/query-helpers.js:20:35)
      at getMultipleElementsFoundError (node_modules/@testing-library/dom/dist/query-helpers.js:23:10)
      at node_modules/@testing-library/dom/dist/query-helpers.js:55:13
      at node_modules/@testing-library/dom/dist/query-helpers.js:95:19
      at Object.getByTestId (src/__tests__/integration/property-search-flow.test.tsx:211:19)

  ● Property Search Flow Integration › filters properties by price range

    TestingLibraryElementError: Found multiple elements with the text: Luxury Villa

    Here are the matching elements:

    Ignored nodes: comments, script, style
    [36m<h3>[39m
      [0mLuxury Villa[0m
    [36m</h3>[39m

    Ignored nodes: comments, script, style
    [36m<button[39m
      [33mdata-testid[39m=[32m"map-marker-1"[39m
    [36m>[39m
      [0mLuxury Villa[0m
    [36m</button>[39m

    (If this is intentional, then use the `*AllBy*` variant of the query (like `queryAllByText`, `getAllByText`, or `findAllByText`)).

    Ignored nodes: comments, script, style
    [36m<body>[39m
      [36m<div>[39m
        [36m<div[39m
          [33mdata-testid[39m=[32m"property-search-page"[39m
        [36m>[39m
          [36m<h1>[39m
            [0mProperty Search[0m
          [36m</h1>[39m
          [36m<div[39m
            [33mclass[39m=[32m"grid grid-cols-1 lg:grid-cols-4 gap-6"[39m
            [33mdata-testid[39m=[32m"search-layout"[39m
          [36m>[39m
            [36m<div[39m
              [33mdata-testid[39m=[32m"filters-sidebar"[39m
            [36m>[39m
              [36m<div[39m
                [33mdata-testid[39m=[32m"search-filters"[39m
              [36m>[39m
                [36m<input[39m
                  [33mdata-testid[39m=[32m"price-min"[39m
                  [33mplaceholder[39m=[32m"Min Price"[39m
                [36m/>[39m
                [36m<input[39m
                  [33mdata-testid[39m=[32m"price-max"[39m
                  [33mplaceholder[39m=[32m"Max Price"[39m
                [36m/>[39m
                [36m<select[39m
                  [33mdata-testid[39m=[32m"property-type"[39m
                [36m>[39m
                  [36m<option[39m
                    [33mvalue[39m=[32m""[39m
                  [36m>[39m
                    [0mAll Types[0m
                  [36m</option>[39m
                  [36m<option[39m
                    [33mvalue[39m=[32m"house"[39m
                  [36m>[39m
                    [0mHouse[0m
                  [36m</option>[39m
                  [36m<option[39m
                    [33mvalue[39m=[32m"condo"[39m
                  [36m>[39m
                    [0mCondo[0m
                  [36m</option>[39m
                [36m</select>[39m
                [36m<button[39m
                  [33mdata-testid[39m=[32m"apply-filters"[39m
                [36m>[39m
                  [0mApply Filters[0m
                [36m</button>[39m
              [36m</div>[39m
            [36m</div>[39m
            [36m<div[39m
              [33mclass[39m=[32m"lg:col-span-3"[39m
              [33mdata-testid[39m=[32m"main-content"[39m
            [36m>[39m
              [36m<div[39m
                [33mdata-testid[39m=[32m"results-header"[39m
              [36m>[39m
                [36m<p>[39m
                  [0m2[0m
                  [0m properties found[0m
                [36m</p>[39m
              [36m</div>[39m
              [36m<div[39m
                [33mdata-testid[39m=[32m"view-toggle"[39m
              [36m>[39m
                [36m<button[39m
                  [33mdata-testid[39m=[32m"grid-view"[39m
                [36m>[39m
                  [0mGrid View[0m
                [36m</button>[39m
                [36m<button[39m
                  [33mdata-testid[39m=[32m"map-view"[39m
                [36m>[39m
                  [0mMap View[0m
                [36m</button>[39m
              [36m</div>[39m
              [36m<div[39m
                [33mdata-testid[39m=[32m"property-grid"[39m
              [36m>[39m
                [36m<div[39m
                  [33mdata-testid[39m=[32m"property-1"[39m
                [36m>[39m
                  [36m<h3>[39m
                    [0mLuxury Villa[0m
                  [36m</h3>[39m
                  [36m<p>[39m
                    [0m$[0m
                    [0m1,200,000[0m
                  [36m</p>[39m
                  [36m<p>[39m
                    [0mBeverly Hills, CA[0m
                  [36m</p>[39m
                  [36m<button[39m
                    [33mdata-testid[39m=[32m"view-property-1"[39m
                  [36m>[39m
                    [0mView Details[0m
                  [36m</button>[39m
                [36m</div>[39m
                [36m<div[39m
                  [33mdata-testid[39m=[32m"property-2"[39m
                [36m>[39m
                  [36m<h3>[39m
                    [0mModern Condo[0m
                  [36m</h3>[39m
                  [36m<p>[39m
                    [0m$[0m
                    [0m800,000[0m
                  [36m</p>[39m
                  [36m<p>[39m
                    [0mManhattan, NY[0m
                  [36m</p>[39m
                  [36m<button[39m
                    [33mdata-testid[39m=[32m"view-property-2"[39m
                  [36m>[39m
                    [0mView Details[0m
                  [36m</button>[39m
                [36m</div>[39m
              [36m</div>[39m
              [36m<div[39m
                [33mdata-testid[39m=[32m"map-view"[39m
              [36m>[39m
                [36m<div[39m
                  [33mdata-testid[39m=[32m"map-container"[39m
                [36m>[39m
                  [0mMap Container[0m
                [36m</div>[39m
                [36m<button[39m
                  [33mdata-testid[39m=[32m"map-marker-1"[39m
                [36m>[39m
                  [0mLuxury Villa[0m
                [36m</button>[39m
                [36m<button[39m
                  [33mdata-testid[39m=[32m"map-marker-2"[39m
                [36m>[39m
                  [0mModern Condo[0m
                [36m</button>[39m
              [36m</div>[39m
            [36m</div>[39m
          [36m</div>[39m
        [36m</div>[39m
      [36m</div>[39m
    [36m</body>[39m

      231 |     });
      232 |     
    > 233 |     expect(screen.getByText('Luxury Villa')).toBeInTheDocument();
          |                   ^
      234 |     expect(screen.queryByText('Modern Condo')).not.toBeInTheDocument();
      235 |   });
      236 |

      at Object.getElementError (node_modules/@testing-library/dom/dist/config.js:37:19)
      at getElementError (node_modules/@testing-library/dom/dist/query-helpers.js:20:35)
      at getMultipleElementsFoundError (node_modules/@testing-library/dom/dist/query-helpers.js:23:10)
      at node_modules/@testing-library/dom/dist/query-helpers.js:55:13
      at node_modules/@testing-library/dom/dist/query-helpers.js:95:19
      at Object.getByText (src/__tests__/integration/property-search-flow.test.tsx:233:19)

  ● Property Search Flow Integration › filters properties by type

    TestingLibraryElementError: Found multiple elements with the text: Modern Condo

    Here are the matching elements:

    Ignored nodes: comments, script, style
    [36m<h3>[39m
      [0mModern Condo[0m
    [36m</h3>[39m

    Ignored nodes: comments, script, style
    [36m<button[39m
      [33mdata-testid[39m=[32m"map-marker-2"[39m
    [36m>[39m
      [0mModern Condo[0m
    [36m</button>[39m

    (If this is intentional, then use the `*AllBy*` variant of the query (like `queryAllByText`, `getAllByText`, or `findAllByText`)).

    Ignored nodes: comments, script, style
    [36m<body>[39m
      [36m<div>[39m
        [36m<div[39m
          [33mdata-testid[39m=[32m"property-search-page"[39m
        [36m>[39m
          [36m<h1>[39m
            [0mProperty Search[0m
          [36m</h1>[39m
          [36m<div[39m
            [33mclass[39m=[32m"grid grid-cols-1 lg:grid-cols-4 gap-6"[39m
            [33mdata-testid[39m=[32m"search-layout"[39m
          [36m>[39m
            [36m<div[39m
              [33mdata-testid[39m=[32m"filters-sidebar"[39m
            [36m>[39m
              [36m<div[39m
                [33mdata-testid[39m=[32m"search-filters"[39m
              [36m>[39m
                [36m<input[39m
                  [33mdata-testid[39m=[32m"price-min"[39m
                  [33mplaceholder[39m=[32m"Min Price"[39m
                [36m/>[39m
                [36m<input[39m
                  [33mdata-testid[39m=[32m"price-max"[39m
                  [33mplaceholder[39m=[32m"Max Price"[39m
                [36m/>[39m
                [36m<select[39m
                  [33mdata-testid[39m=[32m"property-type"[39m
                [36m>[39m
                  [36m<option[39m
                    [33mvalue[39m=[32m""[39m
                  [36m>[39m
                    [0mAll Types[0m
                  [36m</option>[39m
                  [36m<option[39m
                    [33mvalue[39m=[32m"house"[39m
                  [36m>[39m
                    [0mHouse[0m
                  [36m</option>[39m
                  [36m<option[39m
                    [33mvalue[39m=[32m"condo"[39m
                  [36m>[39m
                    [0mCondo[0m
                  [36m</option>[39m
                [36m</select>[39m
                [36m<button[39m
                  [33mdata-testid[39m=[32m"apply-filters"[39m
                [36m>[39m
                  [0mApply Filters[0m
                [36m</button>[39m
              [36m</div>[39m
            [36m</div>[39m
            [36m<div[39m
              [33mclass[39m=[32m"lg:col-span-3"[39m
              [33mdata-testid[39m=[32m"main-content"[39m
            [36m>[39m
              [36m<div[39m
                [33mdata-testid[39m=[32m"results-header"[39m
              [36m>[39m
                [36m<p>[39m
                  [0m1[0m
                  [0m properties found[0m
                [36m</p>[39m
              [36m</div>[39m
              [36m<div[39m
                [33mdata-testid[39m=[32m"view-toggle"[39m
              [36m>[39m
                [36m<button[39m
                  [33mdata-testid[39m=[32m"grid-view"[39m
                [36m>[39m
                  [0mGrid View[0m
                [36m</button>[39m
                [36m<button[39m
                  [33mdata-testid[39m=[32m"map-view"[39m
                [36m>[39m
                  [0mMap View[0m
                [36m</button>[39m
              [36m</div>[39m
              [36m<div[39m
                [33mdata-testid[39m=[32m"property-grid"[39m
              [36m>[39m
                [36m<div[39m
                  [33mdata-testid[39m=[32m"property-2"[39m
                [36m>[39m
                  [36m<h3>[39m
                    [0mModern Condo[0m
                  [36m</h3>[39m
                  [36m<p>[39m
                    [0m$[0m
                    [0m800,000[0m
                  [36m</p>[39m
                  [36m<p>[39m
                    [0mManhattan, NY[0m
                  [36m</p>[39m
                  [36m<button[39m
                    [33mdata-testid[39m=[32m"view-property-2"[39m
                  [36m>[39m
                    [0mView Details[0m
                  [36m</button>[39m
                [36m</div>[39m
              [36m</div>[39m
              [36m<div[39m
                [33mdata-testid[39m=[32m"map-view"[39m
              [36m>[39m
                [36m<div[39m
                  [33mdata-testid[39m=[32m"map-container"[39m
                [36m>[39m
                  [0mMap Container[0m
                [36m</div>[39m
                [36m<button[39m
                  [33mdata-testid[39m=[32m"map-marker-2"[39m
                [36m>[39m
                  [0mModern Condo[0m
                [36m</button>[39m
              [36m</div>[39m
            [36m</div>[39m
          [36m</div>[39m
        [36m</div>[39m
      [36m</div>[39m
    [36m</body>[39m

      245 |     });
      246 |     
    > 247 |     expect(screen.getByText('Modern Condo')).toBeInTheDocument();
          |                   ^
      248 |     expect(screen.queryByText('Luxury Villa')).not.toBeInTheDocument();
      249 |   });
      250 |

      at Object.getElementError (node_modules/@testing-library/dom/dist/config.js:37:19)
      at getElementError (node_modules/@testing-library/dom/dist/query-helpers.js:20:35)
      at getMultipleElementsFoundError (node_modules/@testing-library/dom/dist/query-helpers.js:23:10)
      at node_modules/@testing-library/dom/dist/query-helpers.js:55:13
      at node_modules/@testing-library/dom/dist/query-helpers.js:95:19
      at Object.getByText (src/__tests__/integration/property-search-flow.test.tsx:247:19)

  ● Property Search Flow Integration › handles view toggle between grid and map

    TestingLibraryElementError: Found multiple elements by: [data-testid="map-view"]

    Here are the matching elements:

    Ignored nodes: comments, script, style
    [36m<button[39m
      [33mdata-testid[39m=[32m"map-view"[39m
    [36m>[39m
      [0mMap View[0m
    [36m</button>[39m

    Ignored nodes: comments, script, style
    [36m<div[39m
      [33mdata-testid[39m=[32m"map-view"[39m
    [36m>[39m
      [36m<div[39m
        [33mdata-testid[39m=[32m"map-container"[39m
      [36m>[39m
        [0mMap Container[0m
      [36m</div>[39m
      [36m<button[39m
        [33mdata-testid[39m=[32m"map-marker-1"[39m
      [36m>[39m
        [0mLuxury Villa[0m
      [36m</button>[39m
      [36m<button[39m
        [33mdata-testid[39m=[32m"map-marker-2"[39m
      [36m>[39m
        [0mModern Condo[0m
      [36m</button>[39m
    [36m</div>[39m

    (If this is intentional, then use the `*AllBy*` variant of the query (like `queryAllByText`, `getAllByText`, or `findAllByText`)).

    Ignored nodes: comments, script, style
    [36m<body>[39m
      [36m<div>[39m
        [36m<div[39m
          [33mdata-testid[39m=[32m"property-search-page"[39m
        [36m>[39m
          [36m<h1>[39m
            [0mProperty Search[0m
          [36m</h1>[39m
          [36m<div[39m
            [33mclass[39m=[32m"grid grid-cols-1 lg:grid-cols-4 gap-6"[39m
            [33mdata-testid[39m=[32m"search-layout"[39m
          [36m>[39m
            [36m<div[39m
              [33mdata-testid[39m=[32m"filters-sidebar"[39m
            [36m>[39m
              [36m<div[39m
                [33mdata-testid[39m=[32m"search-filters"[39m
              [36m>[39m
                [36m<input[39m
                  [33mdata-testid[39m=[32m"price-min"[39m
                  [33mplaceholder[39m=[32m"Min Price"[39m
                [36m/>[39m
                [36m<input[39m
                  [33mdata-testid[39m=[32m"price-max"[39m
                  [33mplaceholder[39m=[32m"Max Price"[39m
                [36m/>[39m
                [36m<select[39m
                  [33mdata-testid[39m=[32m"property-type"[39m
                [36m>[39m
                  [36m<option[39m
                    [33mvalue[39m=[32m""[39m
                  [36m>[39m
                    [0mAll Types[0m
                  [36m</option>[39m
                  [36m<option[39m
                    [33mvalue[39m=[32m"house"[39m
                  [36m>[39m
                    [0mHouse[0m
                  [36m</option>[39m
                  [36m<option[39m
                    [33mvalue[39m=[32m"condo"[39m
                  [36m>[39m
                    [0mCondo[0m
                  [36m</option>[39m
                [36m</select>[39m
                [36m<button[39m
                  [33mdata-testid[39m=[32m"apply-filters"[39m
                [36m>[39m
                  [0mApply Filters[0m
                [36m</button>[39m
              [36m</div>[39m
            [36m</div>[39m
            [36m<div[39m
              [33mclass[39m=[32m"lg:col-span-3"[39m
              [33mdata-testid[39m=[32m"main-content"[39m
            [36m>[39m
              [36m<div[39m
                [33mdata-testid[39m=[32m"results-header"[39m
              [36m>[39m
                [36m<p>[39m
                  [0m2[0m
                  [0m properties found[0m
                [36m</p>[39m
              [36m</div>[39m
              [36m<div[39m
                [33mdata-testid[39m=[32m"view-toggle"[39m
              [36m>[39m
                [36m<button[39m
                  [33mdata-testid[39m=[32m"grid-view"[39m
                [36m>[39m
                  [0mGrid View[0m
                [36m</button>[39m
                [36m<button[39m
                  [33mdata-testid[39m=[32m"map-view"[39m
                [36m>[39m
                  [0mMap View[0m
                [36m</button>[39m
              [36m</div>[39m
              [36m<div[39m
                [33mdata-testid[39m=[32m"property-grid"[39m
              [36m>[39m
                [36m<div[39m
                  [33mdata-testid[39m=[32m"property-1"[39m
                [36m>[39m
                  [36m<h3>[39m
                    [0mLuxury Villa[0m
                  [36m</h3>[39m
                  [36m<p>[39m
                    [0m$[0m
                    [0m1,200,000[0m
                  [36m</p>[39m
                  [36m<p>[39m
                    [0mBeverly Hills, CA[0m
                  [36m</p>[39m
                  [36m<button[39m
                    [33mdata-testid[39m=[32m"view-property-1"[39m
                  [36m>[39m
                    [0mView Details[0m
                  [36m</button>[39m
                [36m</div>[39m
                [36m<div[39m
                  [33mdata-testid[39m=[32m"property-2"[39m
                [36m>[39m
                  [36m<h3>[39m
                    [0mModern Condo[0m
                  [36m</h3>[39m
                  [36m<p>[39m
                    [0m$[0m
                    [0m800,000[0m
                  [36m</p>[39m
                  [36m<p>[39m
                    [0mManhattan, NY[0m
                  [36m</p>[39m
                  [36m<button[39m
                    [33mdata-testid[39m=[32m"view-property-2"[39m
                  [36m>[39m
                    [0mView Details[0m
                  [36m</button>[39m
                [36m</div>[39m
              [36m</div>[39m
              [36m<div[39m
                [33mdata-testid[39m=[32m"map-view"[39m
              [36m>[39m
                [36m<div[39m
                  [33mdata-testid[39m=[32m"map-container"[39m
                [36m>[39m
                  [0mMap Container[0m
                [36m</div>[39m
                [36m<button[39m
                  [33mdata-testid[39m=[32m"map-marker-1"[39m
                [36m>[39m
                  [0mLuxury Villa[0m
                [36m</button>[39m
                [36m<button[39m
                  [33mdata-testid[39m=[32m"map-marker-2"[39m
                [36m>[39m
                  [0mModern Condo[0m
                [36m</button>[39m
              [36m</div>[39m
            [36m</div>[39m
          [36m</div>[39m
        [36m</div>[39m
      [36m</div>[39m
    [36m</body>[39m

      294 |     
      295 |     const gridViewButton = screen.getByTestId('grid-view');
    > 296 |     const mapViewButton = screen.getByTestId('map-view');
          |                                  ^
      297 |     
      298 |     fireEvent.click(mapViewButton);
      299 |     fireEvent.click(gridViewButton);

      at Object.getElementError (node_modules/@testing-library/dom/dist/config.js:37:19)
      at getElementError (node_modules/@testing-library/dom/dist/query-helpers.js:20:35)
      at getMultipleElementsFoundError (node_modules/@testing-library/dom/dist/query-helpers.js:23:10)
      at node_modules/@testing-library/dom/dist/query-helpers.js:55:13
      at node_modules/@testing-library/dom/dist/query-helpers.js:95:19
      at Object.getByTestId (src/__tests__/integration/property-search-flow.test.tsx:296:34)

FAIL src/components/__tests__/FullMapView.test.tsx (5.043 s)
  ● FullMapView Component › renders full map container

    TestingLibraryElementError: Unable to find an element by: [data-testid="full-map-container"]

    Ignored nodes: comments, script, style
    [36m<body>[39m
      [36m<div>[39m
        [36m<div[39m
          [33mclass[39m=[32m"relative h-full w-full"[39m
        [36m>[39m
          [36m<div[39m
            [33mclass[39m=[32m"absolute left-4 top-4 z-50 map-filters-overlay pointer-events-none w-full max-w-[min(92vw,360px)] sm:w-auto sm:max-w-sm"[39m
          [36m>[39m
            [36m<div[39m
              [33mclass[39m=[32m"pointer-events-auto bg-white/95 backdrop-blur rounded-lg shadow border border-gray-200 p-2"[39m
            [36m>[39m
              [36m<div[39m
                [33mclass[39m=[32m"relative w-full"[39m
              [36m>[39m
                [36m<div[39m
                  [33mclass[39m=[32m"relative"[39m
                [36m>[39m
                  [36m<div[39m
                    [33mclass[39m=[32m"absolute inset-y-0 left-0 pl-3 flex items-center pointer-events-none"[39m
                  [36m>[39m
                    [36m<svg[39m
                      [33maria-hidden[39m=[32m"true"[39m
                      [33mclass[39m=[32m"lucide lucide-search h-4 w-4 text-gray-400"[39m
                      [33mfill[39m=[32m"none"[39m
                      [33mheight[39m=[32m"24"[39m
                      [33mstroke[39m=[32m"currentColor"[39m
                      [33mstroke-linecap[39m=[32m"round"[39m
                      [33mstroke-linejoin[39m=[32m"round"[39m
                      [33mstroke-width[39m=[32m"2"[39m
                      [33mviewBox[39m=[32m"0 0 24 24"[39m
                      [33mwidth[39m=[32m"24"[39m
                      [33mxmlns[39m=[32m"http://www.w3.org/2000/svg"[39m
                    [36m>[39m
                      [36m<path[39m
                        [33md[39m=[32m"m21 21-4.34-4.34"[39m
                      [36m/>[39m
                      [36m<circle[39m
                        [33mcx[39m=[32m"11"[39m
                        [33mcy[39m=[32m"11"[39m
                        [33mr[39m=[32m"8"[39m
                      [36m/>[39m
                    [36m</svg>[39m
                  [36m</div>[39m
                  [36m<input[39m
                    [33mclass[39m=[32m"block w-full pl-10 pr-20 py-3 border border-gray-300 rounded-lg focus:outline-none focus:ring-2 focus:ring-blue-500 focus:border-transparent"[39m
                    [33mplaceholder[39m=[32m"Kërko pranë një vendndodhjeje..."[39m
                    [33mtype[39m=[32m"text"[39m
                    [33mvalue[39m=[32m""[39m
                  [36m/>[39m
                  [36m<div[39m
                    [33mclass[39m=[32m"absolute inset-y-0 right-0 flex items-center"[39m
                  [36m>[39m
                    [36m<button[39m
                      [33mclass[39m=[32m"p-2 mr-1 text-blue-600 hover:text-blue-700 transition-colors"[39m
                      [33mtitle[39m=[32m"Use current location"[39m
                    [36m>[39m
                      [36m<svg[39m
                        [33maria-hidden[39m=[32m"true"[39m
                        [33mclass[39m=[32m"lucide lucide-target h-4 w-4"[39m
                        [33mfill[39m=[32m"none"[39m
                        [33mheight[39m=[32m"24"[39m
                        [33mstroke[39m=[32m"currentColor"[39m
                        [33mstroke-linecap[39m=[32m"round"[39m
                        [33mstroke-linejoin[39m=[32m"round"[39m
                        [33mstroke-width[39m=[32m"2"[39m
                        [33mviewBox[39m=[32m"0 0 24 24"[39m
                        [33mwidth[39m=[32m"24"[39m
                        [33mxmlns[39m=[32m"http://www.w3.org/2000/svg"[39m
                      [36m>[39m
                        [36m<circle[39m
                          [33mcx[39m=[32m"12"[39m
                          [33mcy[39m=[32m"12"[39m
                          [33mr[39m=[32m"10"[39m
                        [36m/>[39m
                        [36m<circle[39m
                          [33mcx[39m=[32m"12"[39m
                          [33mcy[39m=[32m"12"[39m
                          [33mr[39m=[32m"6"[39m
                        [36m/>[39m
                        [36m<circle[39m
                          [33mcx[39m=[32m"12"[39m
                          [33mcy[39m=[32m"12"[39m
                          [33mr[39m=[32m"2"[39m
                        [36m/>[39m
                      [36m</svg>[39m
                    [36m</button>[39m
                  [36m</div>[39m
                [36m</div>[39m
              [36m</div>[39m
            [36m</div>[39m
          [36m</div>[39m
          [36m<div[39m
            [33mclass[39m=[32m"h-full w-full bg-gray-50"[39m
            [33mstyle[39m=[32m"margin-right: 0px;"[39m
          [36m/>[39m
          [36m<div[39m
            [33mclass[39m=[32m"absolute z-50 map-controls-overlay"[39m
            [33mstyle[39m=[32m"right: 1rem; bottom: auto; top: 1rem;"[39m
          [36m>[39m
            [36m<div[39m
              [33mclass[39m=[32m"flex items-center gap-2"[39m
            [36m>[39m
              [36m<div[39m
                [33mclass[39m=[32m"bg-white rounded-md shadow border border-gray-200 p-1 flex items-center gap-1"[39m
              [36m>[39m
                [36m<button[39m
                  [33mclass[39m=[32m"px-2 py-1 text-[11px] rounded-sm transition-colors bg-blue-600 text-white"[39m
                  [33mtitle[39m=[32m"Rrugë"[39m
                [36m>[39m
                  [0m🗺️ Rrugë[0m
                [36m</button>[39m
                [36m<button[39m
                  [33mclass[39m=[32m"px-2 py-1 text-[11px] rounded-sm transition-colors text-blue-600 hover:bg-blue-50"[39m
                  [33mtitle[39m=[32m"Satelit"[39m
                [36m>[39m
                  [0m🛰️ Satelit[0m
                [36m</button>[39m
                [36m<button[39m
                  [33mclass[39m=[32m"px-2 py-1 text-[11px] rounded-sm transition-colors text-blue-600 hover:bg-blue-50"[39m
                  [33mtitle[39m=[32m"Teren"[39m
                [36m>[39m
                  [0m🏔️ Teren[0m
                [36m</button>[39m
              [36m</div>[39m
              [36m<button[39m
                [33mclass[39m=[32m"bg-white hover:bg-blue-50 p-2 rounded-md shadow border border-gray-200 transition-colors"[39m
                [33mtitle[39m=[32m"Rivendos pamjen"[39m
              [36m>[39m
                [36m<svg[39m
                  [33maria-hidden[39m=[32m"true"[39m
                  [33mclass[39m=[32m"lucide lucide-house h-3 w-3 text-blue-600"[39m
                  [33mfill[39m=[32m"none"[39m
                  [33mheight[39m=[32m"24"[39m
                  [33mstroke[39m=[32m"currentColor"[39m
                  [33mstroke-linecap[39m=[32m"round"[39m
                  [33mstroke-linejoin[39m=[32m"round"[39m
                  [33mstroke-width[39m=[32m"2"[39m
                  [33mviewBox[39m=[32m"0 0 24 24"[39m
                  [33mwidth[39m=[32m"24"[39m
                  [33mxmlns[39m=[32m"http://www.w3.org/2000/svg"[39m
                [36m>[39m
                  [36m<path[39m
                    [33md[39m=[32m"M15 21v-8a1 1 0 0 0-1-1h-4a1 1 0 0 0-1 1v8"[39m
                  [36m/>[39m
                  [36m<path[39m
                    [33md[39m=[32m"M3 10a2 2 0 0 1 .709-1.528l7-5.999a2 2 0 0 1 2.582 0l7 5.999A2 2 0 0 1 21 10v9a2 2 0 0 1-2 2H5a2 2 0 0 1-2-2z"[39m
                  [36m/>[39m
                [36m</svg>[39m
              [36m</button>[39m
            [36m</div>[39m
          [36m</div>[39m
          [36m<div[39m
            [33mclass[39m=[32m"absolute inset-0 bg-linear-to-br from-blue-50 to-green-50 bg-opacity-95 flex items-center justify-center"[39m
          [36m>[39m
            [36m<div[39m
              [33mclass[39m=[32m"flex flex-col items-center justify-center p-8"[39m
            [36m>[39m
              [36m<div[39m
                [33mclass[39m=[32m"relative mb-4"[39m
              [36m>[39m
                [36m<div[39m
                  [33mclass[39m=[32m"absolute inset-0 bg-gradient-to-r from-red-100 to-blue-100 rounded-full animate-pulse"[39m
                [36m/>[39m
                [36m<div[39m
                  [33mclass[39m=[32m"relative bg-white rounded-full p-4 shadow-lg"[39m
                [36m>[39m
                  [36m<div[39m
                    [33mclass[39m=[32m"absolute inset-0 bg-gradient-to-r from-red-500 via-blue-500 to-yellow-500 rounded-full animate-spin opacity-20"[39m
                  [36m/>[39m
                  [36m<div[39m
                    [33mclass[39m=[32m"relative z-10"[39m
                  [36m>[39m
                    [36m<svg[39m
                      [33maria-hidden[39m=[32m"true"[39m
                      [33mclass[39m=[32m"lucide lucide-house h-12 w-12 text-red-500 transition-all duration-300 opacity-100 scale-110 transform"[39m
                      [33mfill[39m=[32m"none"[39m
                      [33mheight[39m=[32m"24"[39m
                      [33mstroke[39m=[32m"currentColor"[39m
                      [33mstroke-linecap[39m=[32m"round"[39m
                      [33mstroke-linejoin[39m=[32m"round"[39m
                      [33mstroke-width[39m=[32m"2"[39m
                      [33mviewBox[39m=[32m"0 0 24 24"[39m
                      [33mwidth[39m=[32m"24"[39m
                      [33mxmlns[39m=[32m"http://www.w3.org/2000/svg"[39m
                    [36m>[39m
                      [36m<path[39m
                        [33md[39m=[32m"M15 21v-8a1 1 0 0 0-1-1h-4a1 1 0 0 0-1 1v8"[39m
                      [36m/>[39m
                      [36m<path[39m
                        [33md[39m=[32m"M3 10a2 2 0 0 1 .709-1.528l7-5.999a2 2 0 0 1 2.582 0l7 5.999A2 2 0 0 1 21 10v9a2 2 0 0 1-2 2H5a2 2 0 0 1-2-2z"[39m
                      [36m/>[39m
                    [36m</svg>[39m
                    [36m<svg[39m
                      [33maria-hidden[39m=[32m"true"[39m
                      [33mclass[39m=[32m"lucide lucide-map-pin h-12 w-12 text-blue-500 transition-all duration-300 opacity-0 scale-90 absolute inset-0"[39m
                      [33mfill[39m=[32m"none"[39m
                      [33mheight[39m=[32m"24"[39m
                      [33mstroke[39m=[32m"currentColor"[39m
                      [33mstroke-linecap[39m=[32m"round"[39m
                      [33mstroke-linejoin[39m=[32m"round"[39m
                      [33mstroke-width[39m=[32m"2"[39m
                      [33mviewBox[39m=[32m"0 0 24 24"[39m
                      [33mwidth[39m=[32m"24"[39m
                      [33mxmlns[39m=[32m"http://www.w3.org/2000/svg"[39m
                    [36m>[39m
                      [36m<path[39m
                        [33md[39m=[32m"M20 10c0 4.993-5.539 10.193-7.399 11.799a1 1 0 0 1-1.202 0C9.539 20.193 4 14.993 4 10a8 8 0 0 1 16 0"[39m
                      [36m/>[39m
                      [36m<circle[39m
                        [33mcx[39m=[32m"12"[39m
                        [33mcy[39m=[32m"10"[39m
                        [33mr[39m=[32m"3"[39m
                      [36m/>[39m
                    [36m</svg>[39m
                    [36m<svg[39m
                      [33maria-hidden[39m=[32m"true"[39m
                      [33mclass[39m=[32m"lucide lucide-key h-12 w-12 text-yellow-500 transition-all duration-300 opacity-0 scale-90 absolute inset-0"[39m
                      [33mfill[39m=[32m"none"[39m
                      [33mheight[39m=[32m"24"[39m
                      [33mstroke[39m=[32m"currentColor"[39m
                      [33mstroke-linecap[39m=[32m"round"[39m
                      [33mstroke-linejoin[39m=[32m"round"[39m
                      [33mstroke-width[39m=[32m"2"[39m
                      [33mviewBox[39m=[32m"0 0 24 24"[39m
                      [33mwidth[39m=[32m"24"[39m
                      [33mxmlns[39m=[32m"http://www.w3.org/2000/svg"[39m
                    [36m>[39m
                      [36m<path[39m
                        [33md[39m=[32m"m15.5 7.5 2.3 2.3a1 1 0 0 0 1.4 0l2.1-2.1a1 1 0 0 0 0-1.4L19 4"[39m
                      [36m/>[39m
                      [36m<path[39m
                        [33md[39m=[32m"m21 2-9.6 9.6"[39m
                      [36m/>[39m
                      [36m<circle[39m
                        [33mcx[39m=[32m"7.5"[39m
                        [33mcy[39m=[32m"15.5"[39m
                        [33mr[39m=[32m"5.5"[39m
                      [36m/>[39m
                    [36m</svg>[39m
                    [36m<svg[39m
                      [33maria-hidden[39m=[32m"true"[39m
                      [33mclass[39m=[32m"lucide lucide-heart h-12 w-12 text-pink-500 transition-all duration-300 opacity-0 scale-90 absolute inset-0"[39m
                      [33mfill[39m=[32m"none"[39m
                      [33mheight[39m=[32m"24"[39m
                      [33mstroke[39m=[32m"currentColor"[39m
                      [33mstroke-linecap[39m=[32m"round"[39m
                      [33mstroke-linejoin[39m=[32m"round"[39m
                      [33mstroke-width[39m=[32m"2"[39m
                      [33mviewBox[39m=[32m"0 0 24 24"[39m
                      [33mwidth[39m=[32m"24"[39m
                      [33mxmlns[39m=[32m"http://www.w3.org/2000/svg"[39m
                    [36m>[39m
                      [36m<path[39m
                        [33md[39m=[32m"M19 14c1.49-1.46 3-3.21 3-5.5A5.5 5.5 0 0 0 16.5 3c-1.76 0-3 .5-4.5 2-1.5-1.5-2.74-2-4.5-2A5.5 5.5 0 0 0 2 8.5c0 2.3 1.5 4.05 3 5.5l7 7Z"[39m
                      [36m/>[39m
                    [36m</svg>[39m
                  [36m</div>[39m
                [36m</div>[39m
              [36m</div>[39m
              [36m<div[39m
                [33mclass[39m=[32m"flex space-x-1 mb-3"[39m
              [36m>[39m
                [36m<div[39m
                  [33mclass[39m=[32m"w-2 h-2 bg-red-500 rounded-full animate-bounce"[39m
                  [33mstyle[39m=[32m"animation-delay: 0s;"[39m
                [36m/>[39m
                [36m<div[39m
                  [33mclass[39m=[32m"w-2 h-2 bg-red-500 rounded-full animate-bounce"[39m
                  [33mstyle[39m=[32m"animation-delay: 0.2s;"[39m
                [36m/>[39m
                [36m<div[39m
                  [33mclass[39m=[32m"w-2 h-2 bg-red-500 rounded-full animate-bounce"[39m
                  [33mstyle[39m=[32m"animation-delay: 0.4s;"[39m
                [36m/>[39m
              [36m</div>[39m
              [36m<p[39m
                [33mclass[39m=[32m"text-gray-700 text-sm font-medium text-center"[39m
              [36m>[39m
                [0mPo ngarkohet harta...[0m
              [36m</p>[39m
              [36m<div[39m
                [33mclass[39m=[32m"w-32 h-1 bg-gray-200 rounded-full mt-3 overflow-hidden"[39m
              [36m>[39m
                [36m<div[39m
                  [33mclass[39m=[32m"h-full bg-gradient-to-r from-red-500 to-blue-500 rounded-full animate-pulse"[39m
                [36m/>[39m
              [36m</div>[39m
            [36m</div>[39m
          [36m</div>[39m
        [36m</div>[39m
      [36m</div>[39m
    [36m</body>[39m

       96 |   it('renders full map container', () => {
       97 |     render(<FullMapView />);
    >  98 |     expect(screen.getByTestId('full-map-container')).toBeInTheDocument();
          |                   ^
       99 |   });
      100 |
      101 |   it('renders search filters sidebar', () => {

      at Object.getElementError (node_modules/@testing-library/dom/dist/config.js:37:19)
      at node_modules/@testing-library/dom/dist/query-helpers.js:76:38
      at node_modules/@testing-library/dom/dist/query-helpers.js:52:17
      at node_modules/@testing-library/dom/dist/query-helpers.js:95:19
      at Object.getByTestId (src/components/__tests__/FullMapView.test.tsx:98:19)

  ● FullMapView Component › renders search filters sidebar

    TestingLibraryElementError: Unable to find an element with the text: Filters. This could be because the text is broken up by multiple elements. In this case, you can provide a function for your text matcher to make your matcher more flexible.

    Ignored nodes: comments, script, style
    [36m<body>[39m
      [36m<div>[39m
        [36m<div[39m
          [33mclass[39m=[32m"relative h-full w-full"[39m
        [36m>[39m
          [36m<div[39m
            [33mclass[39m=[32m"absolute left-4 top-4 z-50 map-filters-overlay pointer-events-none w-full max-w-[min(92vw,360px)] sm:w-auto sm:max-w-sm"[39m
          [36m>[39m
            [36m<div[39m
              [33mclass[39m=[32m"pointer-events-auto bg-white/95 backdrop-blur rounded-lg shadow border border-gray-200 p-2"[39m
            [36m>[39m
              [36m<div[39m
                [33mclass[39m=[32m"relative w-full"[39m
              [36m>[39m
                [36m<div[39m
                  [33mclass[39m=[32m"relative"[39m
                [36m>[39m
                  [36m<div[39m
                    [33mclass[39m=[32m"absolute inset-y-0 left-0 pl-3 flex items-center pointer-events-none"[39m
                  [36m>[39m
                    [36m<svg[39m
                      [33maria-hidden[39m=[32m"true"[39m
                      [33mclass[39m=[32m"lucide lucide-search h-4 w-4 text-gray-400"[39m
                      [33mfill[39m=[32m"none"[39m
                      [33mheight[39m=[32m"24"[39m
                      [33mstroke[39m=[32m"currentColor"[39m
                      [33mstroke-linecap[39m=[32m"round"[39m
                      [33mstroke-linejoin[39m=[32m"round"[39m
                      [33mstroke-width[39m=[32m"2"[39m
                      [33mviewBox[39m=[32m"0 0 24 24"[39m
                      [33mwidth[39m=[32m"24"[39m
                      [33mxmlns[39m=[32m"http://www.w3.org/2000/svg"[39m
                    [36m>[39m
                      [36m<path[39m
                        [33md[39m=[32m"m21 21-4.34-4.34"[39m
                      [36m/>[39m
                      [36m<circle[39m
                        [33mcx[39m=[32m"11"[39m
                        [33mcy[39m=[32m"11"[39m
                        [33mr[39m=[32m"8"[39m
                      [36m/>[39m
                    [36m</svg>[39m
                  [36m</div>[39m
                  [36m<input[39m
                    [33mclass[39m=[32m"block w-full pl-10 pr-20 py-3 border border-gray-300 rounded-lg focus:outline-none focus:ring-2 focus:ring-blue-500 focus:border-transparent"[39m
                    [33mplaceholder[39m=[32m"Kërko pranë një vendndodhjeje..."[39m
                    [33mtype[39m=[32m"text"[39m
                    [33mvalue[39m=[32m""[39m
                  [36m/>[39m
                  [36m<div[39m
                    [33mclass[39m=[32m"absolute inset-y-0 right-0 flex items-center"[39m
                  [36m>[39m
                    [36m<button[39m
                      [33mclass[39m=[32m"p-2 mr-1 text-blue-600 hover:text-blue-700 transition-colors"[39m
                      [33mtitle[39m=[32m"Use current location"[39m
                    [36m>[39m
                      [36m<svg[39m
                        [33maria-hidden[39m=[32m"true"[39m
                        [33mclass[39m=[32m"lucide lucide-target h-4 w-4"[39m
                        [33mfill[39m=[32m"none"[39m
                        [33mheight[39m=[32m"24"[39m
                        [33mstroke[39m=[32m"currentColor"[39m
                        [33mstroke-linecap[39m=[32m"round"[39m
                        [33mstroke-linejoin[39m=[32m"round"[39m
                        [33mstroke-width[39m=[32m"2"[39m
                        [33mviewBox[39m=[32m"0 0 24 24"[39m
                        [33mwidth[39m=[32m"24"[39m
                        [33mxmlns[39m=[32m"http://www.w3.org/2000/svg"[39m
                      [36m>[39m
                        [36m<circle[39m
                          [33mcx[39m=[32m"12"[39m
                          [33mcy[39m=[32m"12"[39m
                          [33mr[39m=[32m"10"[39m
                        [36m/>[39m
                        [36m<circle[39m
                          [33mcx[39m=[32m"12"[39m
                          [33mcy[39m=[32m"12"[39m
                          [33mr[39m=[32m"6"[39m
                        [36m/>[39m
                        [36m<circle[39m
                          [33mcx[39m=[32m"12"[39m
                          [33mcy[39m=[32m"12"[39m
                          [33mr[39m=[32m"2"[39m
                        [36m/>[39m
                      [36m</svg>[39m
                    [36m</button>[39m
                  [36m</div>[39m
                [36m</div>[39m
              [36m</div>[39m
            [36m</div>[39m
          [36m</div>[39m
          [36m<div[39m
            [33mclass[39m=[32m"h-full w-full bg-gray-50"[39m
            [33mstyle[39m=[32m"margin-right: 0px;"[39m
          [36m/>[39m
          [36m<div[39m
            [33mclass[39m=[32m"absolute z-50 map-controls-overlay"[39m
            [33mstyle[39m=[32m"right: 1rem; bottom: auto; top: 1rem;"[39m
          [36m>[39m
            [36m<div[39m
              [33mclass[39m=[32m"flex items-center gap-2"[39m
            [36m>[39m
              [36m<div[39m
                [33mclass[39m=[32m"bg-white rounded-md shadow border border-gray-200 p-1 flex items-center gap-1"[39m
              [36m>[39m
                [36m<button[39m
                  [33mclass[39m=[32m"px-2 py-1 text-[11px] rounded-sm transition-colors bg-blue-600 text-white"[39m
                  [33mtitle[39m=[32m"Rrugë"[39m
                [36m>[39m
                  [0m🗺️ Rrugë[0m
                [36m</button>[39m
                [36m<button[39m
                  [33mclass[39m=[32m"px-2 py-1 text-[11px] rounded-sm transition-colors text-blue-600 hover:bg-blue-50"[39m
                  [33mtitle[39m=[32m"Satelit"[39m
                [36m>[39m
                  [0m🛰️ Satelit[0m
                [36m</button>[39m
                [36m<button[39m
                  [33mclass[39m=[32m"px-2 py-1 text-[11px] rounded-sm transition-colors text-blue-600 hover:bg-blue-50"[39m
                  [33mtitle[39m=[32m"Teren"[39m
                [36m>[39m
                  [0m🏔️ Teren[0m
                [36m</button>[39m
              [36m</div>[39m
              [36m<button[39m
                [33mclass[39m=[32m"bg-white hover:bg-blue-50 p-2 rounded-md shadow border border-gray-200 transition-colors"[39m
                [33mtitle[39m=[32m"Rivendos pamjen"[39m
              [36m>[39m
                [36m<svg[39m
                  [33maria-hidden[39m=[32m"true"[39m
                  [33mclass[39m=[32m"lucide lucide-house h-3 w-3 text-blue-600"[39m
                  [33mfill[39m=[32m"none"[39m
                  [33mheight[39m=[32m"24"[39m
                  [33mstroke[39m=[32m"currentColor"[39m
                  [33mstroke-linecap[39m=[32m"round"[39m
                  [33mstroke-linejoin[39m=[32m"round"[39m
                  [33mstroke-width[39m=[32m"2"[39m
                  [33mviewBox[39m=[32m"0 0 24 24"[39m
                  [33mwidth[39m=[32m"24"[39m
                  [33mxmlns[39m=[32m"http://www.w3.org/2000/svg"[39m
                [36m>[39m
                  [36m<path[39m
                    [33md[39m=[32m"M15 21v-8a1 1 0 0 0-1-1h-4a1 1 0 0 0-1 1v8"[39m
                  [36m/>[39m
                  [36m<path[39m
                    [33md[39m=[32m"M3 10a2 2 0 0 1 .709-1.528l7-5.999a2 2 0 0 1 2.582 0l7 5.999A2 2 0 0 1 21 10v9a2 2 0 0 1-2 2H5a2 2 0 0 1-2-2z"[39m
                  [36m/>[39m
                [36m</svg>[39m
              [36m</button>[39m
            [36m</div>[39m
          [36m</div>[39m
          [36m<div[39m
            [33mclass[39m=[32m"absolute inset-0 bg-linear-to-br from-blue-50 to-green-50 bg-opacity-95 flex items-center justify-center"[39m
          [36m>[39m
            [36m<div[39m
              [33mclass[39m=[32m"flex flex-col items-center justify-center p-8"[39m
            [36m>[39m
              [36m<div[39m
                [33mclass[39m=[32m"relative mb-4"[39m
              [36m>[39m
                [36m<div[39m
                  [33mclass[39m=[32m"absolute inset-0 bg-gradient-to-r from-red-100 to-blue-100 rounded-full animate-pulse"[39m
                [36m/>[39m
                [36m<div[39m
                  [33mclass[39m=[32m"relative bg-white rounded-full p-4 shadow-lg"[39m
                [36m>[39m
                  [36m<div[39m
                    [33mclass[39m=[32m"absolute inset-0 bg-gradient-to-r from-red-500 via-blue-500 to-yellow-500 rounded-full animate-spin opacity-20"[39m
                  [36m/>[39m
                  [36m<div[39m
                    [33mclass[39m=[32m"relative z-10"[39m
                  [36m>[39m
                    [36m<svg[39m
                      [33maria-hidden[39m=[32m"true"[39m
                      [33mclass[39m=[32m"lucide lucide-house h-12 w-12 text-red-500 transition-all duration-300 opacity-100 scale-110 transform"[39m
                      [33mfill[39m=[32m"none"[39m
                      [33mheight[39m=[32m"24"[39m
                      [33mstroke[39m=[32m"currentColor"[39m
                      [33mstroke-linecap[39m=[32m"round"[39m
                      [33mstroke-linejoin[39m=[32m"round"[39m
                      [33mstroke-width[39m=[32m"2"[39m
                      [33mviewBox[39m=[32m"0 0 24 24"[39m
                      [33mwidth[39m=[32m"24"[39m
                      [33mxmlns[39m=[32m"http://www.w3.org/2000/svg"[39m
                    [36m>[39m
                      [36m<path[39m
                        [33md[39m=[32m"M15 21v-8a1 1 0 0 0-1-1h-4a1 1 0 0 0-1 1v8"[39m
                      [36m/>[39m
                      [36m<path[39m
                        [33md[39m=[32m"M3 10a2 2 0 0 1 .709-1.528l7-5.999a2 2 0 0 1 2.582 0l7 5.999A2 2 0 0 1 21 10v9a2 2 0 0 1-2 2H5a2 2 0 0 1-2-2z"[39m
                      [36m/>[39m
                    [36m</svg>[39m
                    [36m<svg[39m
                      [33maria-hidden[39m=[32m"true"[39m
                      [33mclass[39m=[32m"lucide lucide-map-pin h-12 w-12 text-blue-500 transition-all duration-300 opacity-0 scale-90 absolute inset-0"[39m
                      [33mfill[39m=[32m"none"[39m
                      [33mheight[39m=[32m"24"[39m
                      [33mstroke[39m=[32m"currentColor"[39m
                      [33mstroke-linecap[39m=[32m"round"[39m
                      [33mstroke-linejoin[39m=[32m"round"[39m
                      [33mstroke-width[39m=[32m"2"[39m
                      [33mviewBox[39m=[32m"0 0 24 24"[39m
                      [33mwidth[39m=[32m"24"[39m
                      [33mxmlns[39m=[32m"http://www.w3.org/2000/svg"[39m
                    [36m>[39m
                      [36m<path[39m
                        [33md[39m=[32m"M20 10c0 4.993-5.539 10.193-7.399 11.799a1 1 0 0 1-1.202 0C9.539 20.193 4 14.993 4 10a8 8 0 0 1 16 0"[39m
                      [36m/>[39m
                      [36m<circle[39m
                        [33mcx[39m=[32m"12"[39m
                        [33mcy[39m=[32m"10"[39m
                        [33mr[39m=[32m"3"[39m
                      [36m/>[39m
                    [36m</svg>[39m
                    [36m<svg[39m
                      [33maria-hidden[39m=[32m"true"[39m
                      [33mclass[39m=[32m"lucide lucide-key h-12 w-12 text-yellow-500 transition-all duration-300 opacity-0 scale-90 absolute inset-0"[39m
                      [33mfill[39m=[32m"none"[39m
                      [33mheight[39m=[32m"24"[39m
                      [33mstroke[39m=[32m"currentColor"[39m
                      [33mstroke-linecap[39m=[32m"round"[39m
                      [33mstroke-linejoin[39m=[32m"round"[39m
                      [33mstroke-width[39m=[32m"2"[39m
                      [33mviewBox[39m=[32m"0 0 24 24"[39m
                      [33mwidth[39m=[32m"24"[39m
                      [33mxmlns[39m=[32m"http://www.w3.org/2000/svg"[39m
                    [36m>[39m
                      [36m<path[39m
                        [33md[39m=[32m"m15.5 7.5 2.3 2.3a1 1 0 0 0 1.4 0l2.1-2.1a1 1 0 0 0 0-1.4L19 4"[39m
                      [36m/>[39m
                      [36m<path[39m
                        [33md[39m=[32m"m21 2-9.6 9.6"[39m
                      [36m/>[39m
                      [36m<circle[39m
                        [33mcx[39m=[32m"7.5"[39m
                        [33mcy[39m=[32m"15.5"[39m
                        [33mr[39m=[32m"5.5"[39m
                      [36m/>[39m
                    [36m</svg>[39m
                    [36m<svg[39m
                      [33maria-hidden[39m=[32m"true"[39m
                      [33mclass[39m=[32m"lucide lucide-heart h-12 w-12 text-pink-500 transition-all duration-300 opacity-0 scale-90 absolute inset-0"[39m
                      [33mfill[39m=[32m"none"[39m
                      [33mheight[39m=[32m"24"[39m
                      [33mstroke[39m=[32m"currentColor"[39m
                      [33mstroke-linecap[39m=[32m"round"[39m
                      [33mstroke-linejoin[39m=[32m"round"[39m
                      [33mstroke-width[39m=[32m"2"[39m
                      [33mviewBox[39m=[32m"0 0 24 24"[39m
                      [33mwidth[39m=[32m"24"[39m
                      [33mxmlns[39m=[32m"http://www.w3.org/2000/svg"[39m
                    [36m>[39m
                      [36m<path[39m
                        [33md[39m=[32m"M19 14c1.49-1.46 3-3.21 3-5.5A5.5 5.5 0 0 0 16.5 3c-1.76 0-3 .5-4.5 2-1.5-1.5-2.74-2-4.5-2A5.5 5.5 0 0 0 2 8.5c0 2.3 1.5 4.05 3 5.5l7 7Z"[39m
                      [36m/>[39m
                    [36m</svg>[39m
                  [36m</div>[39m
                [36m</div>[39m
              [36m</div>[39m
              [36m<div[39m
                [33mclass[39m=[32m"flex space-x-1 mb-3"[39m
              [36m>[39m
                [36m<div[39m
                  [33mclass[39m=[32m"w-2 h-2 bg-red-500 rounded-full animate-bounce"[39m
                  [33mstyle[39m=[32m"animation-delay: 0s;"[39m
                [36m/>[39m
                [36m<div[39m
                  [33mclass[39m=[32m"w-2 h-2 bg-red-500 rounded-full animate-bounce"[39m
                  [33mstyle[39m=[32m"animation-delay: 0.2s;"[39m
                [36m/>[39m
                [36m<div[39m
                  [33mclass[39m=[32m"w-2 h-2 bg-red-500 rounded-full animate-bounce"[39m
                  [33mstyle[39m=[32m"animation-delay: 0.4s;"[39m
                [36m/>[39m
              [36m</div>[39m
              [36m<p[39m
                [33mclass[39m=[32m"text-gray-700 text-sm font-medium text-center"[39m
              [36m>[39m
                [0mPo ngarkohet harta...[0m
              [36m</p>[39m
              [36m<div[39m
                [33mclass[39m=[32m"w-32 h-1 bg-gray-200 rounded-full mt-3 overflow-hidden"[39m
              [36m>[39m
                [36m<div[39m
                  [33mclass[39m=[32m"h-full bg-gradient-to-r from-red-500 to-blue-500 rounded-full animate-pulse"[39m
                [36m/>[39m
              [36m</div>[39m
            [36m</div>[39m
          [36m</div>[39m
        [36m</div>[39m
      [36m</div>[39m
    [36m</body>[39m

      101 |   it('renders search filters sidebar', () => {
      102 |     render(<FullMapView />);
    > 103 |     expect(screen.getByText('Filters')).toBeInTheDocument();
          |                   ^
      104 |   });
      105 |
      106 |   it('renders property count when properties are loaded', async () => {

      at Object.getElementError (node_modules/@testing-library/dom/dist/config.js:37:19)
      at node_modules/@testing-library/dom/dist/query-helpers.js:76:38
      at node_modules/@testing-library/dom/dist/query-helpers.js:52:17
      at node_modules/@testing-library/dom/dist/query-helpers.js:95:19
      at Object.getByText (src/components/__tests__/FullMapView.test.tsx:103:19)

  ● FullMapView Component › renders property count when properties are loaded

    Unable to find an element with the text: /properties found/i. This could be because the text is broken up by multiple elements. In this case, you can provide a function for your text matcher to make your matcher more flexible.

    Ignored nodes: comments, script, style
    [36m<body>[39m
      [36m<div>[39m
        [36m<div[39m
          [33mclass[39m=[32m"relative h-full w-full"[39m
        [36m>[39m
          [36m<div[39m
            [33mclass[39m=[32m"absolute left-4 top-4 z-50 map-filters-overlay pointer-events-none w-full max-w-[min(92vw,360px)] sm:w-auto sm:max-w-sm"[39m
          [36m>[39m
            [36m<div[39m
              [33mclass[39m=[32m"pointer-events-auto bg-white/95 backdrop-blur rounded-lg shadow border border-gray-200 p-2"[39m
            [36m>[39m
              [36m<div[39m
                [33mclass[39m=[32m"relative w-full"[39m
              [36m>[39m
                [36m<div[39m
                  [33mclass[39m=[32m"relative"[39m
                [36m>[39m
                  [36m<div[39m
                    [33mclass[39m=[32m"absolute inset-y-0 left-0 pl-3 flex items-center pointer-events-none"[39m
                  [36m>[39m
                    [36m<svg[39m
                      [33maria-hidden[39m=[32m"true"[39m
                      [33mclass[39m=[32m"lucide lucide-search h-4 w-4 text-gray-400"[39m
                      [33mfill[39m=[32m"none"[39m
                      [33mheight[39m=[32m"24"[39m
                      [33mstroke[39m=[32m"currentColor"[39m
                      [33mstroke-linecap[39m=[32m"round"[39m
                      [33mstroke-linejoin[39m=[32m"round"[39m
                      [33mstroke-width[39m=[32m"2"[39m
                      [33mviewBox[39m=[32m"0 0 24 24"[39m
                      [33mwidth[39m=[32m"24"[39m
                      [33mxmlns[39m=[32m"http://www.w3.org/2000/svg"[39m
                    [36m>[39m
                      [36m<path[39m
                        [33md[39m=[32m"m21 21-4.34-4.34"[39m
                      [36m/>[39m
                      [36m<circle[39m
                        [33mcx[39m=[32m"11"[39m
                        [33mcy[39m=[32m"11"[39m
                        [33mr[39m=[32m"8"[39m
                      [36m/>[39m
                    [36m</svg>[39m
                  [36m</div>[39m
                  [36m<input[39m
                    [33mclass[39m=[32m"block w-full pl-10 pr-20 py-3 border border-gray-300 rounded-lg focus:outline-none focus:ring-2 focus:ring-blue-500 focus:border-transparent"[39m
                    [33mplaceholder[39m=[32m"Kërko pranë një vendndodhjeje..."[39m
                    [33mtype[39m=[32m"text"[39m
                    [33mvalue[39m=[32m""[39m
                  [36m/>[39m
                  [36m<div[39m
                    [33mclass[39m=[32m"absolute inset-y-0 right-0 flex items-center"[39m
                  [36m>[39m
                    [36m<button[39m
                      [33mclass[39m=[32m"p-2 mr-1 text-blue-600 hover:text-blue-700 transition-colors"[39m
                      [33mtitle[39m=[32m"Use current location"[39m
                    [36m>[39m
                      [36m<svg[39m
                        [33maria-hidden[39m=[32m"true"[39m
                        [33mclass[39m=[32m"lucide lucide-target h-4 w-4"[39m
                        [33mfill[39m=[32m"none"[39m
                        [33mheight[39m=[32m"24"[39m
                        [33mstroke[39m=[32m"currentColor"[39m
                        [33mstroke-linecap[39m=[32m"round"[39m
                        [33mstroke-linejoin[39m=[32m"round"[39m
                        [33mstroke-width[39m=[32m"2"[39m
                        [33mviewBox[39m=[32m"0 0 24 24"[39m
                        [33mwidth[39m=[32m"24"[39m
                        [33mxmlns[39m=[32m"http://www.w3.org/2000/svg"[39m
                      [36m>[39m
                        [36m<circle[39m
                          [33mcx[39m=[32m"12"[39m
                          [33mcy[39m=[32m"12"[39m
                          [33mr[39m=[32m"10"[39m
                        [36m/>[39m
                        [36m<circle[39m
                          [33mcx[39m=[32m"12"[39m
                          [33mcy[39m=[32m"12"[39m
                          [33mr[39m=[32m"6"[39m
                        [36m/>[39m
                        [36m<circle[39m
                          [33mcx[39m=[32m"12"[39m
                          [33mcy[39m=[32m"12"[39m
                          [33mr[39m=[32m"2"[39m
                        [36m/>[39m
                      [36m</svg>[39m
                    [36m</button>[39m
                  [36m</div>[39m
                [36m</div>[39m
              [36m</div>[39m
            [36m</div>[39m
          [36m</div>[39m
          [36m<div[39m
            [33mclass[39m=[32m"h-full w-full bg-gray-50"[39m
            [33mstyle[39m=[32m"margin-right: 0px;"[39m
          [36m/>[39m
          [36m<div[39m
            [33mclass[39m=[32m"absolute z-50 map-controls-overlay"[39m
            [33mstyle[39m=[32m"right: 1rem; bottom: auto; top: 1rem;"[39m
          [36m>[39m
            [36m<div[39m
              [33mclass[39m=[32m"flex items-center gap-2"[39m
            [36m>[39m
              [36m<div[39m
                [33mclass[39m=[32m"bg-white rounded-md shadow border border-gray-200 p-1 flex items-center gap-1"[39m
              [36m>[39m
                [36m<button[39m
                  [33mclass[39m=[32m"px-2 py-1 text-[11px] rounded-sm transition-colors bg-blue-600 text-white"[39m
                  [33mtitle[39m=[32m"Rrugë"[39m
                [36m>[39m
                  [0m🗺️ Rrugë[0m
                [36m</button>[39m
                [36m<button[39m
                  [33mclass[39m=[32m"px-2 py-1 text-[11px] rounded-sm transition-colors text-blue-600 hover:bg-blue-50"[39m
                  [33mtitle[39m=[32m"Satelit"[39m
                [36m>[39m
                  [0m🛰️ Satelit[0m
                [36m</button>[39m
                [36m<button[39m
                  [33mclass[39m=[32m"px-2 py-1 text-[11px] rounded-sm transition-colors text-blue-600 hover:bg-blue-50"[39m
                  [33mtitle[39m=[32m"Teren"[39m
                [36m>[39m
                  [0m🏔️ Teren[0m
                [36m</button>[39m
              [36m</div>[39m
              [36m<button[39m
                [33mclass[39m=[32m"bg-white hover:bg-blue-50 p-2 rounded-md shadow border border-gray-200 transition-colors"[39m
                [33mtitle[39m=[32m"Rivendos pamjen"[39m
              [36m>[39m
                [36m<svg[39m
                  [33maria-hidden[39m=[32m"true"[39m
                  [33mclass[39m=[32m"lucide lucide-house h-3 w-3 text-blue-600"[39m
                  [33mfill[39m=[32m"none"[39m
                  [33mheight[39m=[32m"24"[39m
                  [33mstroke[39m=[32m"currentColor"[39m
                  [33mstroke-linecap[39m=[32m"round"[39m
                  [33mstroke-linejoin[39m=[32m"round"[39m
                  [33mstroke-width[39m=[32m"2"[39m
                  [33mviewBox[39m=[32m"0 0 24 24"[39m
                  [33mwidth[39m=[32m"24"[39m
                  [33mxmlns[39m=[32m"http://www.w3.org/2000/svg"[39m
                [36m>[39m
                  [36m<path[39m
                    [33md[39m=[32m"M15 21v-8a1 1 0 0 0-1-1h-4a1 1 0 0 0-1 1v8"[39m
                  [36m/>[39m
                  [36m<path[39m
                    [33md[39m=[32m"M3 10a2 2 0 0 1 .709-1.528l7-5.999a2 2 0 0 1 2.582 0l7 5.999A2 2 0 0 1 21 10v9a2 2 0 0 1-2 2H5a2 2 0 0 1-2-2z"[39m
                  [36m/>[39m
                [36m</svg>[39m
              [36m</button>[39m
            [36m</div>[39m
          [36m</div>[39m
          [36m<div[39m
            [33mclass[39m=[32m"absolute inset-0 bg-linear-to-br from-blue-50 to-green-50 bg-opacity-95 flex items-center justify-center"[39m
          [36m>[39m
            [36m<div[39m
              [33mclass[39m=[32m"flex flex-col items-center justify-center p-8"[39m
            [36m>[39m
              [36m<div[39m
                [33mclass[39m=[32m"relative mb-4"[39m
              [36m>[39m
                [36m<div[39m
                  [33mclass[39m=[32m"absolute inset-0 bg-gradient-to-r from-red-100 to-blue-100 rounded-full animate-pulse"[39m
                [36m/>[39m
                [36m<div[39m
                  [33mclass[39m=[32m"relative bg-white rounded-full p-4 shadow-lg"[39m
                [36m>[39m
                  [36m<div[39m
                    [33mclass[39m=[32m"absolute inset-0 bg-gradient-to-r from-red-500 via-blue-500 to-yellow-500 rounded-full animate-spin opacity-20"[39m
                  [36m/>[39m
                  [36m<div[39m
                    [33mclass[39m=[32m"relative z-10"[39m
                  [36m>[39m
                    [36m<svg[39m
                      [33maria-hidden[39m=[32m"true"[39m
                      [33mclass[39m=[32m"lucide lucide-house h-12 w-12 text-red-500 transition-all duration-300 opacity-0 scale-90 absolute inset-0"[39m
                      [33mfill[39m=[32m"none"[39m
                      [33mheight[39m=[32m"24"[39m
                      [33mstroke[39m=[32m"currentColor"[39m
                      [33mstroke-linecap[39m=[32m"round"[39m
                      [33mstroke-linejoin[39m=[32m"round"[39m
                      [33mstroke-width[39m=[32m"2"[39m
                      [33mviewBox[39m=[32m"0 0 24 24"[39m
                      [33mwidth[39m=[32m"24"[39m
                      [33mxmlns[39m=[32m"http://www.w3.org/2000/svg"[39m
                    [36m>[39m
                      [36m<path[39m
                        [33md[39m=[32m"M15 21v-8a1 1 0 0 0-1-1h-4a1 1 0 0 0-1 1v8"[39m
                      [36m/>[39m
                      [36m<path[39m
                        [33md[39m=[32m"M3 10a2 2 0 0 1 .709-1.528l7-5.999a2 2 0 0 1 2.582 0l7 5.999A2 2 0 0 1 21 10v9a2 2 0 0 1-2 2H5a2 2 0 0 1-2-2z"[39m
                      [36m/>[39m
                    [36m</svg>[39m
                    [36m<svg[39m
                      [33maria-hidden[39m=[32m"true"[39m
                      [33mclass[39m=[32m"lucide lucide-map-pin h-12 w-12 text-blue-500 transition-all duration-300 opacity-100 scale-110 transform"[39m
                      [33mfill[39m=[32m"none"[39m
                      [33mheight[39m=[32m"24"[39m
                      [33mstroke[39m=[32m"currentColor"[39m
                      [33mstroke-linecap[39m=[32m"round"[39m
                      [33mstroke-linejoin[39m=[32m"round"[39m
                      [33mstroke-width[39m=[32m"2"[39m
                      [33mviewBox[39m=[32m"0 0 24 24"[39m
                      [33mwidth[39m=[32m"24"[39m
                      [33mxmlns[39m=[32m"http://www.w3.org/2000/svg"[39m
                    [36m>[39m
                      [36m<path[39m
                        [33md[39m=[32m"M20 10c0 4.993-5.539 10.193-7.399 11.799a1 1 0 0 1-1.202 0C9.539 20.193 4 14.993 4 10a8 8 0 0 1 16 0"[39m
                      [36m/>[39m
                      [36m<circle[39m
                        [33mcx[39m=[32m"12"[39m
                        [33mcy[39m=[32m"10"[39m
                        [33mr[39m=[32m"3"[39m
                      [36m/>[39m
                    [36m</svg>[39m
                    [36m<svg[39m
                      [33maria-hidden[39m=[32m"true"[39m
                      [33mclass[39m=[32m"lucide lucide-key h-12 w-12 text-yellow-500 transition-all duration-300 opacity-0 scale-90 absolute inset-0"[39m
                      [33mfill[39m=[32m"none"[39m
                      [33mheight[39m=[32m"24"[39m
                      [33mstroke[39m=[32m"currentColor"[39m
                      [33mstroke-linecap[39m=[32m"round"[39m
                      [33mstroke-linejoin[39m=[32m"round"[39m
                      [33mstroke-width[39m=[32m"2"[39m
                      [33mviewBox[39m=[32m"0 0 24 24"[39m
                      [33mwidth[39m=[32m"24"[39m
                      [33mxmlns[39m=[32m"http://www.w3.org/2000/svg"[39m
                    [36m>[39m
                      [36m<path[39m
                        [33md[39m=[32m"m15.5 7.5 2.3 2.3a1 1 0 0 0 1.4 0l2.1-2.1a1 1 0 0 0 0-1.4L19 4"[39m
                      [36m/>[39m
                      [36m<path[39m
                        [33md[39m=[32m"m21 2-9.6 9.6"[39m
                      [36m/>[39m
                      [36m<circle[39m
                        [33mcx[39m=[32m"7.5"[39m
                        [33mcy[39m=[32m"15.5"[39m
                        [33mr[39m=[32m"5.5"[39m
                      [36m/>[39m
                    [36m</svg>[39m
                    [36m<svg[39m
                      [33maria-hidden[39m=[32m"true"[39m
                      [33mclass[39m=[32m"lucide lucide-heart h-12 w-12 text-pink-500 transition-all duration-300 opacity-0 scale-90 absolute inset-0"[39m
                      [33mfill[39m=[32m"none"[39m
                      [33mheight[39m=[32m"24"[39m
                      [33mstroke[39m=[32m"currentColor"[39m
                      [33mstroke-linecap[39m=[32m"round"[39m
                      [33mstroke-linejoin[39m=[32m"round"[39m
                      [33mstroke-width[39m=[32m"2"[39m
                      [33mviewBox[39m=[32m"0 0 24 24"[39m
                      [33mwidth[39m=[32m"24"[39m
                      [33mxmlns[39m=[32m"http://www.w3.org/2000/svg"[39m
                    [36m>[39m
                      [36m<path[39m
                        [33md[39m=[32m"M19 14c1.49-1.46 3-3.21 3-5.5A5.5 5.5 0 0 0 16.5 3c-1.76 0-3 .5-4.5 2-1.5-1.5-2.74-2-4.5-2A5.5 5.5 0 0 0 2 8.5c0 2.3 1.5 4.05 3 5.5l7 7Z"[39m
                      [36m/>[39m
                    [36m</svg>[39m
                  [36m</div>[39m
                [36m</div>[39m
              [36m</div>[39m
              [36m<div[39m
                [33mclass[39m=[32m"flex space-x-1 mb-3"[39m
              [36m>[39m
                [36m<div[39m
                  [33mclass[39m=[32m"w-2 h-2 bg-red-500 rounded-full animate-bounce"[39m
                  [33mstyle[39m=[32m"animation-delay: 0s;"[39m
                [36m/>[39m
                [36m<div[39m
                  [33mclass[39m=[32m"w-2 h-2 bg-red-500 rounded-full animate-bounce"[39m
                  [33mstyle[39m=[32m"animation-delay: 0.2s;"[39m
                [36m/>[39m
                [36m<div[39m
                  [33mclass[39m=[32m"w-2 h-2 bg-red-500 rounded-full animate-bounce"[39m
                  [33mstyle[39m=[32m"animation-delay: 0.4s;"[39m
                [36m/>[39m
              [36m</div>[39m
              [36m<p[39m
                [33mclass[39m=[32m"text-gray-700 text-sm font-medium text-center"[39m
              [36m>[39m
                [0mPo ngarkohet harta...[0m
              [36m</p>[39m
              [36m<div[39m
                [33mclass[39m=[32m"w-32 h-1 bg-gray-200 rounded-full mt-3 overflow-hidden"[39m
              [36m>[39m
                [36m<div[39m
                  [33mclass[39m=[32m"h-full bg-gradient-to-r from-red-500 to-blue-500 rounded-full animate-pulse"[39m
                [36m/>[39m
              [36m</div>[39m
            [36m</div>[39m
          [36m</div>[39m
        [36m</div>[39m
      [36m</div>[39m
    [36m</body>[39m

      115 |     render(<FullMapView />);
      116 |     
    > 117 |     await waitFor(() => {
          |                  ^
      118 |       expect(screen.getByText(/properties found/i)).toBeInTheDocument();
      119 |     });
      120 |   });

      at waitForWrapper (node_modules/@testing-library/dom/dist/wait-for.js:163:27)
      at Object.<anonymous> (src/components/__tests__/FullMapView.test.tsx:117:18)

  ● FullMapView Component › toggles filters sidebar on mobile

    TestingLibraryElementError: Unable to find a label with the text of: Toggle filters

    Ignored nodes: comments, script, style
    [36m<body>[39m
      [36m<div>[39m
        [36m<div[39m
          [33mclass[39m=[32m"relative h-full w-full"[39m
        [36m>[39m
          [36m<div[39m
            [33mclass[39m=[32m"absolute left-4 top-4 z-50 map-filters-overlay pointer-events-none w-full max-w-[min(92vw,360px)] sm:w-auto sm:max-w-sm"[39m
          [36m>[39m
            [36m<div[39m
              [33mclass[39m=[32m"pointer-events-auto bg-white/95 backdrop-blur rounded-lg shadow border border-gray-200 p-2"[39m
            [36m>[39m
              [36m<div[39m
                [33mclass[39m=[32m"relative w-full"[39m
              [36m>[39m
                [36m<div[39m
                  [33mclass[39m=[32m"relative"[39m
                [36m>[39m
                  [36m<div[39m
                    [33mclass[39m=[32m"absolute inset-y-0 left-0 pl-3 flex items-center pointer-events-none"[39m
                  [36m>[39m
                    [36m<svg[39m
                      [33maria-hidden[39m=[32m"true"[39m
                      [33mclass[39m=[32m"lucide lucide-search h-4 w-4 text-gray-400"[39m
                      [33mfill[39m=[32m"none"[39m
                      [33mheight[39m=[32m"24"[39m
                      [33mstroke[39m=[32m"currentColor"[39m
                      [33mstroke-linecap[39m=[32m"round"[39m
                      [33mstroke-linejoin[39m=[32m"round"[39m
                      [33mstroke-width[39m=[32m"2"[39m
                      [33mviewBox[39m=[32m"0 0 24 24"[39m
                      [33mwidth[39m=[32m"24"[39m
                      [33mxmlns[39m=[32m"http://www.w3.org/2000/svg"[39m
                    [36m>[39m
                      [36m<path[39m
                        [33md[39m=[32m"m21 21-4.34-4.34"[39m
                      [36m/>[39m
                      [36m<circle[39m
                        [33mcx[39m=[32m"11"[39m
                        [33mcy[39m=[32m"11"[39m
                        [33mr[39m=[32m"8"[39m
                      [36m/>[39m
                    [36m</svg>[39m
                  [36m</div>[39m
                  [36m<input[39m
                    [33mclass[39m=[32m"block w-full pl-10 pr-20 py-3 border border-gray-300 rounded-lg focus:outline-none focus:ring-2 focus:ring-blue-500 focus:border-transparent"[39m
                    [33mplaceholder[39m=[32m"Kërko pranë një vendndodhjeje..."[39m
                    [33mtype[39m=[32m"text"[39m
                    [33mvalue[39m=[32m""[39m
                  [36m/>[39m
                  [36m<div[39m
                    [33mclass[39m=[32m"absolute inset-y-0 right-0 flex items-center"[39m
                  [36m>[39m
                    [36m<button[39m
                      [33mclass[39m=[32m"p-2 mr-1 text-blue-600 hover:text-blue-700 transition-colors"[39m
                      [33mtitle[39m=[32m"Use current location"[39m
                    [36m>[39m
                      [36m<svg[39m
                        [33maria-hidden[39m=[32m"true"[39m
                        [33mclass[39m=[32m"lucide lucide-target h-4 w-4"[39m
                        [33mfill[39m=[32m"none"[39m
                        [33mheight[39m=[32m"24"[39m
                        [33mstroke[39m=[32m"currentColor"[39m
                        [33mstroke-linecap[39m=[32m"round"[39m
                        [33mstroke-linejoin[39m=[32m"round"[39m
                        [33mstroke-width[39m=[32m"2"[39m
                        [33mviewBox[39m=[32m"0 0 24 24"[39m
                        [33mwidth[39m=[32m"24"[39m
                        [33mxmlns[39m=[32m"http://www.w3.org/2000/svg"[39m
                      [36m>[39m
                        [36m<circle[39m
                          [33mcx[39m=[32m"12"[39m
                          [33mcy[39m=[32m"12"[39m
                          [33mr[39m=[32m"10"[39m
                        [36m/>[39m
                        [36m<circle[39m
                          [33mcx[39m=[32m"12"[39m
                          [33mcy[39m=[32m"12"[39m
                          [33mr[39m=[32m"6"[39m
                        [36m/>[39m
                        [36m<circle[39m
                          [33mcx[39m=[32m"12"[39m
                          [33mcy[39m=[32m"12"[39m
                          [33mr[39m=[32m"2"[39m
                        [36m/>[39m
                      [36m</svg>[39m
                    [36m</button>[39m
                  [36m</div>[39m
                [36m</div>[39m
              [36m</div>[39m
            [36m</div>[39m
          [36m</div>[39m
          [36m<div[39m
            [33mclass[39m=[32m"h-full w-full bg-gray-50"[39m
            [33mstyle[39m=[32m"margin-right: 0px;"[39m
          [36m/>[39m
          [36m<div[39m
            [33mclass[39m=[32m"absolute z-50 map-controls-overlay"[39m
            [33mstyle[39m=[32m"right: 1rem; bottom: auto; top: 1rem;"[39m
          [36m>[39m
            [36m<div[39m
              [33mclass[39m=[32m"flex items-center gap-2"[39m
            [36m>[39m
              [36m<div[39m
                [33mclass[39m=[32m"bg-white rounded-md shadow border border-gray-200 p-1 flex items-center gap-1"[39m
              [36m>[39m
                [36m<button[39m
                  [33mclass[39m=[32m"px-2 py-1 text-[11px] rounded-sm transition-colors bg-blue-600 text-white"[39m
                  [33mtitle[39m=[32m"Rrugë"[39m
                [36m>[39m
                  [0m🗺️ Rrugë[0m
                [36m</button>[39m
                [36m<button[39m
                  [33mclass[39m=[32m"px-2 py-1 text-[11px] rounded-sm transition-colors text-blue-600 hover:bg-blue-50"[39m
                  [33mtitle[39m=[32m"Satelit"[39m
                [36m>[39m
                  [0m🛰️ Satelit[0m
                [36m</button>[39m
                [36m<button[39m
                  [33mclass[39m=[32m"px-2 py-1 text-[11px] rounded-sm transition-colors text-blue-600 hover:bg-blue-50"[39m
                  [33mtitle[39m=[32m"Teren"[39m
                [36m>[39m
                  [0m🏔️ Teren[0m
                [36m</button>[39m
              [36m</div>[39m
              [36m<button[39m
                [33mclass[39m=[32m"bg-white hover:bg-blue-50 p-2 rounded-md shadow border border-gray-200 transition-colors"[39m
                [33mtitle[39m=[32m"Rivendos pamjen"[39m
              [36m>[39m
                [36m<svg[39m
                  [33maria-hidden[39m=[32m"true"[39m
                  [33mclass[39m=[32m"lucide lucide-house h-3 w-3 text-blue-600"[39m
                  [33mfill[39m=[32m"none"[39m
                  [33mheight[39m=[32m"24"[39m
                  [33mstroke[39m=[32m"currentColor"[39m
                  [33mstroke-linecap[39m=[32m"round"[39m
                  [33mstroke-linejoin[39m=[32m"round"[39m
                  [33mstroke-width[39m=[32m"2"[39m
                  [33mviewBox[39m=[32m"0 0 24 24"[39m
                  [33mwidth[39m=[32m"24"[39m
                  [33mxmlns[39m=[32m"http://www.w3.org/2000/svg"[39m
                [36m>[39m
                  [36m<path[39m
                    [33md[39m=[32m"M15 21v-8a1 1 0 0 0-1-1h-4a1 1 0 0 0-1 1v8"[39m
                  [36m/>[39m
                  [36m<path[39m
                    [33md[39m=[32m"M3 10a2 2 0 0 1 .709-1.528l7-5.999a2 2 0 0 1 2.582 0l7 5.999A2 2 0 0 1 21 10v9a2 2 0 0 1-2 2H5a2 2 0 0 1-2-2z"[39m
                  [36m/>[39m
                [36m</svg>[39m
              [36m</button>[39m
            [36m</div>[39m
          [36m</div>[39m
          [36m<div[39m
            [33mclass[39m=[32m"absolute inset-0 bg-linear-to-br from-blue-50 to-green-50 bg-opacity-95 flex items-center justify-center"[39m
          [36m>[39m
            [36m<div[39m
              [33mclass[39m=[32m"flex flex-col items-center justify-center p-8"[39m
            [36m>[39m
              [36m<div[39m
                [33mclass[39m=[32m"relative mb-4"[39m
              [36m>[39m
                [36m<div[39m
                  [33mclass[39m=[32m"absolute inset-0 bg-gradient-to-r from-red-100 to-blue-100 rounded-full animate-pulse"[39m
                [36m/>[39m
                [36m<div[39m
                  [33mclass[39m=[32m"relative bg-white rounded-full p-4 shadow-lg"[39m
                [36m>[39m
                  [36m<div[39m
                    [33mclass[39m=[32m"absolute inset-0 bg-gradient-to-r from-red-500 via-blue-500 to-yellow-500 rounded-full animate-spin opacity-20"[39m
                  [36m/>[39m
                  [36m<div[39m
                    [33mclass[39m=[32m"relative z-10"[39m
                  [36m>[39m
                    [36m<svg[39m
                      [33maria-hidden[39m=[32m"true"[39m
                      [33mclass[39m=[32m"lucide lucide-house h-12 w-12 text-red-500 transition-all duration-300 opacity-100 scale-110 transform"[39m
                      [33mfill[39m=[32m"none"[39m
                      [33mheight[39m=[32m"24"[39m
                      [33mstroke[39m=[32m"currentColor"[39m
                      [33mstroke-linecap[39m=[32m"round"[39m
                      [33mstroke-linejoin[39m=[32m"round"[39m
                      [33mstroke-width[39m=[32m"2"[39m
                      [33mviewBox[39m=[32m"0 0 24 24"[39m
                      [33mwidth[39m=[32m"24"[39m
                      [33mxmlns[39m=[32m"http://www.w3.org/2000/svg"[39m
                    [36m>[39m
                      [36m<path[39m
                        [33md[39m=[32m"M15 21v-8a1 1 0 0 0-1-1h-4a1 1 0 0 0-1 1v8"[39m
                      [36m/>[39m
                      [36m<path[39m
                        [33md[39m=[32m"M3 10a2 2 0 0 1 .709-1.528l7-5.999a2 2 0 0 1 2.582 0l7 5.999A2 2 0 0 1 21 10v9a2 2 0 0 1-2 2H5a2 2 0 0 1-2-2z"[39m
                      [36m/>[39m
                    [36m</svg>[39m
                    [36m<svg[39m
                      [33maria-hidden[39m=[32m"true"[39m
                      [33mclass[39m=[32m"lucide lucide-map-pin h-12 w-12 text-blue-500 transition-all duration-300 opacity-0 scale-90 absolute inset-0"[39m
                      [33mfill[39m=[32m"none"[39m
                      [33mheight[39m=[32m"24"[39m
                      [33mstroke[39m=[32m"currentColor"[39m
                      [33mstroke-linecap[39m=[32m"round"[39m
                      [33mstroke-linejoin[39m=[32m"round"[39m
                      [33mstroke-width[39m=[32m"2"[39m
                      [33mviewBox[39m=[32m"0 0 24 24"[39m
                      [33mwidth[39m=[32m"24"[39m
                      [33mxmlns[39m=[32m"http://www.w3.org/2000/svg"[39m
                    [36m>[39m
                      [36m<path[39m
                        [33md[39m=[32m"M20 10c0 4.993-5.539 10.193-7.399 11.799a1 1 0 0 1-1.202 0C9.539 20.193 4 14.993 4 10a8 8 0 0 1 16 0"[39m
                      [36m/>[39m
                      [36m<circle[39m
                        [33mcx[39m=[32m"12"[39m
                        [33mcy[39m=[32m"10"[39m
                        [33mr[39m=[32m"3"[39m
                      [36m/>[39m
                    [36m</svg>[39m
                    [36m<svg[39m
                      [33maria-hidden[39m=[32m"true"[39m
                      [33mclass[39m=[32m"lucide lucide-key h-12 w-12 text-yellow-500 transition-all duration-300 opacity-0 scale-90 absolute inset-0"[39m
                      [33mfill[39m=[32m"none"[39m
                      [33mheight[39m=[32m"24"[39m
                      [33mstroke[39m=[32m"currentColor"[39m
                      [33mstroke-linecap[39m=[32m"round"[39m
                      [33mstroke-linejoin[39m=[32m"round"[39m
                      [33mstroke-width[39m=[32m"2"[39m
                      [33mviewBox[39m=[32m"0 0 24 24"[39m
                      [33mwidth[39m=[32m"24"[39m
                      [33mxmlns[39m=[32m"http://www.w3.org/2000/svg"[39m
                    [36m>[39m
                      [36m<path[39m
                        [33md[39m=[32m"m15.5 7.5 2.3 2.3a1 1 0 0 0 1.4 0l2.1-2.1a1 1 0 0 0 0-1.4L19 4"[39m
                      [36m/>[39m
                      [36m<path[39m
                        [33md[39m=[32m"m21 2-9.6 9.6"[39m
                      [36m/>[39m
                      [36m<circle[39m
                        [33mcx[39m=[32m"7.5"[39m
                        [33mcy[39m=[32m"15.5"[39m
                        [33mr[39m=[32m"5.5"[39m
                      [36m/>[39m
                    [36m</svg>[39m
                    [36m<svg[39m
                      [33maria-hidden[39m=[32m"true"[39m
                      [33mclass[39m=[32m"lucide lucide-heart h-12 w-12 text-pink-500 transition-all duration-300 opacity-0 scale-90 absolute inset-0"[39m
                      [33mfill[39m=[32m"none"[39m
                      [33mheight[39m=[32m"24"[39m
                      [33mstroke[39m=[32m"currentColor"[39m
                      [33mstroke-linecap[39m=[32m"round"[39m
                      [33mstroke-linejoin[39m=[32m"round"[39m
                      [33mstroke-width[39m=[32m"2"[39m
                      [33mviewBox[39m=[32m"0 0 24 24"[39m
                      [33mwidth[39m=[32m"24"[39m
                      [33mxmlns[39m=[32m"http://www.w3.org/2000/svg"[39m
                    [36m>[39m
                      [36m<path[39m
                        [33md[39m=[32m"M19 14c1.49-1.46 3-3.21 3-5.5A5.5 5.5 0 0 0 16.5 3c-1.76 0-3 .5-4.5 2-1.5-1.5-2.74-2-4.5-2A5.5 5.5 0 0 0 2 8.5c0 2.3 1.5 4.05 3 5.5l7 7Z"[39m
                      [36m/>[39m
                    [36m</svg>[39m
                  [36m</div>[39m
                [36m</div>[39m
              [36m</div>[39m
              [36m<div[39m
                [33mclass[39m=[32m"flex space-x-1 mb-3"[39m
              [36m>[39m
                [36m<div[39m
                  [33mclass[39m=[32m"w-2 h-2 bg-red-500 rounded-full animate-bounce"[39m
                  [33mstyle[39m=[32m"animation-delay: 0s;"[39m
                [36m/>[39m
                [36m<div[39m
                  [33mclass[39m=[32m"w-2 h-2 bg-red-500 rounded-full animate-bounce"[39m
                  [33mstyle[39m=[32m"animation-delay: 0.2s;"[39m
                [36m/>[39m
                [36m<div[39m
                  [33mclass[39m=[32m"w-2 h-2 bg-red-500 rounded-full animate-bounce"[39m
                  [33mstyle[39m=[32m"animation-delay: 0.4s;"[39m
                [36m/>[39m
              [36m</div>[39m
              [36m<p[39m
                [33mclass[39m=[32m"text-gray-700 text-sm font-medium text-center"[39m
              [36m>[39m
                [0mPo ngarkohet harta...[0m
              [36m</p>[39m
              [36m<div[39m
                [33mclass[39m=[32m"w-32 h-1 bg-gray-200 rounded-full mt-3 overflow-hidden"[39m
              [36m>[39m
                [36m<div[39m
                  [33mclass[39m=[32m"h-full bg-gradient-to-r from-red-500 to-blue-500 rounded-full animate-pulse"[39m
                [36m/>[39m
              [36m</div>[39m
            [36m</div>[39m
          [36m</div>[39m
        [36m</div>[39m
      [36m</div>[39m
    [36m</body>[39m

      123 |     render(<FullMapView />);
      124 |     
    > 125 |     const toggleButton = screen.getByLabelText('Toggle filters');
          |                                 ^
      126 |     fireEvent.click(toggleButton);
      127 |     
      128 |     // Check if sidebar visibility changes

      at Object.getElementError (node_modules/@testing-library/dom/dist/config.js:37:19)
      at getAllByLabelText (node_modules/@testing-library/dom/dist/queries/label-text.js:111:38)
      at node_modules/@testing-library/dom/dist/query-helpers.js:52:17
      at node_modules/@testing-library/dom/dist/query-helpers.js:95:19
      at Object.getByLabelText (src/components/__tests__/FullMapView.test.tsx:125:33)

  ● FullMapView Component › displays property details when marker is clicked

    Unable to find an element by: [data-testid="marker"]

    Ignored nodes: comments, script, style
    [36m<body>[39m
      [36m<div>[39m
        [36m<div[39m
          [33mclass[39m=[32m"relative h-full w-full"[39m
        [36m>[39m
          [36m<div[39m
            [33mclass[39m=[32m"absolute left-4 top-4 z-50 map-filters-overlay pointer-events-none w-full max-w-[min(92vw,360px)] sm:w-auto sm:max-w-sm"[39m
          [36m>[39m
            [36m<div[39m
              [33mclass[39m=[32m"pointer-events-auto bg-white/95 backdrop-blur rounded-lg shadow border border-gray-200 p-2"[39m
            [36m>[39m
              [36m<div[39m
                [33mclass[39m=[32m"relative w-full"[39m
              [36m>[39m
                [36m<div[39m
                  [33mclass[39m=[32m"relative"[39m
                [36m>[39m
                  [36m<div[39m
                    [33mclass[39m=[32m"absolute inset-y-0 left-0 pl-3 flex items-center pointer-events-none"[39m
                  [36m>[39m
                    [36m<svg[39m
                      [33maria-hidden[39m=[32m"true"[39m
                      [33mclass[39m=[32m"lucide lucide-search h-4 w-4 text-gray-400"[39m
                      [33mfill[39m=[32m"none"[39m
                      [33mheight[39m=[32m"24"[39m
                      [33mstroke[39m=[32m"currentColor"[39m
                      [33mstroke-linecap[39m=[32m"round"[39m
                      [33mstroke-linejoin[39m=[32m"round"[39m
                      [33mstroke-width[39m=[32m"2"[39m
                      [33mviewBox[39m=[32m"0 0 24 24"[39m
                      [33mwidth[39m=[32m"24"[39m
                      [33mxmlns[39m=[32m"http://www.w3.org/2000/svg"[39m
                    [36m>[39m
                      [36m<path[39m
                        [33md[39m=[32m"m21 21-4.34-4.34"[39m
                      [36m/>[39m
                      [36m<circle[39m
                        [33mcx[39m=[32m"11"[39m
                        [33mcy[39m=[32m"11"[39m
                        [33mr[39m=[32m"8"[39m
                      [36m/>[39m
                    [36m</svg>[39m
                  [36m</div>[39m
                  [36m<input[39m
                    [33mclass[39m=[32m"block w-full pl-10 pr-20 py-3 border border-gray-300 rounded-lg focus:outline-none focus:ring-2 focus:ring-blue-500 focus:border-transparent"[39m
                    [33mplaceholder[39m=[32m"Kërko pranë një vendndodhjeje..."[39m
                    [33mtype[39m=[32m"text"[39m
                    [33mvalue[39m=[32m""[39m
                  [36m/>[39m
                  [36m<div[39m
                    [33mclass[39m=[32m"absolute inset-y-0 right-0 flex items-center"[39m
                  [36m>[39m
                    [36m<button[39m
                      [33mclass[39m=[32m"p-2 mr-1 text-blue-600 hover:text-blue-700 transition-colors"[39m
                      [33mtitle[39m=[32m"Use current location"[39m
                    [36m>[39m
                      [36m<svg[39m
                        [33maria-hidden[39m=[32m"true"[39m
                        [33mclass[39m=[32m"lucide lucide-target h-4 w-4"[39m
                        [33mfill[39m=[32m"none"[39m
                        [33mheight[39m=[32m"24"[39m
                        [33mstroke[39m=[32m"currentColor"[39m
                        [33mstroke-linecap[39m=[32m"round"[39m
                        [33mstroke-linejoin[39m=[32m"round"[39m
                        [33mstroke-width[39m=[32m"2"[39m
                        [33mviewBox[39m=[32m"0 0 24 24"[39m
                        [33mwidth[39m=[32m"24"[39m
                        [33mxmlns[39m=[32m"http://www.w3.org/2000/svg"[39m
                      [36m>[39m
                        [36m<circle[39m
                          [33mcx[39m=[32m"12"[39m
                          [33mcy[39m=[32m"12"[39m
                          [33mr[39m=[32m"10"[39m
                        [36m/>[39m
                        [36m<circle[39m
                          [33mcx[39m=[32m"12"[39m
                          [33mcy[39m=[32m"12"[39m
                          [33mr[39m=[32m"6"[39m
                        [36m/>[39m
                        [36m<circle[39m
                          [33mcx[39m=[32m"12"[39m
                          [33mcy[39m=[32m"12"[39m
                          [33mr[39m=[32m"2"[39m
                        [36m/>[39m
                      [36m</svg>[39m
                    [36m</button>[39m
                  [36m</div>[39m
                [36m</div>[39m
              [36m</div>[39m
            [36m</div>[39m
          [36m</div>[39m
          [36m<div[39m
            [33mclass[39m=[32m"h-full w-full bg-gray-50"[39m
            [33mstyle[39m=[32m"margin-right: 0px;"[39m
          [36m/>[39m
          [36m<div[39m
            [33mclass[39m=[32m"absolute z-50 map-controls-overlay"[39m
            [33mstyle[39m=[32m"right: 1rem; bottom: auto; top: 1rem;"[39m
          [36m>[39m
            [36m<div[39m
              [33mclass[39m=[32m"flex items-center gap-2"[39m
            [36m>[39m
              [36m<div[39m
                [33mclass[39m=[32m"bg-white rounded-md shadow border border-gray-200 p-1 flex items-center gap-1"[39m
              [36m>[39m
                [36m<button[39m
                  [33mclass[39m=[32m"px-2 py-1 text-[11px] rounded-sm transition-colors bg-blue-600 text-white"[39m
                  [33mtitle[39m=[32m"Rrugë"[39m
                [36m>[39m
                  [0m🗺️ Rrugë[0m
                [36m</button>[39m
                [36m<button[39m
                  [33mclass[39m=[32m"px-2 py-1 text-[11px] rounded-sm transition-colors text-blue-600 hover:bg-blue-50"[39m
                  [33mtitle[39m=[32m"Satelit"[39m
                [36m>[39m
                  [0m🛰️ Satelit[0m
                [36m</button>[39m
                [36m<button[39m
                  [33mclass[39m=[32m"px-2 py-1 text-[11px] rounded-sm transition-colors text-blue-600 hover:bg-blue-50"[39m
                  [33mtitle[39m=[32m"Teren"[39m
                [36m>[39m
                  [0m🏔️ Teren[0m
                [36m</button>[39m
              [36m</div>[39m
              [36m<button[39m
                [33mclass[39m=[32m"bg-white hover:bg-blue-50 p-2 rounded-md shadow border border-gray-200 transition-colors"[39m
                [33mtitle[39m=[32m"Rivendos pamjen"[39m
              [36m>[39m
                [36m<svg[39m
                  [33maria-hidden[39m=[32m"true"[39m
                  [33mclass[39m=[32m"lucide lucide-house h-3 w-3 text-blue-600"[39m
                  [33mfill[39m=[32m"none"[39m
                  [33mheight[39m=[32m"24"[39m
                  [33mstroke[39m=[32m"currentColor"[39m
                  [33mstroke-linecap[39m=[32m"round"[39m
                  [33mstroke-linejoin[39m=[32m"round"[39m
                  [33mstroke-width[39m=[32m"2"[39m
                  [33mviewBox[39m=[32m"0 0 24 24"[39m
                  [33mwidth[39m=[32m"24"[39m
                  [33mxmlns[39m=[32m"http://www.w3.org/2000/svg"[39m
                [36m>[39m
                  [36m<path[39m
                    [33md[39m=[32m"M15 21v-8a1 1 0 0 0-1-1h-4a1 1 0 0 0-1 1v8"[39m
                  [36m/>[39m
                  [36m<path[39m
                    [33md[39m=[32m"M3 10a2 2 0 0 1 .709-1.528l7-5.999a2 2 0 0 1 2.582 0l7 5.999A2 2 0 0 1 21 10v9a2 2 0 0 1-2 2H5a2 2 0 0 1-2-2z"[39m
                  [36m/>[39m
                [36m</svg>[39m
              [36m</button>[39m
            [36m</div>[39m
          [36m</div>[39m
          [36m<div[39m
            [33mclass[39m=[32m"absolute inset-0 bg-linear-to-br from-blue-50 to-green-50 bg-opacity-95 flex items-center justify-center"[39m
          [36m>[39m
            [36m<div[39m
              [33mclass[39m=[32m"flex flex-col items-center justify-center p-8"[39m
            [36m>[39m
              [36m<div[39m
                [33mclass[39m=[32m"relative mb-4"[39m
              [36m>[39m
                [36m<div[39m
                  [33mclass[39m=[32m"absolute inset-0 bg-gradient-to-r from-red-100 to-blue-100 rounded-full animate-pulse"[39m
                [36m/>[39m
                [36m<div[39m
                  [33mclass[39m=[32m"relative bg-white rounded-full p-4 shadow-lg"[39m
                [36m>[39m
                  [36m<div[39m
                    [33mclass[39m=[32m"absolute inset-0 bg-gradient-to-r from-red-500 via-blue-500 to-yellow-500 rounded-full animate-spin opacity-20"[39m
                  [36m/>[39m
                  [36m<div[39m
                    [33mclass[39m=[32m"relative z-10"[39m
                  [36m>[39m
                    [36m<svg[39m
                      [33maria-hidden[39m=[32m"true"[39m
                      [33mclass[39m=[32m"lucide lucide-house h-12 w-12 text-red-500 transition-all duration-300 opacity-0 scale-90 absolute inset-0"[39m
                      [33mfill[39m=[32m"none"[39m
                      [33mheight[39m=[32m"24"[39m
                      [33mstroke[39m=[32m"currentColor"[39m
                      [33mstroke-linecap[39m=[32m"round"[39m
                      [33mstroke-linejoin[39m=[32m"round"[39m
                      [33mstroke-width[39m=[32m"2"[39m
                      [33mviewBox[39m=[32m"0 0 24 24"[39m
                      [33mwidth[39m=[32m"24"[39m
                      [33mxmlns[39m=[32m"http://www.w3.org/2000/svg"[39m
                    [36m>[39m
                      [36m<path[39m
                        [33md[39m=[32m"M15 21v-8a1 1 0 0 0-1-1h-4a1 1 0 0 0-1 1v8"[39m
                      [36m/>[39m
                      [36m<path[39m
                        [33md[39m=[32m"M3 10a2 2 0 0 1 .709-1.528l7-5.999a2 2 0 0 1 2.582 0l7 5.999A2 2 0 0 1 21 10v9a2 2 0 0 1-2 2H5a2 2 0 0 1-2-2z"[39m
                      [36m/>[39m
                    [36m</svg>[39m
                    [36m<svg[39m
                      [33maria-hidden[39m=[32m"true"[39m
                      [33mclass[39m=[32m"lucide lucide-map-pin h-12 w-12 text-blue-500 transition-all duration-300 opacity-100 scale-110 transform"[39m
                      [33mfill[39m=[32m"none"[39m
                      [33mheight[39m=[32m"24"[39m
                      [33mstroke[39m=[32m"currentColor"[39m
                      [33mstroke-linecap[39m=[32m"round"[39m
                      [33mstroke-linejoin[39m=[32m"round"[39m
                      [33mstroke-width[39m=[32m"2"[39m
                      [33mviewBox[39m=[32m"0 0 24 24"[39m
                      [33mwidth[39m=[32m"24"[39m
                      [33mxmlns[39m=[32m"http://www.w3.org/2000/svg"[39m
                    [36m>[39m
                      [36m<path[39m
                        [33md[39m=[32m"M20 10c0 4.993-5.539 10.193-7.399 11.799a1 1 0 0 1-1.202 0C9.539 20.193 4 14.993 4 10a8 8 0 0 1 16 0"[39m
                      [36m/>[39m
                      [36m<circle[39m
                        [33mcx[39m=[32m"12"[39m
                        [33mcy[39m=[32m"10"[39m
                        [33mr[39m=[32m"3"[39m
                      [36m/>[39m
                    [36m</svg>[39m
                    [36m<svg[39m
                      [33maria-hidden[39m=[32m"true"[39m
                      [33mclass[39m=[32m"lucide lucide-key h-12 w-12 text-yellow-500 transition-all duration-300 opacity-0 scale-90 absolute inset-0"[39m
                      [33mfill[39m=[32m"none"[39m
                      [33mheight[39m=[32m"24"[39m
                      [33mstroke[39m=[32m"currentColor"[39m
                      [33mstroke-linecap[39m=[32m"round"[39m
                      [33mstroke-linejoin[39m=[32m"round"[39m
                      [33mstroke-width[39m=[32m"2"[39m
                      [33mviewBox[39m=[32m"0 0 24 24"[39m
                      [33mwidth[39m=[32m"24"[39m
                      [33mxmlns[39m=[32m"http://www.w3.org/2000/svg"[39m
                    [36m>[39m
                      [36m<path[39m
                        [33md[39m=[32m"m15.5 7.5 2.3 2.3a1 1 0 0 0 1.4 0l2.1-2.1a1 1 0 0 0 0-1.4L19 4"[39m
                      [36m/>[39m
                      [36m<path[39m
                        [33md[39m=[32m"m21 2-9.6 9.6"[39m
                      [36m/>[39m
                      [36m<circle[39m
                        [33mcx[39m=[32m"7.5"[39m
                        [33mcy[39m=[32m"15.5"[39m
                        [33mr[39m=[32m"5.5"[39m
                      [36m/>[39m
                    [36m</svg>[39m
                    [36m<svg[39m
                      [33maria-hidden[39m=[32m"true"[39m
                      [33mclass[39m=[32m"lucide lucide-heart h-12 w-12 text-pink-500 transition-all duration-300 opacity-0 scale-90 absolute inset-0"[39m
                      [33mfill[39m=[32m"none"[39m
                      [33mheight[39m=[32m"24"[39m
                      [33mstroke[39m=[32m"currentColor"[39m
                      [33mstroke-linecap[39m=[32m"round"[39m
                      [33mstroke-linejoin[39m=[32m"round"[39m
                      [33mstroke-width[39m=[32m"2"[39m
                      [33mviewBox[39m=[32m"0 0 24 24"[39m
                      [33mwidth[39m=[32m"24"[39m
                      [33mxmlns[39m=[32m"http://www.w3.org/2000/svg"[39m
                    [36m>[39m
                      [36m<path[39m
                        [33md[39m=[32m"M19 14c1.49-1.46 3-3.21 3-5.5A5.5 5.5 0 0 0 16.5 3c-1.76 0-3 .5-4.5 2-1.5-1.5-2.74-2-4.5-2A5.5 5.5 0 0 0 2 8.5c0 2.3 1.5 4.05 3 5.5l7 7Z"[39m
                      [36m/>[39m
                    [36m</svg>[39m
                  [36m</div>[39m
                [36m</div>[39m
              [36m</div>[39m
              [36m<div[39m
                [33mclass[39m=[32m"flex space-x-1 mb-3"[39m
              [36m>[39m
                [36m<div[39m
                  [33mclass[39m=[32m"w-2 h-2 bg-red-500 rounded-full animate-bounce"[39m
                  [33mstyle[39m=[32m"animation-delay: 0s;"[39m
                [36m/>[39m
                [36m<div[39m
                  [33mclass[39m=[32m"w-2 h-2 bg-red-500 rounded-full animate-bounce"[39m
                  [33mstyle[39m=[32m"animation-delay: 0.2s;"[39m
                [36m/>[39m
                [36m<div[39m
                  [33mclass[39m=[32m"w-2 h-2 bg-red-500 rounded-full animate-bounce"[39m
                  [33mstyle[39m=[32m"animation-delay: 0.4s;"[39m
                [36m/>[39m
              [36m</div>[39m
              [36m<p[39m
                [33mclass[39m=[32m"text-gray-700 text-sm font-medium text-center"[39m
              [36m>[39m
                [0mPo ngarkohet harta...[0m
              [36m</p>[39m
              [36m<div[39m
                [33mclass[39m=[32m"w-32 h-1 bg-gray-200 rounded-full mt-3 overflow-hidden"[39m
              [36m>[39m
                [36m<div[39m
                  [33mclass[39m=[32m"h-full bg-gradient-to-r from-red-500 to-blue-500 rounded-full animate-pulse"[39m
                [36m/>[39m
              [36m</div>[39m
            [36m</div>[39m
          [36m</div>[39m
        [36m</div>[39m
      [36m</div>[39m
    [36m</body>[39m

      141 |     render(<FullMapView />);
      142 |     
    > 143 |     await waitFor(() => {
          |                  ^
      144 |       const markers = screen.getAllByTestId('marker');
      145 |       expect(markers.length).toBeGreaterThan(0);
      146 |     });

      at waitForWrapper (node_modules/@testing-library/dom/dist/wait-for.js:163:27)
      at Object.<anonymous> (src/components/__tests__/FullMapView.test.tsx:143:18)

  ● FullMapView Component › handles search filter changes

    TestingLibraryElementError: Unable to find a label with the text of: /min price/i

    Ignored nodes: comments, script, style
    [36m<body>[39m
      [36m<div>[39m
        [36m<div[39m
          [33mclass[39m=[32m"relative h-full w-full"[39m
        [36m>[39m
          [36m<div[39m
            [33mclass[39m=[32m"absolute left-4 top-4 z-50 map-filters-overlay pointer-events-none w-full max-w-[min(92vw,360px)] sm:w-auto sm:max-w-sm"[39m
          [36m>[39m
            [36m<div[39m
              [33mclass[39m=[32m"pointer-events-auto bg-white/95 backdrop-blur rounded-lg shadow border border-gray-200 p-2"[39m
            [36m>[39m
              [36m<div[39m
                [33mclass[39m=[32m"relative w-full"[39m
              [36m>[39m
                [36m<div[39m
                  [33mclass[39m=[32m"relative"[39m
                [36m>[39m
                  [36m<div[39m
                    [33mclass[39m=[32m"absolute inset-y-0 left-0 pl-3 flex items-center pointer-events-none"[39m
                  [36m>[39m
                    [36m<svg[39m
                      [33maria-hidden[39m=[32m"true"[39m
                      [33mclass[39m=[32m"lucide lucide-search h-4 w-4 text-gray-400"[39m
                      [33mfill[39m=[32m"none"[39m
                      [33mheight[39m=[32m"24"[39m
                      [33mstroke[39m=[32m"currentColor"[39m
                      [33mstroke-linecap[39m=[32m"round"[39m
                      [33mstroke-linejoin[39m=[32m"round"[39m
                      [33mstroke-width[39m=[32m"2"[39m
                      [33mviewBox[39m=[32m"0 0 24 24"[39m
                      [33mwidth[39m=[32m"24"[39m
                      [33mxmlns[39m=[32m"http://www.w3.org/2000/svg"[39m
                    [36m>[39m
                      [36m<path[39m
                        [33md[39m=[32m"m21 21-4.34-4.34"[39m
                      [36m/>[39m
                      [36m<circle[39m
                        [33mcx[39m=[32m"11"[39m
                        [33mcy[39m=[32m"11"[39m
                        [33mr[39m=[32m"8"[39m
                      [36m/>[39m
                    [36m</svg>[39m
                  [36m</div>[39m
                  [36m<input[39m
                    [33mclass[39m=[32m"block w-full pl-10 pr-20 py-3 border border-gray-300 rounded-lg focus:outline-none focus:ring-2 focus:ring-blue-500 focus:border-transparent"[39m
                    [33mplaceholder[39m=[32m"Kërko pranë një vendndodhjeje..."[39m
                    [33mtype[39m=[32m"text"[39m
                    [33mvalue[39m=[32m""[39m
                  [36m/>[39m
                  [36m<div[39m
                    [33mclass[39m=[32m"absolute inset-y-0 right-0 flex items-center"[39m
                  [36m>[39m
                    [36m<button[39m
                      [33mclass[39m=[32m"p-2 mr-1 text-blue-600 hover:text-blue-700 transition-colors"[39m
                      [33mtitle[39m=[32m"Use current location"[39m
                    [36m>[39m
                      [36m<svg[39m
                        [33maria-hidden[39m=[32m"true"[39m
                        [33mclass[39m=[32m"lucide lucide-target h-4 w-4"[39m
                        [33mfill[39m=[32m"none"[39m
                        [33mheight[39m=[32m"24"[39m
                        [33mstroke[39m=[32m"currentColor"[39m
                        [33mstroke-linecap[39m=[32m"round"[39m
                        [33mstroke-linejoin[39m=[32m"round"[39m
                        [33mstroke-width[39m=[32m"2"[39m
                        [33mviewBox[39m=[32m"0 0 24 24"[39m
                        [33mwidth[39m=[32m"24"[39m
                        [33mxmlns[39m=[32m"http://www.w3.org/2000/svg"[39m
                      [36m>[39m
                        [36m<circle[39m
                          [33mcx[39m=[32m"12"[39m
                          [33mcy[39m=[32m"12"[39m
                          [33mr[39m=[32m"10"[39m
                        [36m/>[39m
                        [36m<circle[39m
                          [33mcx[39m=[32m"12"[39m
                          [33mcy[39m=[32m"12"[39m
                          [33mr[39m=[32m"6"[39m
                        [36m/>[39m
                        [36m<circle[39m
                          [33mcx[39m=[32m"12"[39m
                          [33mcy[39m=[32m"12"[39m
                          [33mr[39m=[32m"2"[39m
                        [36m/>[39m
                      [36m</svg>[39m
                    [36m</button>[39m
                  [36m</div>[39m
                [36m</div>[39m
              [36m</div>[39m
            [36m</div>[39m
          [36m</div>[39m
          [36m<div[39m
            [33mclass[39m=[32m"h-full w-full bg-gray-50"[39m
            [33mstyle[39m=[32m"margin-right: 0px;"[39m
          [36m/>[39m
          [36m<div[39m
            [33mclass[39m=[32m"absolute z-50 map-controls-overlay"[39m
            [33mstyle[39m=[32m"right: 1rem; bottom: auto; top: 1rem;"[39m
          [36m>[39m
            [36m<div[39m
              [33mclass[39m=[32m"flex items-center gap-2"[39m
            [36m>[39m
              [36m<div[39m
                [33mclass[39m=[32m"bg-white rounded-md shadow border border-gray-200 p-1 flex items-center gap-1"[39m
              [36m>[39m
                [36m<button[39m
                  [33mclass[39m=[32m"px-2 py-1 text-[11px] rounded-sm transition-colors bg-blue-600 text-white"[39m
                  [33mtitle[39m=[32m"Rrugë"[39m
                [36m>[39m
                  [0m🗺️ Rrugë[0m
                [36m</button>[39m
                [36m<button[39m
                  [33mclass[39m=[32m"px-2 py-1 text-[11px] rounded-sm transition-colors text-blue-600 hover:bg-blue-50"[39m
                  [33mtitle[39m=[32m"Satelit"[39m
                [36m>[39m
                  [0m🛰️ Satelit[0m
                [36m</button>[39m
                [36m<button[39m
                  [33mclass[39m=[32m"px-2 py-1 text-[11px] rounded-sm transition-colors text-blue-600 hover:bg-blue-50"[39m
                  [33mtitle[39m=[32m"Teren"[39m
                [36m>[39m
                  [0m🏔️ Teren[0m
                [36m</button>[39m
              [36m</div>[39m
              [36m<button[39m
                [33mclass[39m=[32m"bg-white hover:bg-blue-50 p-2 rounded-md shadow border border-gray-200 transition-colors"[39m
                [33mtitle[39m=[32m"Rivendos pamjen"[39m
              [36m>[39m
                [36m<svg[39m
                  [33maria-hidden[39m=[32m"true"[39m
                  [33mclass[39m=[32m"lucide lucide-house h-3 w-3 text-blue-600"[39m
                  [33mfill[39m=[32m"none"[39m
                  [33mheight[39m=[32m"24"[39m
                  [33mstroke[39m=[32m"currentColor"[39m
                  [33mstroke-linecap[39m=[32m"round"[39m
                  [33mstroke-linejoin[39m=[32m"round"[39m
                  [33mstroke-width[39m=[32m"2"[39m
                  [33mviewBox[39m=[32m"0 0 24 24"[39m
                  [33mwidth[39m=[32m"24"[39m
                  [33mxmlns[39m=[32m"http://www.w3.org/2000/svg"[39m
                [36m>[39m
                  [36m<path[39m
                    [33md[39m=[32m"M15 21v-8a1 1 0 0 0-1-1h-4a1 1 0 0 0-1 1v8"[39m
                  [36m/>[39m
                  [36m<path[39m
                    [33md[39m=[32m"M3 10a2 2 0 0 1 .709-1.528l7-5.999a2 2 0 0 1 2.582 0l7 5.999A2 2 0 0 1 21 10v9a2 2 0 0 1-2 2H5a2 2 0 0 1-2-2z"[39m
                  [36m/>[39m
                [36m</svg>[39m
              [36m</button>[39m
            [36m</div>[39m
          [36m</div>[39m
          [36m<div[39m
            [33mclass[39m=[32m"absolute inset-0 bg-linear-to-br from-blue-50 to-green-50 bg-opacity-95 flex items-center justify-center"[39m
          [36m>[39m
            [36m<div[39m
              [33mclass[39m=[32m"flex flex-col items-center justify-center p-8"[39m
            [36m>[39m
              [36m<div[39m
                [33mclass[39m=[32m"relative mb-4"[39m
              [36m>[39m
                [36m<div[39m
                  [33mclass[39m=[32m"absolute inset-0 bg-gradient-to-r from-red-100 to-blue-100 rounded-full animate-pulse"[39m
                [36m/>[39m
                [36m<div[39m
                  [33mclass[39m=[32m"relative bg-white rounded-full p-4 shadow-lg"[39m
                [36m>[39m
                  [36m<div[39m
                    [33mclass[39m=[32m"absolute inset-0 bg-gradient-to-r from-red-500 via-blue-500 to-yellow-500 rounded-full animate-spin opacity-20"[39m
                  [36m/>[39m
                  [36m<div[39m
                    [33mclass[39m=[32m"relative z-10"[39m
                  [36m>[39m
                    [36m<svg[39m
                      [33maria-hidden[39m=[32m"true"[39m
                      [33mclass[39m=[32m"lucide lucide-house h-12 w-12 text-red-500 transition-all duration-300 opacity-100 scale-110 transform"[39m
                      [33mfill[39m=[32m"none"[39m
                      [33mheight[39m=[32m"24"[39m
                      [33mstroke[39m=[32m"currentColor"[39m
                      [33mstroke-linecap[39m=[32m"round"[39m
                      [33mstroke-linejoin[39m=[32m"round"[39m
                      [33mstroke-width[39m=[32m"2"[39m
                      [33mviewBox[39m=[32m"0 0 24 24"[39m
                      [33mwidth[39m=[32m"24"[39m
                      [33mxmlns[39m=[32m"http://www.w3.org/2000/svg"[39m
                    [36m>[39m
                      [36m<path[39m
                        [33md[39m=[32m"M15 21v-8a1 1 0 0 0-1-1h-4a1 1 0 0 0-1 1v8"[39m
                      [36m/>[39m
                      [36m<path[39m
                        [33md[39m=[32m"M3 10a2 2 0 0 1 .709-1.528l7-5.999a2 2 0 0 1 2.582 0l7 5.999A2 2 0 0 1 21 10v9a2 2 0 0 1-2 2H5a2 2 0 0 1-2-2z"[39m
                      [36m/>[39m
                    [36m</svg>[39m
                    [36m<svg[39m
                      [33maria-hidden[39m=[32m"true"[39m
                      [33mclass[39m=[32m"lucide lucide-map-pin h-12 w-12 text-blue-500 transition-all duration-300 opacity-0 scale-90 absolute inset-0"[39m
                      [33mfill[39m=[32m"none"[39m
                      [33mheight[39m=[32m"24"[39m
                      [33mstroke[39m=[32m"currentColor"[39m
                      [33mstroke-linecap[39m=[32m"round"[39m
                      [33mstroke-linejoin[39m=[32m"round"[39m
                      [33mstroke-width[39m=[32m"2"[39m
                      [33mviewBox[39m=[32m"0 0 24 24"[39m
                      [33mwidth[39m=[32m"24"[39m
                      [33mxmlns[39m=[32m"http://www.w3.org/2000/svg"[39m
                    [36m>[39m
                      [36m<path[39m
                        [33md[39m=[32m"M20 10c0 4.993-5.539 10.193-7.399 11.799a1 1 0 0 1-1.202 0C9.539 20.193 4 14.993 4 10a8 8 0 0 1 16 0"[39m
                      [36m/>[39m
                      [36m<circle[39m
                        [33mcx[39m=[32m"12"[39m
                        [33mcy[39m=[32m"10"[39m
                        [33mr[39m=[32m"3"[39m
                      [36m/>[39m
                    [36m</svg>[39m
                    [36m<svg[39m
                      [33maria-hidden[39m=[32m"true"[39m
                      [33mclass[39m=[32m"lucide lucide-key h-12 w-12 text-yellow-500 transition-all duration-300 opacity-0 scale-90 absolute inset-0"[39m
                      [33mfill[39m=[32m"none"[39m
                      [33mheight[39m=[32m"24"[39m
                      [33mstroke[39m=[32m"currentColor"[39m
                      [33mstroke-linecap[39m=[32m"round"[39m
                      [33mstroke-linejoin[39m=[32m"round"[39m
                      [33mstroke-width[39m=[32m"2"[39m
                      [33mviewBox[39m=[32m"0 0 24 24"[39m
                      [33mwidth[39m=[32m"24"[39m
                      [33mxmlns[39m=[32m"http://www.w3.org/2000/svg"[39m
                    [36m>[39m
                      [36m<path[39m
                        [33md[39m=[32m"m15.5 7.5 2.3 2.3a1 1 0 0 0 1.4 0l2.1-2.1a1 1 0 0 0 0-1.4L19 4"[39m
                      [36m/>[39m
                      [36m<path[39m
                        [33md[39m=[32m"m21 2-9.6 9.6"[39m
                      [36m/>[39m
                      [36m<circle[39m
                        [33mcx[39m=[32m"7.5"[39m
                        [33mcy[39m=[32m"15.5"[39m
                        [33mr[39m=[32m"5.5"[39m
                      [36m/>[39m
                    [36m</svg>[39m
                    [36m<svg[39m
                      [33maria-hidden[39m=[32m"true"[39m
                      [33mclass[39m=[32m"lucide lucide-heart h-12 w-12 text-pink-500 transition-all duration-300 opacity-0 scale-90 absolute inset-0"[39m
                      [33mfill[39m=[32m"none"[39m
                      [33mheight[39m=[32m"24"[39m
                      [33mstroke[39m=[32m"currentColor"[39m
                      [33mstroke-linecap[39m=[32m"round"[39m
                      [33mstroke-linejoin[39m=[32m"round"[39m
                      [33mstroke-width[39m=[32m"2"[39m
                      [33mviewBox[39m=[32m"0 0 24 24"[39m
                      [33mwidth[39m=[32m"24"[39m
                      [33mxmlns[39m=[32m"http://www.w3.org/2000/svg"[39m
                    [36m>[39m
                      [36m<path[39m
                        [33md[39m=[32m"M19 14c1.49-1.46 3-3.21 3-5.5A5.5 5.5 0 0 0 16.5 3c-1.76 0-3 .5-4.5 2-1.5-1.5-2.74-2-4.5-2A5.5 5.5 0 0 0 2 8.5c0 2.3 1.5 4.05 3 5.5l7 7Z"[39m
                      [36m/>[39m
                    [36m</svg>[39m
                  [36m</div>[39m
                [36m</div>[39m
              [36m</div>[39m
              [36m<div[39m
                [33mclass[39m=[32m"flex space-x-1 mb-3"[39m
              [36m>[39m
                [36m<div[39m
                  [33mclass[39m=[32m"w-2 h-2 bg-red-500 rounded-full animate-bounce"[39m
                  [33mstyle[39m=[32m"animation-delay: 0s;"[39m
                [36m/>[39m
                [36m<div[39m
                  [33mclass[39m=[32m"w-2 h-2 bg-red-500 rounded-full animate-bounce"[39m
                  [33mstyle[39m=[32m"animation-delay: 0.2s;"[39m
                [36m/>[39m
                [36m<div[39m
                  [33mclass[39m=[32m"w-2 h-2 bg-red-500 rounded-full animate-bounce"[39m
                  [33mstyle[39m=[32m"animation-delay: 0.4s;"[39m
                [36m/>[39m
              [36m</div>[39m
              [36m<p[39m
                [33mclass[39m=[32m"text-gray-700 text-sm font-medium text-center"[39m
              [36m>[39m
                [0mPo ngarkohet harta...[0m
              [36m</p>[39m
              [36m<div[39m
                [33mclass[39m=[32m"w-32 h-1 bg-gray-200 rounded-full mt-3 overflow-hidden"[39m
              [36m>[39m
                [36m<div[39m
                  [33mclass[39m=[32m"h-full bg-gradient-to-r from-red-500 to-blue-500 rounded-full animate-pulse"[39m
                [36m/>[39m
              [36m</div>[39m
            [36m</div>[39m
          [36m</div>[39m
        [36m</div>[39m
      [36m</div>[39m
    [36m</body>[39m

      153 |     render(<FullMapView />);
      154 |     
    > 155 |     const priceInput = screen.getByLabelText(/min price/i);
          |                               ^
      156 |     fireEvent.change(priceInput, { target: { value: '500000' } });
      157 |     
      158 |     await waitFor(() => {

      at Object.getElementError (node_modules/@testing-library/dom/dist/config.js:37:19)
      at getAllByLabelText (node_modules/@testing-library/dom/dist/queries/label-text.js:111:38)
      at node_modules/@testing-library/dom/dist/query-helpers.js:52:17
      at node_modules/@testing-library/dom/dist/query-helpers.js:95:19
      at Object.getByLabelText (src/components/__tests__/FullMapView.test.tsx:155:31)

  ● FullMapView Component › handles loading state

    TestingLibraryElementError: Unable to find an element with the text: Loading properties.... This could be because the text is broken up by multiple elements. In this case, you can provide a function for your text matcher to make your matcher more flexible.

    Ignored nodes: comments, script, style
    [36m<body>[39m
      [36m<div>[39m
        [36m<div[39m
          [33mclass[39m=[32m"relative h-full w-full"[39m
        [36m>[39m
          [36m<div[39m
            [33mclass[39m=[32m"absolute left-4 top-4 z-50 map-filters-overlay pointer-events-none w-full max-w-[min(92vw,360px)] sm:w-auto sm:max-w-sm"[39m
          [36m>[39m
            [36m<div[39m
              [33mclass[39m=[32m"pointer-events-auto bg-white/95 backdrop-blur rounded-lg shadow border border-gray-200 p-2"[39m
            [36m>[39m
              [36m<div[39m
                [33mclass[39m=[32m"relative w-full"[39m
              [36m>[39m
                [36m<div[39m
                  [33mclass[39m=[32m"relative"[39m
                [36m>[39m
                  [36m<div[39m
                    [33mclass[39m=[32m"absolute inset-y-0 left-0 pl-3 flex items-center pointer-events-none"[39m
                  [36m>[39m
                    [36m<svg[39m
                      [33maria-hidden[39m=[32m"true"[39m
                      [33mclass[39m=[32m"lucide lucide-search h-4 w-4 text-gray-400"[39m
                      [33mfill[39m=[32m"none"[39m
                      [33mheight[39m=[32m"24"[39m
                      [33mstroke[39m=[32m"currentColor"[39m
                      [33mstroke-linecap[39m=[32m"round"[39m
                      [33mstroke-linejoin[39m=[32m"round"[39m
                      [33mstroke-width[39m=[32m"2"[39m
                      [33mviewBox[39m=[32m"0 0 24 24"[39m
                      [33mwidth[39m=[32m"24"[39m
                      [33mxmlns[39m=[32m"http://www.w3.org/2000/svg"[39m
                    [36m>[39m
                      [36m<path[39m
                        [33md[39m=[32m"m21 21-4.34-4.34"[39m
                      [36m/>[39m
                      [36m<circle[39m
                        [33mcx[39m=[32m"11"[39m
                        [33mcy[39m=[32m"11"[39m
                        [33mr[39m=[32m"8"[39m
                      [36m/>[39m
                    [36m</svg>[39m
                  [36m</div>[39m
                  [36m<input[39m
                    [33mclass[39m=[32m"block w-full pl-10 pr-20 py-3 border border-gray-300 rounded-lg focus:outline-none focus:ring-2 focus:ring-blue-500 focus:border-transparent"[39m
                    [33mplaceholder[39m=[32m"Kërko pranë një vendndodhjeje..."[39m
                    [33mtype[39m=[32m"text"[39m
                    [33mvalue[39m=[32m""[39m
                  [36m/>[39m
                  [36m<div[39m
                    [33mclass[39m=[32m"absolute inset-y-0 right-0 flex items-center"[39m
                  [36m>[39m
                    [36m<button[39m
                      [33mclass[39m=[32m"p-2 mr-1 text-blue-600 hover:text-blue-700 transition-colors"[39m
                      [33mtitle[39m=[32m"Use current location"[39m
                    [36m>[39m
                      [36m<svg[39m
                        [33maria-hidden[39m=[32m"true"[39m
                        [33mclass[39m=[32m"lucide lucide-target h-4 w-4"[39m
                        [33mfill[39m=[32m"none"[39m
                        [33mheight[39m=[32m"24"[39m
                        [33mstroke[39m=[32m"currentColor"[39m
                        [33mstroke-linecap[39m=[32m"round"[39m
                        [33mstroke-linejoin[39m=[32m"round"[39m
                        [33mstroke-width[39m=[32m"2"[39m
                        [33mviewBox[39m=[32m"0 0 24 24"[39m
                        [33mwidth[39m=[32m"24"[39m
                        [33mxmlns[39m=[32m"http://www.w3.org/2000/svg"[39m
                      [36m>[39m
                        [36m<circle[39m
                          [33mcx[39m=[32m"12"[39m
                          [33mcy[39m=[32m"12"[39m
                          [33mr[39m=[32m"10"[39m
                        [36m/>[39m
                        [36m<circle[39m
                          [33mcx[39m=[32m"12"[39m
                          [33mcy[39m=[32m"12"[39m
                          [33mr[39m=[32m"6"[39m
                        [36m/>[39m
                        [36m<circle[39m
                          [33mcx[39m=[32m"12"[39m
                          [33mcy[39m=[32m"12"[39m
                          [33mr[39m=[32m"2"[39m
                        [36m/>[39m
                      [36m</svg>[39m
                    [36m</button>[39m
                  [36m</div>[39m
                [36m</div>[39m
              [36m</div>[39m
            [36m</div>[39m
          [36m</div>[39m
          [36m<div[39m
            [33mclass[39m=[32m"h-full w-full bg-gray-50"[39m
            [33mstyle[39m=[32m"margin-right: 0px;"[39m
          [36m/>[39m
          [36m<div[39m
            [33mclass[39m=[32m"absolute z-50 map-controls-overlay"[39m
            [33mstyle[39m=[32m"right: 1rem; bottom: auto; top: 1rem;"[39m
          [36m>[39m
            [36m<div[39m
              [33mclass[39m=[32m"flex items-center gap-2"[39m
            [36m>[39m
              [36m<div[39m
                [33mclass[39m=[32m"bg-white rounded-md shadow border border-gray-200 p-1 flex items-center gap-1"[39m
              [36m>[39m
                [36m<button[39m
                  [33mclass[39m=[32m"px-2 py-1 text-[11px] rounded-sm transition-colors bg-blue-600 text-white"[39m
                  [33mtitle[39m=[32m"Rrugë"[39m
                [36m>[39m
                  [0m🗺️ Rrugë[0m
                [36m</button>[39m
                [36m<button[39m
                  [33mclass[39m=[32m"px-2 py-1 text-[11px] rounded-sm transition-colors text-blue-600 hover:bg-blue-50"[39m
                  [33mtitle[39m=[32m"Satelit"[39m
                [36m>[39m
                  [0m🛰️ Satelit[0m
                [36m</button>[39m
                [36m<button[39m
                  [33mclass[39m=[32m"px-2 py-1 text-[11px] rounded-sm transition-colors text-blue-600 hover:bg-blue-50"[39m
                  [33mtitle[39m=[32m"Teren"[39m
                [36m>[39m
                  [0m🏔️ Teren[0m
                [36m</button>[39m
              [36m</div>[39m
              [36m<button[39m
                [33mclass[39m=[32m"bg-white hover:bg-blue-50 p-2 rounded-md shadow border border-gray-200 transition-colors"[39m
                [33mtitle[39m=[32m"Rivendos pamjen"[39m
              [36m>[39m
                [36m<svg[39m
                  [33maria-hidden[39m=[32m"true"[39m
                  [33mclass[39m=[32m"lucide lucide-house h-3 w-3 text-blue-600"[39m
                  [33mfill[39m=[32m"none"[39m
                  [33mheight[39m=[32m"24"[39m
                  [33mstroke[39m=[32m"currentColor"[39m
                  [33mstroke-linecap[39m=[32m"round"[39m
                  [33mstroke-linejoin[39m=[32m"round"[39m
                  [33mstroke-width[39m=[32m"2"[39m
                  [33mviewBox[39m=[32m"0 0 24 24"[39m
                  [33mwidth[39m=[32m"24"[39m
                  [33mxmlns[39m=[32m"http://www.w3.org/2000/svg"[39m
                [36m>[39m
                  [36m<path[39m
                    [33md[39m=[32m"M15 21v-8a1 1 0 0 0-1-1h-4a1 1 0 0 0-1 1v8"[39m
                  [36m/>[39m
                  [36m<path[39m
                    [33md[39m=[32m"M3 10a2 2 0 0 1 .709-1.528l7-5.999a2 2 0 0 1 2.582 0l7 5.999A2 2 0 0 1 21 10v9a2 2 0 0 1-2 2H5a2 2 0 0 1-2-2z"[39m
                  [36m/>[39m
                [36m</svg>[39m
              [36m</button>[39m
            [36m</div>[39m
          [36m</div>[39m
          [36m<div[39m
            [33mclass[39m=[32m"absolute inset-0 bg-linear-to-br from-blue-50 to-green-50 bg-opacity-95 flex items-center justify-center"[39m
          [36m>[39m
            [36m<div[39m
              [33mclass[39m=[32m"flex flex-col items-center justify-center p-8"[39m
            [36m>[39m
              [36m<div[39m
                [33mclass[39m=[32m"relative mb-4"[39m
              [36m>[39m
                [36m<div[39m
                  [33mclass[39m=[32m"absolute inset-0 bg-gradient-to-r from-red-100 to-blue-100 rounded-full animate-pulse"[39m
                [36m/>[39m
                [36m<div[39m
                  [33mclass[39m=[32m"relative bg-white rounded-full p-4 shadow-lg"[39m
                [36m>[39m
                  [36m<div[39m
                    [33mclass[39m=[32m"absolute inset-0 bg-gradient-to-r from-red-500 via-blue-500 to-yellow-500 rounded-full animate-spin opacity-20"[39m
                  [36m/>[39m
                  [36m<div[39m
                    [33mclass[39m=[32m"relative z-10"[39m
                  [36m>[39m
                    [36m<svg[39m
                      [33maria-hidden[39m=[32m"true"[39m
                      [33mclass[39m=[32m"lucide lucide-house h-12 w-12 text-red-500 transition-all duration-300 opacity-100 scale-110 transform"[39m
                      [33mfill[39m=[32m"none"[39m
                      [33mheight[39m=[32m"24"[39m
                      [33mstroke[39m=[32m"currentColor"[39m
                      [33mstroke-linecap[39m=[32m"round"[39m
                      [33mstroke-linejoin[39m=[32m"round"[39m
                      [33mstroke-width[39m=[32m"2"[39m
                      [33mviewBox[39m=[32m"0 0 24 24"[39m
                      [33mwidth[39m=[32m"24"[39m
                      [33mxmlns[39m=[32m"http://www.w3.org/2000/svg"[39m
                    [36m>[39m
                      [36m<path[39m
                        [33md[39m=[32m"M15 21v-8a1 1 0 0 0-1-1h-4a1 1 0 0 0-1 1v8"[39m
                      [36m/>[39m
                      [36m<path[39m
                        [33md[39m=[32m"M3 10a2 2 0 0 1 .709-1.528l7-5.999a2 2 0 0 1 2.582 0l7 5.999A2 2 0 0 1 21 10v9a2 2 0 0 1-2 2H5a2 2 0 0 1-2-2z"[39m
                      [36m/>[39m
                    [36m</svg>[39m
                    [36m<svg[39m
                      [33maria-hidden[39m=[32m"true"[39m
                      [33mclass[39m=[32m"lucide lucide-map-pin h-12 w-12 text-blue-500 transition-all duration-300 opacity-0 scale-90 absolute inset-0"[39m
                      [33mfill[39m=[32m"none"[39m
                      [33mheight[39m=[32m"24"[39m
                      [33mstroke[39m=[32m"currentColor"[39m
                      [33mstroke-linecap[39m=[32m"round"[39m
                      [33mstroke-linejoin[39m=[32m"round"[39m
                      [33mstroke-width[39m=[32m"2"[39m
                      [33mviewBox[39m=[32m"0 0 24 24"[39m
                      [33mwidth[39m=[32m"24"[39m
                      [33mxmlns[39m=[32m"http://www.w3.org/2000/svg"[39m
                    [36m>[39m
                      [36m<path[39m
                        [33md[39m=[32m"M20 10c0 4.993-5.539 10.193-7.399 11.799a1 1 0 0 1-1.202 0C9.539 20.193 4 14.993 4 10a8 8 0 0 1 16 0"[39m
                      [36m/>[39m
                      [36m<circle[39m
                        [33mcx[39m=[32m"12"[39m
                        [33mcy[39m=[32m"10"[39m
                        [33mr[39m=[32m"3"[39m
                      [36m/>[39m
                    [36m</svg>[39m
                    [36m<svg[39m
                      [33maria-hidden[39m=[32m"true"[39m
                      [33mclass[39m=[32m"lucide lucide-key h-12 w-12 text-yellow-500 transition-all duration-300 opacity-0 scale-90 absolute inset-0"[39m
                      [33mfill[39m=[32m"none"[39m
                      [33mheight[39m=[32m"24"[39m
                      [33mstroke[39m=[32m"currentColor"[39m
                      [33mstroke-linecap[39m=[32m"round"[39m
                      [33mstroke-linejoin[39m=[32m"round"[39m
                      [33mstroke-width[39m=[32m"2"[39m
                      [33mviewBox[39m=[32m"0 0 24 24"[39m
                      [33mwidth[39m=[32m"24"[39m
                      [33mxmlns[39m=[32m"http://www.w3.org/2000/svg"[39m
                    [36m>[39m
                      [36m<path[39m
                        [33md[39m=[32m"m15.5 7.5 2.3 2.3a1 1 0 0 0 1.4 0l2.1-2.1a1 1 0 0 0 0-1.4L19 4"[39m
                      [36m/>[39m
                      [36m<path[39m
                        [33md[39m=[32m"m21 2-9.6 9.6"[39m
                      [36m/>[39m
                      [36m<circle[39m
                        [33mcx[39m=[32m"7.5"[39m
                        [33mcy[39m=[32m"15.5"[39m
                        [33mr[39m=[32m"5.5"[39m
                      [36m/>[39m
                    [36m</svg>[39m
                    [36m<svg[39m
                      [33maria-hidden[39m=[32m"true"[39m
                      [33mclass[39m=[32m"lucide lucide-heart h-12 w-12 text-pink-500 transition-all duration-300 opacity-0 scale-90 absolute inset-0"[39m
                      [33mfill[39m=[32m"none"[39m
                      [33mheight[39m=[32m"24"[39m
                      [33mstroke[39m=[32m"currentColor"[39m
                      [33mstroke-linecap[39m=[32m"round"[39m
                      [33mstroke-linejoin[39m=[32m"round"[39m
                      [33mstroke-width[39m=[32m"2"[39m
                      [33mviewBox[39m=[32m"0 0 24 24"[39m
                      [33mwidth[39m=[32m"24"[39m
                      [33mxmlns[39m=[32m"http://www.w3.org/2000/svg"[39m
                    [36m>[39m
                      [36m<path[39m
                        [33md[39m=[32m"M19 14c1.49-1.46 3-3.21 3-5.5A5.5 5.5 0 0 0 16.5 3c-1.76 0-3 .5-4.5 2-1.5-1.5-2.74-2-4.5-2A5.5 5.5 0 0 0 2 8.5c0 2.3 1.5 4.05 3 5.5l7 7Z"[39m
                      [36m/>[39m
                    [36m</svg>[39m
                  [36m</div>[39m
                [36m</div>[39m
              [36m</div>[39m
              [36m<div[39m
                [33mclass[39m=[32m"flex space-x-1 mb-3"[39m
              [36m>[39m
                [36m<div[39m
                  [33mclass[39m=[32m"w-2 h-2 bg-red-500 rounded-full animate-bounce"[39m
                  [33mstyle[39m=[32m"animation-delay: 0s;"[39m
                [36m/>[39m
                [36m<div[39m
                  [33mclass[39m=[32m"w-2 h-2 bg-red-500 rounded-full animate-bounce"[39m
                  [33mstyle[39m=[32m"animation-delay: 0.2s;"[39m
                [36m/>[39m
                [36m<div[39m
                  [33mclass[39m=[32m"w-2 h-2 bg-red-500 rounded-full animate-bounce"[39m
                  [33mstyle[39m=[32m"animation-delay: 0.4s;"[39m
                [36m/>[39m
              [36m</div>[39m
              [36m<p[39m
                [33mclass[39m=[32m"text-gray-700 text-sm font-medium text-center"[39m
              [36m>[39m
                [0mPo ngarkohet harta...[0m
              [36m</p>[39m
              [36m<div[39m
                [33mclass[39m=[32m"w-32 h-1 bg-gray-200 rounded-full mt-3 overflow-hidden"[39m
              [36m>[39m
                [36m<div[39m
                  [33mclass[39m=[32m"h-full bg-gradient-to-r from-red-500 to-blue-500 rounded-full animate-pulse"[39m
                [36m/>[39m
              [36m</div>[39m
            [36m</div>[39m
          [36m</div>[39m
        [36m</div>[39m
      [36m</div>[39m
    [36m</body>[39m

      166 |     
      167 |     render(<FullMapView />);
    > 168 |     expect(screen.getByText('Loading properties...')).toBeInTheDocument();
          |                   ^
      169 |   });
      170 |
      171 |   it('handles error state', async () => {

      at Object.getElementError (node_modules/@testing-library/dom/dist/config.js:37:19)
      at node_modules/@testing-library/dom/dist/query-helpers.js:76:38
      at node_modules/@testing-library/dom/dist/query-helpers.js:52:17
      at node_modules/@testing-library/dom/dist/query-helpers.js:95:19
      at Object.getByText (src/components/__tests__/FullMapView.test.tsx:168:19)

  ● FullMapView Component › handles error state

    Unable to find an element with the text: /error loading properties/i. This could be because the text is broken up by multiple elements. In this case, you can provide a function for your text matcher to make your matcher more flexible.

    Ignored nodes: comments, script, style
    [36m<body>[39m
      [36m<div>[39m
        [36m<div[39m
          [33mclass[39m=[32m"relative h-full w-full"[39m
        [36m>[39m
          [36m<div[39m
            [33mclass[39m=[32m"absolute left-4 top-4 z-50 map-filters-overlay pointer-events-none w-full max-w-[min(92vw,360px)] sm:w-auto sm:max-w-sm"[39m
          [36m>[39m
            [36m<div[39m
              [33mclass[39m=[32m"pointer-events-auto bg-white/95 backdrop-blur rounded-lg shadow border border-gray-200 p-2"[39m
            [36m>[39m
              [36m<div[39m
                [33mclass[39m=[32m"relative w-full"[39m
              [36m>[39m
                [36m<div[39m
                  [33mclass[39m=[32m"relative"[39m
                [36m>[39m
                  [36m<div[39m
                    [33mclass[39m=[32m"absolute inset-y-0 left-0 pl-3 flex items-center pointer-events-none"[39m
                  [36m>[39m
                    [36m<svg[39m
                      [33maria-hidden[39m=[32m"true"[39m
                      [33mclass[39m=[32m"lucide lucide-search h-4 w-4 text-gray-400"[39m
                      [33mfill[39m=[32m"none"[39m
                      [33mheight[39m=[32m"24"[39m
                      [33mstroke[39m=[32m"currentColor"[39m
                      [33mstroke-linecap[39m=[32m"round"[39m
                      [33mstroke-linejoin[39m=[32m"round"[39m
                      [33mstroke-width[39m=[32m"2"[39m
                      [33mviewBox[39m=[32m"0 0 24 24"[39m
                      [33mwidth[39m=[32m"24"[39m
                      [33mxmlns[39m=[32m"http://www.w3.org/2000/svg"[39m
                    [36m>[39m
                      [36m<path[39m
                        [33md[39m=[32m"m21 21-4.34-4.34"[39m
                      [36m/>[39m
                      [36m<circle[39m
                        [33mcx[39m=[32m"11"[39m
                        [33mcy[39m=[32m"11"[39m
                        [33mr[39m=[32m"8"[39m
                      [36m/>[39m
                    [36m</svg>[39m
                  [36m</div>[39m
                  [36m<input[39m
                    [33mclass[39m=[32m"block w-full pl-10 pr-20 py-3 border border-gray-300 rounded-lg focus:outline-none focus:ring-2 focus:ring-blue-500 focus:border-transparent"[39m
                    [33mplaceholder[39m=[32m"Kërko pranë një vendndodhjeje..."[39m
                    [33mtype[39m=[32m"text"[39m
                    [33mvalue[39m=[32m""[39m
                  [36m/>[39m
                  [36m<div[39m
                    [33mclass[39m=[32m"absolute inset-y-0 right-0 flex items-center"[39m
                  [36m>[39m
                    [36m<button[39m
                      [33mclass[39m=[32m"p-2 mr-1 text-blue-600 hover:text-blue-700 transition-colors"[39m
                      [33mtitle[39m=[32m"Use current location"[39m
                    [36m>[39m
                      [36m<svg[39m
                        [33maria-hidden[39m=[32m"true"[39m
                        [33mclass[39m=[32m"lucide lucide-target h-4 w-4"[39m
                        [33mfill[39m=[32m"none"[39m
                        [33mheight[39m=[32m"24"[39m
                        [33mstroke[39m=[32m"currentColor"[39m
                        [33mstroke-linecap[39m=[32m"round"[39m
                        [33mstroke-linejoin[39m=[32m"round"[39m
                        [33mstroke-width[39m=[32m"2"[39m
                        [33mviewBox[39m=[32m"0 0 24 24"[39m
                        [33mwidth[39m=[32m"24"[39m
                        [33mxmlns[39m=[32m"http://www.w3.org/2000/svg"[39m
                      [36m>[39m
                        [36m<circle[39m
                          [33mcx[39m=[32m"12"[39m
                          [33mcy[39m=[32m"12"[39m
                          [33mr[39m=[32m"10"[39m
                        [36m/>[39m
                        [36m<circle[39m
                          [33mcx[39m=[32m"12"[39m
                          [33mcy[39m=[32m"12"[39m
                          [33mr[39m=[32m"6"[39m
                        [36m/>[39m
                        [36m<circle[39m
                          [33mcx[39m=[32m"12"[39m
                          [33mcy[39m=[32m"12"[39m
                          [33mr[39m=[32m"2"[39m
                        [36m/>[39m
                      [36m</svg>[39m
                    [36m</button>[39m
                  [36m</div>[39m
                [36m</div>[39m
              [36m</div>[39m
            [36m</div>[39m
          [36m</div>[39m
          [36m<div[39m
            [33mclass[39m=[32m"h-full w-full bg-gray-50"[39m
            [33mstyle[39m=[32m"margin-right: 0px;"[39m
          [36m/>[39m
          [36m<div[39m
            [33mclass[39m=[32m"absolute z-50 map-controls-overlay"[39m
            [33mstyle[39m=[32m"right: 1rem; bottom: auto; top: 1rem;"[39m
          [36m>[39m
            [36m<div[39m
              [33mclass[39m=[32m"flex items-center gap-2"[39m
            [36m>[39m
              [36m<div[39m
                [33mclass[39m=[32m"bg-white rounded-md shadow border border-gray-200 p-1 flex items-center gap-1"[39m
              [36m>[39m
                [36m<button[39m
                  [33mclass[39m=[32m"px-2 py-1 text-[11px] rounded-sm transition-colors bg-blue-600 text-white"[39m
                  [33mtitle[39m=[32m"Rrugë"[39m
                [36m>[39m
                  [0m🗺️ Rrugë[0m
                [36m</button>[39m
                [36m<button[39m
                  [33mclass[39m=[32m"px-2 py-1 text-[11px] rounded-sm transition-colors text-blue-600 hover:bg-blue-50"[39m
                  [33mtitle[39m=[32m"Satelit"[39m
                [36m>[39m
                  [0m🛰️ Satelit[0m
                [36m</button>[39m
                [36m<button[39m
                  [33mclass[39m=[32m"px-2 py-1 text-[11px] rounded-sm transition-colors text-blue-600 hover:bg-blue-50"[39m
                  [33mtitle[39m=[32m"Teren"[39m
                [36m>[39m
                  [0m🏔️ Teren[0m
                [36m</button>[39m
              [36m</div>[39m
              [36m<button[39m
                [33mclass[39m=[32m"bg-white hover:bg-blue-50 p-2 rounded-md shadow border border-gray-200 transition-colors"[39m
                [33mtitle[39m=[32m"Rivendos pamjen"[39m
              [36m>[39m
                [36m<svg[39m
                  [33maria-hidden[39m=[32m"true"[39m
                  [33mclass[39m=[32m"lucide lucide-house h-3 w-3 text-blue-600"[39m
                  [33mfill[39m=[32m"none"[39m
                  [33mheight[39m=[32m"24"[39m
                  [33mstroke[39m=[32m"currentColor"[39m
                  [33mstroke-linecap[39m=[32m"round"[39m
                  [33mstroke-linejoin[39m=[32m"round"[39m
                  [33mstroke-width[39m=[32m"2"[39m
                  [33mviewBox[39m=[32m"0 0 24 24"[39m
                  [33mwidth[39m=[32m"24"[39m
                  [33mxmlns[39m=[32m"http://www.w3.org/2000/svg"[39m
                [36m>[39m
                  [36m<path[39m
                    [33md[39m=[32m"M15 21v-8a1 1 0 0 0-1-1h-4a1 1 0 0 0-1 1v8"[39m
                  [36m/>[39m
                  [36m<path[39m
                    [33md[39m=[32m"M3 10a2 2 0 0 1 .709-1.528l7-5.999a2 2 0 0 1 2.582 0l7 5.999A2 2 0 0 1 21 10v9a2 2 0 0 1-2 2H5a2 2 0 0 1-2-2z"[39m
                  [36m/>[39m
                [36m</svg>[39m
              [36m</button>[39m
            [36m</div>[39m
          [36m</div>[39m
          [36m<div[39m
            [33mclass[39m=[32m"absolute inset-0 bg-linear-to-br from-blue-50 to-green-50 bg-opacity-95 flex items-center justify-center"[39m
          [36m>[39m
            [36m<div[39m
              [33mclass[39m=[32m"flex flex-col items-center justify-center p-8"[39m
            [36m>[39m
              [36m<div[39m
                [33mclass[39m=[32m"relative mb-4"[39m
              [36m>[39m
                [36m<div[39m
                  [33mclass[39m=[32m"absolute inset-0 bg-gradient-to-r from-red-100 to-blue-100 rounded-full animate-pulse"[39m
                [36m/>[39m
                [36m<div[39m
                  [33mclass[39m=[32m"relative bg-white rounded-full p-4 shadow-lg"[39m
                [36m>[39m
                  [36m<div[39m
                    [33mclass[39m=[32m"absolute inset-0 bg-gradient-to-r from-red-500 via-blue-500 to-yellow-500 rounded-full animate-spin opacity-20"[39m
                  [36m/>[39m
                  [36m<div[39m
                    [33mclass[39m=[32m"relative z-10"[39m
                  [36m>[39m
                    [36m<svg[39m
                      [33maria-hidden[39m=[32m"true"[39m
                      [33mclass[39m=[32m"lucide lucide-house h-12 w-12 text-red-500 transition-all duration-300 opacity-0 scale-90 absolute inset-0"[39m
                      [33mfill[39m=[32m"none"[39m
                      [33mheight[39m=[32m"24"[39m
                      [33mstroke[39m=[32m"currentColor"[39m
                      [33mstroke-linecap[39m=[32m"round"[39m
                      [33mstroke-linejoin[39m=[32m"round"[39m
                      [33mstroke-width[39m=[32m"2"[39m
                      [33mviewBox[39m=[32m"0 0 24 24"[39m
                      [33mwidth[39m=[32m"24"[39m
                      [33mxmlns[39m=[32m"http://www.w3.org/2000/svg"[39m
                    [36m>[39m
                      [36m<path[39m
                        [33md[39m=[32m"M15 21v-8a1 1 0 0 0-1-1h-4a1 1 0 0 0-1 1v8"[39m
                      [36m/>[39m
                      [36m<path[39m
                        [33md[39m=[32m"M3 10a2 2 0 0 1 .709-1.528l7-5.999a2 2 0 0 1 2.582 0l7 5.999A2 2 0 0 1 21 10v9a2 2 0 0 1-2 2H5a2 2 0 0 1-2-2z"[39m
                      [36m/>[39m
                    [36m</svg>[39m
                    [36m<svg[39m
                      [33maria-hidden[39m=[32m"true"[39m
                      [33mclass[39m=[32m"lucide lucide-map-pin h-12 w-12 text-blue-500 transition-all duration-300 opacity-100 scale-110 transform"[39m
                      [33mfill[39m=[32m"none"[39m
                      [33mheight[39m=[32m"24"[39m
                      [33mstroke[39m=[32m"currentColor"[39m
                      [33mstroke-linecap[39m=[32m"round"[39m
                      [33mstroke-linejoin[39m=[32m"round"[39m
                      [33mstroke-width[39m=[32m"2"[39m
                      [33mviewBox[39m=[32m"0 0 24 24"[39m
                      [33mwidth[39m=[32m"24"[39m
                      [33mxmlns[39m=[32m"http://www.w3.org/2000/svg"[39m
                    [36m>[39m
                      [36m<path[39m
                        [33md[39m=[32m"M20 10c0 4.993-5.539 10.193-7.399 11.799a1 1 0 0 1-1.202 0C9.539 20.193 4 14.993 4 10a8 8 0 0 1 16 0"[39m
                      [36m/>[39m
                      [36m<circle[39m
                        [33mcx[39m=[32m"12"[39m
                        [33mcy[39m=[32m"10"[39m
                        [33mr[39m=[32m"3"[39m
                      [36m/>[39m
                    [36m</svg>[39m
                    [36m<svg[39m
                      [33maria-hidden[39m=[32m"true"[39m
                      [33mclass[39m=[32m"lucide lucide-key h-12 w-12 text-yellow-500 transition-all duration-300 opacity-0 scale-90 absolute inset-0"[39m
                      [33mfill[39m=[32m"none"[39m
                      [33mheight[39m=[32m"24"[39m
                      [33mstroke[39m=[32m"currentColor"[39m
                      [33mstroke-linecap[39m=[32m"round"[39m
                      [33mstroke-linejoin[39m=[32m"round"[39m
                      [33mstroke-width[39m=[32m"2"[39m
                      [33mviewBox[39m=[32m"0 0 24 24"[39m
                      [33mwidth[39m=[32m"24"[39m
                      [33mxmlns[39m=[32m"http://www.w3.org/2000/svg"[39m
                    [36m>[39m
                      [36m<path[39m
                        [33md[39m=[32m"m15.5 7.5 2.3 2.3a1 1 0 0 0 1.4 0l2.1-2.1a1 1 0 0 0 0-1.4L19 4"[39m
                      [36m/>[39m
                      [36m<path[39m
                        [33md[39m=[32m"m21 2-9.6 9.6"[39m
                      [36m/>[39m
                      [36m<circle[39m
                        [33mcx[39m=[32m"7.5"[39m
                        [33mcy[39m=[32m"15.5"[39m
                        [33mr[39m=[32m"5.5"[39m
                      [36m/>[39m
                    [36m</svg>[39m
                    [36m<svg[39m
                      [33maria-hidden[39m=[32m"true"[39m
                      [33mclass[39m=[32m"lucide lucide-heart h-12 w-12 text-pink-500 transition-all duration-300 opacity-0 scale-90 absolute inset-0"[39m
                      [33mfill[39m=[32m"none"[39m
                      [33mheight[39m=[32m"24"[39m
                      [33mstroke[39m=[32m"currentColor"[39m
                      [33mstroke-linecap[39m=[32m"round"[39m
                      [33mstroke-linejoin[39m=[32m"round"[39m
                      [33mstroke-width[39m=[32m"2"[39m
                      [33mviewBox[39m=[32m"0 0 24 24"[39m
                      [33mwidth[39m=[32m"24"[39m
                      [33mxmlns[39m=[32m"http://www.w3.org/2000/svg"[39m
                    [36m>[39m
                      [36m<path[39m
                        [33md[39m=[32m"M19 14c1.49-1.46 3-3.21 3-5.5A5.5 5.5 0 0 0 16.5 3c-1.76 0-3 .5-4.5 2-1.5-1.5-2.74-2-4.5-2A5.5 5.5 0 0 0 2 8.5c0 2.3 1.5 4.05 3 5.5l7 7Z"[39m
                      [36m/>[39m
                    [36m</svg>[39m
                  [36m</div>[39m
                [36m</div>[39m
              [36m</div>[39m
              [36m<div[39m
                [33mclass[39m=[32m"flex space-x-1 mb-3"[39m
              [36m>[39m
                [36m<div[39m
                  [33mclass[39m=[32m"w-2 h-2 bg-red-500 rounded-full animate-bounce"[39m
                  [33mstyle[39m=[32m"animation-delay: 0s;"[39m
                [36m/>[39m
                [36m<div[39m
                  [33mclass[39m=[32m"w-2 h-2 bg-red-500 rounded-full animate-bounce"[39m
                  [33mstyle[39m=[32m"animation-delay: 0.2s;"[39m
                [36m/>[39m
                [36m<div[39m
                  [33mclass[39m=[32m"w-2 h-2 bg-red-500 rounded-full animate-bounce"[39m
                  [33mstyle[39m=[32m"animation-delay: 0.4s;"[39m
                [36m/>[39m
              [36m</div>[39m
              [36m<p[39m
                [33mclass[39m=[32m"text-gray-700 text-sm font-medium text-center"[39m
              [36m>[39m
                [0mPo ngarkohet harta...[0m
              [36m</p>[39m
              [36m<div[39m
                [33mclass[39m=[32m"w-32 h-1 bg-gray-200 rounded-full mt-3 overflow-hidden"[39m
              [36m>[39m
                [36m<div[39m
                  [33mclass[39m=[32m"h-full bg-gradient-to-r from-red-500 to-blue-500 rounded-full animate-pulse"[39m
                [36m/>[39m
              [36m</div>[39m
            [36m</div>[39m
          [36m</div>[39m
        [36m</div>[39m
      [36m</div>[39m
    [36m</body>[39m

      176 |     render(<FullMapView />);
      177 |     
    > 178 |     await waitFor(() => {
          |                  ^
      179 |       expect(screen.getByText(/error loading properties/i)).toBeInTheDocument();
      180 |     });
      181 |   });

      at waitForWrapper (node_modules/@testing-library/dom/dist/wait-for.js:163:27)
      at Object.<anonymous> (src/components/__tests__/FullMapView.test.tsx:178:18)

  ● FullMapView Component › applies responsive classes for mobile layout

    TestingLibraryElementError: Unable to find an element by: [data-testid="full-map-view-container"]

    Ignored nodes: comments, script, style
    [36m<body>[39m
      [36m<div>[39m
        [36m<div[39m
          [33mclass[39m=[32m"relative h-full w-full"[39m
        [36m>[39m
          [36m<div[39m
            [33mclass[39m=[32m"absolute left-4 top-4 z-50 map-filters-overlay pointer-events-none w-full max-w-[min(92vw,360px)] sm:w-auto sm:max-w-sm"[39m
          [36m>[39m
            [36m<div[39m
              [33mclass[39m=[32m"pointer-events-auto bg-white/95 backdrop-blur rounded-lg shadow border border-gray-200 p-2"[39m
            [36m>[39m
              [36m<div[39m
                [33mclass[39m=[32m"relative w-full"[39m
              [36m>[39m
                [36m<div[39m
                  [33mclass[39m=[32m"relative"[39m
                [36m>[39m
                  [36m<div[39m
                    [33mclass[39m=[32m"absolute inset-y-0 left-0 pl-3 flex items-center pointer-events-none"[39m
                  [36m>[39m
                    [36m<svg[39m
                      [33maria-hidden[39m=[32m"true"[39m
                      [33mclass[39m=[32m"lucide lucide-search h-4 w-4 text-gray-400"[39m
                      [33mfill[39m=[32m"none"[39m
                      [33mheight[39m=[32m"24"[39m
                      [33mstroke[39m=[32m"currentColor"[39m
                      [33mstroke-linecap[39m=[32m"round"[39m
                      [33mstroke-linejoin[39m=[32m"round"[39m
                      [33mstroke-width[39m=[32m"2"[39m
                      [33mviewBox[39m=[32m"0 0 24 24"[39m
                      [33mwidth[39m=[32m"24"[39m
                      [33mxmlns[39m=[32m"http://www.w3.org/2000/svg"[39m
                    [36m>[39m
                      [36m<path[39m
                        [33md[39m=[32m"m21 21-4.34-4.34"[39m
                      [36m/>[39m
                      [36m<circle[39m
                        [33mcx[39m=[32m"11"[39m
                        [33mcy[39m=[32m"11"[39m
                        [33mr[39m=[32m"8"[39m
                      [36m/>[39m
                    [36m</svg>[39m
                  [36m</div>[39m
                  [36m<input[39m
                    [33mclass[39m=[32m"block w-full pl-10 pr-20 py-3 border border-gray-300 rounded-lg focus:outline-none focus:ring-2 focus:ring-blue-500 focus:border-transparent"[39m
                    [33mplaceholder[39m=[32m"Kërko pranë një vendndodhjeje..."[39m
                    [33mtype[39m=[32m"text"[39m
                    [33mvalue[39m=[32m""[39m
                  [36m/>[39m
                  [36m<div[39m
                    [33mclass[39m=[32m"absolute inset-y-0 right-0 flex items-center"[39m
                  [36m>[39m
                    [36m<button[39m
                      [33mclass[39m=[32m"p-2 mr-1 text-blue-600 hover:text-blue-700 transition-colors"[39m
                      [33mtitle[39m=[32m"Use current location"[39m
                    [36m>[39m
                      [36m<svg[39m
                        [33maria-hidden[39m=[32m"true"[39m
                        [33mclass[39m=[32m"lucide lucide-target h-4 w-4"[39m
                        [33mfill[39m=[32m"none"[39m
                        [33mheight[39m=[32m"24"[39m
                        [33mstroke[39m=[32m"currentColor"[39m
                        [33mstroke-linecap[39m=[32m"round"[39m
                        [33mstroke-linejoin[39m=[32m"round"[39m
                        [33mstroke-width[39m=[32m"2"[39m
                        [33mviewBox[39m=[32m"0 0 24 24"[39m
                        [33mwidth[39m=[32m"24"[39m
                        [33mxmlns[39m=[32m"http://www.w3.org/2000/svg"[39m
                      [36m>[39m
                        [36m<circle[39m
                          [33mcx[39m=[32m"12"[39m
                          [33mcy[39m=[32m"12"[39m
                          [33mr[39m=[32m"10"[39m
                        [36m/>[39m
                        [36m<circle[39m
                          [33mcx[39m=[32m"12"[39m
                          [33mcy[39m=[32m"12"[39m
                          [33mr[39m=[32m"6"[39m
                        [36m/>[39m
                        [36m<circle[39m
                          [33mcx[39m=[32m"12"[39m
                          [33mcy[39m=[32m"12"[39m
                          [33mr[39m=[32m"2"[39m
                        [36m/>[39m
                      [36m</svg>[39m
                    [36m</button>[39m
                  [36m</div>[39m
                [36m</div>[39m
              [36m</div>[39m
            [36m</div>[39m
          [36m</div>[39m
          [36m<div[39m
            [33mclass[39m=[32m"h-full w-full bg-gray-50"[39m
            [33mstyle[39m=[32m"margin-right: 0px;"[39m
          [36m/>[39m
          [36m<div[39m
            [33mclass[39m=[32m"absolute z-50 map-controls-overlay"[39m
            [33mstyle[39m=[32m"right: 1rem; bottom: auto; top: 1rem;"[39m
          [36m>[39m
            [36m<div[39m
              [33mclass[39m=[32m"flex items-center gap-2"[39m
            [36m>[39m
              [36m<div[39m
                [33mclass[39m=[32m"bg-white rounded-md shadow border border-gray-200 p-1 flex items-center gap-1"[39m
              [36m>[39m
                [36m<button[39m
                  [33mclass[39m=[32m"px-2 py-1 text-[11px] rounded-sm transition-colors bg-blue-600 text-white"[39m
                  [33mtitle[39m=[32m"Rrugë"[39m
                [36m>[39m
                  [0m🗺️ Rrugë[0m
                [36m</button>[39m
                [36m<button[39m
                  [33mclass[39m=[32m"px-2 py-1 text-[11px] rounded-sm transition-colors text-blue-600 hover:bg-blue-50"[39m
                  [33mtitle[39m=[32m"Satelit"[39m
                [36m>[39m
                  [0m🛰️ Satelit[0m
                [36m</button>[39m
                [36m<button[39m
                  [33mclass[39m=[32m"px-2 py-1 text-[11px] rounded-sm transition-colors text-blue-600 hover:bg-blue-50"[39m
                  [33mtitle[39m=[32m"Teren"[39m
                [36m>[39m
                  [0m🏔️ Teren[0m
                [36m</button>[39m
              [36m</div>[39m
              [36m<button[39m
                [33mclass[39m=[32m"bg-white hover:bg-blue-50 p-2 rounded-md shadow border border-gray-200 transition-colors"[39m
                [33mtitle[39m=[32m"Rivendos pamjen"[39m
              [36m>[39m
                [36m<svg[39m
                  [33maria-hidden[39m=[32m"true"[39m
                  [33mclass[39m=[32m"lucide lucide-house h-3 w-3 text-blue-600"[39m
                  [33mfill[39m=[32m"none"[39m
                  [33mheight[39m=[32m"24"[39m
                  [33mstroke[39m=[32m"currentColor"[39m
                  [33mstroke-linecap[39m=[32m"round"[39m
                  [33mstroke-linejoin[39m=[32m"round"[39m
                  [33mstroke-width[39m=[32m"2"[39m
                  [33mviewBox[39m=[32m"0 0 24 24"[39m
                  [33mwidth[39m=[32m"24"[39m
                  [33mxmlns[39m=[32m"http://www.w3.org/2000/svg"[39m
                [36m>[39m
                  [36m<path[39m
                    [33md[39m=[32m"M15 21v-8a1 1 0 0 0-1-1h-4a1 1 0 0 0-1 1v8"[39m
                  [36m/>[39m
                  [36m<path[39m
                    [33md[39m=[32m"M3 10a2 2 0 0 1 .709-1.528l7-5.999a2 2 0 0 1 2.582 0l7 5.999A2 2 0 0 1 21 10v9a2 2 0 0 1-2 2H5a2 2 0 0 1-2-2z"[39m
                  [36m/>[39m
                [36m</svg>[39m
              [36m</button>[39m
            [36m</div>[39m
          [36m</div>[39m
          [36m<div[39m
            [33mclass[39m=[32m"absolute inset-0 bg-linear-to-br from-blue-50 to-green-50 bg-opacity-95 flex items-center justify-center"[39m
          [36m>[39m
            [36m<div[39m
              [33mclass[39m=[32m"flex flex-col items-center justify-center p-8"[39m
            [36m>[39m
              [36m<div[39m
                [33mclass[39m=[32m"relative mb-4"[39m
              [36m>[39m
                [36m<div[39m
                  [33mclass[39m=[32m"absolute inset-0 bg-gradient-to-r from-red-100 to-blue-100 rounded-full animate-pulse"[39m
                [36m/>[39m
                [36m<div[39m
                  [33mclass[39m=[32m"relative bg-white rounded-full p-4 shadow-lg"[39m
                [36m>[39m
                  [36m<div[39m
                    [33mclass[39m=[32m"absolute inset-0 bg-gradient-to-r from-red-500 via-blue-500 to-yellow-500 rounded-full animate-spin opacity-20"[39m
                  [36m/>[39m
                  [36m<div[39m
                    [33mclass[39m=[32m"relative z-10"[39m
                  [36m>[39m
                    [36m<svg[39m
                      [33maria-hidden[39m=[32m"true"[39m
                      [33mclass[39m=[32m"lucide lucide-house h-12 w-12 text-red-500 transition-all duration-300 opacity-100 scale-110 transform"[39m
                      [33mfill[39m=[32m"none"[39m
                      [33mheight[39m=[32m"24"[39m
                      [33mstroke[39m=[32m"currentColor"[39m
                      [33mstroke-linecap[39m=[32m"round"[39m
                      [33mstroke-linejoin[39m=[32m"round"[39m
                      [33mstroke-width[39m=[32m"2"[39m
                      [33mviewBox[39m=[32m"0 0 24 24"[39m
                      [33mwidth[39m=[32m"24"[39m
                      [33mxmlns[39m=[32m"http://www.w3.org/2000/svg"[39m
                    [36m>[39m
                      [36m<path[39m
                        [33md[39m=[32m"M15 21v-8a1 1 0 0 0-1-1h-4a1 1 0 0 0-1 1v8"[39m
                      [36m/>[39m
                      [36m<path[39m
                        [33md[39m=[32m"M3 10a2 2 0 0 1 .709-1.528l7-5.999a2 2 0 0 1 2.582 0l7 5.999A2 2 0 0 1 21 10v9a2 2 0 0 1-2 2H5a2 2 0 0 1-2-2z"[39m
                      [36m/>[39m
                    [36m</svg>[39m
                    [36m<svg[39m
                      [33maria-hidden[39m=[32m"true"[39m
                      [33mclass[39m=[32m"lucide lucide-map-pin h-12 w-12 text-blue-500 transition-all duration-300 opacity-0 scale-90 absolute inset-0"[39m
                      [33mfill[39m=[32m"none"[39m
                      [33mheight[39m=[32m"24"[39m
                      [33mstroke[39m=[32m"currentColor"[39m
                      [33mstroke-linecap[39m=[32m"round"[39m
                      [33mstroke-linejoin[39m=[32m"round"[39m
                      [33mstroke-width[39m=[32m"2"[39m
                      [33mviewBox[39m=[32m"0 0 24 24"[39m
                      [33mwidth[39m=[32m"24"[39m
                      [33mxmlns[39m=[32m"http://www.w3.org/2000/svg"[39m
                    [36m>[39m
                      [36m<path[39m
                        [33md[39m=[32m"M20 10c0 4.993-5.539 10.193-7.399 11.799a1 1 0 0 1-1.202 0C9.539 20.193 4 14.993 4 10a8 8 0 0 1 16 0"[39m
                      [36m/>[39m
                      [36m<circle[39m
                        [33mcx[39m=[32m"12"[39m
                        [33mcy[39m=[32m"10"[39m
                        [33mr[39m=[32m"3"[39m
                      [36m/>[39m
                    [36m</svg>[39m
                    [36m<svg[39m
                      [33maria-hidden[39m=[32m"true"[39m
                      [33mclass[39m=[32m"lucide lucide-key h-12 w-12 text-yellow-500 transition-all duration-300 opacity-0 scale-90 absolute inset-0"[39m
                      [33mfill[39m=[32m"none"[39m
                      [33mheight[39m=[32m"24"[39m
                      [33mstroke[39m=[32m"currentColor"[39m
                      [33mstroke-linecap[39m=[32m"round"[39m
                      [33mstroke-linejoin[39m=[32m"round"[39m
                      [33mstroke-width[39m=[32m"2"[39m
                      [33mviewBox[39m=[32m"0 0 24 24"[39m
                      [33mwidth[39m=[32m"24"[39m
                      [33mxmlns[39m=[32m"http://www.w3.org/2000/svg"[39m
                    [36m>[39m
                      [36m<path[39m
                        [33md[39m=[32m"m15.5 7.5 2.3 2.3a1 1 0 0 0 1.4 0l2.1-2.1a1 1 0 0 0 0-1.4L19 4"[39m
                      [36m/>[39m
                      [36m<path[39m
                        [33md[39m=[32m"m21 2-9.6 9.6"[39m
                      [36m/>[39m
                      [36m<circle[39m
                        [33mcx[39m=[32m"7.5"[39m
                        [33mcy[39m=[32m"15.5"[39m
                        [33mr[39m=[32m"5.5"[39m
                      [36m/>[39m
                    [36m</svg>[39m
                    [36m<svg[39m
                      [33maria-hidden[39m=[32m"true"[39m
                      [33mclass[39m=[32m"lucide lucide-heart h-12 w-12 text-pink-500 transition-all duration-300 opacity-0 scale-90 absolute inset-0"[39m
                      [33mfill[39m=[32m"none"[39m
                      [33mheight[39m=[32m"24"[39m
                      [33mstroke[39m=[32m"currentColor"[39m
                      [33mstroke-linecap[39m=[32m"round"[39m
                      [33mstroke-linejoin[39m=[32m"round"[39m
                      [33mstroke-width[39m=[32m"2"[39m
                      [33mviewBox[39m=[32m"0 0 24 24"[39m
                      [33mwidth[39m=[32m"24"[39m
                      [33mxmlns[39m=[32m"http://www.w3.org/2000/svg"[39m
                    [36m>[39m
                      [36m<path[39m
                        [33md[39m=[32m"M19 14c1.49-1.46 3-3.21 3-5.5A5.5 5.5 0 0 0 16.5 3c-1.76 0-3 .5-4.5 2-1.5-1.5-2.74-2-4.5-2A5.5 5.5 0 0 0 2 8.5c0 2.3 1.5 4.05 3 5.5l7 7Z"[39m
                      [36m/>[39m
                    [36m</svg>[39m
                  [36m</div>[39m
                [36m</div>[39m
              [36m</div>[39m
              [36m<div[39m
                [33mclass[39m=[32m"flex space-x-1 mb-3"[39m
              [36m>[39m
                [36m<div[39m
                  [33mclass[39m=[32m"w-2 h-2 bg-red-500 rounded-full animate-bounce"[39m
                  [33mstyle[39m=[32m"animation-delay: 0s;"[39m
                [36m/>[39m
                [36m<div[39m
                  [33mclass[39m=[32m"w-2 h-2 bg-red-500 rounded-full animate-bounce"[39m
                  [33mstyle[39m=[32m"animation-delay: 0.2s;"[39m
                [36m/>[39m
                [36m<div[39m
                  [33mclass[39m=[32m"w-2 h-2 bg-red-500 rounded-full animate-bounce"[39m
                  [33mstyle[39m=[32m"animation-delay: 0.4s;"[39m
                [36m/>[39m
              [36m</div>[39m
              [36m<p[39m
                [33mclass[39m=[32m"text-gray-700 text-sm font-medium text-center"[39m
              [36m>[39m
                [0mPo ngarkohet harta...[0m
              [36m</p>[39m
              [36m<div[39m
                [33mclass[39m=[32m"w-32 h-1 bg-gray-200 rounded-full mt-3 overflow-hidden"[39m
              [36m>[39m
                [36m<div[39m
                  [33mclass[39m=[32m"h-full bg-gradient-to-r from-red-500 to-blue-500 rounded-full animate-pulse"[39m
                [36m/>[39m
              [36m</div>[39m
            [36m</div>[39m
          [36m</div>[39m
        [36m</div>[39m
      [36m</div>[39m
    [36m</body>[39m

      184 |     render(<FullMapView />);
      185 |     
    > 186 |     const container = screen.getByTestId('full-map-view-container');
          |                              ^
      187 |     expect(container).toHaveClass('flex', 'h-screen');
      188 |   });
      189 |

      at Object.getElementError (node_modules/@testing-library/dom/dist/config.js:37:19)
      at node_modules/@testing-library/dom/dist/query-helpers.js:76:38
      at node_modules/@testing-library/dom/dist/query-helpers.js:52:17
      at node_modules/@testing-library/dom/dist/query-helpers.js:95:19
      at Object.getByTestId (src/components/__tests__/FullMapView.test.tsx:186:30)

  ● FullMapView Component › updates URL when filters change

    TestingLibraryElementError: Unable to find a label with the text of: /property type/i

    Ignored nodes: comments, script, style
    [36m<body>[39m
      [36m<div>[39m
        [36m<div[39m
          [33mclass[39m=[32m"relative h-full w-full"[39m
        [36m>[39m
          [36m<div[39m
            [33mclass[39m=[32m"absolute left-4 top-4 z-50 map-filters-overlay pointer-events-none w-full max-w-[min(92vw,360px)] sm:w-auto sm:max-w-sm"[39m
          [36m>[39m
            [36m<div[39m
              [33mclass[39m=[32m"pointer-events-auto bg-white/95 backdrop-blur rounded-lg shadow border border-gray-200 p-2"[39m
            [36m>[39m
              [36m<div[39m
                [33mclass[39m=[32m"relative w-full"[39m
              [36m>[39m
                [36m<div[39m
                  [33mclass[39m=[32m"relative"[39m
                [36m>[39m
                  [36m<div[39m
                    [33mclass[39m=[32m"absolute inset-y-0 left-0 pl-3 flex items-center pointer-events-none"[39m
                  [36m>[39m
                    [36m<svg[39m
                      [33maria-hidden[39m=[32m"true"[39m
                      [33mclass[39m=[32m"lucide lucide-search h-4 w-4 text-gray-400"[39m
                      [33mfill[39m=[32m"none"[39m
                      [33mheight[39m=[32m"24"[39m
                      [33mstroke[39m=[32m"currentColor"[39m
                      [33mstroke-linecap[39m=[32m"round"[39m
                      [33mstroke-linejoin[39m=[32m"round"[39m
                      [33mstroke-width[39m=[32m"2"[39m
                      [33mviewBox[39m=[32m"0 0 24 24"[39m
                      [33mwidth[39m=[32m"24"[39m
                      [33mxmlns[39m=[32m"http://www.w3.org/2000/svg"[39m
                    [36m>[39m
                      [36m<path[39m
                        [33md[39m=[32m"m21 21-4.34-4.34"[39m
                      [36m/>[39m
                      [36m<circle[39m
                        [33mcx[39m=[32m"11"[39m
                        [33mcy[39m=[32m"11"[39m
                        [33mr[39m=[32m"8"[39m
                      [36m/>[39m
                    [36m</svg>[39m
                  [36m</div>[39m
                  [36m<input[39m
                    [33mclass[39m=[32m"block w-full pl-10 pr-20 py-3 border border-gray-300 rounded-lg focus:outline-none focus:ring-2 focus:ring-blue-500 focus:border-transparent"[39m
                    [33mplaceholder[39m=[32m"Kërko pranë një vendndodhjeje..."[39m
                    [33mtype[39m=[32m"text"[39m
                    [33mvalue[39m=[32m""[39m
                  [36m/>[39m
                  [36m<div[39m
                    [33mclass[39m=[32m"absolute inset-y-0 right-0 flex items-center"[39m
                  [36m>[39m
                    [36m<button[39m
                      [33mclass[39m=[32m"p-2 mr-1 text-blue-600 hover:text-blue-700 transition-colors"[39m
                      [33mtitle[39m=[32m"Use current location"[39m
                    [36m>[39m
                      [36m<svg[39m
                        [33maria-hidden[39m=[32m"true"[39m
                        [33mclass[39m=[32m"lucide lucide-target h-4 w-4"[39m
                        [33mfill[39m=[32m"none"[39m
                        [33mheight[39m=[32m"24"[39m
                        [33mstroke[39m=[32m"currentColor"[39m
                        [33mstroke-linecap[39m=[32m"round"[39m
                        [33mstroke-linejoin[39m=[32m"round"[39m
                        [33mstroke-width[39m=[32m"2"[39m
                        [33mviewBox[39m=[32m"0 0 24 24"[39m
                        [33mwidth[39m=[32m"24"[39m
                        [33mxmlns[39m=[32m"http://www.w3.org/2000/svg"[39m
                      [36m>[39m
                        [36m<circle[39m
                          [33mcx[39m=[32m"12"[39m
                          [33mcy[39m=[32m"12"[39m
                          [33mr[39m=[32m"10"[39m
                        [36m/>[39m
                        [36m<circle[39m
                          [33mcx[39m=[32m"12"[39m
                          [33mcy[39m=[32m"12"[39m
                          [33mr[39m=[32m"6"[39m
                        [36m/>[39m
                        [36m<circle[39m
                          [33mcx[39m=[32m"12"[39m
                          [33mcy[39m=[32m"12"[39m
                          [33mr[39m=[32m"2"[39m
                        [36m/>[39m
                      [36m</svg>[39m
                    [36m</button>[39m
                  [36m</div>[39m
                [36m</div>[39m
              [36m</div>[39m
            [36m</div>[39m
          [36m</div>[39m
          [36m<div[39m
            [33mclass[39m=[32m"h-full w-full bg-gray-50"[39m
            [33mstyle[39m=[32m"margin-right: 0px;"[39m
          [36m/>[39m
          [36m<div[39m
            [33mclass[39m=[32m"absolute z-50 map-controls-overlay"[39m
            [33mstyle[39m=[32m"right: 1rem; bottom: auto; top: 1rem;"[39m
          [36m>[39m
            [36m<div[39m
              [33mclass[39m=[32m"flex items-center gap-2"[39m
            [36m>[39m
              [36m<div[39m
                [33mclass[39m=[32m"bg-white rounded-md shadow border border-gray-200 p-1 flex items-center gap-1"[39m
              [36m>[39m
                [36m<button[39m
                  [33mclass[39m=[32m"px-2 py-1 text-[11px] rounded-sm transition-colors bg-blue-600 text-white"[39m
                  [33mtitle[39m=[32m"Rrugë"[39m
                [36m>[39m
                  [0m🗺️ Rrugë[0m
                [36m</button>[39m
                [36m<button[39m
                  [33mclass[39m=[32m"px-2 py-1 text-[11px] rounded-sm transition-colors text-blue-600 hover:bg-blue-50"[39m
                  [33mtitle[39m=[32m"Satelit"[39m
                [36m>[39m
                  [0m🛰️ Satelit[0m
                [36m</button>[39m
                [36m<button[39m
                  [33mclass[39m=[32m"px-2 py-1 text-[11px] rounded-sm transition-colors text-blue-600 hover:bg-blue-50"[39m
                  [33mtitle[39m=[32m"Teren"[39m
                [36m>[39m
                  [0m🏔️ Teren[0m
                [36m</button>[39m
              [36m</div>[39m
              [36m<button[39m
                [33mclass[39m=[32m"bg-white hover:bg-blue-50 p-2 rounded-md shadow border border-gray-200 transition-colors"[39m
                [33mtitle[39m=[32m"Rivendos pamjen"[39m
              [36m>[39m
                [36m<svg[39m
                  [33maria-hidden[39m=[32m"true"[39m
                  [33mclass[39m=[32m"lucide lucide-house h-3 w-3 text-blue-600"[39m
                  [33mfill[39m=[32m"none"[39m
                  [33mheight[39m=[32m"24"[39m
                  [33mstroke[39m=[32m"currentColor"[39m
                  [33mstroke-linecap[39m=[32m"round"[39m
                  [33mstroke-linejoin[39m=[32m"round"[39m
                  [33mstroke-width[39m=[32m"2"[39m
                  [33mviewBox[39m=[32m"0 0 24 24"[39m
                  [33mwidth[39m=[32m"24"[39m
                  [33mxmlns[39m=[32m"http://www.w3.org/2000/svg"[39m
                [36m>[39m
                  [36m<path[39m
                    [33md[39m=[32m"M15 21v-8a1 1 0 0 0-1-1h-4a1 1 0 0 0-1 1v8"[39m
                  [36m/>[39m
                  [36m<path[39m
                    [33md[39m=[32m"M3 10a2 2 0 0 1 .709-1.528l7-5.999a2 2 0 0 1 2.582 0l7 5.999A2 2 0 0 1 21 10v9a2 2 0 0 1-2 2H5a2 2 0 0 1-2-2z"[39m
                  [36m/>[39m
                [36m</svg>[39m
              [36m</button>[39m
            [36m</div>[39m
          [36m</div>[39m
          [36m<div[39m
            [33mclass[39m=[32m"absolute inset-0 bg-linear-to-br from-blue-50 to-green-50 bg-opacity-95 flex items-center justify-center"[39m
          [36m>[39m
            [36m<div[39m
              [33mclass[39m=[32m"flex flex-col items-center justify-center p-8"[39m
            [36m>[39m
              [36m<div[39m
                [33mclass[39m=[32m"relative mb-4"[39m
              [36m>[39m
                [36m<div[39m
                  [33mclass[39m=[32m"absolute inset-0 bg-gradient-to-r from-red-100 to-blue-100 rounded-full animate-pulse"[39m
                [36m/>[39m
                [36m<div[39m
                  [33mclass[39m=[32m"relative bg-white rounded-full p-4 shadow-lg"[39m
                [36m>[39m
                  [36m<div[39m
                    [33mclass[39m=[32m"absolute inset-0 bg-gradient-to-r from-red-500 via-blue-500 to-yellow-500 rounded-full animate-spin opacity-20"[39m
                  [36m/>[39m
                  [36m<div[39m
                    [33mclass[39m=[32m"relative z-10"[39m
                  [36m>[39m
                    [36m<svg[39m
                      [33maria-hidden[39m=[32m"true"[39m
                      [33mclass[39m=[32m"lucide lucide-house h-12 w-12 text-red-500 transition-all duration-300 opacity-100 scale-110 transform"[39m
                      [33mfill[39m=[32m"none"[39m
                      [33mheight[39m=[32m"24"[39m
                      [33mstroke[39m=[32m"currentColor"[39m
                      [33mstroke-linecap[39m=[32m"round"[39m
                      [33mstroke-linejoin[39m=[32m"round"[39m
                      [33mstroke-width[39m=[32m"2"[39m
                      [33mviewBox[39m=[32m"0 0 24 24"[39m
                      [33mwidth[39m=[32m"24"[39m
                      [33mxmlns[39m=[32m"http://www.w3.org/2000/svg"[39m
                    [36m>[39m
                      [36m<path[39m
                        [33md[39m=[32m"M15 21v-8a1 1 0 0 0-1-1h-4a1 1 0 0 0-1 1v8"[39m
                      [36m/>[39m
                      [36m<path[39m
                        [33md[39m=[32m"M3 10a2 2 0 0 1 .709-1.528l7-5.999a2 2 0 0 1 2.582 0l7 5.999A2 2 0 0 1 21 10v9a2 2 0 0 1-2 2H5a2 2 0 0 1-2-2z"[39m
                      [36m/>[39m
                    [36m</svg>[39m
                    [36m<svg[39m
                      [33maria-hidden[39m=[32m"true"[39m
                      [33mclass[39m=[32m"lucide lucide-map-pin h-12 w-12 text-blue-500 transition-all duration-300 opacity-0 scale-90 absolute inset-0"[39m
                      [33mfill[39m=[32m"none"[39m
                      [33mheight[39m=[32m"24"[39m
                      [33mstroke[39m=[32m"currentColor"[39m
                      [33mstroke-linecap[39m=[32m"round"[39m
                      [33mstroke-linejoin[39m=[32m"round"[39m
                      [33mstroke-width[39m=[32m"2"[39m
                      [33mviewBox[39m=[32m"0 0 24 24"[39m
                      [33mwidth[39m=[32m"24"[39m
                      [33mxmlns[39m=[32m"http://www.w3.org/2000/svg"[39m
                    [36m>[39m
                      [36m<path[39m
                        [33md[39m=[32m"M20 10c0 4.993-5.539 10.193-7.399 11.799a1 1 0 0 1-1.202 0C9.539 20.193 4 14.993 4 10a8 8 0 0 1 16 0"[39m
                      [36m/>[39m
                      [36m<circle[39m
                        [33mcx[39m=[32m"12"[39m
                        [33mcy[39m=[32m"10"[39m
                        [33mr[39m=[32m"3"[39m
                      [36m/>[39m
                    [36m</svg>[39m
                    [36m<svg[39m
                      [33maria-hidden[39m=[32m"true"[39m
                      [33mclass[39m=[32m"lucide lucide-key h-12 w-12 text-yellow-500 transition-all duration-300 opacity-0 scale-90 absolute inset-0"[39m
                      [33mfill[39m=[32m"none"[39m
                      [33mheight[39m=[32m"24"[39m
                      [33mstroke[39m=[32m"currentColor"[39m
                      [33mstroke-linecap[39m=[32m"round"[39m
                      [33mstroke-linejoin[39m=[32m"round"[39m
                      [33mstroke-width[39m=[32m"2"[39m
                      [33mviewBox[39m=[32m"0 0 24 24"[39m
                      [33mwidth[39m=[32m"24"[39m
                      [33mxmlns[39m=[32m"http://www.w3.org/2000/svg"[39m
                    [36m>[39m
                      [36m<path[39m
                        [33md[39m=[32m"m15.5 7.5 2.3 2.3a1 1 0 0 0 1.4 0l2.1-2.1a1 1 0 0 0 0-1.4L19 4"[39m
                      [36m/>[39m
                      [36m<path[39m
                        [33md[39m=[32m"m21 2-9.6 9.6"[39m
                      [36m/>[39m
                      [36m<circle[39m
                        [33mcx[39m=[32m"7.5"[39m
                        [33mcy[39m=[32m"15.5"[39m
                        [33mr[39m=[32m"5.5"[39m
                      [36m/>[39m
                    [36m</svg>[39m
                    [36m<svg[39m
                      [33maria-hidden[39m=[32m"true"[39m
                      [33mclass[39m=[32m"lucide lucide-heart h-12 w-12 text-pink-500 transition-all duration-300 opacity-0 scale-90 absolute inset-0"[39m
                      [33mfill[39m=[32m"none"[39m
                      [33mheight[39m=[32m"24"[39m
                      [33mstroke[39m=[32m"currentColor"[39m
                      [33mstroke-linecap[39m=[32m"round"[39m
                      [33mstroke-linejoin[39m=[32m"round"[39m
                      [33mstroke-width[39m=[32m"2"[39m
                      [33mviewBox[39m=[32m"0 0 24 24"[39m
                      [33mwidth[39m=[32m"24"[39m
                      [33mxmlns[39m=[32m"http://www.w3.org/2000/svg"[39m
                    [36m>[39m
                      [36m<path[39m
                        [33md[39m=[32m"M19 14c1.49-1.46 3-3.21 3-5.5A5.5 5.5 0 0 0 16.5 3c-1.76 0-3 .5-4.5 2-1.5-1.5-2.74-2-4.5-2A5.5 5.5 0 0 0 2 8.5c0 2.3 1.5 4.05 3 5.5l7 7Z"[39m
                      [36m/>[39m
                    [36m</svg>[39m
                  [36m</div>[39m
                [36m</div>[39m
              [36m</div>[39m
              [36m<div[39m
                [33mclass[39m=[32m"flex space-x-1 mb-3"[39m
              [36m>[39m
                [36m<div[39m
                  [33mclass[39m=[32m"w-2 h-2 bg-red-500 rounded-full animate-bounce"[39m
                  [33mstyle[39m=[32m"animation-delay: 0s;"[39m
                [36m/>[39m
                [36m<div[39m
                  [33mclass[39m=[32m"w-2 h-2 bg-red-500 rounded-full animate-bounce"[39m
                  [33mstyle[39m=[32m"animation-delay: 0.2s;"[39m
                [36m/>[39m
                [36m<div[39m
                  [33mclass[39m=[32m"w-2 h-2 bg-red-500 rounded-full animate-bounce"[39m
                  [33mstyle[39m=[32m"animation-delay: 0.4s;"[39m
                [36m/>[39m
              [36m</div>[39m
              [36m<p[39m
                [33mclass[39m=[32m"text-gray-700 text-sm font-medium text-center"[39m
              [36m>[39m
                [0mPo ngarkohet harta...[0m
              [36m</p>[39m
              [36m<div[39m
                [33mclass[39m=[32m"w-32 h-1 bg-gray-200 rounded-full mt-3 overflow-hidden"[39m
              [36m>[39m
                [36m<div[39m
                  [33mclass[39m=[32m"h-full bg-gradient-to-r from-red-500 to-blue-500 rounded-full animate-pulse"[39m
                [36m/>[39m
              [36m</div>[39m
            [36m</div>[39m
          [36m</div>[39m
        [36m</div>[39m
      [36m</div>[39m
    [36m</body>[39m

      221 |     render(<FullMapView />);
      222 |     
    > 223 |     const propertyTypeSelect = screen.getByLabelText(/property type/i);
          |                                       ^
      224 |     fireEvent.change(propertyTypeSelect, { target: { value: 'house' } });
      225 |     
      226 |     // URL should be updated with new filter parameters

      at Object.getElementError (node_modules/@testing-library/dom/dist/config.js:37:19)
      at getAllByLabelText (node_modules/@testing-library/dom/dist/queries/label-text.js:111:38)
      at node_modules/@testing-library/dom/dist/query-helpers.js:52:17
      at node_modules/@testing-library/dom/dist/query-helpers.js:95:19
      at Object.getByLabelText (src/components/__tests__/FullMapView.test.tsx:223:39)

FAIL src/components/__tests__/ContactForm.test.tsx (6.287 s)
  ● ContactForm › validates email format

    Unable to find an element with the text: Adresa e email-it nuk është e vlefshme. This could be because the text is broken up by multiple elements. In this case, you can provide a function for your text matcher to make your matcher more flexible.

    Ignored nodes: comments, script, style
    [36m<body>[39m
      [36m<div>[39m
        [36m<div[39m
          [33mclass[39m=[32m"bg-white rounded-lg shadow-md p-6 sticky top-6"[39m
        [36m>[39m
          [36m<div[39m
            [33mclass[39m=[32m"flex items-center mb-4"[39m
          [36m>[39m
            [36m<svg[39m
              [33maria-hidden[39m=[32m"true"[39m
              [33mclass[39m=[32m"lucide lucide-message-circle h-6 w-6 text-blue-600 mr-2"[39m
              [33mfill[39m=[32m"none"[39m
              [33mheight[39m=[32m"24"[39m
              [33mstroke[39m=[32m"currentColor"[39m
              [33mstroke-linecap[39m=[32m"round"[39m
              [33mstroke-linejoin[39m=[32m"round"[39m
              [33mstroke-width[39m=[32m"2"[39m
              [33mviewBox[39m=[32m"0 0 24 24"[39m
              [33mwidth[39m=[32m"24"[39m
              [33mxmlns[39m=[32m"http://www.w3.org/2000/svg"[39m
            [36m>[39m
              [36m<path[39m
                [33md[39m=[32m"M7.9 20A9 9 0 1 0 4 16.1L2 22Z"[39m
              [36m/>[39m
            [36m</svg>[39m
            [36m<h3[39m
              [33mclass[39m=[32m"text-xl font-semibold text-gray-900"[39m
            [36m>[39m
              [0mKontaktoni Agjentin[0m
            [36m</h3>[39m
          [36m</div>[39m
          [36m<p[39m
            [33mclass[39m=[32m"text-gray-600 mb-6"[39m
          [36m>[39m
            [0mJeni të interesuar për [0m
            [36m<span[39m
              [33mclass[39m=[32m"font-medium text-gray-900"[39m
            [36m>[39m
              [0mBeautiful House in Tirana[0m
            [36m</span>[39m
            [0m? Dërgoni një mesazh dhe do t'ju kthejmë përgjigje.[0m
          [36m</p>[39m
          [36m<form[39m
            [33mclass[39m=[32m"space-y-4"[39m
          [36m>[39m
            [36m<div>[39m
              [36m<label[39m
                [33mclass[39m=[32m"block text-sm font-medium text-gray-700 mb-1"[39m
                [33mfor[39m=[32m"name"[39m
              [36m>[39m
                [36m<svg[39m
                  [33maria-hidden[39m=[32m"true"[39m
                  [33mclass[39m=[32m"lucide lucide-user inline h-4 w-4 mr-1"[39m
                  [33mfill[39m=[32m"none"[39m
                  [33mheight[39m=[32m"24"[39m
                  [33mstroke[39m=[32m"currentColor"[39m
                  [33mstroke-linecap[39m=[32m"round"[39m
                  [33mstroke-linejoin[39m=[32m"round"[39m
                  [33mstroke-width[39m=[32m"2"[39m
                  [33mviewBox[39m=[32m"0 0 24 24"[39m
                  [33mwidth[39m=[32m"24"[39m
                  [33mxmlns[39m=[32m"http://www.w3.org/2000/svg"[39m
                [36m>[39m
                  [36m<path[39m
                    [33md[39m=[32m"M19 21v-2a4 4 0 0 0-4-4H9a4 4 0 0 0-4 4v2"[39m
                  [36m/>[39m
                  [36m<circle[39m
                    [33mcx[39m=[32m"12"[39m
                    [33mcy[39m=[32m"7"[39m
                    [33mr[39m=[32m"4"[39m
                  [36m/>[39m
                [36m</svg>[39m
                [0mEmri i Plotë *[0m
              [36m</label>[39m
              [36m<input[39m
                [33mclass[39m=[32m"w-full px-3 py-2 border border-gray-300 rounded-md focus:outline-none focus:ring-2 focus:ring-blue-500 focus:border-transparent"[39m
                [33mid[39m=[32m"name"[39m
                [33mname[39m=[32m"name"[39m
                [33mplaceholder[39m=[32m"Emri dhe mbiemri juaj"[39m
                [33mtype[39m=[32m"text"[39m
              [36m/>[39m
            [36m</div>[39m
            [36m<div>[39m
              [36m<label[39m
                [33mclass[39m=[32m"block text-sm font-medium text-gray-700 mb-1"[39m
                [33mfor[39m=[32m"email"[39m
              [36m>[39m
                [36m<svg[39m
                  [33maria-hidden[39m=[32m"true"[39m
                  [33mclass[39m=[32m"lucide lucide-mail inline h-4 w-4 mr-1"[39m
                  [33mfill[39m=[32m"none"[39m
                  [33mheight[39m=[32m"24"[39m
                  [33mstroke[39m=[32m"currentColor"[39m
                  [33mstroke-linecap[39m=[32m"round"[39m
                  [33mstroke-linejoin[39m=[32m"round"[39m
                  [33mstroke-width[39m=[32m"2"[39m
                  [33mviewBox[39m=[32m"0 0 24 24"[39m
                  [33mwidth[39m=[32m"24"[39m
                  [33mxmlns[39m=[32m"http://www.w3.org/2000/svg"[39m
                [36m>[39m
                  [36m<path[39m
                    [33md[39m=[32m"m22 7-8.991 5.727a2 2 0 0 1-2.009 0L2 7"[39m
                  [36m/>[39m
                  [36m<rect[39m
                    [33mheight[39m=[32m"16"[39m
                    [33mrx[39m=[32m"2"[39m
                    [33mwidth[39m=[32m"20"[39m
                    [33mx[39m=[32m"2"[39m
                    [33my[39m=[32m"4"[39m
                  [36m/>[39m
                [36m</svg>[39m
                [0mAdresa e Email-it *[0m
              [36m</label>[39m
              [36m<input[39m
                [33mclass[39m=[32m"w-full px-3 py-2 border border-gray-300 rounded-md focus:outline-none focus:ring-2 focus:ring-blue-500 focus:border-transparent"[39m
                [33mid[39m=[32m"email"[39m
                [33mname[39m=[32m"email"[39m
                [33mplaceholder[39m=[32m"emri.juaj@email.com"[39m
                [33mtype[39m=[32m"email"[39m
              [36m/>[39m
            [36m</div>[39m
            [36m<div>[39m
              [36m<label[39m
                [33mclass[39m=[32m"block text-sm font-medium text-gray-700 mb-1"[39m
                [33mfor[39m=[32m"phone"[39m
              [36m>[39m
                [36m<svg[39m
                  [33maria-hidden[39m=[32m"true"[39m
                  [33mclass[39m=[32m"lucide lucide-phone inline h-4 w-4 mr-1"[39m
                  [33mfill[39m=[32m"none"[39m
                  [33mheight[39m=[32m"24"[39m
                  [33mstroke[39m=[32m"currentColor"[39m
                  [33mstroke-linecap[39m=[32m"round"[39m
                  [33mstroke-linejoin[39m=[32m"round"[39m
                  [33mstroke-width[39m=[32m"2"[39m
                  [33mviewBox[39m=[32m"0 0 24 24"[39m
                  [33mwidth[39m=[32m"24"[39m
                  [33mxmlns[39m=[32m"http://www.w3.org/2000/svg"[39m
                [36m>[39m
                  [36m<path[39m
                    [33md[39m=[32m"M13.832 16.568a1 1 0 0 0 1.213-.303l.355-.465A2 2 0 0 1 17 15h3a2 2 0 0 1 2 2v3a2 2 0 0 1-2 2A18 18 0 0 1 2 4a2 2 0 0 1 2-2h3a2 2 0 0 1 2 2v3a2 2 0 0 1-.8 1.6l-.468.351a1 1 0 0 0-.292 1.233 14 14 0 0 0 6.392 6.384"[39m
                  [36m/>[39m
                [36m</svg>[39m
                [0mNumri i Telefonit[0m
              [36m</label>[39m
              [36m<input[39m
                [33mclass[39m=[32m"w-full px-3 py-2 border border-gray-300 rounded-md focus:outline-none focus:ring-2 focus:ring-blue-500 focus:border-transparent"[39m
                [33mid[39m=[32m"phone"[39m
                [33mname[39m=[32m"phone"[39m
                [33mplaceholder[39m=[32m"+355 69 123 4567"[39m
                [33mtype[39m=[32m"tel"[39m
              [36m/>[39m
            [36m</div>[39m
            [36m<div>[39m
              [36m<label[39m
                [33mclass[39m=[32m"block text-sm font-medium text-gray-700 mb-1"[39m
                [33mfor[39m=[32m"message"[39m
              [36m>[39m
                [0mMesazhi *[0m
              [36m</label>[39m
              [36m<textarea[39m
                [33mclass[39m=[32m"w-full px-3 py-2 border border-gray-300 rounded-md focus:outline-none focus:ring-2 focus:ring-blue-500 focus:border-transparent resize-vertical"[39m
                [33mid[39m=[32m"message"[39m
                [33mname[39m=[32m"message"[39m
                [33mplaceholder[39m=[32m"Jam i interesuar për këtë pasuri. Ju lutem kontaktoni me më shumë informacion..."[39m
                [33mrows[39m=[32m"4"[39m
              [36m/>[39m
            [36m</div>[39m
            [36m<button[39m
              [33mclass[39m=[32m"w-full bg-linear-to-r from-blue-600 to-blue-700 text-white py-2 px-4 rounded-md hover:from-blue-700 hover:to-blue-800 focus:outline-none focus:ring-2 focus:ring-blue-500 focus:ring-offset-2 disabled:opacity-50 disabled:cursor-not-allowed transition-colors flex items-center justify-center"[39m
              [33mtype[39m=[32m"submit"[39m
            [36m>[39m
              [36m<svg[39m
                [33maria-hidden[39m=[32m"true"[39m
                [33mclass[39m=[32m"lucide lucide-send h-4 w-4 mr-2"[39m
                [33mfill[39m=[32m"none"[39m
                [33mheight[39m=[32m"24"[39m
                [33mstroke[39m=[32m"currentColor"[39m
                [33mstroke-linecap[39m=[32m"round"[39m
                [33mstroke-linejoin[39m=[32m"round"[39m
                [33mstroke-width[39m=[32m"2"[39m
                [33mviewBox[39m=[32m"0 0 24 24"[39m
                [33mwidth[39m=[32m"24"[39m
                [33mxmlns[39m=[32m"http://www.w3.org/2000/svg"[39m
              [36m>[39m
                [36m<path[39m
                  [33md[39m=[32m"M14.536 21.686a.5.5 0 0 0 .937-.024l6.5-19a.496.496 0 0 0-.635-.635l-19 6.5a.5.5 0 0 0-.024.937l7.93 3.18a2 2 0 0 1 1.112 1.11z"[39m
                [36m/>[39m
                [36m<path[39m
                  [33md[39m=[32m"m21.854 2.147-10.94 10.939"[39m
                [36m/>[39m
              [36m</svg>[39m
              [0mDërgo Mesazhin[0m
            [36m</button>[39m
          [36m</form>[39m
          [36m<div[39m
            [33mclass[39m=[32m"mt-6 pt-6 border-t border-gray-200"[39m
          [36m>[39m
            [36m<h4[39m
              [33mclass[39m=[32m"font-semibold text-gray-900 mb-3"[39m
            [36m>[39m
              [0mInformacione Kontakti[0m
            [36m</h4>[39m
            [36m<div[39m
              [33mclass[39m=[32m"text-sm text-gray-600 space-y-2"[39m
            [36m>[39m
              [36m<div[39m
                [33mclass[39m=[32m"flex items-center"[39m
              [36m>[39m
                [36m<svg[39m
                  [33maria-hidden[39m=[32m"true"[39m
                  [33mclass[39m=[32m"lucide lucide-mail h-4 w-4 mr-2 text-blue-600"[39m
                  [33mfill[39m=[32m"none"[39m
                  [33mheight[39m=[32m"24"[39m
                  [33mstroke[39m=[32m"currentColor"[39m
                  [33mstroke-linecap[39m=[32m"round"[39m
                  [33mstroke-linejoin[39m=[32m"round"[39m
                  [33mstroke-width[39m=[32m"2"[39m
                  [33mviewBox[39m=[32m"0 0 24 24"[39m
                  [33mwidth[39m=[32m"24"[39m
                  [33mxmlns[39m=[32m"http://www.w3.org/2000/svg"[39m
                [36m>[39m
                  [36m<path[39m
                    [33md[39m=[32m"m22 7-8.991 5.727a2 2 0 0 1-2.009 0L2 7"[39m
                  [36m/>[39m
                  [36m<rect[39m
                    [33mheight[39m=[32m"16"[39m
                    [33mrx[39m=[32m"2"[39m
                    [33mwidth[39m=[32m"20"[39m
                    [33mx[39m=[32m"2"[39m
                    [33my[39m=[32m"4"[39m
                  [36m/>[39m
                [36m</svg>[39m
                [36m<span>[39m
                  [0minfo@pasuritëtiranës.al[0m
                [36m</span>[39m
              [36m</div>[39m
              [36m<div[39m
                [33mclass[39m=[32m"flex items-center"[39m
              [36m>[39m
                [36m<svg[39m
                  [33maria-hidden[39m=[32m"true"[39m
                  [33mclass[39m=[32m"lucide lucide-phone h-4 w-4 mr-2 text-blue-600"[39m
                  [33mfill[39m=[32m"none"[39m
                  [33mheight[39m=[32m"24"[39m
                  [33mstroke[39m=[32m"currentColor"[39m
                  [33mstroke-linecap[39m=[32m"round"[39m
                  [33mstroke-linejoin[39m=[32m"round"[39m
                  [33mstroke-width[39m=[32m"2"[39m
                  [33mviewBox[39m=[32m"0 0 24 24"[39m
                  [33mwidth[39m=[32m"24"[39m
                  [33mxmlns[39m=[32m"http://www.w3.org/2000/svg"[39m
                [36m>[39m
                  [36m<path[39m
                    [33md[39m=[32m"M13.832 16.568a1 1 0 0 0 1.213-.303l.355-.465A2 2 0 0 1 17 15h3a2 2 0 0 1 2 2v3a2 2 0 0 1-2 2A18 18 0 0 1 2 4a2 2 0 0 1 2-2h3a2 2 0 0 1 2 2v3a2 2 0 0 1-.8 1.6l-.468.351a1 1 0 0 0-.292 1.233 14 14 0 0 0 6.392 6.384"[39m
                  [36m/>[39m
                [36m</svg>[39m
                [36m<span>[39m
                  [0m+355 69 123 4567[0m
                [36m</span>[39m
              [36m</div>[39m
              [36m<div[39m
                [33mclass[39m=[32m"flex items-center"[39m
              [36m>[39m
                [36m<svg[39m
                  [33maria-hidden[39m=[32m"true"[39m
                  [33mclass[39m=[32m"lucide lucide-clock h-4 w-4 mr-2 text-blue-600"[39m
                  [33mfill[39m=[32m"none"[39m
                  [33mheight[39m=[32m"24"[39m
                  [33mstroke[39m=[32m"currentColor"[39m
                  [33mstroke-linecap[39m=[32m"round"[39m
                  [33mstroke-linejoin[39m=[32m"round"[39m
                  [33mstroke-width[39m=[32m"2"[39m
                  [33mviewBox[39m=[32m"0 0 24 24"[39m
                  [33mwidth[39m=[32m"24"[39m
                  [33mxmlns[39m=[32m"http://www.w3.org/2000/svg"[39m
                [36m>[39m
                  [36m<path[39m
                    [33md[39m=[32m"M12 6v6l4 2"[39m
                  [36m/>[39m
                  [36m<circle[39m
                    [33mcx[39m=[32m"12"[39m
                    [33mcy[39m=[32m"12"[39m
                    [33mr[39m=[32m"10"[39m
                  [36m/>[39m
                [36m</svg>[39m
                [36m<span>[39m
                  [0mHën-Pre: 9:00-18:00, Sht-Dje: 10:00-16:00[0m
                [36m</span>[39m
              [36m</div>[39m
            [36m</div>[39m
          [36m</div>[39m
        [36m</div>[39m
      [36m</div>[39m
    [36m</body>[39m

      65 |     fireEvent.click(submitButton);
      66 |     
    > 67 |     await waitFor(() => {
         |                  ^
      68 |       expect(screen.getByText('Adresa e email-it nuk është e vlefshme')).toBeInTheDocument();
      69 |     });
      70 |   });

      at waitForWrapper (node_modules/@testing-library/dom/dist/wait-for.js:163:27)
      at Object.<anonymous> (src/components/__tests__/ContactForm.test.tsx:67:18)

  ● ContactForm › submits form with valid data

    expect(jest.fn()).toHaveBeenCalledWith(...expected)

    Expected: {"createdAt": "2024-01-01T00:00:00.000Z", "email": "john@example.com", "id": "test-id-123", "message": "I am interested in this property. Please contact me.", "name": "John Doe", "phone": "+355 69 123 4567", "propertyId": "property-123"}

    Number of calls: 0

    Ignored nodes: comments, script, style
    [36m<html>[39m
      [36m<head />[39m
      [36m<body>[39m
        [36m<div>[39m
          [36m<div[39m
            [33mclass[39m=[32m"bg-white rounded-lg shadow-md p-6 sticky top-6"[39m
          [36m>[39m
            [36m<div[39m
              [33mclass[39m=[32m"flex items-center mb-4"[39m
            [36m>[39m
              [36m<svg[39m
                [33maria-hidden[39m=[32m"true"[39m
                [33mclass[39m=[32m"lucide lucide-message-circle h-6 w-6 text-blue-600 mr-2"[39m
                [33mfill[39m=[32m"none"[39m
                [33mheight[39m=[32m"24"[39m
                [33mstroke[39m=[32m"currentColor"[39m
                [33mstroke-linecap[39m=[32m"round"[39m
                [33mstroke-linejoin[39m=[32m"round"[39m
                [33mstroke-width[39m=[32m"2"[39m
                [33mviewBox[39m=[32m"0 0 24 24"[39m
                [33mwidth[39m=[32m"24"[39m
                [33mxmlns[39m=[32m"http://www.w3.org/2000/svg"[39m
              [36m>[39m
                [36m<path[39m
                  [33md[39m=[32m"M7.9 20A9 9 0 1 0 4 16.1L2 22Z"[39m
                [36m/>[39m
              [36m</svg>[39m
              [36m<h3[39m
                [33mclass[39m=[32m"text-xl font-semibold text-gray-900"[39m
              [36m>[39m
                [0mKontaktoni Agjentin[0m
              [36m</h3>[39m
            [36m</div>[39m
            [36m<p[39m
              [33mclass[39m=[32m"text-gray-600 mb-6"[39m
            [36m>[39m
              [0mJeni të interesuar për [0m
              [36m<span[39m
                [33mclass[39m=[32m"font-medium text-gray-900"[39m
              [36m>[39m
                [0mBeautiful House in Tirana[0m
              [36m</span>[39m
              [0m? Dërgoni një mesazh dhe do t'ju kthejmë përgjigje.[0m
            [36m</p>[39m
            [36m<form[39m
              [33mclass[39m=[32m"space-y-4"[39m
            [36m>[39m
              [36m<div>[39m
                [36m<label[39m
                  [33mclass[39m=[32m"block text-sm font-medium text-gray-700 mb-1"[39m
                  [33mfor[39m=[32m"name"[39m
                [36m>[39m
                  [36m<svg[39m
                    [33maria-hidden[39m=[32m"true"[39m
                    [33mclass[39m=[32m"lucide lucide-user inline h-4 w-4 mr-1"[39m
                    [33mfill[39m=[32m"none"[39m
                    [33mheight[39m=[32m"24"[39m
                    [33mstroke[39m=[32m"currentColor"[39m
                    [33mstroke-linecap[39m=[32m"round"[39m
                    [33mstroke-linejoin[39m=[32m"round"[39m
                    [33mstroke-width[39m=[32m"2"[39m
                    [33mviewBox[39m=[32m"0 0 24 24"[39m
                    [33mwidth[39m=[32m"24"[39m
                    [33mxmlns[39m=[32m"http://www.w3.org/2000/svg"[39m
                  [36m>[39m
                    [36m<path[39m
                      [33md[39m=[32m"M19 21v-2a4 4 0 0 0-4-4H9a4 4 0 0 0-4 4v2"[39m
                    [36m/>[39m
                    [36m<circle[39m
                      [33mcx[39m=[32m"12"[39m
                      [33mcy[39m=[32m"7"[39m
                      [33mr[39m=[32m"4"[39m
                    [36m/>[39m
                  [36m</svg>[39m
                  [0mEmri i Plotë *[0m
                [36m</label>[39m
                [36m<input[39m
                  [33mclass[39m=[32m"w-full px-3 py-2 border border-gray-300 rounded-md focus:outline-none focus:ring-2 focus:ring-blue-500 focus:border-transparent"[39m
                  [33mid[39m=[32m"name"[39m
                  [33mname[39m=[32m"name"[39m
                  [33mplaceholder[39m=[32m"Emri dhe mbiemri juaj"[39m
                  [33mtype[39m=[32m"text"[39m
                [36m/>[39m
              [36m</div>[39m
              [36m<div>[39m
                [36m<label[39m
                  [33mclass[39m=[32m"block text-sm font-medium text-gray-700 mb-1"[39m
                  [33mfor[39m=[32m"email"[39m
                [36m>[39m
                  [36m<svg[39m
                    [33maria-hidden[39m=[32m"true"[39m
                    [33mclass[39m=[32m"lucide lucide-mail inline h-4 w-4 mr-1"[39m
                    [33mfill[39m=[32m"none"[39m
                    [33mheight[39m=[32m"24"[39m
                    [33mstroke[39m=[32m"currentColor"[39m
                    [33mstroke-linecap[39m=[32m"round"[39m
                    [33mstroke-linejoin[39m=[32m"round"[39m
                    [33mstroke-width[39m=[32m"2"[39m
                    [33mviewBox[39m=[32m"0 0 24 24"[39m
                    [33mwidth[39m=[32m"24"[39m
                    [33mxmlns[39m=[32m"http://www.w3.org/2000/svg"[39m
                  [36m>[39m
                    [36m<path[39m
                      [33md[39m=[32m"m22 7-8.991 5.727a2 2 0 0 1-2.009 0L2 7"[39m
                    [36m/>[39m
                    [36m<rect[39m
                      [33mheight[39m=[32m"16"[39m
                      [33mrx[39m=[32m"2"[39m
                      [33mwidth[39m=[32m"20"[39m
                      [33mx[39m=[32m"2"[39m
                      [33my[39m=[32m"4"[39m
                    [36m/>[39m
                  [36m</svg>[39m
                  [0mAdresa e Email-it *[0m
                [36m</label>[39m
                [36m<input[39m
                  [33mclass[39m=[32m"w-full px-3 py-2 border border-gray-300 rounded-md focus:outline-none focus:ring-2 focus:ring-blue-500 focus:border-transparent"[39m
                  [33mid[39m=[32m"email"[39m
                  [33mname[39m=[32m"email"[39m
                  [33mplaceholder[39m=[32m"emri.juaj@email.com"[39m
                  [33mtype[39m=[32m"email"[39m
                [36m/>[39m
              [36m</div>[39m
              [36m<div>[39m
                [36m<label[39m
                  [33mclass[39m=[32m"block text-sm font-medium text-gray-700 mb-1"[39m
                  [33mfor[39m=[32m"phone"[39m
                [36m>[39m
                  [36m<svg[39m
                    [33maria-hidden[39m=[32m"true"[39m
                    [33mclass[39m=[32m"lucide lucide-phone inline h-4 w-4 mr-1"[39m
                    [33mfill[39m=[32m"none"[39m
                    [33mheight[39m=[32m"24"[39m
                    [33mstroke[39m=[32m"currentColor"[39m
                    [33mstroke-linecap[39m=[32m"round"[39m
                    [33mstroke-linejoin[39m=[32m"round"[39m
                    [33mstroke-width[39m=[32m"2"[39m
                    [33mviewBox[39m=[32m"0 0 24 24"[39m
                    [33mwidth[39m=[32m"24"[39m
                    [33mxmlns[39m=[32m"http://www.w3.org/2000/svg"[39m
                  [36m>[39m
                    [36m<path[39m
                      [33md[39m=[32m"M13.832 16.568a1 1 0 0 0 1.213-.303l.355-.465A2 2 0 0 1 17 15h3a2 2 0 0 1 2 2v3a2 2 0 0 1-2 2A18 18 0 0 1 2 4a2 2 0 0 1 2-2h3a2 2 0 0 1 2 2v3a2 2 0 0 1-.8 1.6l-.468.351a1 1 0 0 0-.292 1.233 14 14 0 0 0 6.392 6.384"[39m
                    [36m/>[39m
                  [36m</svg>[39m
                  [0mNumri i Telefonit[0m
                [36m</label>[39m
                [36m<input[39m
                  [33mclass[39m=[32m"w-full px-3 py-2 border border-gray-300 rounded-md focus:outline-none focus:ring-2 focus:ring-blue-500 focus:border-transparent"[39m
                  [33mid[39m=[32m"phone"[39m
                  [33mname[39m=[32m"phone"[39m
                  [33mplaceholder[39m=[32m"+355 69 123 4567"[39m
                  [33mtype[39m=[32m"tel"[39m
                [36m/>[39m
              [36m</div>[39m
              [36m<div>[39m
                [36m<label[39m
                  [33mclass[39m=[32m"block text-sm font-medium text-gray-700 mb-1"[39m
                  [33mfor[39m=[32m"message"[39m
                [36m>[39m
                  [0mMesazhi *[0m
                [36m</label>[39m
                [36m<textarea[39m
                  [33mclass[39m=[32m"w-full px-3 py-2 border border-gray-300 rounded-md focus:outline-none focus:ring-2 focus:ring-blue-500 focus:border-transparent resize-vertical"[39m
                  [33mid[39m=[32m"message"[39m
                  [33mname[39m=[32m"message"[39m
                  [33mplaceholder[39m=[32m"Jam i interesuar për këtë pasuri. Ju lutem kontaktoni me më shumë informacion..."[39m
                  [33mrows[39m=[32m"4"[39m
                [36m/>[39m
              [36m</div>[39m
              [36m<div[39m
                [33mclass[39m=[32m"p-3 bg-red-50 border border-red-200 rounded-md"[39m
              [36m>[39m
                [36m<p[39m
                  [33mclass[39m=[32m"text-red-600 text-sm"[39m
                [36m>[39m
                  [0mKa ndodhur një gabim gjatë dërgimit të mesazhit. Ju lutem provoni përsëri.[0m
                [36m</p>[39m
              [36m</div>[39m
              [36m<button[39m
                [33mclass[39m=[32m"w-full bg-linear-to-r from-blue-600 to-blue-700 text-white py-2 px-4 rounded-md hover:from-blue-700 hover:to-blue-800 focus:outline-none focus:ring-2 focus:ring-blue-500 focus:ring-offset-2 disabled:opacity-50 disabled:cursor-not-allowed transition-colors flex items-center justify-center"[39m
                [33mtype[39m=[32m"submit"[39m
              [36m>[39m
                [36m<svg[39m
                  [33maria-hidden[39m=[32m"true"[39m
                  [33mclass[39m=[32m"lucide lucide-send h-4 w-4 mr-2"[39m
                  [33mfill[39m=[32m"none"[39m
                  [33mheight[39m=[32m"24"[39m
                  [33mstroke[39m=[32m"currentColor"[39m
                  [33mstroke-linecap[39m=[32m"round"[39m
                  [33mstroke-linejoin[39m=[32m"round"[39m
                  [33mstroke-width[39m=[32m"2"[39m
                  [33mviewBox[39m=[32m"0 0 24 24"[39m
                  [33mwidth[39m=[32m"24"[39m
                  [33mxmlns[39m=[32m"http://www.w3.org/2000/svg"[39m
                [36m>[39m
                  [36m<path[39m
                    [33md[39m=[32m"M14.536 21.686a.5.5 0 0 0 .937-.024l6.5-19a.496.496 0 0 0-.635-.635l-19 6.5a.5.5 0 0 0-.024.937l7.93 3.18a2 2 0 0 1 1.112 1.11z"[39m
                  [36m/>[39m
                  [36m<path[39m
                    [33md[39m=[32m"m21.854 2.147-10.94 10.939"[39m
                  [36m/>[39m
                [36m</svg>[39m
                [0mDërgo Mesazhin[0m
              [36m</button>[39m
            [36m</form>[39m
            [36m<div[39m
              [33mclass[39m=[32m"mt-6 pt-6 border-t border-gray-200"[39m
            [36m>[39m
              [36m<h4[39m
                [33mclass[39m=[32m"font-semibold text-gray-900 mb-3"[39m
              [36m>[39m
                [0mInformacione Kontakti[0m
              [36m</h4>[39m
              [36m<div[39m
                [33mclass[39m=[32m"text-sm text-gray-600 space-y-2"[39m
              [36m>[39m
                [36m<div[39m
                  [33mclass[39m=[32m"flex items-center"[39m
                [36m>[39m
                  [36m<svg[39m
                    [33maria-hidden[39m=[32m"true"[39m
                    [33mclass[39m=[32m"lucide lucide-mail h-4 w-4 mr-2 text-blue-600"[39m
                    [33mfill[39m=[32m"none"[39m
                    [33mheight[39m=[32m"24"[39m
                    [33mstroke[39m=[32m"currentColor"[39m
                    [33mstroke-linecap[39m=[32m"round"[39m
                    [33mstroke-linejoin[39m=[32m"round"[39m
                    [33mstroke-width[39m=[32m"2"[39m
                    [33mviewBox[39m=[32m"0 0 24 24"[39m
                    [33mwidth[39m=[32m"24"[39m
                    [33mxmlns[39m=[32m"http://www.w3.org/2000/svg"[39m
                  [36m>[39m
                    [36m<path[39m
                      [33md[39m=[32m"m22 7-8.991 5.727a2 2 0 0 1-2.009 0L2 7"[39m
                    [36m/>[39m
                    [36m<rect[39m
                      [33mheight[39m=[32m"16"[39m
                      [33mrx[39m=[32m"2"[39m
                      [33mwidth[39m=[32m"20"[39m
                      [33mx[39m=[32m"2"[39m
                      [33my[39m=[32m"4"[39m
                    [36m/>[39m
                  [36m</svg>[39m
                  [36m<span>[39m
                    [0minfo@pasuritëtiranës.al[0m
                  [36m</span>[39m
                [36m</div>[39m
                [36m<div[39m
                  [33mclass[39m=[32m"flex items-center"[39m
                [36m>[39m
                  [36m<svg[39m
                    [33maria-hidden[39m=[32m"true"[39m
                    [33mclass[39m=[32m"lucide lucide-phone h-4 w-4 mr-2 text-blue-600"[39m
                    [33mfill[39m=[32m"none"[39m
                    [33mheight[39m=[32m"24"[39m
                    [33mstroke[39m=[32m"currentColor"[39m
                    [33mstroke-linecap[39m=[32m"round"[39m
                    [33mstroke-linejoin[39m=[32m"round"[39m
                    [33mstroke-width[39m=[32m"2"[39m
                    [33mviewBox[39m=[32m"0 0 24 24"[39m
                    [33mwidth[39m=[32m"24"[39m
                    [33mxmlns[39m=[32m"http://www.w3.org/2000/svg"[39m
                  [36m>[39m
                    [36m<path[39m
                      [33md[39m=[32m"M13.832 16.568a1 1 0 0 0 1.213-.303l.355-.465A2 2 0 0 1 17 15h3a2 2 0 0 1 2 2v3a2 2 0 0 1-2 2A18 18 0 0 1 2 4a2 2 0 0 1 2-2h3a2 2 0 0 1 2 2v3a2 2 0 0 1-.8 1.6l-.468.351a1 1 0 0 0-.292 1.233 14 14 0 0 0 6.392 6.384"[39m
                    [36m/>[39m
                  [36m</svg>[39m
                  [36m<span>[39m
                    [0m+355 69 123 4567[0m
                  [36m</span>[39m
                [36m</div>[39m
                [36m<div[39m
                  [33mclass[39m=[32m"flex items-center"[39m
                [36m>[39m
                  [36m<svg[39m
                    [33maria-hidden[39m=[32m"true"[39m
                    [33mclass[39m=[32m"lucide lucide-clock h-4 w-4 mr-2 text-blue-600"[39m
                    [33mfill[39m=[32m"none"[39m
                    [33mheight[39m=[32m"24"[39m
                    [33mstroke[39m=[32m"currentColor"[39m
                    [33mstroke-linecap[39m=[32m"round"[39m
                    [33mstroke-linejoin[39m=[32m"round"[39m
                    [33mstroke-width[39m=[32m"2"[39m
                    [33mviewBox[39m=[32m"0 0 24 24"[39m
                    [33mwidth[39m=[32m"24"[39m
                    [33mxmlns[39m=[32m"http://www.w3.org/2000/svg"[39m
                  [36m>[39m
                    [36m<path[39m
                      [33md[39m=[32m"M12 6v6l4 2"[39m
                    [36m/>[39m
                    [36m<circle[39m
                      [33mcx[39m=[32m"12"[39m
                      [33mcy[39m=[32m"12"[39m
                      [33mr[39m=[32m"10"[39m
                    [36m/>[39m
                  [36m</svg>[39m
                  [36m<span>[39m
                    [0mHën-Pre: 9:00-18:00, Sht-Dje: 10:00-16:00[0m
                  [36m</span>[39m
                [36m</div>[39m
              [36m</div>[39m
            [36m</div>[39m
          [36m</div>[39m
        [36m</div>[39m
      [36m</body>[39m
    [36m</html>[39m

      119 |     
      120 |     await waitFor(() => {
    > 121 |       expect(mockSaveInquiry).toHaveBeenCalledWith({
          |                               ^
      122 |         id: 'test-id-123',
      123 |         propertyId: 'property-123',
      124 |         name: 'John Doe',

      at toHaveBeenCalledWith (src/components/__tests__/ContactForm.test.tsx:121:31)
      at runWithExpensiveErrorDiagnosticsDisabled (node_modules/@testing-library/dom/dist/config.js:47:12)
      at checkCallback (node_modules/@testing-library/dom/dist/wait-for.js:124:77)
      at checkRealTimersCallback (node_modules/@testing-library/dom/dist/wait-for.js:118:16)
      at Timeout.task [as _onTimeout] (node_modules/jsdom/lib/jsdom/browser/Window.js:579:19)

  ● ContactForm › shows success message after submission

    Unable to find an element with the text: Mesazhi u Dërgua!. This could be because the text is broken up by multiple elements. In this case, you can provide a function for your text matcher to make your matcher more flexible.

    Ignored nodes: comments, script, style
    [36m<body>[39m
      [36m<div>[39m
        [36m<div[39m
          [33mclass[39m=[32m"bg-white rounded-lg shadow-md p-6 sticky top-6"[39m
        [36m>[39m
          [36m<div[39m
            [33mclass[39m=[32m"flex items-center mb-4"[39m
          [36m>[39m
            [36m<svg[39m
              [33maria-hidden[39m=[32m"true"[39m
              [33mclass[39m=[32m"lucide lucide-message-circle h-6 w-6 text-blue-600 mr-2"[39m
              [33mfill[39m=[32m"none"[39m
              [33mheight[39m=[32m"24"[39m
              [33mstroke[39m=[32m"currentColor"[39m
              [33mstroke-linecap[39m=[32m"round"[39m
              [33mstroke-linejoin[39m=[32m"round"[39m
              [33mstroke-width[39m=[32m"2"[39m
              [33mviewBox[39m=[32m"0 0 24 24"[39m
              [33mwidth[39m=[32m"24"[39m
              [33mxmlns[39m=[32m"http://www.w3.org/2000/svg"[39m
            [36m>[39m
              [36m<path[39m
                [33md[39m=[32m"M7.9 20A9 9 0 1 0 4 16.1L2 22Z"[39m
              [36m/>[39m
            [36m</svg>[39m
            [36m<h3[39m
              [33mclass[39m=[32m"text-xl font-semibold text-gray-900"[39m
            [36m>[39m
              [0mKontaktoni Agjentin[0m
            [36m</h3>[39m
          [36m</div>[39m
          [36m<p[39m
            [33mclass[39m=[32m"text-gray-600 mb-6"[39m
          [36m>[39m
            [0mJeni të interesuar për [0m
            [36m<span[39m
              [33mclass[39m=[32m"font-medium text-gray-900"[39m
            [36m>[39m
              [0mBeautiful House in Tirana[0m
            [36m</span>[39m
            [0m? Dërgoni një mesazh dhe do t'ju kthejmë përgjigje.[0m
          [36m</p>[39m
          [36m<form[39m
            [33mclass[39m=[32m"space-y-4"[39m
          [36m>[39m
            [36m<div>[39m
              [36m<label[39m
                [33mclass[39m=[32m"block text-sm font-medium text-gray-700 mb-1"[39m
                [33mfor[39m=[32m"name"[39m
              [36m>[39m
                [36m<svg[39m
                  [33maria-hidden[39m=[32m"true"[39m
                  [33mclass[39m=[32m"lucide lucide-user inline h-4 w-4 mr-1"[39m
                  [33mfill[39m=[32m"none"[39m
                  [33mheight[39m=[32m"24"[39m
                  [33mstroke[39m=[32m"currentColor"[39m
                  [33mstroke-linecap[39m=[32m"round"[39m
                  [33mstroke-linejoin[39m=[32m"round"[39m
                  [33mstroke-width[39m=[32m"2"[39m
                  [33mviewBox[39m=[32m"0 0 24 24"[39m
                  [33mwidth[39m=[32m"24"[39m
                  [33mxmlns[39m=[32m"http://www.w3.org/2000/svg"[39m
                [36m>[39m
                  [36m<path[39m
                    [33md[39m=[32m"M19 21v-2a4 4 0 0 0-4-4H9a4 4 0 0 0-4 4v2"[39m
                  [36m/>[39m
                  [36m<circle[39m
                    [33mcx[39m=[32m"12"[39m
                    [33mcy[39m=[32m"7"[39m
                    [33mr[39m=[32m"4"[39m
                  [36m/>[39m
                [36m</svg>[39m
                [0mEmri i Plotë *[0m
              [36m</label>[39m
              [36m<input[39m
                [33mclass[39m=[32m"w-full px-3 py-2 border border-gray-300 rounded-md focus:outline-none focus:ring-2 focus:ring-blue-500 focus:border-transparent"[39m
                [33mid[39m=[32m"name"[39m
                [33mname[39m=[32m"name"[39m
                [33mplaceholder[39m=[32m"Emri dhe mbiemri juaj"[39m
                [33mtype[39m=[32m"text"[39m
              [36m/>[39m
            [36m</div>[39m
            [36m<div>[39m
              [36m<label[39m
                [33mclass[39m=[32m"block text-sm font-medium text-gray-700 mb-1"[39m
                [33mfor[39m=[32m"email"[39m
              [36m>[39m
                [36m<svg[39m
                  [33maria-hidden[39m=[32m"true"[39m
                  [33mclass[39m=[32m"lucide lucide-mail inline h-4 w-4 mr-1"[39m
                  [33mfill[39m=[32m"none"[39m
                  [33mheight[39m=[32m"24"[39m
                  [33mstroke[39m=[32m"currentColor"[39m
                  [33mstroke-linecap[39m=[32m"round"[39m
                  [33mstroke-linejoin[39m=[32m"round"[39m
                  [33mstroke-width[39m=[32m"2"[39m
                  [33mviewBox[39m=[32m"0 0 24 24"[39m
                  [33mwidth[39m=[32m"24"[39m
                  [33mxmlns[39m=[32m"http://www.w3.org/2000/svg"[39m
                [36m>[39m
                  [36m<path[39m
                    [33md[39m=[32m"m22 7-8.991 5.727a2 2 0 0 1-2.009 0L2 7"[39m
                  [36m/>[39m
                  [36m<rect[39m
                    [33mheight[39m=[32m"16"[39m
                    [33mrx[39m=[32m"2"[39m
                    [33mwidth[39m=[32m"20"[39m
                    [33mx[39m=[32m"2"[39m
                    [33my[39m=[32m"4"[39m
                  [36m/>[39m
                [36m</svg>[39m
                [0mAdresa e Email-it *[0m
              [36m</label>[39m
              [36m<input[39m
                [33mclass[39m=[32m"w-full px-3 py-2 border border-gray-300 rounded-md focus:outline-none focus:ring-2 focus:ring-blue-500 focus:border-transparent"[39m
                [33mid[39m=[32m"email"[39m
                [33mname[39m=[32m"email"[39m
                [33mplaceholder[39m=[32m"emri.juaj@email.com"[39m
                [33mtype[39m=[32m"email"[39m
              [36m/>[39m
            [36m</div>[39m
            [36m<div>[39m
              [36m<label[39m
                [33mclass[39m=[32m"block text-sm font-medium text-gray-700 mb-1"[39m
                [33mfor[39m=[32m"phone"[39m
              [36m>[39m
                [36m<svg[39m
                  [33maria-hidden[39m=[32m"true"[39m
                  [33mclass[39m=[32m"lucide lucide-phone inline h-4 w-4 mr-1"[39m
                  [33mfill[39m=[32m"none"[39m
                  [33mheight[39m=[32m"24"[39m
                  [33mstroke[39m=[32m"currentColor"[39m
                  [33mstroke-linecap[39m=[32m"round"[39m
                  [33mstroke-linejoin[39m=[32m"round"[39m
                  [33mstroke-width[39m=[32m"2"[39m
                  [33mviewBox[39m=[32m"0 0 24 24"[39m
                  [33mwidth[39m=[32m"24"[39m
                  [33mxmlns[39m=[32m"http://www.w3.org/2000/svg"[39m
                [36m>[39m
                  [36m<path[39m
                    [33md[39m=[32m"M13.832 16.568a1 1 0 0 0 1.213-.303l.355-.465A2 2 0 0 1 17 15h3a2 2 0 0 1 2 2v3a2 2 0 0 1-2 2A18 18 0 0 1 2 4a2 2 0 0 1 2-2h3a2 2 0 0 1 2 2v3a2 2 0 0 1-.8 1.6l-.468.351a1 1 0 0 0-.292 1.233 14 14 0 0 0 6.392 6.384"[39m
                  [36m/>[39m
                [36m</svg>[39m
                [0mNumri i Telefonit[0m
              [36m</label>[39m
              [36m<input[39m
                [33mclass[39m=[32m"w-full px-3 py-2 border border-gray-300 rounded-md focus:outline-none focus:ring-2 focus:ring-blue-500 focus:border-transparent"[39m
                [33mid[39m=[32m"phone"[39m
                [33mname[39m=[32m"phone"[39m
                [33mplaceholder[39m=[32m"+355 69 123 4567"[39m
                [33mtype[39m=[32m"tel"[39m
              [36m/>[39m
            [36m</div>[39m
            [36m<div>[39m
              [36m<label[39m
                [33mclass[39m=[32m"block text-sm font-medium text-gray-700 mb-1"[39m
                [33mfor[39m=[32m"message"[39m
              [36m>[39m
                [0mMesazhi *[0m
              [36m</label>[39m
              [36m<textarea[39m
                [33mclass[39m=[32m"w-full px-3 py-2 border border-gray-300 rounded-md focus:outline-none focus:ring-2 focus:ring-blue-500 focus:border-transparent resize-vertical"[39m
                [33mid[39m=[32m"message"[39m
                [33mname[39m=[32m"message"[39m
                [33mplaceholder[39m=[32m"Jam i interesuar për këtë pasuri. Ju lutem kontaktoni me më shumë informacion..."[39m
                [33mrows[39m=[32m"4"[39m
              [36m/>[39m
            [36m</div>[39m
            [36m<div[39m
              [33mclass[39m=[32m"p-3 bg-red-50 border border-red-200 rounded-md"[39m
            [36m>[39m
              [36m<p[39m
                [33mclass[39m=[32m"text-red-600 text-sm"[39m
              [36m>[39m
                [0mKa ndodhur një gabim gjatë dërgimit të mesazhit. Ju lutem provoni përsëri.[0m
              [36m</p>[39m
            [36m</div>[39m
            [36m<button[39m
              [33mclass[39m=[32m"w-full bg-linear-to-r from-blue-600 to-blue-700 text-white py-2 px-4 rounded-md hover:from-blue-700 hover:to-blue-800 focus:outline-none focus:ring-2 focus:ring-blue-500 focus:ring-offset-2 disabled:opacity-50 disabled:cursor-not-allowed transition-colors flex items-center justify-center"[39m
              [33mtype[39m=[32m"submit"[39m
            [36m>[39m
              [36m<svg[39m
                [33maria-hidden[39m=[32m"true"[39m
                [33mclass[39m=[32m"lucide lucide-send h-4 w-4 mr-2"[39m
                [33mfill[39m=[32m"none"[39m
                [33mheight[39m=[32m"24"[39m
                [33mstroke[39m=[32m"currentColor"[39m
                [33mstroke-linecap[39m=[32m"round"[39m
                [33mstroke-linejoin[39m=[32m"round"[39m
                [33mstroke-width[39m=[32m"2"[39m
                [33mviewBox[39m=[32m"0 0 24 24"[39m
                [33mwidth[39m=[32m"24"[39m
                [33mxmlns[39m=[32m"http://www.w3.org/2000/svg"[39m
              [36m>[39m
                [36m<path[39m
                  [33md[39m=[32m"M14.536 21.686a.5.5 0 0 0 .937-.024l6.5-19a.496.496 0 0 0-.635-.635l-19 6.5a.5.5 0 0 0-.024.937l7.93 3.18a2 2 0 0 1 1.112 1.11z"[39m
                [36m/>[39m
                [36m<path[39m
                  [33md[39m=[32m"m21.854 2.147-10.94 10.939"[39m
                [36m/>[39m
              [36m</svg>[39m
              [0mDërgo Mesazhin[0m
            [36m</button>[39m
          [36m</form>[39m
          [36m<div[39m
            [33mclass[39m=[32m"mt-6 pt-6 border-t border-gray-200"[39m
          [36m>[39m
            [36m<h4[39m
              [33mclass[39m=[32m"font-semibold text-gray-900 mb-3"[39m
            [36m>[39m
              [0mInformacione Kontakti[0m
            [36m</h4>[39m
            [36m<div[39m
              [33mclass[39m=[32m"text-sm text-gray-600 space-y-2"[39m
            [36m>[39m
              [36m<div[39m
                [33mclass[39m=[32m"flex items-center"[39m
              [36m>[39m
                [36m<svg[39m
                  [33maria-hidden[39m=[32m"true"[39m
                  [33mclass[39m=[32m"lucide lucide-mail h-4 w-4 mr-2 text-blue-600"[39m
                  [33mfill[39m=[32m"none"[39m
                  [33mheight[39m=[32m"24"[39m
                  [33mstroke[39m=[32m"currentColor"[39m
                  [33mstroke-linecap[39m=[32m"round"[39m
                  [33mstroke-linejoin[39m=[32m"round"[39m
                  [33mstroke-width[39m=[32m"2"[39m
                  [33mviewBox[39m=[32m"0 0 24 24"[39m
                  [33mwidth[39m=[32m"24"[39m
                  [33mxmlns[39m=[32m"http://www.w3.org/2000/svg"[39m
                [36m>[39m
                  [36m<path[39m
                    [33md[39m=[32m"m22 7-8.991 5.727a2 2 0 0 1-2.009 0L2 7"[39m
                  [36m/>[39m
                  [36m<rect[39m
                    [33mheight[39m=[32m"16"[39m
                    [33mrx[39m=[32m"2"[39m
                    [33mwidth[39m=[32m"20"[39m
                    [33mx[39m=[32m"2"[39m
                    [33my[39m=[32m"4"[39m
                  [36m/>[39m
                [36m</svg>[39m
                [36m<span>[39m
                  [0minfo@pasuritëtiranës.al[0m
                [36m</span>[39m
              [36m</div>[39m
              [36m<div[39m
                [33mclass[39m=[32m"flex items-center"[39m
              [36m>[39m
                [36m<svg[39m
                  [33maria-hidden[39m=[32m"true"[39m
                  [33mclass[39m=[32m"lucide lucide-phone h-4 w-4 mr-2 text-blue-600"[39m
                  [33mfill[39m=[32m"none"[39m
                  [33mheight[39m=[32m"24"[39m
                  [33mstroke[39m=[32m"currentColor"[39m
                  [33mstroke-linecap[39m=[32m"round"[39m
                  [33mstroke-linejoin[39m=[32m"round"[39m
                  [33mstroke-width[39m=[32m"2"[39m
                  [33mviewBox[39m=[32m"0 0 24 24"[39m
                  [33mwidth[39m=[32m"24"[39m
                  [33mxmlns[39m=[32m"http://www.w3.org/2000/svg"[39m
                [36m>[39m
                  [36m<path[39m
                    [33md[39m=[32m"M13.832 16.568a1 1 0 0 0 1.213-.303l.355-.465A2 2 0 0 1 17 15h3a2 2 0 0 1 2 2v3a2 2 0 0 1-2 2A18 18 0 0 1 2 4a2 2 0 0 1 2-2h3a2 2 0 0 1 2 2v3a2 2 0 0 1-.8 1.6l-.468.351a1 1 0 0 0-.292 1.233 14 14 0 0 0 6.392 6.384"[39m
                  [36m/>[39m
                [36m</svg>[39m
                [36m<span>[39m
                  [0m+355 69 123 4567[0m
                [36m</span>[39m
              [36m</div>[39m
              [36m<div[39m
                [33mclass[39m=[32m"flex items-center"[39m
              [36m>[39m
                [36m<svg[39m
                  [33maria-hidden[39m=[32m"true"[39m
                  [33mclass[39m=[32m"lucide lucide-clock h-4 w-4 mr-2 text-blue-600"[39m
                  [33mfill[39m=[32m"none"[39m
                  [33mheight[39m=[32m"24"[39m
                  [33mstroke[39m=[32m"currentColor"[39m
                  [33mstroke-linecap[39m=[32m"round"[39m
                  [33mstroke-linejoin[39m=[32m"round"[39m
                  [33mstroke-width[39m=[32m"2"[39m
                  [33mviewBox[39m=[32m"0 0 24 24"[39m
                  [33mwidth[39m=[32m"24"[39m
                  [33mxmlns[39m=[32m"http://www.w3.org/2000/svg"[39m
                [36m>[39m
                  [36m<path[39m
                    [33md[39m=[32m"M12 6v6l4 2"[39m
                  [36m/>[39m
                  [36m<circle[39m
                    [33mcx[39m=[32m"12"[39m
                    [33mcy[39m=[32m"12"[39m
                    [33mr[39m=[32m"10"[39m
                  [36m/>[39m
                [36m</svg>[39m
                [36m<span>[39m
                  [0mHën-Pre: 9:00-18:00, Sht-Dje: 10:00-16:00[0m
                [36m</span>[39m
              [36m</div>[39m
            [36m</div>[39m
          [36m</div>[39m
        [36m</div>[39m
      [36m</div>[39m
    [36m</body>[39m

      148 |     fireEvent.click(submitButton);
      149 |     
    > 150 |     await waitFor(() => {
          |                  ^
      151 |       expect(screen.getByText('Mesazhi u Dërgua!')).toBeInTheDocument();
      152 |       expect(screen.getByText(/Faleminderit për interesimin tuaj/)).toBeInTheDocument();
      153 |     });

      at waitForWrapper (node_modules/@testing-library/dom/dist/wait-for.js:163:27)
      at Object.<anonymous> (src/components/__tests__/ContactForm.test.tsx:150:18)

  ● ContactForm › allows sending another message after success

    Unable to find an element with the text: Mesazhi u Dërgua!. This could be because the text is broken up by multiple elements. In this case, you can provide a function for your text matcher to make your matcher more flexible.

    Ignored nodes: comments, script, style
    [36m<body>[39m
      [36m<div>[39m
        [36m<div[39m
          [33mclass[39m=[32m"bg-white rounded-lg shadow-md p-6 sticky top-6"[39m
        [36m>[39m
          [36m<div[39m
            [33mclass[39m=[32m"flex items-center mb-4"[39m
          [36m>[39m
            [36m<svg[39m
              [33maria-hidden[39m=[32m"true"[39m
              [33mclass[39m=[32m"lucide lucide-message-circle h-6 w-6 text-blue-600 mr-2"[39m
              [33mfill[39m=[32m"none"[39m
              [33mheight[39m=[32m"24"[39m
              [33mstroke[39m=[32m"currentColor"[39m
              [33mstroke-linecap[39m=[32m"round"[39m
              [33mstroke-linejoin[39m=[32m"round"[39m
              [33mstroke-width[39m=[32m"2"[39m
              [33mviewBox[39m=[32m"0 0 24 24"[39m
              [33mwidth[39m=[32m"24"[39m
              [33mxmlns[39m=[32m"http://www.w3.org/2000/svg"[39m
            [36m>[39m
              [36m<path[39m
                [33md[39m=[32m"M7.9 20A9 9 0 1 0 4 16.1L2 22Z"[39m
              [36m/>[39m
            [36m</svg>[39m
            [36m<h3[39m
              [33mclass[39m=[32m"text-xl font-semibold text-gray-900"[39m
            [36m>[39m
              [0mKontaktoni Agjentin[0m
            [36m</h3>[39m
          [36m</div>[39m
          [36m<p[39m
            [33mclass[39m=[32m"text-gray-600 mb-6"[39m
          [36m>[39m
            [0mJeni të interesuar për [0m
            [36m<span[39m
              [33mclass[39m=[32m"font-medium text-gray-900"[39m
            [36m>[39m
              [0mBeautiful House in Tirana[0m
            [36m</span>[39m
            [0m? Dërgoni një mesazh dhe do t'ju kthejmë përgjigje.[0m
          [36m</p>[39m
          [36m<form[39m
            [33mclass[39m=[32m"space-y-4"[39m
          [36m>[39m
            [36m<div>[39m
              [36m<label[39m
                [33mclass[39m=[32m"block text-sm font-medium text-gray-700 mb-1"[39m
                [33mfor[39m=[32m"name"[39m
              [36m>[39m
                [36m<svg[39m
                  [33maria-hidden[39m=[32m"true"[39m
                  [33mclass[39m=[32m"lucide lucide-user inline h-4 w-4 mr-1"[39m
                  [33mfill[39m=[32m"none"[39m
                  [33mheight[39m=[32m"24"[39m
                  [33mstroke[39m=[32m"currentColor"[39m
                  [33mstroke-linecap[39m=[32m"round"[39m
                  [33mstroke-linejoin[39m=[32m"round"[39m
                  [33mstroke-width[39m=[32m"2"[39m
                  [33mviewBox[39m=[32m"0 0 24 24"[39m
                  [33mwidth[39m=[32m"24"[39m
                  [33mxmlns[39m=[32m"http://www.w3.org/2000/svg"[39m
                [36m>[39m
                  [36m<path[39m
                    [33md[39m=[32m"M19 21v-2a4 4 0 0 0-4-4H9a4 4 0 0 0-4 4v2"[39m
                  [36m/>[39m
                  [36m<circle[39m
                    [33mcx[39m=[32m"12"[39m
                    [33mcy[39m=[32m"7"[39m
                    [33mr[39m=[32m"4"[39m
                  [36m/>[39m
                [36m</svg>[39m
                [0mEmri i Plotë *[0m
              [36m</label>[39m
              [36m<input[39m
                [33mclass[39m=[32m"w-full px-3 py-2 border border-gray-300 rounded-md focus:outline-none focus:ring-2 focus:ring-blue-500 focus:border-transparent"[39m
                [33mid[39m=[32m"name"[39m
                [33mname[39m=[32m"name"[39m
                [33mplaceholder[39m=[32m"Emri dhe mbiemri juaj"[39m
                [33mtype[39m=[32m"text"[39m
              [36m/>[39m
            [36m</div>[39m
            [36m<div>[39m
              [36m<label[39m
                [33mclass[39m=[32m"block text-sm font-medium text-gray-700 mb-1"[39m
                [33mfor[39m=[32m"email"[39m
              [36m>[39m
                [36m<svg[39m
                  [33maria-hidden[39m=[32m"true"[39m
                  [33mclass[39m=[32m"lucide lucide-mail inline h-4 w-4 mr-1"[39m
                  [33mfill[39m=[32m"none"[39m
                  [33mheight[39m=[32m"24"[39m
                  [33mstroke[39m=[32m"currentColor"[39m
                  [33mstroke-linecap[39m=[32m"round"[39m
                  [33mstroke-linejoin[39m=[32m"round"[39m
                  [33mstroke-width[39m=[32m"2"[39m
                  [33mviewBox[39m=[32m"0 0 24 24"[39m
                  [33mwidth[39m=[32m"24"[39m
                  [33mxmlns[39m=[32m"http://www.w3.org/2000/svg"[39m
                [36m>[39m
                  [36m<path[39m
                    [33md[39m=[32m"m22 7-8.991 5.727a2 2 0 0 1-2.009 0L2 7"[39m
                  [36m/>[39m
                  [36m<rect[39m
                    [33mheight[39m=[32m"16"[39m
                    [33mrx[39m=[32m"2"[39m
                    [33mwidth[39m=[32m"20"[39m
                    [33mx[39m=[32m"2"[39m
                    [33my[39m=[32m"4"[39m
                  [36m/>[39m
                [36m</svg>[39m
                [0mAdresa e Email-it *[0m
              [36m</label>[39m
              [36m<input[39m
                [33mclass[39m=[32m"w-full px-3 py-2 border border-gray-300 rounded-md focus:outline-none focus:ring-2 focus:ring-blue-500 focus:border-transparent"[39m
                [33mid[39m=[32m"email"[39m
                [33mname[39m=[32m"email"[39m
                [33mplaceholder[39m=[32m"emri.juaj@email.com"[39m
                [33mtype[39m=[32m"email"[39m
              [36m/>[39m
            [36m</div>[39m
            [36m<div>[39m
              [36m<label[39m
                [33mclass[39m=[32m"block text-sm font-medium text-gray-700 mb-1"[39m
                [33mfor[39m=[32m"phone"[39m
              [36m>[39m
                [36m<svg[39m
                  [33maria-hidden[39m=[32m"true"[39m
                  [33mclass[39m=[32m"lucide lucide-phone inline h-4 w-4 mr-1"[39m
                  [33mfill[39m=[32m"none"[39m
                  [33mheight[39m=[32m"24"[39m
                  [33mstroke[39m=[32m"currentColor"[39m
                  [33mstroke-linecap[39m=[32m"round"[39m
                  [33mstroke-linejoin[39m=[32m"round"[39m
                  [33mstroke-width[39m=[32m"2"[39m
                  [33mviewBox[39m=[32m"0 0 24 24"[39m
                  [33mwidth[39m=[32m"24"[39m
                  [33mxmlns[39m=[32m"http://www.w3.org/2000/svg"[39m
                [36m>[39m
                  [36m<path[39m
                    [33md[39m=[32m"M13.832 16.568a1 1 0 0 0 1.213-.303l.355-.465A2 2 0 0 1 17 15h3a2 2 0 0 1 2 2v3a2 2 0 0 1-2 2A18 18 0 0 1 2 4a2 2 0 0 1 2-2h3a2 2 0 0 1 2 2v3a2 2 0 0 1-.8 1.6l-.468.351a1 1 0 0 0-.292 1.233 14 14 0 0 0 6.392 6.384"[39m
                  [36m/>[39m
                [36m</svg>[39m
                [0mNumri i Telefonit[0m
              [36m</label>[39m
              [36m<input[39m
                [33mclass[39m=[32m"w-full px-3 py-2 border border-gray-300 rounded-md focus:outline-none focus:ring-2 focus:ring-blue-500 focus:border-transparent"[39m
                [33mid[39m=[32m"phone"[39m
                [33mname[39m=[32m"phone"[39m
                [33mplaceholder[39m=[32m"+355 69 123 4567"[39m
                [33mtype[39m=[32m"tel"[39m
              [36m/>[39m
            [36m</div>[39m
            [36m<div>[39m
              [36m<label[39m
                [33mclass[39m=[32m"block text-sm font-medium text-gray-700 mb-1"[39m
                [33mfor[39m=[32m"message"[39m
              [36m>[39m
                [0mMesazhi *[0m
              [36m</label>[39m
              [36m<textarea[39m
                [33mclass[39m=[32m"w-full px-3 py-2 border border-gray-300 rounded-md focus:outline-none focus:ring-2 focus:ring-blue-500 focus:border-transparent resize-vertical"[39m
                [33mid[39m=[32m"message"[39m
                [33mname[39m=[32m"message"[39m
                [33mplaceholder[39m=[32m"Jam i interesuar për këtë pasuri. Ju lutem kontaktoni me më shumë informacion..."[39m
                [33mrows[39m=[32m"4"[39m
              [36m/>[39m
            [36m</div>[39m
            [36m<div[39m
              [33mclass[39m=[32m"p-3 bg-red-50 border border-red-200 rounded-md"[39m
            [36m>[39m
              [36m<p[39m
                [33mclass[39m=[32m"text-red-600 text-sm"[39m
              [36m>[39m
                [0mKa ndodhur një gabim gjatë dërgimit të mesazhit. Ju lutem provoni përsëri.[0m
              [36m</p>[39m
            [36m</div>[39m
            [36m<button[39m
              [33mclass[39m=[32m"w-full bg-linear-to-r from-blue-600 to-blue-700 text-white py-2 px-4 rounded-md hover:from-blue-700 hover:to-blue-800 focus:outline-none focus:ring-2 focus:ring-blue-500 focus:ring-offset-2 disabled:opacity-50 disabled:cursor-not-allowed transition-colors flex items-center justify-center"[39m
              [33mtype[39m=[32m"submit"[39m
            [36m>[39m
              [36m<svg[39m
                [33maria-hidden[39m=[32m"true"[39m
                [33mclass[39m=[32m"lucide lucide-send h-4 w-4 mr-2"[39m
                [33mfill[39m=[32m"none"[39m
                [33mheight[39m=[32m"24"[39m
                [33mstroke[39m=[32m"currentColor"[39m
                [33mstroke-linecap[39m=[32m"round"[39m
                [33mstroke-linejoin[39m=[32m"round"[39m
                [33mstroke-width[39m=[32m"2"[39m
                [33mviewBox[39m=[32m"0 0 24 24"[39m
                [33mwidth[39m=[32m"24"[39m
                [33mxmlns[39m=[32m"http://www.w3.org/2000/svg"[39m
              [36m>[39m
                [36m<path[39m
                  [33md[39m=[32m"M14.536 21.686a.5.5 0 0 0 .937-.024l6.5-19a.496.496 0 0 0-.635-.635l-19 6.5a.5.5 0 0 0-.024.937l7.93 3.18a2 2 0 0 1 1.112 1.11z"[39m
                [36m/>[39m
                [36m<path[39m
                  [33md[39m=[32m"m21.854 2.147-10.94 10.939"[39m
                [36m/>[39m
              [36m</svg>[39m
              [0mDërgo Mesazhin[0m
            [36m</button>[39m
          [36m</form>[39m
          [36m<div[39m
            [33mclass[39m=[32m"mt-6 pt-6 border-t border-gray-200"[39m
          [36m>[39m
            [36m<h4[39m
              [33mclass[39m=[32m"font-semibold text-gray-900 mb-3"[39m
            [36m>[39m
              [0mInformacione Kontakti[0m
            [36m</h4>[39m
            [36m<div[39m
              [33mclass[39m=[32m"text-sm text-gray-600 space-y-2"[39m
            [36m>[39m
              [36m<div[39m
                [33mclass[39m=[32m"flex items-center"[39m
              [36m>[39m
                [36m<svg[39m
                  [33maria-hidden[39m=[32m"true"[39m
                  [33mclass[39m=[32m"lucide lucide-mail h-4 w-4 mr-2 text-blue-600"[39m
                  [33mfill[39m=[32m"none"[39m
                  [33mheight[39m=[32m"24"[39m
                  [33mstroke[39m=[32m"currentColor"[39m
                  [33mstroke-linecap[39m=[32m"round"[39m
                  [33mstroke-linejoin[39m=[32m"round"[39m
                  [33mstroke-width[39m=[32m"2"[39m
                  [33mviewBox[39m=[32m"0 0 24 24"[39m
                  [33mwidth[39m=[32m"24"[39m
                  [33mxmlns[39m=[32m"http://www.w3.org/2000/svg"[39m
                [36m>[39m
                  [36m<path[39m
                    [33md[39m=[32m"m22 7-8.991 5.727a2 2 0 0 1-2.009 0L2 7"[39m
                  [36m/>[39m
                  [36m<rect[39m
                    [33mheight[39m=[32m"16"[39m
                    [33mrx[39m=[32m"2"[39m
                    [33mwidth[39m=[32m"20"[39m
                    [33mx[39m=[32m"2"[39m
                    [33my[39m=[32m"4"[39m
                  [36m/>[39m
                [36m</svg>[39m
                [36m<span>[39m
                  [0minfo@pasuritëtiranës.al[0m
                [36m</span>[39m
              [36m</div>[39m
              [36m<div[39m
                [33mclass[39m=[32m"flex items-center"[39m
              [36m>[39m
                [36m<svg[39m
                  [33maria-hidden[39m=[32m"true"[39m
                  [33mclass[39m=[32m"lucide lucide-phone h-4 w-4 mr-2 text-blue-600"[39m
                  [33mfill[39m=[32m"none"[39m
                  [33mheight[39m=[32m"24"[39m
                  [33mstroke[39m=[32m"currentColor"[39m
                  [33mstroke-linecap[39m=[32m"round"[39m
                  [33mstroke-linejoin[39m=[32m"round"[39m
                  [33mstroke-width[39m=[32m"2"[39m
                  [33mviewBox[39m=[32m"0 0 24 24"[39m
                  [33mwidth[39m=[32m"24"[39m
                  [33mxmlns[39m=[32m"http://www.w3.org/2000/svg"[39m
                [36m>[39m
                  [36m<path[39m
                    [33md[39m=[32m"M13.832 16.568a1 1 0 0 0 1.213-.303l.355-.465A2 2 0 0 1 17 15h3a2 2 0 0 1 2 2v3a2 2 0 0 1-2 2A18 18 0 0 1 2 4a2 2 0 0 1 2-2h3a2 2 0 0 1 2 2v3a2 2 0 0 1-.8 1.6l-.468.351a1 1 0 0 0-.292 1.233 14 14 0 0 0 6.392 6.384"[39m
                  [36m/>[39m
                [36m</svg>[39m
                [36m<span>[39m
                  [0m+355 69 123 4567[0m
                [36m</span>[39m
              [36m</div>[39m
              [36m<div[39m
                [33mclass[39m=[32m"flex items-center"[39m
              [36m>[39m
                [36m<svg[39m
                  [33maria-hidden[39m=[32m"true"[39m
                  [33mclass[39m=[32m"lucide lucide-clock h-4 w-4 mr-2 text-blue-600"[39m
                  [33mfill[39m=[32m"none"[39m
                  [33mheight[39m=[32m"24"[39m
                  [33mstroke[39m=[32m"currentColor"[39m
                  [33mstroke-linecap[39m=[32m"round"[39m
                  [33mstroke-linejoin[39m=[32m"round"[39m
                  [33mstroke-width[39m=[32m"2"[39m
                  [33mviewBox[39m=[32m"0 0 24 24"[39m
                  [33mwidth[39m=[32m"24"[39m
                  [33mxmlns[39m=[32m"http://www.w3.org/2000/svg"[39m
                [36m>[39m
                  [36m<path[39m
                    [33md[39m=[32m"M12 6v6l4 2"[39m
                  [36m/>[39m
                  [36m<circle[39m
                    [33mcx[39m=[32m"12"[39m
                    [33mcy[39m=[32m"12"[39m
                    [33mr[39m=[32m"10"[39m
                  [36m/>[39m
                [36m</svg>[39m
                [36m<span>[39m
                  [0mHën-Pre: 9:00-18:00, Sht-Dje: 10:00-16:00[0m
                [36m</span>[39m
              [36m</div>[39m
            [36m</div>[39m
          [36m</div>[39m
        [36m</div>[39m
      [36m</div>[39m
    [36m</body>[39m

      203 |     fireEvent.click(screen.getByRole('button', { name: /Dërgo Mesazhin/ }));
      204 |     
    > 205 |     await waitFor(() => {
          |                  ^
      206 |       expect(screen.getByText('Mesazhi u Dërgua!')).toBeInTheDocument();
      207 |     });
      208 |     

      at waitForWrapper (node_modules/@testing-library/dom/dist/wait-for.js:163:27)
      at Object.<anonymous> (src/components/__tests__/ContactForm.test.tsx:205:18)

/Users/rediballa/real-estate-website/src/components/InteractiveMapView.tsx:143
            map.whenReady(()=>{
                ^

[TypeError: map.whenReady is not a function]

Node.js v24.13.0
/Users/rediballa/real-estate-website/src/components/InteractiveMapView.tsx:143
            map.whenReady(()=>{
                ^

[TypeError: map.whenReady is not a function]

Node.js v24.13.0
FAIL src/components/__tests__/InteractiveMapView.test.tsx
  ● Test suite failed to run

    Jest worker encountered 4 child process exceptions, exceeding retry limit

      at ChildProcessWorker.initialize (node_modules/jest-worker/build/index.js:805:21)

FAIL src/__tests__/map/map-functionality.test.tsx (10.971 s)
  ● Console

    console.error
      Error: Not implemented: window.alert
          at alert (src/components/MapView.tsx:577:15)
          at click (src/__tests__/map/map-functionality.test.tsx:247:17)
          at new Promise (<anonymous>)
          at Object.<anonymous> (src/__tests__/map/map-functionality.test.tsx:245:18)
          at new Promise (<anonymous>) {
        type: 'not implemented'
      }

      575 |               );
      576 |             } else {
    > 577 |               alert('Geolocation nuk është i mbështetur nga shfletuesi juaj.');
          |               ^
      578 |             }
      579 |           }}
      580 |           className="bg-white p-1.5 rounded-md shadow-md border border-gray-200 transition-colors duration-200"

      at VirtualConsole.<anonymous> (node_modules/@jest/environment-jsdom-abstract/build/index.js:78:23)
      at module.exports (node_modules/jsdom/lib/jsdom/browser/not-implemented.js:12:26)
      at node_modules/jsdom/lib/jsdom/browser/Window.js:960:7
      at alert (src/components/MapView.tsx:577:15)
      at executeDispatch (node_modules/react-dom/cjs/react-dom-client.development.js:16368:9)
      at runWithFiberInDEV (node_modules/react-dom/cjs/react-dom-client.development.js:1522:13)
      at processDispatchQueue (node_modules/react-dom/cjs/react-dom-client.development.js:16418:19)
      at node_modules/react-dom/cjs/react-dom-client.development.js:17016:9
      at batchedUpdates$1 (node_modules/react-dom/cjs/react-dom-client.development.js:3262:40)
      at dispatchEventForPluginEventSystem (node_modules/react-dom/cjs/react-dom-client.development.js:16572:7)
      at dispatchEvent (node_modules/react-dom/cjs/react-dom-client.development.js:20658:11)
      at dispatchDiscreteEvent (node_modules/react-dom/cjs/react-dom-client.development.js:20626:11)
      at HTMLDivElement.callTheUserObjectsOperation (node_modules/jsdom/lib/jsdom/living/generated/EventListener.js:26:30)
      at innerInvokeEventListeners (node_modules/jsdom/lib/jsdom/living/events/EventTarget-impl.js:350:25)
      at invokeEventListeners (node_modules/jsdom/lib/jsdom/living/events/EventTarget-impl.js:286:3)
      at HTMLButtonElementImpl._dispatch (node_modules/jsdom/lib/jsdom/living/events/EventTarget-impl.js:233:9)
      at HTMLButtonElementImpl.dispatchEvent (node_modules/jsdom/lib/jsdom/living/events/EventTarget-impl.js:104:17)
      at HTMLButtonElement.dispatchEvent (node_modules/jsdom/lib/jsdom/living/generated/EventTarget.js:241:34)
      at node_modules/@testing-library/dom/dist/events.js:19:20
      at node_modules/@testing-library/react/dist/pure.js:108:16
      at node_modules/@testing-library/react/dist/act-compat.js:48:24
      at process.env.NODE_ENV.exports.act (node_modules/react/cjs/react.development.js:789:22)
      at node_modules/@testing-library/react/dist/act-compat.js:47:25
      at Object.eventWrapper (node_modules/@testing-library/react/dist/pure.js:107:28)
      at fireEvent (node_modules/@testing-library/dom/dist/events.js:12:35)
      at fireEvent.<computed> [as click] (node_modules/@testing-library/dom/dist/events.js:110:36)
      at fireEvent.<computed> [as click] (node_modules/@testing-library/react/dist/fire-event.js:15:52)
      at click (src/__tests__/map/map-functionality.test.tsx:247:17)
      at runWithExpensiveErrorDiagnosticsDisabled (node_modules/@testing-library/dom/dist/config.js:47:12)
      at checkCallback (node_modules/@testing-library/dom/dist/wait-for.js:124:77)
      at node_modules/@testing-library/dom/dist/wait-for.js:97:7
      at waitFor (node_modules/@testing-library/dom/dist/wait-for.js:36:10)
      at node_modules/@testing-library/dom/dist/wait-for.js:164:54
      at Object.asyncWrapper (node_modules/@testing-library/react/dist/pure.js:88:28)
      at waitForWrapper (node_modules/@testing-library/dom/dist/wait-for.js:164:35)
      at Object.<anonymous> (src/__tests__/map/map-functionality.test.tsx:245:18)

  ● Map Functionality › should initialize map with correct settings

    expect(jest.fn()).toHaveBeenCalledWith(...expected)

    Expected: Any<Object>, ObjectContaining {"center": [41.3275, 19.8187], "fadeAnimation": true, "markerZoomAnimation": true, "preferCanvas": true, "zoom": 13, "zoomAnimation": true}
    Received: <div class="w-full rounded-lg shadow-md border border-gray-200 touch-pan-x touch-pan-y bg-gray-50" style="height: 400px;" />, {"attributionControl": false, "bounceAtZoomLimits": false, "boxZoom": false, "center": [41.328, 19.819200000000002], "closePopupOnClick": true, "doubleClickZoom": true, "dragging": true, "fadeAnimation": true, "inertia": true, "inertiaDeceleration": 3000, "inertiaMaxSpeed": 1500, "keyboard": false, "markerZoomAnimation": true, "maxBoundsViscosity": 1, "maxZoom": 18, "minZoom": 8, "preferCanvas": true, "renderer": {}, "scrollWheelZoom": true, "tap": true, "tapTolerance": 15, "touchZoom": true, "worldCopyJump": false, "zoom": 13, "zoomAnimation": true, "zoomAnimationThreshold": 4, "zoomControl": true}

    Number of calls: 1

    Ignored nodes: comments, script, style
    [36m<html>[39m
      [36m<head />[39m
      [36m<body>[39m
        [36m<div>[39m
          [36m<div[39m
            [33mclass[39m=[32m"relative"[39m
          [36m>[39m
            [36m<div[39m
              [33mclass[39m=[32m"w-full rounded-lg shadow-md border border-gray-200 touch-pan-x touch-pan-y bg-gray-50"[39m
              [33mstyle[39m=[32m"height: 400px;"[39m
            [36m/>[39m
            [36m<div[39m
              [33mclass[39m=[32m"absolute top-2 right-2 flex flex-col gap-1 z-1000"[39m
            [36m>[39m
              [36m<div[39m
                [33mclass[39m=[32m"bg-white rounded-md shadow-md border border-gray-200 overflow-hidden"[39m
              [36m>[39m
                [36m<button[39m
                  [33mclass[39m=[32m"p-1.5 w-full text-xs transition-colors bg-blue-600 text-white"[39m
                  [33mtitle[39m=[32m"Harta e rrugëve"[39m
                [36m>[39m
                  [0m🗺️[0m
                [36m</button>[39m
                [36m<button[39m
                  [33mclass[39m=[32m"p-1.5 w-full text-xs transition-colors text-blue-600"[39m
                  [33mtitle[39m=[32m"Pamja satelitore"[39m
                [36m>[39m
                  [0m🛰️[0m
                [36m</button>[39m
                [36m<button[39m
                  [33mclass[39m=[32m"p-1.5 w-full text-xs transition-colors text-blue-600"[39m
                  [33mtitle[39m=[32m"Terreni"[39m
                [36m>[39m
                  [0m🏔️[0m
                [36m</button>[39m
              [36m</div>[39m
              [36m<button[39m
                [33mclass[39m=[32m"bg-white p-1.5 rounded-md shadow-md border border-gray-200 transition-colors duration-200"[39m
                [33mtitle[39m=[32m"Kthehu në pamjen fillestare"[39m
              [36m>[39m
                [36m<svg[39m
                  [33maria-hidden[39m=[32m"true"[39m
                  [33mclass[39m=[32m"lucide lucide-house h-3 w-3 text-blue-600"[39m
                  [33mfill[39m=[32m"none"[39m
                  [33mheight[39m=[32m"24"[39m
                  [33mstroke[39m=[32m"currentColor"[39m
                  [33mstroke-linecap[39m=[32m"round"[39m
                  [33mstroke-linejoin[39m=[32m"round"[39m
                  [33mstroke-width[39m=[32m"2"[39m
                  [33mviewBox[39m=[32m"0 0 24 24"[39m
                  [33mwidth[39m=[32m"24"[39m
                  [33mxmlns[39m=[32m"http://www.w3.org/2000/svg"[39m
                [36m>[39m
                  [36m<path[39m
                    [33md[39m=[32m"M15 21v-8a1 1 0 0 0-1-1h-4a1 1 0 0 0-1 1v8"[39m
                  [36m/>[39m
                  [36m<path[39m
                    [33md[39m=[32m"M3 10a2 2 0 0 1 .709-1.528l7-5.999a2 2 0 0 1 2.582 0l7 5.999A2 2 0 0 1 21 10v9a2 2 0 0 1-2 2H5a2 2 0 0 1-2-2z"[39m
                  [36m/>[39m
                [36m</svg>[39m
              [36m</button>[39m
              [36m<button[39m
                [33mclass[39m=[32m"bg-white hover:bg-blue-50 p-1.5 rounded-md shadow-md border border-gray-200 transition-colors duration-200"[39m
                [33mtitle[39m=[32m"Harta në ekran të plotë"[39m
              [36m>[39m
                [36m<svg[39m
                  [33mclass[39m=[32m"h-3 w-3 text-blue-600"[39m
                  [33mfill[39m=[32m"none"[39m
                  [33mstroke[39m=[32m"currentColor"[39m
                  [33mviewBox[39m=[32m"0 0 24 24"[39m
                [36m>[39m
                  [36m<path[39m
                    [33md[39m=[32m"M4 8V4m0 0h4M4 4l5 5m11-1V4m0 0h-4m4 0l-5 5M4 16v4m0 0h4m-4 0l5-5m11 5l-5-5m5 5v-4m0 4h-4"[39m
                    [33mstroke-linecap[39m=[32m"round"[39m
                    [33mstroke-linejoin[39m=[32m"round"[39m
                    [33mstroke-width[39m=[32m"2"[39m
                  [36m/>[39m
                [36m</svg>[39m
              [36m</button>[39m
              [36m<button[39m
                [33mclass[39m=[32m"bg-white p-1.5 rounded-md shadow-md border border-gray-200 transition-colors duration-200"[39m
                [33mtitle[39m=[32m"Shko te lokacioni im"[39m
              [36m>[39m
                [36m<svg[39m
                  [33mclass[39m=[32m"h-3 w-3 text-blue-600"[39m
                  [33mfill[39m=[32m"none"[39m
                  [33mstroke[39m=[32m"currentColor"[39m
                  [33mviewBox[39m=[32m"0 0 24 24"[39m
                [36m>[39m
                  [36m<path[39m
                    [33md[39m=[32m"M17.657 16.657L13.414 20.9a1.998 1.998 0 01-2.827 0l-4.244-4.243a8 8 0 1111.314 0z"[39m
                    [33mstroke-linecap[39m=[32m"round"[39m
                    [33mstroke-linejoin[39m=[32m"round"[39m
                    [33mstroke-width[39m=[32m"2"[39m
                  [36m/>[39m
                  [36m<path[39m
                    [33md[39m=[32m"M15 11a3 3 0 11-6 0 3 3 0 016 0z"[39m
                    [33mstroke-linecap[39m=[32m"round"[39m
                    [33mstroke-linejoin[39m=[32m"round"[39m
                    [33mstroke-width[39m=[32m"2"[39m
                  [36m/>[39m
                [36m</svg>[39m
              [36m</button>[39m
            [36m</div>[39m
            [36m<div[39m
              [33mclass[39m=[32m"absolute top-3 left-3 z-1000"[39m
            [36m>[39m
              [36m<div[39m
                [33mclass[39m=[32m"bg-white rounded-lg shadow-md border border-gray-200 p-3 max-w-xs sm:max-w-sm"[39m
              [36m>[39m
                [36m<div[39m
                  [33mclass[39m=[32m"flex items-center gap-2 mb-2"[39m
                [36m>[39m
                  [36m<svg[39m
                    [33maria-hidden[39m=[32m"true"[39m
                    [33mclass[39m=[32m"lucide lucide-funnel h-4 w-4 text-blue-600"[39m
                    [33mfill[39m=[32m"none"[39m
                    [33mheight[39m=[32m"24"[39m
                    [33mstroke[39m=[32m"currentColor"[39m
                    [33mstroke-linecap[39m=[32m"round"[39m
                    [33mstroke-linejoin[39m=[32m"round"[39m
                    [33mstroke-width[39m=[32m"2"[39m
                    [33mviewBox[39m=[32m"0 0 24 24"[39m
                    [33mwidth[39m=[32m"24"[39m
                    [33mxmlns[39m=[32m"http://www.w3.org/2000/svg"[39m
                  [36m>[39m
                    [36m<path[39m
                      [33md[39m=[32m"M10 20a1 1 0 0 0 .553.895l2 1A1 1 0 0 0 14 21v-7a2 2 0 0 1 .517-1.341L21.74 4.67A1 1 0 0 0 21 3H3a1 1 0 0 0-.742 1.67l7.225 7.989A2 2 0 0 1 10 14z"[39m
                    [36m/>[39m
                  [36m</svg>[39m
                  [36m<span[39m
                    [33mclass[39m=[32m"text-sm font-medium text-gray-700"[39m
                  [36m>[39m
                    [0mFiltrat e Hartës[0m
                  [36m</span>[39m
                [36m</div>[39m
                [36m<div[39m
                  [33mclass[39m=[32m"space-y-2"[39m
                [36m>[39m
                  [36m<div>[39m
                    [36m<label[39m
                      [33mclass[39m=[32m"text-xs text-gray-600 block mb-1"[39m
                    [36m>[39m
                      [0mÇmimi[0m
                    [36m</label>[39m
                    [36m<select[39m
                      [33mclass[39m=[32m"w-full text-xs border border-gray-300 rounded px-2 py-1.5 focus:outline-none focus:ring-1 focus:ring-blue-500 touch-manipulation"[39m
                    [36m>[39m
                      [36m<option[39m
                        [33mvalue[39m=[32m"all"[39m
                      [36m>[39m
                        [0mTë gjitha[0m
                      [36m</option>[39m
                      [36m<option[39m
                        [33mvalue[39m=[32m"low"[39m
                      [36m>[39m
                        [0mDeri €100,000[0m
                      [36m</option>[39m
                      [36m<option[39m
                        [33mvalue[39m=[32m"medium"[39m
                      [36m>[39m
                        [0m€100,000 - €300,000[0m
                      [36m</option>[39m
                      [36m<option[39m
                        [33mvalue[39m=[32m"high"[39m
                      [36m>[39m
                        [0mMbi €300,000[0m
                      [36m</option>[39m
                    [36m</select>[39m
                  [36m</div>[39m
                  [36m<div>[39m
                    [36m<label[39m
                      [33mclass[39m=[32m"text-xs text-gray-600 block mb-1"[39m
                    [36m>[39m
                      [0mLloji[0m
                    [36m</label>[39m
                    [36m<select[39m
                      [33mclass[39m=[32m"w-full text-xs border border-gray-300 rounded px-2 py-1.5 focus:outline-none focus:ring-1 focus:ring-blue-500 touch-manipulation"[39m
                    [36m>[39m
                      [36m<option[39m
                        [33mvalue[39m=[32m"all"[39m
                      [36m>[39m
                        [0mTë gjitha[0m
                      [36m</option>[39m
                      [36m<option[39m
                        [33mvalue[39m=[32m"house"[39m
                      [36m>[39m
                        [0mShtëpi[0m
                      [36m</option>[39m
                      [36m<option[39m
                        [33mvalue[39m=[32m"apartment"[39m
                      [36m>[39m
                        [0mApartament[0m
                      [36m</option>[39m
                      [36m<option[39m
                        [33mvalue[39m=[32m"condo"[39m
                      [36m>[39m
                        [0mKondo[0m
                      [36m</option>[39m
                      [36m<option[39m
                        [33mvalue[39m=[32m"townhouse"[39m
                      [36m>[39m
                        [0mShtëpi në Qytet[0m
                      [36m</option>[39m
                    [36m</select>[39m
                  [36m</div>[39m
                [36m</div>[39m
                [36m<div[39m
                  [33mclass[39m=[32m"mt-2 pt-2 border-t border-gray-200"[39m
                [36m>[39m
                  [36m<span[39m
                    [33mclass[39m=[32m"text-xs text-gray-600"[39m
                  [36m>[39m
                    [0m2[0m
                    [0m pasuri në hartë[0m
                  [36m</span>[39m
                [36m</div>[39m
              [36m</div>[39m
            [36m</div>[39m
            [36m<div[39m
              [33mclass[39m=[32m"absolute bottom-2 left-2 bg-white bg-opacity-90 rounded px-2 py-1 text-xs text-gray-600 hidden sm:block"[39m
            [36m>[39m
              [0mLëviz hartën • Zoom me scroll • Hover për info • Klik për detaje[0m
            [36m</div>[39m
            [36m<div[39m
              [33mclass[39m=[32m"absolute bottom-2 left-2 bg-white bg-opacity-90 rounded px-2 py-1 text-xs text-gray-600 sm:hidden"[39m
            [36m>[39m
              [0mLëviz • Zoom • Prek për detaje[0m
            [36m</div>[39m
          [36m</div>[39m
        [36m</div>[39m
      [36m</body>[39m
    [36m</html>[39m

      143 |
      144 |     await waitFor(() => {
    > 145 |       expect(mockLeaflet.map).toHaveBeenCalledWith(
          |                               ^
      146 |         expect.any(Object),
      147 |         expect.objectContaining({
      148 |           center: [41.3275, 19.8187],

      at toHaveBeenCalledWith (src/__tests__/map/map-functionality.test.tsx:145:31)
      at runWithExpensiveErrorDiagnosticsDisabled (node_modules/@testing-library/dom/dist/config.js:47:12)
      at checkCallback (node_modules/@testing-library/dom/dist/wait-for.js:124:77)
      at checkRealTimersCallback (node_modules/@testing-library/dom/dist/wait-for.js:118:16)
      at Timeout.task [as _onTimeout] (node_modules/jsdom/lib/jsdom/browser/Window.js:579:19)

  ● Map Functionality › should initialize map with correct settings

    TypeError: L.layerGroup is not a function

      274 |   const addPropertyMarkers = async (L: any, map: any, props: Property[], onSelect?: (property: Property) => void) => {
      275 |     // Use simple layer group (no clustering to avoid dependency issues)
    > 276 |     const layerGroup = L.layerGroup();
          |                          ^
      277 |
      278 |     // Performance optimization: batch marker creation with requestAnimationFrame
      279 |     const createMarkersInBatches = (properties: Property[], batchSize = 10) => {

      at layerGroup (src/components/MapView.tsx:276:26)
      at addPropertyMarkers (src/components/MapView.tsx:140:11)
      at Object.callback (src/__tests__/map/map-functionality.test.tsx:15:36)
      at whenReady (src/components/MapView.tsx:138:11)

  ● Map Functionality › should initialize map with correct settings

    TypeError: L.layerGroup is not a function

      274 |   const addPropertyMarkers = async (L: any, map: any, props: Property[], onSelect?: (property: Property) => void) => {
      275 |     // Use simple layer group (no clustering to avoid dependency issues)
    > 276 |     const layerGroup = L.layerGroup();
          |                          ^
      277 |
      278 |     // Performance optimization: batch marker creation with requestAnimationFrame
      279 |     const createMarkersInBatches = (properties: Property[], batchSize = 10) => {

      at layerGroup (src/components/MapView.tsx:276:26)
      at addPropertyMarkers (src/components/MapView.tsx:140:11)
      at Object.callback (src/__tests__/map/map-functionality.test.tsx:15:36)
      at whenReady (src/components/MapView.tsx:138:11)

  ● Map Functionality › should initialize map with correct settings

    TypeError: L.layerGroup is not a function

      274 |   const addPropertyMarkers = async (L: any, map: any, props: Property[], onSelect?: (property: Property) => void) => {
      275 |     // Use simple layer group (no clustering to avoid dependency issues)
    > 276 |     const layerGroup = L.layerGroup();
          |                          ^
      277 |
      278 |     // Performance optimization: batch marker creation with requestAnimationFrame
      279 |     const createMarkersInBatches = (properties: Property[], batchSize = 10) => {

      at layerGroup (src/components/MapView.tsx:276:26)
      at addPropertyMarkers (src/components/MapView.tsx:140:11)
      at Object.callback (src/__tests__/map/map-functionality.test.tsx:15:36)
      at whenReady (src/components/MapView.tsx:138:11)

  ● Map Functionality › should create markers for all properties

    expect(jest.fn()).toHaveBeenCalledTimes(expected)

    Expected number of calls: 2
    Received number of calls: 0

    Ignored nodes: comments, script, style
    [36m<html>[39m
      [36m<head />[39m
      [36m<body>[39m
        [36m<div>[39m
          [36m<div[39m
            [33mclass[39m=[32m"relative"[39m
          [36m>[39m
            [36m<div[39m
              [33mclass[39m=[32m"w-full rounded-lg shadow-md border border-gray-200 touch-pan-x touch-pan-y bg-gray-50"[39m
              [33mstyle[39m=[32m"height: 400px;"[39m
            [36m/>[39m
            [36m<div[39m
              [33mclass[39m=[32m"absolute top-2 right-2 flex flex-col gap-1 z-1000"[39m
            [36m>[39m
              [36m<div[39m
                [33mclass[39m=[32m"bg-white rounded-md shadow-md border border-gray-200 overflow-hidden"[39m
              [36m>[39m
                [36m<button[39m
                  [33mclass[39m=[32m"p-1.5 w-full text-xs transition-colors bg-blue-600 text-white"[39m
                  [33mtitle[39m=[32m"Harta e rrugëve"[39m
                [36m>[39m
                  [0m🗺️[0m
                [36m</button>[39m
                [36m<button[39m
                  [33mclass[39m=[32m"p-1.5 w-full text-xs transition-colors text-blue-600"[39m
                  [33mtitle[39m=[32m"Pamja satelitore"[39m
                [36m>[39m
                  [0m🛰️[0m
                [36m</button>[39m
                [36m<button[39m
                  [33mclass[39m=[32m"p-1.5 w-full text-xs transition-colors text-blue-600"[39m
                  [33mtitle[39m=[32m"Terreni"[39m
                [36m>[39m
                  [0m🏔️[0m
                [36m</button>[39m
              [36m</div>[39m
              [36m<button[39m
                [33mclass[39m=[32m"bg-white p-1.5 rounded-md shadow-md border border-gray-200 transition-colors duration-200"[39m
                [33mtitle[39m=[32m"Kthehu në pamjen fillestare"[39m
              [36m>[39m
                [36m<svg[39m
                  [33maria-hidden[39m=[32m"true"[39m
                  [33mclass[39m=[32m"lucide lucide-house h-3 w-3 text-blue-600"[39m
                  [33mfill[39m=[32m"none"[39m
                  [33mheight[39m=[32m"24"[39m
                  [33mstroke[39m=[32m"currentColor"[39m
                  [33mstroke-linecap[39m=[32m"round"[39m
                  [33mstroke-linejoin[39m=[32m"round"[39m
                  [33mstroke-width[39m=[32m"2"[39m
                  [33mviewBox[39m=[32m"0 0 24 24"[39m
                  [33mwidth[39m=[32m"24"[39m
                  [33mxmlns[39m=[32m"http://www.w3.org/2000/svg"[39m
                [36m>[39m
                  [36m<path[39m
                    [33md[39m=[32m"M15 21v-8a1 1 0 0 0-1-1h-4a1 1 0 0 0-1 1v8"[39m
                  [36m/>[39m
                  [36m<path[39m
                    [33md[39m=[32m"M3 10a2 2 0 0 1 .709-1.528l7-5.999a2 2 0 0 1 2.582 0l7 5.999A2 2 0 0 1 21 10v9a2 2 0 0 1-2 2H5a2 2 0 0 1-2-2z"[39m
                  [36m/>[39m
                [36m</svg>[39m
              [36m</button>[39m
              [36m<button[39m
                [33mclass[39m=[32m"bg-white hover:bg-blue-50 p-1.5 rounded-md shadow-md border border-gray-200 transition-colors duration-200"[39m
                [33mtitle[39m=[32m"Harta në ekran të plotë"[39m
              [36m>[39m
                [36m<svg[39m
                  [33mclass[39m=[32m"h-3 w-3 text-blue-600"[39m
                  [33mfill[39m=[32m"none"[39m
                  [33mstroke[39m=[32m"currentColor"[39m
                  [33mviewBox[39m=[32m"0 0 24 24"[39m
                [36m>[39m
                  [36m<path[39m
                    [33md[39m=[32m"M4 8V4m0 0h4M4 4l5 5m11-1V4m0 0h-4m4 0l-5 5M4 16v4m0 0h4m-4 0l5-5m11 5l-5-5m5 5v-4m0 4h-4"[39m
                    [33mstroke-linecap[39m=[32m"round"[39m
                    [33mstroke-linejoin[39m=[32m"round"[39m
                    [33mstroke-width[39m=[32m"2"[39m
                  [36m/>[39m
                [36m</svg>[39m
              [36m</button>[39m
              [36m<button[39m
                [33mclass[39m=[32m"bg-white p-1.5 rounded-md shadow-md border border-gray-200 transition-colors duration-200"[39m
                [33mtitle[39m=[32m"Shko te lokacioni im"[39m
              [36m>[39m
                [36m<svg[39m
                  [33mclass[39m=[32m"h-3 w-3 text-blue-600"[39m
                  [33mfill[39m=[32m"none"[39m
                  [33mstroke[39m=[32m"currentColor"[39m
                  [33mviewBox[39m=[32m"0 0 24 24"[39m
                [36m>[39m
                  [36m<path[39m
                    [33md[39m=[32m"M17.657 16.657L13.414 20.9a1.998 1.998 0 01-2.827 0l-4.244-4.243a8 8 0 1111.314 0z"[39m
                    [33mstroke-linecap[39m=[32m"round"[39m
                    [33mstroke-linejoin[39m=[32m"round"[39m
                    [33mstroke-width[39m=[32m"2"[39m
                  [36m/>[39m
                  [36m<path[39m
                    [33md[39m=[32m"M15 11a3 3 0 11-6 0 3 3 0 016 0z"[39m
                    [33mstroke-linecap[39m=[32m"round"[39m
                    [33mstroke-linejoin[39m=[32m"round"[39m
                    [33mstroke-width[39m=[32m"2"[39m
                  [36m/>[39m
                [36m</svg>[39m
              [36m</button>[39m
            [36m</div>[39m
            [36m<div[39m
              [33mclass[39m=[32m"absolute top-3 left-3 z-1000"[39m
            [36m>[39m
              [36m<div[39m
                [33mclass[39m=[32m"bg-white rounded-lg shadow-md border border-gray-200 p-3 max-w-xs sm:max-w-sm"[39m
              [36m>[39m
                [36m<div[39m
                  [33mclass[39m=[32m"flex items-center gap-2 mb-2"[39m
                [36m>[39m
                  [36m<svg[39m
                    [33maria-hidden[39m=[32m"true"[39m
                    [33mclass[39m=[32m"lucide lucide-funnel h-4 w-4 text-blue-600"[39m
                    [33mfill[39m=[32m"none"[39m
                    [33mheight[39m=[32m"24"[39m
                    [33mstroke[39m=[32m"currentColor"[39m
                    [33mstroke-linecap[39m=[32m"round"[39m
                    [33mstroke-linejoin[39m=[32m"round"[39m
                    [33mstroke-width[39m=[32m"2"[39m
                    [33mviewBox[39m=[32m"0 0 24 24"[39m
                    [33mwidth[39m=[32m"24"[39m
                    [33mxmlns[39m=[32m"http://www.w3.org/2000/svg"[39m
                  [36m>[39m
                    [36m<path[39m
                      [33md[39m=[32m"M10 20a1 1 0 0 0 .553.895l2 1A1 1 0 0 0 14 21v-7a2 2 0 0 1 .517-1.341L21.74 4.67A1 1 0 0 0 21 3H3a1 1 0 0 0-.742 1.67l7.225 7.989A2 2 0 0 1 10 14z"[39m
                    [36m/>[39m
                  [36m</svg>[39m
                  [36m<span[39m
                    [33mclass[39m=[32m"text-sm font-medium text-gray-700"[39m
                  [36m>[39m
                    [0mFiltrat e Hartës[0m
                  [36m</span>[39m
                [36m</div>[39m
                [36m<div[39m
                  [33mclass[39m=[32m"space-y-2"[39m
                [36m>[39m
                  [36m<div>[39m
                    [36m<label[39m
                      [33mclass[39m=[32m"text-xs text-gray-600 block mb-1"[39m
                    [36m>[39m
                      [0mÇmimi[0m
                    [36m</label>[39m
                    [36m<select[39m
                      [33mclass[39m=[32m"w-full text-xs border border-gray-300 rounded px-2 py-1.5 focus:outline-none focus:ring-1 focus:ring-blue-500 touch-manipulation"[39m
                    [36m>[39m
                      [36m<option[39m
                        [33mvalue[39m=[32m"all"[39m
                      [36m>[39m
                        [0mTë gjitha[0m
                      [36m</option>[39m
                      [36m<option[39m
                        [33mvalue[39m=[32m"low"[39m
                      [36m>[39m
                        [0mDeri €100,000[0m
                      [36m</option>[39m
                      [36m<option[39m
                        [33mvalue[39m=[32m"medium"[39m
                      [36m>[39m
                        [0m€100,000 - €300,000[0m
                      [36m</option>[39m
                      [36m<option[39m
                        [33mvalue[39m=[32m"high"[39m
                      [36m>[39m
                        [0mMbi €300,000[0m
                      [36m</option>[39m
                    [36m</select>[39m
                  [36m</div>[39m
                  [36m<div>[39m
                    [36m<label[39m
                      [33mclass[39m=[32m"text-xs text-gray-600 block mb-1"[39m
                    [36m>[39m
                      [0mLloji[0m
                    [36m</label>[39m
                    [36m<select[39m
                      [33mclass[39m=[32m"w-full text-xs border border-gray-300 rounded px-2 py-1.5 focus:outline-none focus:ring-1 focus:ring-blue-500 touch-manipulation"[39m
                    [36m>[39m
                      [36m<option[39m
                        [33mvalue[39m=[32m"all"[39m
                      [36m>[39m
                        [0mTë gjitha[0m
                      [36m</option>[39m
                      [36m<option[39m
                        [33mvalue[39m=[32m"house"[39m
                      [36m>[39m
                        [0mShtëpi[0m
                      [36m</option>[39m
                      [36m<option[39m
                        [33mvalue[39m=[32m"apartment"[39m
                      [36m>[39m
                        [0mApartament[0m
                      [36m</option>[39m
                      [36m<option[39m
                        [33mvalue[39m=[32m"condo"[39m
                      [36m>[39m
                        [0mKondo[0m
                      [36m</option>[39m
                      [36m<option[39m
                        [33mvalue[39m=[32m"townhouse"[39m
                      [36m>[39m
                        [0mShtëpi në Qytet[0m
                      [36m</option>[39m
                    [36m</select>[39m
                  [36m</div>[39m
                [36m</div>[39m
                [36m<div[39m
                  [33mclass[39m=[32m"mt-2 pt-2 border-t border-gray-200"[39m
                [36m>[39m
                  [36m<span[39m
                    [33mclass[39m=[32m"text-xs text-gray-600"[39m
                  [36m>[39m
                    [0m2[0m
                    [0m pasuri në hartë[0m
                  [36m</span>[39m
                [36m</div>[39m
              [36m</div>[39m
            [36m</div>[39m
            [36m<div[39m
              [33mclass[39m=[32m"absolute bottom-2 left-2 bg-white bg-opacity-90 rounded px-2 py-1 text-xs text-gray-600 hidden sm:block"[39m
            [36m>[39m
              [0mLëviz hartën • Zoom me scroll • Hover për info • Klik për detaje[0m
            [36m</div>[39m
            [36m<div[39m
              [33mclass[39m=[32m"absolute bottom-2 left-2 bg-white bg-opacity-90 rounded px-2 py-1 text-xs text-gray-600 sm:hidden"[39m
            [36m>[39m
              [0mLëviz • Zoom • Prek për detaje[0m
            [36m</div>[39m
          [36m</div>[39m
        [36m</div>[39m
      [36m</body>[39m
    [36m</html>[39m

      161 |
      162 |     await waitFor(() => {
    > 163 |       expect(mockLeaflet.marker).toHaveBeenCalledTimes(mockProperties.length);
          |                                  ^
      164 |     });
      165 |
      166 |     // Check that markers are created with correct coordinates

      at toHaveBeenCalledTimes (src/__tests__/map/map-functionality.test.tsx:163:34)
      at runWithExpensiveErrorDiagnosticsDisabled (node_modules/@testing-library/dom/dist/config.js:47:12)
      at checkCallback (node_modules/@testing-library/dom/dist/wait-for.js:124:77)
      at checkRealTimersCallback (node_modules/@testing-library/dom/dist/wait-for.js:118:16)
      at Timeout.task [as _onTimeout] (node_modules/jsdom/lib/jsdom/browser/Window.js:579:19)

  ● Map Functionality › should create markers for all properties

    TypeError: L.layerGroup is not a function

      274 |   const addPropertyMarkers = async (L: any, map: any, props: Property[], onSelect?: (property: Property) => void) => {
      275 |     // Use simple layer group (no clustering to avoid dependency issues)
    > 276 |     const layerGroup = L.layerGroup();
          |                          ^
      277 |
      278 |     // Performance optimization: batch marker creation with requestAnimationFrame
      279 |     const createMarkersInBatches = (properties: Property[], batchSize = 10) => {

      at layerGroup (src/components/MapView.tsx:276:26)
      at addPropertyMarkers (src/components/MapView.tsx:140:11)
      at Object.callback (src/__tests__/map/map-functionality.test.tsx:15:36)
      at whenReady (src/components/MapView.tsx:138:11)

  ● Map Functionality › should create markers for all properties

    TypeError: L.layerGroup is not a function

      274 |   const addPropertyMarkers = async (L: any, map: any, props: Property[], onSelect?: (property: Property) => void) => {
      275 |     // Use simple layer group (no clustering to avoid dependency issues)
    > 276 |     const layerGroup = L.layerGroup();
          |                          ^
      277 |
      278 |     // Performance optimization: batch marker creation with requestAnimationFrame
      279 |     const createMarkersInBatches = (properties: Property[], batchSize = 10) => {

      at layerGroup (src/components/MapView.tsx:276:26)
      at addPropertyMarkers (src/components/MapView.tsx:140:11)
      at Object.callback (src/__tests__/map/map-functionality.test.tsx:15:36)
      at whenReady (src/components/MapView.tsx:138:11)

  ● Map Functionality › should create markers for all properties

    TypeError: L.layerGroup is not a function

      274 |   const addPropertyMarkers = async (L: any, map: any, props: Property[], onSelect?: (property: Property) => void) => {
      275 |     // Use simple layer group (no clustering to avoid dependency issues)
    > 276 |     const layerGroup = L.layerGroup();
          |                          ^
      277 |
      278 |     // Performance optimization: batch marker creation with requestAnimationFrame
      279 |     const createMarkersInBatches = (properties: Property[], batchSize = 10) => {

      at layerGroup (src/components/MapView.tsx:276:26)
      at addPropertyMarkers (src/components/MapView.tsx:140:11)
      at Object.callback (src/__tests__/map/map-functionality.test.tsx:15:36)
      at whenReady (src/components/MapView.tsx:138:11)

  ● Map Functionality › should implement marker clustering

    expect(jest.fn()).toHaveBeenCalledWith(...expected)

    Expected: ObjectContaining {"chunkDelay": 50, "chunkInterval": 200, "chunkedLoading": true, "maxClusterRadius": 80}

    Number of calls: 0

    Ignored nodes: comments, script, style
    [36m<html>[39m
      [36m<head />[39m
      [36m<body>[39m
        [36m<div>[39m
          [36m<div[39m
            [33mclass[39m=[32m"relative"[39m
          [36m>[39m
            [36m<div[39m
              [33mclass[39m=[32m"w-full rounded-lg shadow-md border border-gray-200 touch-pan-x touch-pan-y bg-gray-50"[39m
              [33mstyle[39m=[32m"height: 400px;"[39m
            [36m/>[39m
            [36m<div[39m
              [33mclass[39m=[32m"absolute top-2 right-2 flex flex-col gap-1 z-1000"[39m
            [36m>[39m
              [36m<div[39m
                [33mclass[39m=[32m"bg-white rounded-md shadow-md border border-gray-200 overflow-hidden"[39m
              [36m>[39m
                [36m<button[39m
                  [33mclass[39m=[32m"p-1.5 w-full text-xs transition-colors bg-blue-600 text-white"[39m
                  [33mtitle[39m=[32m"Harta e rrugëve"[39m
                [36m>[39m
                  [0m🗺️[0m
                [36m</button>[39m
                [36m<button[39m
                  [33mclass[39m=[32m"p-1.5 w-full text-xs transition-colors text-blue-600"[39m
                  [33mtitle[39m=[32m"Pamja satelitore"[39m
                [36m>[39m
                  [0m🛰️[0m
                [36m</button>[39m
                [36m<button[39m
                  [33mclass[39m=[32m"p-1.5 w-full text-xs transition-colors text-blue-600"[39m
                  [33mtitle[39m=[32m"Terreni"[39m
                [36m>[39m
                  [0m🏔️[0m
                [36m</button>[39m
              [36m</div>[39m
              [36m<button[39m
                [33mclass[39m=[32m"bg-white p-1.5 rounded-md shadow-md border border-gray-200 transition-colors duration-200"[39m
                [33mtitle[39m=[32m"Kthehu në pamjen fillestare"[39m
              [36m>[39m
                [36m<svg[39m
                  [33maria-hidden[39m=[32m"true"[39m
                  [33mclass[39m=[32m"lucide lucide-house h-3 w-3 text-blue-600"[39m
                  [33mfill[39m=[32m"none"[39m
                  [33mheight[39m=[32m"24"[39m
                  [33mstroke[39m=[32m"currentColor"[39m
                  [33mstroke-linecap[39m=[32m"round"[39m
                  [33mstroke-linejoin[39m=[32m"round"[39m
                  [33mstroke-width[39m=[32m"2"[39m
                  [33mviewBox[39m=[32m"0 0 24 24"[39m
                  [33mwidth[39m=[32m"24"[39m
                  [33mxmlns[39m=[32m"http://www.w3.org/2000/svg"[39m
                [36m>[39m
                  [36m<path[39m
                    [33md[39m=[32m"M15 21v-8a1 1 0 0 0-1-1h-4a1 1 0 0 0-1 1v8"[39m
                  [36m/>[39m
                  [36m<path[39m
                    [33md[39m=[32m"M3 10a2 2 0 0 1 .709-1.528l7-5.999a2 2 0 0 1 2.582 0l7 5.999A2 2 0 0 1 21 10v9a2 2 0 0 1-2 2H5a2 2 0 0 1-2-2z"[39m
                  [36m/>[39m
                [36m</svg>[39m
              [36m</button>[39m
              [36m<button[39m
                [33mclass[39m=[32m"bg-white hover:bg-blue-50 p-1.5 rounded-md shadow-md border border-gray-200 transition-colors duration-200"[39m
                [33mtitle[39m=[32m"Harta në ekran të plotë"[39m
              [36m>[39m
                [36m<svg[39m
                  [33mclass[39m=[32m"h-3 w-3 text-blue-600"[39m
                  [33mfill[39m=[32m"none"[39m
                  [33mstroke[39m=[32m"currentColor"[39m
                  [33mviewBox[39m=[32m"0 0 24 24"[39m
                [36m>[39m
                  [36m<path[39m
                    [33md[39m=[32m"M4 8V4m0 0h4M4 4l5 5m11-1V4m0 0h-4m4 0l-5 5M4 16v4m0 0h4m-4 0l5-5m11 5l-5-5m5 5v-4m0 4h-4"[39m
                    [33mstroke-linecap[39m=[32m"round"[39m
                    [33mstroke-linejoin[39m=[32m"round"[39m
                    [33mstroke-width[39m=[32m"2"[39m
                  [36m/>[39m
                [36m</svg>[39m
              [36m</button>[39m
              [36m<button[39m
                [33mclass[39m=[32m"bg-white p-1.5 rounded-md shadow-md border border-gray-200 transition-colors duration-200"[39m
                [33mtitle[39m=[32m"Shko te lokacioni im"[39m
              [36m>[39m
                [36m<svg[39m
                  [33mclass[39m=[32m"h-3 w-3 text-blue-600"[39m
                  [33mfill[39m=[32m"none"[39m
                  [33mstroke[39m=[32m"currentColor"[39m
                  [33mviewBox[39m=[32m"0 0 24 24"[39m
                [36m>[39m
                  [36m<path[39m
                    [33md[39m=[32m"M17.657 16.657L13.414 20.9a1.998 1.998 0 01-2.827 0l-4.244-4.243a8 8 0 1111.314 0z"[39m
                    [33mstroke-linecap[39m=[32m"round"[39m
                    [33mstroke-linejoin[39m=[32m"round"[39m
                    [33mstroke-width[39m=[32m"2"[39m
                  [36m/>[39m
                  [36m<path[39m
                    [33md[39m=[32m"M15 11a3 3 0 11-6 0 3 3 0 016 0z"[39m
                    [33mstroke-linecap[39m=[32m"round"[39m
                    [33mstroke-linejoin[39m=[32m"round"[39m
                    [33mstroke-width[39m=[32m"2"[39m
                  [36m/>[39m
                [36m</svg>[39m
              [36m</button>[39m
            [36m</div>[39m
            [36m<div[39m
              [33mclass[39m=[32m"absolute top-3 left-3 z-1000"[39m
            [36m>[39m
              [36m<div[39m
                [33mclass[39m=[32m"bg-white rounded-lg shadow-md border border-gray-200 p-3 max-w-xs sm:max-w-sm"[39m
              [36m>[39m
                [36m<div[39m
                  [33mclass[39m=[32m"flex items-center gap-2 mb-2"[39m
                [36m>[39m
                  [36m<svg[39m
                    [33maria-hidden[39m=[32m"true"[39m
                    [33mclass[39m=[32m"lucide lucide-funnel h-4 w-4 text-blue-600"[39m
                    [33mfill[39m=[32m"none"[39m
                    [33mheight[39m=[32m"24"[39m
                    [33mstroke[39m=[32m"currentColor"[39m
                    [33mstroke-linecap[39m=[32m"round"[39m
                    [33mstroke-linejoin[39m=[32m"round"[39m
                    [33mstroke-width[39m=[32m"2"[39m
                    [33mviewBox[39m=[32m"0 0 24 24"[39m
                    [33mwidth[39m=[32m"24"[39m
                    [33mxmlns[39m=[32m"http://www.w3.org/2000/svg"[39m
                  [36m>[39m
                    [36m<path[39m
                      [33md[39m=[32m"M10 20a1 1 0 0 0 .553.895l2 1A1 1 0 0 0 14 21v-7a2 2 0 0 1 .517-1.341L21.74 4.67A1 1 0 0 0 21 3H3a1 1 0 0 0-.742 1.67l7.225 7.989A2 2 0 0 1 10 14z"[39m
                    [36m/>[39m
                  [36m</svg>[39m
                  [36m<span[39m
                    [33mclass[39m=[32m"text-sm font-medium text-gray-700"[39m
                  [36m>[39m
                    [0mFiltrat e Hartës[0m
                  [36m</span>[39m
                [36m</div>[39m
                [36m<div[39m
                  [33mclass[39m=[32m"space-y-2"[39m
                [36m>[39m
                  [36m<div>[39m
                    [36m<label[39m
                      [33mclass[39m=[32m"text-xs text-gray-600 block mb-1"[39m
                    [36m>[39m
                      [0mÇmimi[0m
                    [36m</label>[39m
                    [36m<select[39m
                      [33mclass[39m=[32m"w-full text-xs border border-gray-300 rounded px-2 py-1.5 focus:outline-none focus:ring-1 focus:ring-blue-500 touch-manipulation"[39m
                    [36m>[39m
                      [36m<option[39m
                        [33mvalue[39m=[32m"all"[39m
                      [36m>[39m
                        [0mTë gjitha[0m
                      [36m</option>[39m
                      [36m<option[39m
                        [33mvalue[39m=[32m"low"[39m
                      [36m>[39m
                        [0mDeri €100,000[0m
                      [36m</option>[39m
                      [36m<option[39m
                        [33mvalue[39m=[32m"medium"[39m
                      [36m>[39m
                        [0m€100,000 - €300,000[0m
                      [36m</option>[39m
                      [36m<option[39m
                        [33mvalue[39m=[32m"high"[39m
                      [36m>[39m
                        [0mMbi €300,000[0m
                      [36m</option>[39m
                    [36m</select>[39m
                  [36m</div>[39m
                  [36m<div>[39m
                    [36m<label[39m
                      [33mclass[39m=[32m"text-xs text-gray-600 block mb-1"[39m
                    [36m>[39m
                      [0mLloji[0m
                    [36m</label>[39m
                    [36m<select[39m
                      [33mclass[39m=[32m"w-full text-xs border border-gray-300 rounded px-2 py-1.5 focus:outline-none focus:ring-1 focus:ring-blue-500 touch-manipulation"[39m
                    [36m>[39m
                      [36m<option[39m
                        [33mvalue[39m=[32m"all"[39m
                      [36m>[39m
                        [0mTë gjitha[0m
                      [36m</option>[39m
                      [36m<option[39m
                        [33mvalue[39m=[32m"house"[39m
                      [36m>[39m
                        [0mShtëpi[0m
                      [36m</option>[39m
                      [36m<option[39m
                        [33mvalue[39m=[32m"apartment"[39m
                      [36m>[39m
                        [0mApartament[0m
                      [36m</option>[39m
                      [36m<option[39m
                        [33mvalue[39m=[32m"condo"[39m
                      [36m>[39m
                        [0mKondo[0m
                      [36m</option>[39m
                      [36m<option[39m
                        [33mvalue[39m=[32m"townhouse"[39m
                      [36m>[39m
                        [0mShtëpi në Qytet[0m
                      [36m</option>[39m
                    [36m</select>[39m
                  [36m</div>[39m
                [36m</div>[39m
                [36m<div[39m
                  [33mclass[39m=[32m"mt-2 pt-2 border-t border-gray-200"[39m
                [36m>[39m
                  [36m<span[39m
                    [33mclass[39m=[32m"text-xs text-gray-600"[39m
                  [36m>[39m
                    [0m2[0m
                    [0m pasuri në hartë[0m
                  [36m</span>[39m
                [36m</div>[39m
              [36m</div>[39m
            [36m</div>[39m
            [36m<div[39m
              [33mclass[39m=[32m"absolute bottom-2 left-2 bg-white bg-opacity-90 rounded px-2 py-1 text-xs text-gray-600 hidden sm:block"[39m
            [36m>[39m
              [0mLëviz hartën • Zoom me scroll • Hover për info • Klik për detaje[0m
            [36m</div>[39m
            [36m<div[39m
              [33mclass[39m=[32m"absolute bottom-2 left-2 bg-white bg-opacity-90 rounded px-2 py-1 text-xs text-gray-600 sm:hidden"[39m
            [36m>[39m
              [0mLëviz • Zoom • Prek për detaje[0m
            [36m</div>[39m
          [36m</div>[39m
        [36m</div>[39m
      [36m</body>[39m
    [36m</html>[39m

      173 |
      174 |     await waitFor(() => {
    > 175 |       expect(mockLeaflet.markerClusterGroup).toHaveBeenCalledWith(
          |                                              ^
      176 |         expect.objectContaining({
      177 |           chunkedLoading: true,
      178 |           chunkInterval: 200,

      at toHaveBeenCalledWith (src/__tests__/map/map-functionality.test.tsx:175:46)
      at runWithExpensiveErrorDiagnosticsDisabled (node_modules/@testing-library/dom/dist/config.js:47:12)
      at checkCallback (node_modules/@testing-library/dom/dist/wait-for.js:124:77)
      at checkRealTimersCallback (node_modules/@testing-library/dom/dist/wait-for.js:118:16)
      at Timeout.task [as _onTimeout] (node_modules/jsdom/lib/jsdom/browser/Window.js:579:19)

  ● Map Functionality › should implement marker clustering

    TypeError: L.layerGroup is not a function

      274 |   const addPropertyMarkers = async (L: any, map: any, props: Property[], onSelect?: (property: Property) => void) => {
      275 |     // Use simple layer group (no clustering to avoid dependency issues)
    > 276 |     const layerGroup = L.layerGroup();
          |                          ^
      277 |
      278 |     // Performance optimization: batch marker creation with requestAnimationFrame
      279 |     const createMarkersInBatches = (properties: Property[], batchSize = 10) => {

      at layerGroup (src/components/MapView.tsx:276:26)
      at addPropertyMarkers (src/components/MapView.tsx:140:11)
      at Object.callback (src/__tests__/map/map-functionality.test.tsx:15:36)
      at whenReady (src/components/MapView.tsx:138:11)

  ● Map Functionality › should implement marker clustering

    TypeError: L.layerGroup is not a function

      274 |   const addPropertyMarkers = async (L: any, map: any, props: Property[], onSelect?: (property: Property) => void) => {
      275 |     // Use simple layer group (no clustering to avoid dependency issues)
    > 276 |     const layerGroup = L.layerGroup();
          |                          ^
      277 |
      278 |     // Performance optimization: batch marker creation with requestAnimationFrame
      279 |     const createMarkersInBatches = (properties: Property[], batchSize = 10) => {

      at layerGroup (src/components/MapView.tsx:276:26)
      at addPropertyMarkers (src/components/MapView.tsx:140:11)
      at Object.callback (src/__tests__/map/map-functionality.test.tsx:15:36)
      at whenReady (src/components/MapView.tsx:138:11)

  ● Map Functionality › should implement marker clustering

    TypeError: L.layerGroup is not a function

      274 |   const addPropertyMarkers = async (L: any, map: any, props: Property[], onSelect?: (property: Property) => void) => {
      275 |     // Use simple layer group (no clustering to avoid dependency issues)
    > 276 |     const layerGroup = L.layerGroup();
          |                          ^
      277 |
      278 |     // Performance optimization: batch marker creation with requestAnimationFrame
      279 |     const createMarkersInBatches = (properties: Property[], batchSize = 10) => {

      at layerGroup (src/components/MapView.tsx:276:26)
      at addPropertyMarkers (src/components/MapView.tsx:140:11)
      at Object.callback (src/__tests__/map/map-functionality.test.tsx:15:36)
      at whenReady (src/components/MapView.tsx:138:11)

  ● Map Functionality › should handle property selection

    expect(jest.fn()).toHaveBeenCalledWith(...expected)

    Expected: "click", Any<Function>

    Number of calls: 0

    Ignored nodes: comments, script, style
    [36m<html>[39m
      [36m<head />[39m
      [36m<body>[39m
        [36m<div>[39m
          [36m<div[39m
            [33mclass[39m=[32m"relative"[39m
          [36m>[39m
            [36m<div[39m
              [33mclass[39m=[32m"w-full rounded-lg shadow-md border border-gray-200 touch-pan-x touch-pan-y bg-gray-50"[39m
              [33mstyle[39m=[32m"height: 400px;"[39m
            [36m/>[39m
            [36m<div[39m
              [33mclass[39m=[32m"absolute top-2 right-2 flex flex-col gap-1 z-1000"[39m
            [36m>[39m
              [36m<div[39m
                [33mclass[39m=[32m"bg-white rounded-md shadow-md border border-gray-200 overflow-hidden"[39m
              [36m>[39m
                [36m<button[39m
                  [33mclass[39m=[32m"p-1.5 w-full text-xs transition-colors bg-blue-600 text-white"[39m
                  [33mtitle[39m=[32m"Harta e rrugëve"[39m
                [36m>[39m
                  [0m🗺️[0m
                [36m</button>[39m
                [36m<button[39m
                  [33mclass[39m=[32m"p-1.5 w-full text-xs transition-colors text-blue-600"[39m
                  [33mtitle[39m=[32m"Pamja satelitore"[39m
                [36m>[39m
                  [0m🛰️[0m
                [36m</button>[39m
                [36m<button[39m
                  [33mclass[39m=[32m"p-1.5 w-full text-xs transition-colors text-blue-600"[39m
                  [33mtitle[39m=[32m"Terreni"[39m
                [36m>[39m
                  [0m🏔️[0m
                [36m</button>[39m
              [36m</div>[39m
              [36m<button[39m
                [33mclass[39m=[32m"bg-white p-1.5 rounded-md shadow-md border border-gray-200 transition-colors duration-200"[39m
                [33mtitle[39m=[32m"Kthehu në pamjen fillestare"[39m
              [36m>[39m
                [36m<svg[39m
                  [33maria-hidden[39m=[32m"true"[39m
                  [33mclass[39m=[32m"lucide lucide-house h-3 w-3 text-blue-600"[39m
                  [33mfill[39m=[32m"none"[39m
                  [33mheight[39m=[32m"24"[39m
                  [33mstroke[39m=[32m"currentColor"[39m
                  [33mstroke-linecap[39m=[32m"round"[39m
                  [33mstroke-linejoin[39m=[32m"round"[39m
                  [33mstroke-width[39m=[32m"2"[39m
                  [33mviewBox[39m=[32m"0 0 24 24"[39m
                  [33mwidth[39m=[32m"24"[39m
                  [33mxmlns[39m=[32m"http://www.w3.org/2000/svg"[39m
                [36m>[39m
                  [36m<path[39m
                    [33md[39m=[32m"M15 21v-8a1 1 0 0 0-1-1h-4a1 1 0 0 0-1 1v8"[39m
                  [36m/>[39m
                  [36m<path[39m
                    [33md[39m=[32m"M3 10a2 2 0 0 1 .709-1.528l7-5.999a2 2 0 0 1 2.582 0l7 5.999A2 2 0 0 1 21 10v9a2 2 0 0 1-2 2H5a2 2 0 0 1-2-2z"[39m
                  [36m/>[39m
                [36m</svg>[39m
              [36m</button>[39m
              [36m<button[39m
                [33mclass[39m=[32m"bg-white hover:bg-blue-50 p-1.5 rounded-md shadow-md border border-gray-200 transition-colors duration-200"[39m
                [33mtitle[39m=[32m"Harta në ekran të plotë"[39m
              [36m>[39m
                [36m<svg[39m
                  [33mclass[39m=[32m"h-3 w-3 text-blue-600"[39m
                  [33mfill[39m=[32m"none"[39m
                  [33mstroke[39m=[32m"currentColor"[39m
                  [33mviewBox[39m=[32m"0 0 24 24"[39m
                [36m>[39m
                  [36m<path[39m
                    [33md[39m=[32m"M4 8V4m0 0h4M4 4l5 5m11-1V4m0 0h-4m4 0l-5 5M4 16v4m0 0h4m-4 0l5-5m11 5l-5-5m5 5v-4m0 4h-4"[39m
                    [33mstroke-linecap[39m=[32m"round"[39m
                    [33mstroke-linejoin[39m=[32m"round"[39m
                    [33mstroke-width[39m=[32m"2"[39m
                  [36m/>[39m
                [36m</svg>[39m
              [36m</button>[39m
              [36m<button[39m
                [33mclass[39m=[32m"bg-white p-1.5 rounded-md shadow-md border border-gray-200 transition-colors duration-200"[39m
                [33mtitle[39m=[32m"Shko te lokacioni im"[39m
              [36m>[39m
                [36m<svg[39m
                  [33mclass[39m=[32m"h-3 w-3 text-blue-600"[39m
                  [33mfill[39m=[32m"none"[39m
                  [33mstroke[39m=[32m"currentColor"[39m
                  [33mviewBox[39m=[32m"0 0 24 24"[39m
                [36m>[39m
                  [36m<path[39m
                    [33md[39m=[32m"M17.657 16.657L13.414 20.9a1.998 1.998 0 01-2.827 0l-4.244-4.243a8 8 0 1111.314 0z"[39m
                    [33mstroke-linecap[39m=[32m"round"[39m
                    [33mstroke-linejoin[39m=[32m"round"[39m
                    [33mstroke-width[39m=[32m"2"[39m
                  [36m/>[39m
                  [36m<path[39m
                    [33md[39m=[32m"M15 11a3 3 0 11-6 0 3 3 0 016 0z"[39m
                    [33mstroke-linecap[39m=[32m"round"[39m
                    [33mstroke-linejoin[39m=[32m"round"[39m
                    [33mstroke-width[39m=[32m"2"[39m
                  [36m/>[39m
                [36m</svg>[39m
              [36m</button>[39m
            [36m</div>[39m
            [36m<div[39m
              [33mclass[39m=[32m"absolute top-3 left-3 z-1000"[39m
            [36m>[39m
              [36m<div[39m
                [33mclass[39m=[32m"bg-white rounded-lg shadow-md border border-gray-200 p-3 max-w-xs sm:max-w-sm"[39m
              [36m>[39m
                [36m<div[39m
                  [33mclass[39m=[32m"flex items-center gap-2 mb-2"[39m
                [36m>[39m
                  [36m<svg[39m
                    [33maria-hidden[39m=[32m"true"[39m
                    [33mclass[39m=[32m"lucide lucide-funnel h-4 w-4 text-blue-600"[39m
                    [33mfill[39m=[32m"none"[39m
                    [33mheight[39m=[32m"24"[39m
                    [33mstroke[39m=[32m"currentColor"[39m
                    [33mstroke-linecap[39m=[32m"round"[39m
                    [33mstroke-linejoin[39m=[32m"round"[39m
                    [33mstroke-width[39m=[32m"2"[39m
                    [33mviewBox[39m=[32m"0 0 24 24"[39m
                    [33mwidth[39m=[32m"24"[39m
                    [33mxmlns[39m=[32m"http://www.w3.org/2000/svg"[39m
                  [36m>[39m
                    [36m<path[39m
                      [33md[39m=[32m"M10 20a1 1 0 0 0 .553.895l2 1A1 1 0 0 0 14 21v-7a2 2 0 0 1 .517-1.341L21.74 4.67A1 1 0 0 0 21 3H3a1 1 0 0 0-.742 1.67l7.225 7.989A2 2 0 0 1 10 14z"[39m
                    [36m/>[39m
                  [36m</svg>[39m
                  [36m<span[39m
                    [33mclass[39m=[32m"text-sm font-medium text-gray-700"[39m
                  [36m>[39m
                    [0mFiltrat e Hartës[0m
                  [36m</span>[39m
                [36m</div>[39m
                [36m<div[39m
                  [33mclass[39m=[32m"space-y-2"[39m
                [36m>[39m
                  [36m<div>[39m
                    [36m<label[39m
                      [33mclass[39m=[32m"text-xs text-gray-600 block mb-1"[39m
                    [36m>[39m
                      [0mÇmimi[0m
                    [36m</label>[39m
                    [36m<select[39m
                      [33mclass[39m=[32m"w-full text-xs border border-gray-300 rounded px-2 py-1.5 focus:outline-none focus:ring-1 focus:ring-blue-500 touch-manipulation"[39m
                    [36m>[39m
                      [36m<option[39m
                        [33mvalue[39m=[32m"all"[39m
                      [36m>[39m
                        [0mTë gjitha[0m
                      [36m</option>[39m
                      [36m<option[39m
                        [33mvalue[39m=[32m"low"[39m
                      [36m>[39m
                        [0mDeri €100,000[0m
                      [36m</option>[39m
                      [36m<option[39m
                        [33mvalue[39m=[32m"medium"[39m
                      [36m>[39m
                        [0m€100,000 - €300,000[0m
                      [36m</option>[39m
                      [36m<option[39m
                        [33mvalue[39m=[32m"high"[39m
                      [36m>[39m
                        [0mMbi €300,000[0m
                      [36m</option>[39m
                    [36m</select>[39m
                  [36m</div>[39m
                  [36m<div>[39m
                    [36m<label[39m
                      [33mclass[39m=[32m"text-xs text-gray-600 block mb-1"[39m
                    [36m>[39m
                      [0mLloji[0m
                    [36m</label>[39m
                    [36m<select[39m
                      [33mclass[39m=[32m"w-full text-xs border border-gray-300 rounded px-2 py-1.5 focus:outline-none focus:ring-1 focus:ring-blue-500 touch-manipulation"[39m
                    [36m>[39m
                      [36m<option[39m
                        [33mvalue[39m=[32m"all"[39m
                      [36m>[39m
                        [0mTë gjitha[0m
                      [36m</option>[39m
                      [36m<option[39m
                        [33mvalue[39m=[32m"house"[39m
                      [36m>[39m
                        [0mShtëpi[0m
                      [36m</option>[39m
                      [36m<option[39m
                        [33mvalue[39m=[32m"apartment"[39m
                      [36m>[39m
                        [0mApartament[0m
                      [36m</option>[39m
                      [36m<option[39m
                        [33mvalue[39m=[32m"condo"[39m
                      [36m>[39m
                        [0mKondo[0m
                      [36m</option>[39m
                      [36m<option[39m
                        [33mvalue[39m=[32m"townhouse"[39m
                      [36m>[39m
                        [0mShtëpi në Qytet[0m
                      [36m</option>[39m
                    [36m</select>[39m
                  [36m</div>[39m
                [36m</div>[39m
                [36m<div[39m
                  [33mclass[39m=[32m"mt-2 pt-2 border-t border-gray-200"[39m
                [36m>[39m
                  [36m<span[39m
                    [33mclass[39m=[32m"text-xs text-gray-600"[39m
                  [36m>[39m
                    [0m2[0m
                    [0m pasuri në hartë[0m
                  [36m</span>[39m
                [36m</div>[39m
              [36m</div>[39m
            [36m</div>[39m
            [36m<div[39m
              [33mclass[39m=[32m"absolute bottom-2 left-2 bg-white bg-opacity-90 rounded px-2 py-1 text-xs text-gray-600 hidden sm:block"[39m
            [36m>[39m
              [0mLëviz hartën • Zoom me scroll • Hover për info • Klik për detaje[0m
            [36m</div>[39m
            [36m<div[39m
              [33mclass[39m=[32m"absolute bottom-2 left-2 bg-white bg-opacity-90 rounded px-2 py-1 text-xs text-gray-600 sm:hidden"[39m
            [36m>[39m
              [0mLëviz • Zoom • Prek për detaje[0m
            [36m</div>[39m
          [36m</div>[39m
        [36m</div>[39m
      [36m</body>[39m
    [36m</html>[39m

      189 |
      190 |     await waitFor(() => {
    > 191 |       expect(mockMarker.on).toHaveBeenCalledWith('click', expect.any(Function));
          |                             ^
      192 |     });
      193 |   });
      194 |

      at toHaveBeenCalledWith (src/__tests__/map/map-functionality.test.tsx:191:29)
      at runWithExpensiveErrorDiagnosticsDisabled (node_modules/@testing-library/dom/dist/config.js:47:12)
      at checkCallback (node_modules/@testing-library/dom/dist/wait-for.js:124:77)
      at checkRealTimersCallback (node_modules/@testing-library/dom/dist/wait-for.js:118:16)
      at Timeout.task [as _onTimeout] (node_modules/jsdom/lib/jsdom/browser/Window.js:579:19)

  ● Map Functionality › should handle property selection

    TypeError: L.layerGroup is not a function

      274 |   const addPropertyMarkers = async (L: any, map: any, props: Property[], onSelect?: (property: Property) => void) => {
      275 |     // Use simple layer group (no clustering to avoid dependency issues)
    > 276 |     const layerGroup = L.layerGroup();
          |                          ^
      277 |
      278 |     // Performance optimization: batch marker creation with requestAnimationFrame
      279 |     const createMarkersInBatches = (properties: Property[], batchSize = 10) => {

      at layerGroup (src/components/MapView.tsx:276:26)
      at addPropertyMarkers (src/components/MapView.tsx:140:11)
      at Object.callback (src/__tests__/map/map-functionality.test.tsx:15:36)
      at whenReady (src/components/MapView.tsx:138:11)

  ● Map Functionality › should handle property selection

    TypeError: L.layerGroup is not a function

      274 |   const addPropertyMarkers = async (L: any, map: any, props: Property[], onSelect?: (property: Property) => void) => {
      275 |     // Use simple layer group (no clustering to avoid dependency issues)
    > 276 |     const layerGroup = L.layerGroup();
          |                          ^
      277 |
      278 |     // Performance optimization: batch marker creation with requestAnimationFrame
      279 |     const createMarkersInBatches = (properties: Property[], batchSize = 10) => {

      at layerGroup (src/components/MapView.tsx:276:26)
      at addPropertyMarkers (src/components/MapView.tsx:140:11)
      at Object.callback (src/__tests__/map/map-functionality.test.tsx:15:36)
      at whenReady (src/components/MapView.tsx:138:11)

  ● Map Functionality › should handle property selection

    TypeError: L.layerGroup is not a function

      274 |   const addPropertyMarkers = async (L: any, map: any, props: Property[], onSelect?: (property: Property) => void) => {
      275 |     // Use simple layer group (no clustering to avoid dependency issues)
    > 276 |     const layerGroup = L.layerGroup();
          |                          ^
      277 |
      278 |     // Performance optimization: batch marker creation with requestAnimationFrame
      279 |     const createMarkersInBatches = (properties: Property[], batchSize = 10) => {

      at layerGroup (src/components/MapView.tsx:276:26)
      at addPropertyMarkers (src/components/MapView.tsx:140:11)
      at Object.callback (src/__tests__/map/map-functionality.test.tsx:15:36)
      at whenReady (src/components/MapView.tsx:138:11)

  ● Map Functionality › should update markers when properties change

    expect(jest.fn()).toHaveBeenCalledTimes(expected)

    Expected number of calls: 2
    Received number of calls: 0

    Ignored nodes: comments, script, style
    [36m<html>[39m
      [36m<head />[39m
      [36m<body>[39m
        [36m<div>[39m
          [36m<div[39m
            [33mclass[39m=[32m"relative"[39m
          [36m>[39m
            [36m<div[39m
              [33mclass[39m=[32m"w-full rounded-lg shadow-md border border-gray-200 touch-pan-x touch-pan-y bg-gray-50"[39m
              [33mstyle[39m=[32m"height: 400px;"[39m
            [36m/>[39m
            [36m<div[39m
              [33mclass[39m=[32m"absolute top-2 right-2 flex flex-col gap-1 z-1000"[39m
            [36m>[39m
              [36m<div[39m
                [33mclass[39m=[32m"bg-white rounded-md shadow-md border border-gray-200 overflow-hidden"[39m
              [36m>[39m
                [36m<button[39m
                  [33mclass[39m=[32m"p-1.5 w-full text-xs transition-colors bg-blue-600 text-white"[39m
                  [33mtitle[39m=[32m"Harta e rrugëve"[39m
                [36m>[39m
                  [0m🗺️[0m
                [36m</button>[39m
                [36m<button[39m
                  [33mclass[39m=[32m"p-1.5 w-full text-xs transition-colors text-blue-600"[39m
                  [33mtitle[39m=[32m"Pamja satelitore"[39m
                [36m>[39m
                  [0m🛰️[0m
                [36m</button>[39m
                [36m<button[39m
                  [33mclass[39m=[32m"p-1.5 w-full text-xs transition-colors text-blue-600"[39m
                  [33mtitle[39m=[32m"Terreni"[39m
                [36m>[39m
                  [0m🏔️[0m
                [36m</button>[39m
              [36m</div>[39m
              [36m<button[39m
                [33mclass[39m=[32m"bg-white p-1.5 rounded-md shadow-md border border-gray-200 transition-colors duration-200"[39m
                [33mtitle[39m=[32m"Kthehu në pamjen fillestare"[39m
              [36m>[39m
                [36m<svg[39m
                  [33maria-hidden[39m=[32m"true"[39m
                  [33mclass[39m=[32m"lucide lucide-house h-3 w-3 text-blue-600"[39m
                  [33mfill[39m=[32m"none"[39m
                  [33mheight[39m=[32m"24"[39m
                  [33mstroke[39m=[32m"currentColor"[39m
                  [33mstroke-linecap[39m=[32m"round"[39m
                  [33mstroke-linejoin[39m=[32m"round"[39m
                  [33mstroke-width[39m=[32m"2"[39m
                  [33mviewBox[39m=[32m"0 0 24 24"[39m
                  [33mwidth[39m=[32m"24"[39m
                  [33mxmlns[39m=[32m"http://www.w3.org/2000/svg"[39m
                [36m>[39m
                  [36m<path[39m
                    [33md[39m=[32m"M15 21v-8a1 1 0 0 0-1-1h-4a1 1 0 0 0-1 1v8"[39m
                  [36m/>[39m
                  [36m<path[39m
                    [33md[39m=[32m"M3 10a2 2 0 0 1 .709-1.528l7-5.999a2 2 0 0 1 2.582 0l7 5.999A2 2 0 0 1 21 10v9a2 2 0 0 1-2 2H5a2 2 0 0 1-2-2z"[39m
                  [36m/>[39m
                [36m</svg>[39m
              [36m</button>[39m
              [36m<button[39m
                [33mclass[39m=[32m"bg-white hover:bg-blue-50 p-1.5 rounded-md shadow-md border border-gray-200 transition-colors duration-200"[39m
                [33mtitle[39m=[32m"Harta në ekran të plotë"[39m
              [36m>[39m
                [36m<svg[39m
                  [33mclass[39m=[32m"h-3 w-3 text-blue-600"[39m
                  [33mfill[39m=[32m"none"[39m
                  [33mstroke[39m=[32m"currentColor"[39m
                  [33mviewBox[39m=[32m"0 0 24 24"[39m
                [36m>[39m
                  [36m<path[39m
                    [33md[39m=[32m"M4 8V4m0 0h4M4 4l5 5m11-1V4m0 0h-4m4 0l-5 5M4 16v4m0 0h4m-4 0l5-5m11 5l-5-5m5 5v-4m0 4h-4"[39m
                    [33mstroke-linecap[39m=[32m"round"[39m
                    [33mstroke-linejoin[39m=[32m"round"[39m
                    [33mstroke-width[39m=[32m"2"[39m
                  [36m/>[39m
                [36m</svg>[39m
              [36m</button>[39m
              [36m<button[39m
                [33mclass[39m=[32m"bg-white p-1.5 rounded-md shadow-md border border-gray-200 transition-colors duration-200"[39m
                [33mtitle[39m=[32m"Shko te lokacioni im"[39m
              [36m>[39m
                [36m<svg[39m
                  [33mclass[39m=[32m"h-3 w-3 text-blue-600"[39m
                  [33mfill[39m=[32m"none"[39m
                  [33mstroke[39m=[32m"currentColor"[39m
                  [33mviewBox[39m=[32m"0 0 24 24"[39m
                [36m>[39m
                  [36m<path[39m
                    [33md[39m=[32m"M17.657 16.657L13.414 20.9a1.998 1.998 0 01-2.827 0l-4.244-4.243a8 8 0 1111.314 0z"[39m
                    [33mstroke-linecap[39m=[32m"round"[39m
                    [33mstroke-linejoin[39m=[32m"round"[39m
                    [33mstroke-width[39m=[32m"2"[39m
                  [36m/>[39m
                  [36m<path[39m
                    [33md[39m=[32m"M15 11a3 3 0 11-6 0 3 3 0 016 0z"[39m
                    [33mstroke-linecap[39m=[32m"round"[39m
                    [33mstroke-linejoin[39m=[32m"round"[39m
                    [33mstroke-width[39m=[32m"2"[39m
                  [36m/>[39m
                [36m</svg>[39m
              [36m</button>[39m
            [36m</div>[39m
            [36m<div[39m
              [33mclass[39m=[32m"absolute top-3 left-3 z-1000"[39m
            [36m>[39m
              [36m<div[39m
                [33mclass[39m=[32m"bg-white rounded-lg shadow-md border border-gray-200 p-3 max-w-xs sm:max-w-sm"[39m
              [36m>[39m
                [36m<div[39m
                  [33mclass[39m=[32m"flex items-center gap-2 mb-2"[39m
                [36m>[39m
                  [36m<svg[39m
                    [33maria-hidden[39m=[32m"true"[39m
                    [33mclass[39m=[32m"lucide lucide-funnel h-4 w-4 text-blue-600"[39m
                    [33mfill[39m=[32m"none"[39m
                    [33mheight[39m=[32m"24"[39m
                    [33mstroke[39m=[32m"currentColor"[39m
                    [33mstroke-linecap[39m=[32m"round"[39m
                    [33mstroke-linejoin[39m=[32m"round"[39m
                    [33mstroke-width[39m=[32m"2"[39m
                    [33mviewBox[39m=[32m"0 0 24 24"[39m
                    [33mwidth[39m=[32m"24"[39m
                    [33mxmlns[39m=[32m"http://www.w3.org/2000/svg"[39m
                  [36m>[39m
                    [36m<path[39m
                      [33md[39m=[32m"M10 20a1 1 0 0 0 .553.895l2 1A1 1 0 0 0 14 21v-7a2 2 0 0 1 .517-1.341L21.74 4.67A1 1 0 0 0 21 3H3a1 1 0 0 0-.742 1.67l7.225 7.989A2 2 0 0 1 10 14z"[39m
                    [36m/>[39m
                  [36m</svg>[39m
                  [36m<span[39m
                    [33mclass[39m=[32m"text-sm font-medium text-gray-700"[39m
                  [36m>[39m
                    [0mFiltrat e Hartës[0m
                  [36m</span>[39m
                [36m</div>[39m
                [36m<div[39m
                  [33mclass[39m=[32m"space-y-2"[39m
                [36m>[39m
                  [36m<div>[39m
                    [36m<label[39m
                      [33mclass[39m=[32m"text-xs text-gray-600 block mb-1"[39m
                    [36m>[39m
                      [0mÇmimi[0m
                    [36m</label>[39m
                    [36m<select[39m
                      [33mclass[39m=[32m"w-full text-xs border border-gray-300 rounded px-2 py-1.5 focus:outline-none focus:ring-1 focus:ring-blue-500 touch-manipulation"[39m
                    [36m>[39m
                      [36m<option[39m
                        [33mvalue[39m=[32m"all"[39m
                      [36m>[39m
                        [0mTë gjitha[0m
                      [36m</option>[39m
                      [36m<option[39m
                        [33mvalue[39m=[32m"low"[39m
                      [36m>[39m
                        [0mDeri €100,000[0m
                      [36m</option>[39m
                      [36m<option[39m
                        [33mvalue[39m=[32m"medium"[39m
                      [36m>[39m
                        [0m€100,000 - €300,000[0m
                      [36m</option>[39m
                      [36m<option[39m
                        [33mvalue[39m=[32m"high"[39m
                      [36m>[39m
                        [0mMbi €300,000[0m
                      [36m</option>[39m
                    [36m</select>[39m
                  [36m</div>[39m
                  [36m<div>[39m
                    [36m<label[39m
                      [33mclass[39m=[32m"text-xs text-gray-600 block mb-1"[39m
                    [36m>[39m
                      [0mLloji[0m
                    [36m</label>[39m
                    [36m<select[39m
                      [33mclass[39m=[32m"w-full text-xs border border-gray-300 rounded px-2 py-1.5 focus:outline-none focus:ring-1 focus:ring-blue-500 touch-manipulation"[39m
                    [36m>[39m
                      [36m<option[39m
                        [33mvalue[39m=[32m"all"[39m
                      [36m>[39m
                        [0mTë gjitha[0m
                      [36m</option>[39m
                      [36m<option[39m
                        [33mvalue[39m=[32m"house"[39m
                      [36m>[39m
                        [0mShtëpi[0m
                      [36m</option>[39m
                      [36m<option[39m
                        [33mvalue[39m=[32m"apartment"[39m
                      [36m>[39m
                        [0mApartament[0m
                      [36m</option>[39m
                      [36m<option[39m
                        [33mvalue[39m=[32m"condo"[39m
                      [36m>[39m
                        [0mKondo[0m
                      [36m</option>[39m
                      [36m<option[39m
                        [33mvalue[39m=[32m"townhouse"[39m
                      [36m>[39m
                        [0mShtëpi në Qytet[0m
                      [36m</option>[39m
                    [36m</select>[39m
                  [36m</div>[39m
                [36m</div>[39m
                [36m<div[39m
                  [33mclass[39m=[32m"mt-2 pt-2 border-t border-gray-200"[39m
                [36m>[39m
                  [36m<span[39m
                    [33mclass[39m=[32m"text-xs text-gray-600"[39m
                  [36m>[39m
                    [0m2[0m
                    [0m pasuri në hartë[0m
                  [36m</span>[39m
                [36m</div>[39m
              [36m</div>[39m
            [36m</div>[39m
            [36m<div[39m
              [33mclass[39m=[32m"absolute bottom-2 left-2 bg-white bg-opacity-90 rounded px-2 py-1 text-xs text-gray-600 hidden sm:block"[39m
            [36m>[39m
              [0mLëviz hartën • Zoom me scroll • Hover për info • Klik për detaje[0m
            [36m</div>[39m
            [36m<div[39m
              [33mclass[39m=[32m"absolute bottom-2 left-2 bg-white bg-opacity-90 rounded px-2 py-1 text-xs text-gray-600 sm:hidden"[39m
            [36m>[39m
              [0mLëviz • Zoom • Prek për detaje[0m
            [36m</div>[39m
          [36m</div>[39m
        [36m</div>[39m
      [36m</body>[39m
    [36m</html>[39m

      197 |
      198 |     await waitFor(() => {
    > 199 |       expect(mockLeaflet.marker).toHaveBeenCalledTimes(2);
          |                                  ^
      200 |     });
      201 |
      202 |     // Update with fewer properties

      at toHaveBeenCalledTimes (src/__tests__/map/map-functionality.test.tsx:199:34)
      at runWithExpensiveErrorDiagnosticsDisabled (node_modules/@testing-library/dom/dist/config.js:47:12)
      at checkCallback (node_modules/@testing-library/dom/dist/wait-for.js:124:77)
      at checkRealTimersCallback (node_modules/@testing-library/dom/dist/wait-for.js:118:16)
      at Timeout.task [as _onTimeout] (node_modules/jsdom/lib/jsdom/browser/Window.js:579:19)

  ● Map Functionality › should update markers when properties change

    TypeError: L.layerGroup is not a function

      274 |   const addPropertyMarkers = async (L: any, map: any, props: Property[], onSelect?: (property: Property) => void) => {
      275 |     // Use simple layer group (no clustering to avoid dependency issues)
    > 276 |     const layerGroup = L.layerGroup();
          |                          ^
      277 |
      278 |     // Performance optimization: batch marker creation with requestAnimationFrame
      279 |     const createMarkersInBatches = (properties: Property[], batchSize = 10) => {

      at layerGroup (src/components/MapView.tsx:276:26)
      at addPropertyMarkers (src/components/MapView.tsx:140:11)
      at Object.callback (src/__tests__/map/map-functionality.test.tsx:15:36)
      at whenReady (src/components/MapView.tsx:138:11)

  ● Map Functionality › should update markers when properties change

    TypeError: L.layerGroup is not a function

      274 |   const addPropertyMarkers = async (L: any, map: any, props: Property[], onSelect?: (property: Property) => void) => {
      275 |     // Use simple layer group (no clustering to avoid dependency issues)
    > 276 |     const layerGroup = L.layerGroup();
          |                          ^
      277 |
      278 |     // Performance optimization: batch marker creation with requestAnimationFrame
      279 |     const createMarkersInBatches = (properties: Property[], batchSize = 10) => {

      at layerGroup (src/components/MapView.tsx:276:26)
      at addPropertyMarkers (src/components/MapView.tsx:140:11)
      at Object.callback (src/__tests__/map/map-functionality.test.tsx:15:36)
      at whenReady (src/components/MapView.tsx:138:11)

  ● Map Functionality › should update markers when properties change

    TypeError: L.layerGroup is not a function

      274 |   const addPropertyMarkers = async (L: any, map: any, props: Property[], onSelect?: (property: Property) => void) => {
      275 |     // Use simple layer group (no clustering to avoid dependency issues)
    > 276 |     const layerGroup = L.layerGroup();
          |                          ^
      277 |
      278 |     // Performance optimization: batch marker creation with requestAnimationFrame
      279 |     const createMarkersInBatches = (properties: Property[], batchSize = 10) => {

      at layerGroup (src/components/MapView.tsx:276:26)
      at addPropertyMarkers (src/components/MapView.tsx:140:11)
      at Object.callback (src/__tests__/map/map-functionality.test.tsx:15:36)
      at whenReady (src/components/MapView.tsx:138:11)

  ● Map Functionality › should handle map layer switching

    TypeError: L.layerGroup is not a function

      274 |   const addPropertyMarkers = async (L: any, map: any, props: Property[], onSelect?: (property: Property) => void) => {
      275 |     // Use simple layer group (no clustering to avoid dependency issues)
    > 276 |     const layerGroup = L.layerGroup();
          |                          ^
      277 |
      278 |     // Performance optimization: batch marker creation with requestAnimationFrame
      279 |     const createMarkersInBatches = (properties: Property[], batchSize = 10) => {

      at layerGroup (src/components/MapView.tsx:276:26)
      at addPropertyMarkers (src/components/MapView.tsx:140:11)
      at Object.callback (src/__tests__/map/map-functionality.test.tsx:15:36)
      at whenReady (src/components/MapView.tsx:138:11)

  ● Map Functionality › should handle map layer switching

    TypeError: L.layerGroup is not a function

      274 |   const addPropertyMarkers = async (L: any, map: any, props: Property[], onSelect?: (property: Property) => void) => {
      275 |     // Use simple layer group (no clustering to avoid dependency issues)
    > 276 |     const layerGroup = L.layerGroup();
          |                          ^
      277 |
      278 |     // Performance optimization: batch marker creation with requestAnimationFrame
      279 |     const createMarkersInBatches = (properties: Property[], batchSize = 10) => {

      at layerGroup (src/components/MapView.tsx:276:26)
      at addPropertyMarkers (src/components/MapView.tsx:140:11)
      at Object.callback (src/__tests__/map/map-functionality.test.tsx:15:36)
      at whenReady (src/components/MapView.tsx:138:11)

  ● Map Functionality › should handle map layer switching

    TypeError: L.layerGroup is not a function

      274 |   const addPropertyMarkers = async (L: any, map: any, props: Property[], onSelect?: (property: Property) => void) => {
      275 |     // Use simple layer group (no clustering to avoid dependency issues)
    > 276 |     const layerGroup = L.layerGroup();
          |                          ^
      277 |
      278 |     // Performance optimization: batch marker creation with requestAnimationFrame
      279 |     const createMarkersInBatches = (properties: Property[], batchSize = 10) => {

      at layerGroup (src/components/MapView.tsx:276:26)
      at addPropertyMarkers (src/components/MapView.tsx:140:11)
      at Object.callback (src/__tests__/map/map-functionality.test.tsx:15:36)
      at whenReady (src/components/MapView.tsx:138:11)

  ● Map Functionality › should handle geolocation requests

    TypeError: L.layerGroup is not a function

      274 |   const addPropertyMarkers = async (L: any, map: any, props: Property[], onSelect?: (property: Property) => void) => {
      275 |     // Use simple layer group (no clustering to avoid dependency issues)
    > 276 |     const layerGroup = L.layerGroup();
          |                          ^
      277 |
      278 |     // Performance optimization: batch marker creation with requestAnimationFrame
      279 |     const createMarkersInBatches = (properties: Property[], batchSize = 10) => {

      at layerGroup (src/components/MapView.tsx:276:26)
      at addPropertyMarkers (src/components/MapView.tsx:140:11)
      at Object.callback (src/__tests__/map/map-functionality.test.tsx:15:36)
      at whenReady (src/components/MapView.tsx:138:11)

  ● Map Functionality › should handle geolocation requests

    TypeError: L.layerGroup is not a function

      274 |   const addPropertyMarkers = async (L: any, map: any, props: Property[], onSelect?: (property: Property) => void) => {
      275 |     // Use simple layer group (no clustering to avoid dependency issues)
    > 276 |     const layerGroup = L.layerGroup();
          |                          ^
      277 |
      278 |     // Performance optimization: batch marker creation with requestAnimationFrame
      279 |     const createMarkersInBatches = (properties: Property[], batchSize = 10) => {

      at layerGroup (src/components/MapView.tsx:276:26)
      at addPropertyMarkers (src/components/MapView.tsx:140:11)
      at Object.callback (src/__tests__/map/map-functionality.test.tsx:15:36)
      at whenReady (src/components/MapView.tsx:138:11)

  ● Map Functionality › should handle geolocation requests

    TypeError: L.layerGroup is not a function

      274 |   const addPropertyMarkers = async (L: any, map: any, props: Property[], onSelect?: (property: Property) => void) => {
      275 |     // Use simple layer group (no clustering to avoid dependency issues)
    > 276 |     const layerGroup = L.layerGroup();
          |                          ^
      277 |
      278 |     // Performance optimization: batch marker creation with requestAnimationFrame
      279 |     const createMarkersInBatches = (properties: Property[], batchSize = 10) => {

      at layerGroup (src/components/MapView.tsx:276:26)
      at addPropertyMarkers (src/components/MapView.tsx:140:11)
      at Object.callback (src/__tests__/map/map-functionality.test.tsx:15:36)
      at whenReady (src/components/MapView.tsx:138:11)

  ● Map Functionality › should handle fullscreen toggle

    TypeError: mapRef.current.requestFullscreen is not a function

      522 |                 document.exitFullscreen();
      523 |               } else {
    > 524 |                 mapRef.current.requestFullscreen().then(() => {
          |                                ^
      525 |                   // Force map resize after fullscreen
      526 |                   setTimeout(() => {
      527 |                     if (mapInstanceRef.current) {

      at requestFullscreen (src/components/MapView.tsx:524:32)
      at executeDispatch (node_modules/react-dom/cjs/react-dom-client.development.js:16368:9)
      at runWithFiberInDEV (node_modules/react-dom/cjs/react-dom-client.development.js:1522:13)
      at processDispatchQueue (node_modules/react-dom/cjs/react-dom-client.development.js:16418:19)
      at node_modules/react-dom/cjs/react-dom-client.development.js:17016:9
      at batchedUpdates$1 (node_modules/react-dom/cjs/react-dom-client.development.js:3262:40)
      at dispatchEventForPluginEventSystem (node_modules/react-dom/cjs/react-dom-client.development.js:16572:7)
      at dispatchEvent (node_modules/react-dom/cjs/react-dom-client.development.js:20658:11)
      at dispatchDiscreteEvent (node_modules/react-dom/cjs/react-dom-client.development.js:20626:11)
      at HTMLDivElement.callTheUserObjectsOperation (node_modules/jsdom/lib/jsdom/living/generated/EventListener.js:26:30)
      at innerInvokeEventListeners (node_modules/jsdom/lib/jsdom/living/events/EventTarget-impl.js:350:25)
      at invokeEventListeners (node_modules/jsdom/lib/jsdom/living/events/EventTarget-impl.js:286:3)
      at HTMLButtonElementImpl._dispatch (node_modules/jsdom/lib/jsdom/living/events/EventTarget-impl.js:233:9)
      at HTMLButtonElementImpl.dispatchEvent (node_modules/jsdom/lib/jsdom/living/events/EventTarget-impl.js:104:17)
      at HTMLButtonElement.dispatchEvent (node_modules/jsdom/lib/jsdom/living/generated/EventTarget.js:241:34)
      at node_modules/@testing-library/dom/dist/events.js:19:20
      at node_modules/@testing-library/react/dist/pure.js:108:16
      at node_modules/@testing-library/react/dist/act-compat.js:48:24
      at process.env.NODE_ENV.exports.act (node_modules/react/cjs/react.development.js:789:22)
      at node_modules/@testing-library/react/dist/act-compat.js:47:25
      at Object.eventWrapper (node_modules/@testing-library/react/dist/pure.js:107:28)
      at fireEvent (node_modules/@testing-library/dom/dist/events.js:12:35)
      at fireEvent.<computed> [as click] (node_modules/@testing-library/dom/dist/events.js:110:36)
      at fireEvent.<computed> [as click] (node_modules/@testing-library/react/dist/fire-event.js:15:52)
      at click (src/__tests__/map/map-functionality.test.tsx:276:17)
      at runWithExpensiveErrorDiagnosticsDisabled (node_modules/@testing-library/dom/dist/config.js:47:12)
      at checkCallback (node_modules/@testing-library/dom/dist/wait-for.js:124:77)
      at node_modules/@testing-library/dom/dist/wait-for.js:97:7
      at waitFor (node_modules/@testing-library/dom/dist/wait-for.js:36:10)
      at node_modules/@testing-library/dom/dist/wait-for.js:164:54
      at Object.asyncWrapper (node_modules/@testing-library/react/dist/pure.js:88:28)
      at waitForWrapper (node_modules/@testing-library/dom/dist/wait-for.js:164:35)
      at Object.<anonymous> (src/__tests__/map/map-functionality.test.tsx:270:18)

  ● Map Functionality › should handle fullscreen toggle

    TypeError: L.layerGroup is not a function

      274 |   const addPropertyMarkers = async (L: any, map: any, props: Property[], onSelect?: (property: Property) => void) => {
      275 |     // Use simple layer group (no clustering to avoid dependency issues)
    > 276 |     const layerGroup = L.layerGroup();
          |                          ^
      277 |
      278 |     // Performance optimization: batch marker creation with requestAnimationFrame
      279 |     const createMarkersInBatches = (properties: Property[], batchSize = 10) => {

      at layerGroup (src/components/MapView.tsx:276:26)
      at addPropertyMarkers (src/components/MapView.tsx:140:11)
      at Object.callback (src/__tests__/map/map-functionality.test.tsx:15:36)
      at whenReady (src/components/MapView.tsx:138:11)

  ● Map Functionality › should handle fullscreen toggle

    TypeError: L.layerGroup is not a function

      274 |   const addPropertyMarkers = async (L: any, map: any, props: Property[], onSelect?: (property: Property) => void) => {
      275 |     // Use simple layer group (no clustering to avoid dependency issues)
    > 276 |     const layerGroup = L.layerGroup();
          |                          ^
      277 |
      278 |     // Performance optimization: batch marker creation with requestAnimationFrame
      279 |     const createMarkersInBatches = (properties: Property[], batchSize = 10) => {

      at layerGroup (src/components/MapView.tsx:276:26)
      at addPropertyMarkers (src/components/MapView.tsx:140:11)
      at Object.callback (src/__tests__/map/map-functionality.test.tsx:15:36)
      at whenReady (src/components/MapView.tsx:138:11)

  ● Map Functionality › should handle fullscreen toggle

    TypeError: L.layerGroup is not a function

      274 |   const addPropertyMarkers = async (L: any, map: any, props: Property[], onSelect?: (property: Property) => void) => {
      275 |     // Use simple layer group (no clustering to avoid dependency issues)
    > 276 |     const layerGroup = L.layerGroup();
          |                          ^
      277 |
      278 |     // Performance optimization: batch marker creation with requestAnimationFrame
      279 |     const createMarkersInBatches = (properties: Property[], batchSize = 10) => {

      at layerGroup (src/components/MapView.tsx:276:26)
      at addPropertyMarkers (src/components/MapView.tsx:140:11)
      at Object.callback (src/__tests__/map/map-functionality.test.tsx:15:36)
      at whenReady (src/components/MapView.tsx:138:11)

  ● Map Functionality › should filter properties based on map filters

    Found multiple elements with the display value: Të gjitha.

    Here are the matching elements:

    Ignored nodes: comments, script, style
    [36m<select[39m
      [33mclass[39m=[32m"w-full text-xs border border-gray-300 rounded px-2 py-1.5 focus:outline-none focus:ring-1 focus:ring-blue-500 touch-manipulation"[39m
    [36m>[39m
      [36m<option[39m
        [33mvalue[39m=[32m"all"[39m
      [36m>[39m
        [0mTë gjitha[0m
      [36m</option>[39m
      [36m<option[39m
        [33mvalue[39m=[32m"low"[39m
      [36m>[39m
        [0mDeri €100,000[0m
      [36m</option>[39m
      [36m<option[39m
        [33mvalue[39m=[32m"medium"[39m
      [36m>[39m
        [0m€100,000 - €300,000[0m
      [36m</option>[39m
      [36m<option[39m
        [33mvalue[39m=[32m"high"[39m
      [36m>[39m
        [0mMbi €300,000[0m
      [36m</option>[39m
    [36m</select>[39m

    Ignored nodes: comments, script, style
    [36m<select[39m
      [33mclass[39m=[32m"w-full text-xs border border-gray-300 rounded px-2 py-1.5 focus:outline-none focus:ring-1 focus:ring-blue-500 touch-manipulation"[39m
    [36m>[39m
      [36m<option[39m
        [33mvalue[39m=[32m"all"[39m
      [36m>[39m
        [0mTë gjitha[0m
      [36m</option>[39m
      [36m<option[39m
        [33mvalue[39m=[32m"house"[39m
      [36m>[39m
        [0mShtëpi[0m
      [36m</option>[39m
      [36m<option[39m
        [33mvalue[39m=[32m"apartment"[39m
      [36m>[39m
        [0mApartament[0m
      [36m</option>[39m
      [36m<option[39m
        [33mvalue[39m=[32m"condo"[39m
      [36m>[39m
        [0mKondo[0m
      [36m</option>[39m
      [36m<option[39m
        [33mvalue[39m=[32m"townhouse"[39m
      [36m>[39m
        [0mShtëpi në Qytet[0m
      [36m</option>[39m
    [36m</select>[39m

    (If this is intentional, then use the `*AllBy*` variant of the query (like `queryAllByText`, `getAllByText`, or `findAllByText`)).

    Ignored nodes: comments, script, style
    [36m<body>[39m
      [36m<div>[39m
        [36m<div[39m
          [33mclass[39m=[32m"relative"[39m
        [36m>[39m
          [36m<div[39m
            [33mclass[39m=[32m"w-full rounded-lg shadow-md border border-gray-200 touch-pan-x touch-pan-y bg-gray-50"[39m
            [33mstyle[39m=[32m"height: 400px;"[39m
          [36m/>[39m
          [36m<div[39m
            [33mclass[39m=[32m"absolute top-2 right-2 flex flex-col gap-1 z-1000"[39m
          [36m>[39m
            [36m<div[39m
              [33mclass[39m=[32m"bg-white rounded-md shadow-md border border-gray-200 overflow-hidden"[39m
            [36m>[39m
              [36m<button[39m
                [33mclass[39m=[32m"p-1.5 w-full text-xs transition-colors bg-blue-600 text-white"[39m
                [33mtitle[39m=[32m"Harta e rrugëve"[39m
              [36m>[39m
                [0m🗺️[0m
              [36m</button>[39m
              [36m<button[39m
                [33mclass[39m=[32m"p-1.5 w-full text-xs transition-colors text-blue-600"[39m
                [33mtitle[39m=[32m"Pamja satelitore"[39m
              [36m>[39m
                [0m🛰️[0m
              [36m</button>[39m
              [36m<button[39m
                [33mclass[39m=[32m"p-1.5 w-full text-xs transition-colors text-blue-600"[39m
                [33mtitle[39m=[32m"Terreni"[39m
              [36m>[39m
                [0m🏔️[0m
              [36m</button>[39m
            [36m</div>[39m
            [36m<button[39m
              [33mclass[39m=[32m"bg-white p-1.5 rounded-md shadow-md border border-gray-200 transition-colors duration-200"[39m
              [33mtitle[39m=[32m"Kthehu në pamjen fillestare"[39m
            [36m>[39m
              [36m<svg[39m
                [33maria-hidden[39m=[32m"true"[39m
                [33mclass[39m=[32m"lucide lucide-house h-3 w-3 text-blue-600"[39m
                [33mfill[39m=[32m"none"[39m
                [33mheight[39m=[32m"24"[39m
                [33mstroke[39m=[32m"currentColor"[39m
                [33mstroke-linecap[39m=[32m"round"[39m
                [33mstroke-linejoin[39m=[32m"round"[39m
                [33mstroke-width[39m=[32m"2"[39m
                [33mviewBox[39m=[32m"0 0 24 24"[39m
                [33mwidth[39m=[32m"24"[39m
                [33mxmlns[39m=[32m"http://www.w3.org/2000/svg"[39m
              [36m>[39m
                [36m<path[39m
                  [33md[39m=[32m"M15 21v-8a1 1 0 0 0-1-1h-4a1 1 0 0 0-1 1v8"[39m
                [36m/>[39m
                [36m<path[39m
                  [33md[39m=[32m"M3 10a2 2 0 0 1 .709-1.528l7-5.999a2 2 0 0 1 2.582 0l7 5.999A2 2 0 0 1 21 10v9a2 2 0 0 1-2 2H5a2 2 0 0 1-2-2z"[39m
                [36m/>[39m
              [36m</svg>[39m
            [36m</button>[39m
            [36m<button[39m
              [33mclass[39m=[32m"bg-white hover:bg-blue-50 p-1.5 rounded-md shadow-md border border-gray-200 transition-colors duration-200"[39m
              [33mtitle[39m=[32m"Harta në ekran të plotë"[39m
            [36m>[39m
              [36m<svg[39m
                [33mclass[39m=[32m"h-3 w-3 text-blue-600"[39m
                [33mfill[39m=[32m"none"[39m
                [33mstroke[39m=[32m"currentColor"[39m
                [33mviewBox[39m=[32m"0 0 24 24"[39m
              [36m>[39m
                [36m<path[39m
                  [33md[39m=[32m"M4 8V4m0 0h4M4 4l5 5m11-1V4m0 0h-4m4 0l-5 5M4 16v4m0 0h4m-4 0l5-5m11 5l-5-5m5 5v-4m0 4h-4"[39m
                  [33mstroke-linecap[39m=[32m"round"[39m
                  [33mstroke-linejoin[39m=[32m"round"[39m
                  [33mstroke-width[39m=[32m"2"[39m
                [36m/>[39m
              [36m</svg>[39m
            [36m</button>[39m
            [36m<button[39m
              [33mclass[39m=[32m"bg-white p-1.5 rounded-md shadow-md border border-gray-200 transition-colors duration-200"[39m
              [33mtitle[39m=[32m"Shko te lokacioni im"[39m
            [36m>[39m
              [36m<svg[39m
                [33mclass[39m=[32m"h-3 w-3 text-blue-600"[39m
                [33mfill[39m=[32m"none"[39m
                [33mstroke[39m=[32m"currentColor"[39m
                [33mviewBox[39m=[32m"0 0 24 24"[39m
              [36m>[39m
                [36m<path[39m
                  [33md[39m=[32m"M17.657 16.657L13.414 20.9a1.998 1.998 0 01-2.827 0l-4.244-4.243a8 8 0 1111.314 0z"[39m
                  [33mstroke-linecap[39m=[32m"round"[39m
                  [33mstroke-linejoin[39m=[32m"round"[39m
                  [33mstroke-width[39m=[32m"2"[39m
                [36m/>[39m
                [36m<path[39m
                  [33md[39m=[32m"M15 11a3 3 0 11-6 0 3 3 0 016 0z"[39m
                  [33mstroke-linecap[39m=[32m"round"[39m
                  [33mstroke-linejoin[39m=[32m"round"[39m
                  [33mstroke-width[39m=[32m"2"[39m
                [36m/>[39m
              [36m</svg>[39m
            [36m</button>[39m
          [36m</div>[39m
          [36m<div[39m
            [33mclass[39m=[32m"absolute top-3 left-3 z-1000"[39m
          [36m>[39m
            [36m<div[39m
              [33mclass[39m=[32m"bg-white rounded-lg shadow-md border border-gray-200 p-3 max-w-xs sm:max-w-sm"[39m
            [36m>[39m
              [36m<div[39m
                [33mclass[39m=[32m"flex items-center gap-2 mb-2"[39m
              [36m>[39m
                [36m<svg[39m
                  [33maria-hidden[39m=[32m"true"[39m
                  [33mclass[39m=[32m"lucide lucide-funnel h-4 w-4 text-blue-600"[39m
                  [33mfill[39m=[32m"none"[39m
                  [33mheight[39m=[32m"24"[39m
                  [33mstroke[39m=[32m"currentColor"[39m
                  [33mstroke-linecap[39m=[32m"round"[39m
                  [33mstroke-linejoin[39m=[32m"round"[39m
                  [33mstroke-width[39m=[32m"2"[39m
                  [33mviewBox[39m=[32m"0 0 24 24"[39m
                  [33mwidth[39m=[32m"24"[39m
                  [33mxmlns[39m=[32m"http://www.w3.org/2000/svg"[39m
                [36m>[39m
                  [36m<path[39m
                    [33md[39m=[32m"M10 20a1 1 0 0 0 .553.895l2 1A1 1 0 0 0 14 21v-7a2 2 0 0 1 .517-1.341L21.74 4.67A1 1 0 0 0 21 3H3a1 1 0 0 0-.742 1.67l7.225 7.989A2 2 0 0 1 10 14z"[39m
                  [36m/>[39m
                [36m</svg>[39m
                [36m<span[39m
                  [33mclass[39m=[32m"text-sm font-medium text-gray-700"[39m
                [36m>[39m
                  [0mFiltrat e Hartës[0m
                [36m</span>[39m
              [36m</div>[39m
              [36m<div[39m
                [33mclass[39m=[32m"space-y-2"[39m
              [36m>[39m
                [36m<div>[39m
                  [36m<label[39m
                    [33mclass[39m=[32m"text-xs text-gray-600 block mb-1"[39m
                  [36m>[39m
                    [0mÇmimi[0m
                  [36m</label>[39m
                  [36m<select[39m
                    [33mclass[39m=[32m"w-full text-xs border border-gray-300 rounded px-2 py-1.5 focus:outline-none focus:ring-1 focus:ring-blue-500 touch-manipulation"[39m
                  [36m>[39m
                    [36m<option[39m
                      [33mvalue[39m=[32m"all"[39m
                    [36m>[39m
                      [0mTë gjitha[0m
                    [36m</option>[39m
                    [36m<option[39m
                      [33mvalue[39m=[32m"low"[39m
                    [36m>[39m
                      [0mDeri €100,000[0m
                    [36m</option>[39m
                    [36m<option[39m
                      [33mvalue[39m=[32m"medium"[39m
                    [36m>[39m
                      [0m€100,000 - €300,000[0m
                    [36m</option>[39m
                    [36m<option[39m
                      [33mvalue[39m=[32m"high"[39m
                    [36m>[39m
                      [0mMbi €300,000[0m
                    [36m</option>[39m
                  [36m</select>[39m
                [36m</div>[39m
                [36m<div>[39m
                  [36m<label[39m
                    [33mclass[39m=[32m"text-xs text-gray-600 block mb-1"[39m
                  [36m>[39m
                    [0mLloji[0m
                  [36m</label>[39m
                  [36m<select[39m
                    [33mclass[39m=[32m"w-full text-xs border border-gray-300 rounded px-2 py-1.5 focus:outline-none focus:ring-1 focus:ring-blue-500 touch-manipulation"[39m
                  [36m>[39m
                    [36m<option[39m
                      [33mvalue[39m=[32m"all"[39m
                    [36m>[39m
                      [0mTë gjitha[0m
                    [36m</option>[39m
                    [36m<option[39m
                      [33mvalue[39m=[32m"house"[39m
                    [36m>[39m
                      [0mShtëpi[0m
                    [36m</option>[39m
                    [36m<option[39m
                      [33mvalue[39m=[32m"apartment"[39m
                    [36m>[39m
                      [0mApartament[0m
                    [36m</option>[39m
                    [36m<option[39m
                      [33mvalue[39m=[32m"condo"[39m
                    [36m>[39m
                      [0mKondo[0m
                    [36m</option>[39m
                    [36m<option[39m
                      [33mvalue[39m=[32m"townhouse"[39m
                    [36m>[39m
                      [0mShtëpi në Qytet[0m
                    [36m</option>[39m
                  [36m</select>[39m
                [36m</div>[39m
              [36m</div>[39m
              [36m<div[39m
                [33mclass[39m=[32m"mt-2 pt-2 border-t border-gray-200"[39m
              [36m>[39m
                [36m<span[39m
                  [33mclass[39m=[32m"text-xs text-gray-600"[39m
                [36m>[39m
                  [0m2[0m
                  [0m pasuri në hartë[0m
                [36m</span>[39m
              [36m</div>[39m
            [36m</div>[39m
          [36m</div>[39m
          [36m<div[39m
            [33mclass[39m=[32m"absolute bottom-2 left-2 bg-white bg-opacity-90 rounded px-2 py-1 text-xs text-gray-600 hidden sm:block"[39m
          [36m>[39m
            [0mLëviz hartën • Zoom me scroll • Hover për info • Klik për detaje[0m
          [36m</div>[39m
          [36m<div[39m
            [33mclass[39m=[32m"absolute bottom-2 left-2 bg-white bg-opacity-90 rounded px-2 py-1 text-xs text-gray-600 sm:hidden"[39m
          [36m>[39m
            [0mLëviz • Zoom • Prek për detaje[0m
          [36m</div>[39m
        [36m</div>[39m
      [36m</div>[39m
    [36m</body>[39m

      282 |     render(<MapView properties={mockProperties} />);
      283 |
    > 284 |     await waitFor(() => {
          |                  ^
      285 |       const priceFilter = screen.getByDisplayValue('Të gjitha');
      286 |       fireEvent.change(priceFilter, { target: { value: 'low' } });
      287 |       

      at waitForWrapper (node_modules/@testing-library/dom/dist/wait-for.js:163:27)
      at Object.<anonymous> (src/__tests__/map/map-functionality.test.tsx:284:18)

  ● Map Functionality › should filter properties based on map filters

    TypeError: L.layerGroup is not a function

      274 |   const addPropertyMarkers = async (L: any, map: any, props: Property[], onSelect?: (property: Property) => void) => {
      275 |     // Use simple layer group (no clustering to avoid dependency issues)
    > 276 |     const layerGroup = L.layerGroup();
          |                          ^
      277 |
      278 |     // Performance optimization: batch marker creation with requestAnimationFrame
      279 |     const createMarkersInBatches = (properties: Property[], batchSize = 10) => {

      at layerGroup (src/components/MapView.tsx:276:26)
      at addPropertyMarkers (src/components/MapView.tsx:140:11)
      at Object.callback (src/__tests__/map/map-functionality.test.tsx:15:36)
      at whenReady (src/components/MapView.tsx:138:11)

  ● Map Functionality › should filter properties based on map filters

    TypeError: L.layerGroup is not a function

      274 |   const addPropertyMarkers = async (L: any, map: any, props: Property[], onSelect?: (property: Property) => void) => {
      275 |     // Use simple layer group (no clustering to avoid dependency issues)
    > 276 |     const layerGroup = L.layerGroup();
          |                          ^
      277 |
      278 |     // Performance optimization: batch marker creation with requestAnimationFrame
      279 |     const createMarkersInBatches = (properties: Property[], batchSize = 10) => {

      at layerGroup (src/components/MapView.tsx:276:26)
      at addPropertyMarkers (src/components/MapView.tsx:140:11)
      at Object.callback (src/__tests__/map/map-functionality.test.tsx:15:36)
      at whenReady (src/components/MapView.tsx:138:11)

  ● Map Functionality › should filter properties based on map filters

    TypeError: L.layerGroup is not a function

      274 |   const addPropertyMarkers = async (L: any, map: any, props: Property[], onSelect?: (property: Property) => void) => {
      275 |     // Use simple layer group (no clustering to avoid dependency issues)
    > 276 |     const layerGroup = L.layerGroup();
          |                          ^
      277 |
      278 |     // Performance optimization: batch marker creation with requestAnimationFrame
      279 |     const createMarkersInBatches = (properties: Property[], batchSize = 10) => {

      at layerGroup (src/components/MapView.tsx:276:26)
      at addPropertyMarkers (src/components/MapView.tsx:140:11)
      at Object.callback (src/__tests__/map/map-functionality.test.tsx:15:36)
      at whenReady (src/components/MapView.tsx:138:11)

  ● Map Functionality › should handle map errors gracefully

    expect(received).toBeInTheDocument()

    received value must be an HTMLElement or an SVGElement.
    Received has value: null

    Ignored nodes: comments, script, style
    [36m<html>[39m
      [36m<head />[39m
      [36m<body>[39m
        [36m<div>[39m
          [36m<div[39m
            [33mclass[39m=[32m"relative"[39m
          [36m>[39m
            [36m<div[39m
              [33mclass[39m=[32m"w-full rounded-lg shadow-md border border-gray-200 touch-pan-x touch-pan-y bg-gray-50"[39m
              [33mstyle[39m=[32m"height: 400px;"[39m
            [36m/>[39m
            [36m<div[39m
              [33mclass[39m=[32m"absolute top-2 right-2 flex flex-col gap-1 z-1000"[39m
            [36m>[39m
              [36m<div[39m
                [33mclass[39m=[32m"bg-white rounded-md shadow-md border border-gray-200 overflow-hidden"[39m
              [36m>[39m
                [36m<button[39m
                  [33mclass[39m=[32m"p-1.5 w-full text-xs transition-colors bg-blue-600 text-white"[39m
                  [33mtitle[39m=[32m"Harta e rrugëve"[39m
                [36m>[39m
                  [0m🗺️[0m
                [36m</button>[39m
                [36m<button[39m
                  [33mclass[39m=[32m"p-1.5 w-full text-xs transition-colors text-blue-600"[39m
                  [33mtitle[39m=[32m"Pamja satelitore"[39m
                [36m>[39m
                  [0m🛰️[0m
                [36m</button>[39m
                [36m<button[39m
                  [33mclass[39m=[32m"p-1.5 w-full text-xs transition-colors text-blue-600"[39m
                  [33mtitle[39m=[32m"Terreni"[39m
                [36m>[39m
                  [0m🏔️[0m
                [36m</button>[39m
              [36m</div>[39m
              [36m<button[39m
                [33mclass[39m=[32m"bg-white p-1.5 rounded-md shadow-md border border-gray-200 transition-colors duration-200"[39m
                [33mtitle[39m=[32m"Kthehu në pamjen fillestare"[39m
              [36m>[39m
                [36m<svg[39m
                  [33maria-hidden[39m=[32m"true"[39m
                  [33mclass[39m=[32m"lucide lucide-house h-3 w-3 text-blue-600"[39m
                  [33mfill[39m=[32m"none"[39m
                  [33mheight[39m=[32m"24"[39m
                  [33mstroke[39m=[32m"currentColor"[39m
                  [33mstroke-linecap[39m=[32m"round"[39m
                  [33mstroke-linejoin[39m=[32m"round"[39m
                  [33mstroke-width[39m=[32m"2"[39m
                  [33mviewBox[39m=[32m"0 0 24 24"[39m
                  [33mwidth[39m=[32m"24"[39m
                  [33mxmlns[39m=[32m"http://www.w3.org/2000/svg"[39m
                [36m>[39m
                  [36m<path[39m
                    [33md[39m=[32m"M15 21v-8a1 1 0 0 0-1-1h-4a1 1 0 0 0-1 1v8"[39m
                  [36m/>[39m
                  [36m<path[39m
                    [33md[39m=[32m"M3 10a2 2 0 0 1 .709-1.528l7-5.999a2 2 0 0 1 2.582 0l7 5.999A2 2 0 0 1 21 10v9a2 2 0 0 1-2 2H5a2 2 0 0 1-2-2z"[39m
                  [36m/>[39m
                [36m</svg>[39m
              [36m</button>[39m
              [36m<button[39m
                [33mclass[39m=[32m"bg-white hover:bg-blue-50 p-1.5 rounded-md shadow-md border border-gray-200 transition-colors duration-200"[39m
                [33mtitle[39m=[32m"Harta në ekran të plotë"[39m
              [36m>[39m
                [36m<svg[39m
                  [33mclass[39m=[32m"h-3 w-3 text-blue-600"[39m
                  [33mfill[39m=[32m"none"[39m
                  [33mstroke[39m=[32m"currentColor"[39m
                  [33mviewBox[39m=[32m"0 0 24 24"[39m
                [36m>[39m
                  [36m<path[39m
                    [33md[39m=[32m"M4 8V4m0 0h4M4 4l5 5m11-1V4m0 0h-4m4 0l-5 5M4 16v4m0 0h4m-4 0l5-5m11 5l-5-5m5 5v-4m0 4h-4"[39m
                    [33mstroke-linecap[39m=[32m"round"[39m
                    [33mstroke-linejoin[39m=[32m"round"[39m
                    [33mstroke-width[39m=[32m"2"[39m
                  [36m/>[39m
                [36m</svg>[39m
              [36m</button>[39m
              [36m<button[39m
                [33mclass[39m=[32m"bg-white p-1.5 rounded-md shadow-md border border-gray-200 transition-colors duration-200"[39m
                [33mtitle[39m=[32m"Shko te lokacioni im"[39m
              [36m>[39m
                [36m<svg[39m
                  [33mclass[39m=[32m"h-3 w-3 text-blue-600"[39m
                  [33mfill[39m=[32m"none"[39m
                  [33mstroke[39m=[32m"currentColor"[39m
                  [33mviewBox[39m=[32m"0 0 24 24"[39m
                [36m>[39m
                  [36m<path[39m
                    [33md[39m=[32m"M17.657 16.657L13.414 20.9a1.998 1.998 0 01-2.827 0l-4.244-4.243a8 8 0 1111.314 0z"[39m
                    [33mstroke-linecap[39m=[32m"round"[39m
                    [33mstroke-linejoin[39m=[32m"round"[39m
                    [33mstroke-width[39m=[32m"2"[39m
                  [36m/>[39m
                  [36m<path[39m
                    [33md[39m=[32m"M15 11a3 3 0 11-6 0 3 3 0 016 0z"[39m
                    [33mstroke-linecap[39m=[32m"round"[39m
                    [33mstroke-linejoin[39m=[32m"round"[39m
                    [33mstroke-width[39m=[32m"2"[39m
                  [36m/>[39m
                [36m</svg>[39m
              [36m</button>[39m
            [36m</div>[39m
            [36m<div[39m
              [33mclass[39m=[32m"absolute top-3 left-3 z-1000"[39m
            [36m>[39m
              [36m<div[39m
                [33mclass[39m=[32m"bg-white rounded-lg shadow-md border border-gray-200 p-3 max-w-xs sm:max-w-sm"[39m
              [36m>[39m
                [36m<div[39m
                  [33mclass[39m=[32m"flex items-center gap-2 mb-2"[39m
                [36m>[39m
                  [36m<svg[39m
                    [33maria-hidden[39m=[32m"true"[39m
                    [33mclass[39m=[32m"lucide lucide-funnel h-4 w-4 text-blue-600"[39m
                    [33mfill[39m=[32m"none"[39m
                    [33mheight[39m=[32m"24"[39m
                    [33mstroke[39m=[32m"currentColor"[39m
                    [33mstroke-linecap[39m=[32m"round"[39m
                    [33mstroke-linejoin[39m=[32m"round"[39m
                    [33mstroke-width[39m=[32m"2"[39m
                    [33mviewBox[39m=[32m"0 0 24 24"[39m
                    [33mwidth[39m=[32m"24"[39m
                    [33mxmlns[39m=[32m"http://www.w3.org/2000/svg"[39m
                  [36m>[39m
                    [36m<path[39m
                      [33md[39m=[32m"M10 20a1 1 0 0 0 .553.895l2 1A1 1 0 0 0 14 21v-7a2 2 0 0 1 .517-1.341L21.74 4.67A1 1 0 0 0 21 3H3a1 1 0 0 0-.742 1.67l7.225 7.989A2 2 0 0 1 10 14z"[39m
                    [36m/>[39m
                  [36m</svg>[39m
                  [36m<span[39m
                    [33mclass[39m=[32m"text-sm font-medium text-gray-700"[39m
                  [36m>[39m
                    [0mFiltrat e Hartës[0m
                  [36m</span>[39m
                [36m</div>[39m
                [36m<div[39m
                  [33mclass[39m=[32m"space-y-2"[39m
                [36m>[39m
                  [36m<div>[39m
                    [36m<label[39m
                      [33mclass[39m=[32m"text-xs text-gray-600 block mb-1"[39m
                    [36m>[39m
                      [0mÇmimi[0m
                    [36m</label>[39m
                    [36m<select[39m
                      [33mclass[39m=[32m"w-full text-xs border border-gray-300 rounded px-2 py-1.5 focus:outline-none focus:ring-1 focus:ring-blue-500 touch-manipulation"[39m
                    [36m>[39m
                      [36m<option[39m
                        [33mvalue[39m=[32m"all"[39m
                      [36m>[39m
                        [0mTë gjitha[0m
                      [36m</option>[39m
                      [36m<option[39m
                        [33mvalue[39m=[32m"low"[39m
                      [36m>[39m
                        [0mDeri €100,000[0m
                      [36m</option>[39m
                      [36m<option[39m
                        [33mvalue[39m=[32m"medium"[39m
                      [36m>[39m
                        [0m€100,000 - €300,000[0m
                      [36m</option>[39m
                      [36m<option[39m
                        [33mvalue[39m=[32m"high"[39m
                      [36m>[39m
                        [0mMbi €300,000[0m
                      [36m</option>[39m
                    [36m</select>[39m
                  [36m</div>[39m
                  [36m<div>[39m
                    [36m<label[39m
                      [33mclass[39m=[32m"text-xs text-gray-600 block mb-1"[39m
                    [36m>[39m
                      [0mLloji[0m
                    [36m</label>[39m
                    [36m<select[39m
                      [33mclass[39m=[32m"w-full text-xs border border-gray-300 rounded px-2 py-1.5 focus:outline-none focus:ring-1 focus:ring-blue-500 touch-manipulation"[39m
                    [36m>[39m
                      [36m<option[39m
                        [33mvalue[39m=[32m"all"[39m
                      [36m>[39m
                        [0mTë gjitha[0m
                      [36m</option>[39m
                      [36m<option[39m
                        [33mvalue[39m=[32m"house"[39m
                      [36m>[39m
                        [0mShtëpi[0m
                      [36m</option>[39m
                      [36m<option[39m
                        [33mvalue[39m=[32m"apartment"[39m
                      [36m>[39m
                        [0mApartament[0m
                      [36m</option>[39m
                      [36m<option[39m
                        [33mvalue[39m=[32m"condo"[39m
                      [36m>[39m
                        [0mKondo[0m
                      [36m</option>[39m
                      [36m<option[39m
                        [33mvalue[39m=[32m"townhouse"[39m
                      [36m>[39m
                        [0mShtëpi në Qytet[0m
                      [36m</option>[39m
                    [36m</select>[39m
                  [36m</div>[39m
                [36m</div>[39m
                [36m<div[39m
                  [33mclass[39m=[32m"mt-2 pt-2 border-t border-gray-200"[39m
                [36m>[39m
                  [36m<span[39m
                    [33mclass[39m=[32m"text-xs text-gray-600"[39m
                  [36m>[39m
                    [0m2[0m
                    [0m pasuri në hartë[0m
                  [36m</span>[39m
                [36m</div>[39m
              [36m</div>[39m
            [36m</div>[39m
            [36m<div[39m
              [33mclass[39m=[32m"absolute bottom-2 left-2 bg-white bg-opacity-90 rounded px-2 py-1 text-xs text-gray-600 hidden sm:block"[39m
            [36m>[39m
              [0mLëviz hartën • Zoom me scroll • Hover për info • Klik për detaje[0m
            [36m</div>[39m
            [36m<div[39m
              [33mclass[39m=[32m"absolute bottom-2 left-2 bg-white bg-opacity-90 rounded px-2 py-1 text-xs text-gray-600 sm:hidden"[39m
            [36m>[39m
              [0mLëviz • Zoom • Prek për detaje[0m
            [36m</div>[39m
          [36m</div>[39m
        [36m</div>[39m
      [36m</body>[39m
    [36m</html>[39m

      301 |     // Should not crash and should show error state
      302 |     await waitFor(() => {
    > 303 |       expect(screen.queryByText('Map Loading Failed')).toBeInTheDocument();
          |                                                        ^
      304 |     });
      305 |   });
      306 |

      at __EXTERNAL_MATCHER_TRAP__ (node_modules/expect/build/index.js:2240:22)
      at Object.throwingMatcher [as toBeInTheDocument] (node_modules/expect/build/index.js:2241:6)
      at toBeInTheDocument (src/__tests__/map/map-functionality.test.tsx:303:56)
      at runWithExpensiveErrorDiagnosticsDisabled (node_modules/@testing-library/dom/dist/config.js:47:12)
      at checkCallback (node_modules/@testing-library/dom/dist/wait-for.js:124:77)
      at checkRealTimersCallback (node_modules/@testing-library/dom/dist/wait-for.js:118:16)
      at Timeout.task [as _onTimeout] (node_modules/jsdom/lib/jsdom/browser/Window.js:579:19)

  ● Map Functionality › should optimize performance with batched marker creation

    expect(jest.fn()).toHaveBeenCalled()

    Expected number of calls: >= 1
    Received number of calls:    0

    Ignored nodes: comments, script, style
    [36m<html>[39m
      [36m<head />[39m
      [36m<body>[39m
        [36m<div>[39m
          [36m<div[39m
            [33mclass[39m=[32m"relative"[39m
          [36m>[39m
            [36m<div[39m
              [33mclass[39m=[32m"w-full rounded-lg shadow-md border border-gray-200 touch-pan-x touch-pan-y bg-gray-50"[39m
              [33mstyle[39m=[32m"height: 400px;"[39m
            [36m/>[39m
            [36m<div[39m
              [33mclass[39m=[32m"absolute top-2 right-2 flex flex-col gap-1 z-1000"[39m
            [36m>[39m
              [36m<div[39m
                [33mclass[39m=[32m"bg-white rounded-md shadow-md border border-gray-200 overflow-hidden"[39m
              [36m>[39m
                [36m<button[39m
                  [33mclass[39m=[32m"p-1.5 w-full text-xs transition-colors bg-blue-600 text-white"[39m
                  [33mtitle[39m=[32m"Harta e rrugëve"[39m
                [36m>[39m
                  [0m🗺️[0m
                [36m</button>[39m
                [36m<button[39m
                  [33mclass[39m=[32m"p-1.5 w-full text-xs transition-colors text-blue-600"[39m
                  [33mtitle[39m=[32m"Pamja satelitore"[39m
                [36m>[39m
                  [0m🛰️[0m
                [36m</button>[39m
                [36m<button[39m
                  [33mclass[39m=[32m"p-1.5 w-full text-xs transition-colors text-blue-600"[39m
                  [33mtitle[39m=[32m"Terreni"[39m
                [36m>[39m
                  [0m🏔️[0m
                [36m</button>[39m
              [36m</div>[39m
              [36m<button[39m
                [33mclass[39m=[32m"bg-white p-1.5 rounded-md shadow-md border border-gray-200 transition-colors duration-200"[39m
                [33mtitle[39m=[32m"Kthehu në pamjen fillestare"[39m
              [36m>[39m
                [36m<svg[39m
                  [33maria-hidden[39m=[32m"true"[39m
                  [33mclass[39m=[32m"lucide lucide-house h-3 w-3 text-blue-600"[39m
                  [33mfill[39m=[32m"none"[39m
                  [33mheight[39m=[32m"24"[39m
                  [33mstroke[39m=[32m"currentColor"[39m
                  [33mstroke-linecap[39m=[32m"round"[39m
                  [33mstroke-linejoin[39m=[32m"round"[39m
                  [33mstroke-width[39m=[32m"2"[39m
                  [33mviewBox[39m=[32m"0 0 24 24"[39m
                  [33mwidth[39m=[32m"24"[39m
                  [33mxmlns[39m=[32m"http://www.w3.org/2000/svg"[39m
                [36m>[39m
                  [36m<path[39m
                    [33md[39m=[32m"M15 21v-8a1 1 0 0 0-1-1h-4a1 1 0 0 0-1 1v8"[39m
                  [36m/>[39m
                  [36m<path[39m
                    [33md[39m=[32m"M3 10a2 2 0 0 1 .709-1.528l7-5.999a2 2 0 0 1 2.582 0l7 5.999A2 2 0 0 1 21 10v9a2 2 0 0 1-2 2H5a2 2 0 0 1-2-2z"[39m
                  [36m/>[39m
                [36m</svg>[39m
              [36m</button>[39m
              [36m<button[39m
                [33mclass[39m=[32m"bg-white hover:bg-blue-50 p-1.5 rounded-md shadow-md border border-gray-200 transition-colors duration-200"[39m
                [33mtitle[39m=[32m"Harta në ekran të plotë"[39m
              [36m>[39m
                [36m<svg[39m
                  [33mclass[39m=[32m"h-3 w-3 text-blue-600"[39m
                  [33mfill[39m=[32m"none"[39m
                  [33mstroke[39m=[32m"currentColor"[39m
                  [33mviewBox[39m=[32m"0 0 24 24"[39m
                [36m>[39m
                  [36m<path[39m
                    [33md[39m=[32m"M4 8V4m0 0h4M4 4l5 5m11-1V4m0 0h-4m4 0l-5 5M4 16v4m0 0h4m-4 0l5-5m11 5l-5-5m5 5v-4m0 4h-4"[39m
                    [33mstroke-linecap[39m=[32m"round"[39m
                    [33mstroke-linejoin[39m=[32m"round"[39m
                    [33mstroke-width[39m=[32m"2"[39m
                  [36m/>[39m
                [36m</svg>[39m
              [36m</button>[39m
              [36m<button[39m
                [33mclass[39m=[32m"bg-white p-1.5 rounded-md shadow-md border border-gray-200 transition-colors duration-200"[39m
                [33mtitle[39m=[32m"Shko te lokacioni im"[39m
              [36m>[39m
                [36m<svg[39m
                  [33mclass[39m=[32m"h-3 w-3 text-blue-600"[39m
                  [33mfill[39m=[32m"none"[39m
                  [33mstroke[39m=[32m"currentColor"[39m
                  [33mviewBox[39m=[32m"0 0 24 24"[39m
                [36m>[39m
                  [36m<path[39m
                    [33md[39m=[32m"M17.657 16.657L13.414 20.9a1.998 1.998 0 01-2.827 0l-4.244-4.243a8 8 0 1111.314 0z"[39m
                    [33mstroke-linecap[39m=[32m"round"[39m
                    [33mstroke-linejoin[39m=[32m"round"[39m
                    [33mstroke-width[39m=[32m"2"[39m
                  [36m/>[39m
                  [36m<path[39m
                    [33md[39m=[32m"M15 11a3 3 0 11-6 0 3 3 0 016 0z"[39m
                    [33mstroke-linecap[39m=[32m"round"[39m
                    [33mstroke-linejoin[39m=[32m"round"[39m
                    [33mstroke-width[39m=[32m"2"[39m
                  [36m/>[39m
                [36m</svg>[39m
              [36m</button>[39m
            [36m</div>[39m
            [36m<div[39m
              [33mclass[39m=[32m"absolute top-3 left-3 z-1000"[39m
            [36m>[39m
              [36m<div[39m
                [33mclass[39m=[32m"bg-white rounded-lg shadow-md border border-gray-200 p-3 max-w-xs sm:max-w-sm"[39m
              [36m>[39m
                [36m<div[39m
                  [33mclass[39m=[32m"flex items-center gap-2 mb-2"[39m
                [36m>[39m
                  [36m<svg[39m
                    [33maria-hidden[39m=[32m"true"[39m
                    [33mclass[39m=[32m"lucide lucide-funnel h-4 w-4 text-blue-600"[39m
                    [33mfill[39m=[32m"none"[39m
                    [33mheight[39m=[32m"24"[39m
                    [33mstroke[39m=[32m"currentColor"[39m
                    [33mstroke-linecap[39m=[32m"round"[39m
                    [33mstroke-linejoin[39m=[32m"round"[39m
                    [33mstroke-width[39m=[32m"2"[39m
                    [33mviewBox[39m=[32m"0 0 24 24"[39m
                    [33mwidth[39m=[32m"24"[39m
                    [33mxmlns[39m=[32m"http://www.w3.org/2000/svg"[39m
                  [36m>[39m
                    [36m<path[39m
                      [33md[39m=[32m"M10 20a1 1 0 0 0 .553.895l2 1A1 1 0 0 0 14 21v-7a2 2 0 0 1 .517-1.341L21.74 4.67A1 1 0 0 0 21 3H3a1 1 0 0 0-.742 1.67l7.225 7.989A2 2 0 0 1 10 14z"[39m
                    [36m/>[39m
                  [36m</svg>[39m
                  [36m<span[39m
                    [33mclass[39m=[32m"text-sm font-medium text-gray-700"[39m
                  [36m>[39m
                    [0mFiltrat e Hartës[0m
                  [36m</span>[39m
                [36m</div>[39m
                [36m<div[39m
                  [33mclass[39m=[32m"space-y-2"[39m
                [36m>[39m
                  [36m<div>[39m
                    [36m<label[39m
                      [33mclass[39m=[32m"text-xs text-gray-600 block mb-1"[39m
                    [36m>[39m
                      [0mÇmimi[0m
                    [36m</label>[39m
                    [36m<select[39m
                      [33mclass[39m=[32m"w-full text-xs border border-gray-300 rounded px-2 py-1.5 focus:outline-none focus:ring-1 focus:ring-blue-500 touch-manipulation"[39m
                    [36m>[39m
                      [36m<option[39m
                        [33mvalue[39m=[32m"all"[39m
                      [36m>[39m
                        [0mTë gjitha[0m
                      [36m</option>[39m
                      [36m<option[39m
                        [33mvalue[39m=[32m"low"[39m
                      [36m>[39m
                        [0mDeri €100,000[0m
                      [36m</option>[39m
                      [36m<option[39m
                        [33mvalue[39m=[32m"medium"[39m
                      [36m>[39m
                        [0m€100,000 - €300,000[0m
                      [36m</option>[39m
                      [36m<option[39m
                        [33mvalue[39m=[32m"high"[39m
                      [36m>[39m
                        [0mMbi €300,000[0m
                      [36m</option>[39m
                    [36m</select>[39m
                  [36m</div>[39m
                  [36m<div>[39m
                    [36m<label[39m
                      [33mclass[39m=[32m"text-xs text-gray-600 block mb-1"[39m
                    [36m>[39m
                      [0mLloji[0m
                    [36m</label>[39m
                    [36m<select[39m
                      [33mclass[39m=[32m"w-full text-xs border border-gray-300 rounded px-2 py-1.5 focus:outline-none focus:ring-1 focus:ring-blue-500 touch-manipulation"[39m
                    [36m>[39m
                      [36m<option[39m
                        [33mvalue[39m=[32m"all"[39m
                      [36m>[39m
                        [0mTë gjitha[0m
                      [36m</option>[39m
                      [36m<option[39m
                        [33mvalue[39m=[32m"house"[39m
                      [36m>[39m
                        [0mShtëpi[0m
                      [36m</option>[39m
                      [36m<option[39m
                        [33mvalue[39m=[32m"apartment"[39m
                      [36m>[39m
                        [0mApartament[0m
                      [36m</option>[39m
                      [36m<option[39m
                        [33mvalue[39m=[32m"condo"[39m
                      [36m>[39m
                        [0mKondo[0m
                      [36m</option>[39m
                      [36m<option[39m
                        [33mvalue[39m=[32m"townhouse"[39m
                      [36m>[39m
                        [0mShtëpi në Qytet[0m
                      [36m</option>[39m
                    [36m</select>[39m
                  [36m</div>[39m
                [36m</div>[39m
                [36m<div[39m
                  [33mclass[39m=[32m"mt-2 pt-2 border-t border-gray-200"[39m
                [36m>[39m
                  [36m<span[39m
                    [33mclass[39m=[32m"text-xs text-gray-600"[39m
                  [36m>[39m
                    [0m100[0m
                    [0m pasuri në hartë[0m
                  [36m</span>[39m
                [36m</div>[39m
              [36m</div>[39m
            [36m</div>[39m
            [36m<div[39m
              [33mclass[39m=[32m"absolute bottom-2 left-2 bg-white bg-opacity-90 rounded px-2 py-1 text-xs text-gray-600 hidden sm:block"[39m
            [36m>[39m
              [0mLëviz hartën • Zoom me scroll • Hover për info • Klik për detaje[0m
            [36m</div>[39m
            [36m<div[39m
              [33mclass[39m=[32m"absolute bottom-2 left-2 bg-white bg-opacity-90 rounded px-2 py-1 text-xs text-gray-600 sm:hidden"[39m
            [36m>[39m
              [0mLëviz • Zoom • Prek për detaje[0m
            [36m</div>[39m
          [36m</div>[39m
        [36m</div>[39m
      [36m</body>[39m
    [36m</html>[39m

      319 |     // Should use requestAnimationFrame for batching
      320 |     await waitFor(() => {
    > 321 |       expect(global.requestAnimationFrame).toHaveBeenCalled();
          |                                            ^
      322 |     });
      323 |   });
      324 |

      at toHaveBeenCalled (src/__tests__/map/map-functionality.test.tsx:321:44)
      at runWithExpensiveErrorDiagnosticsDisabled (node_modules/@testing-library/dom/dist/config.js:47:12)
      at checkCallback (node_modules/@testing-library/dom/dist/wait-for.js:124:77)
      at checkRealTimersCallback (node_modules/@testing-library/dom/dist/wait-for.js:118:16)
      at Timeout.task [as _onTimeout] (node_modules/jsdom/lib/jsdom/browser/Window.js:579:19)

  ● Map Functionality › should handle invalid coordinates gracefully

    expect(jest.fn()).toHaveBeenCalledWith(...expected)

    Expected: "Invalid coordinates for property:", Any<String>

    Number of calls: 0

    Ignored nodes: comments, script, style
    [36m<html>[39m
      [36m<head />[39m
      [36m<body>[39m
        [36m<div>[39m
          [36m<div[39m
            [33mclass[39m=[32m"relative"[39m
          [36m>[39m
            [36m<div[39m
              [33mclass[39m=[32m"w-full rounded-lg shadow-md border border-gray-200 touch-pan-x touch-pan-y bg-gray-50"[39m
              [33mstyle[39m=[32m"height: 400px;"[39m
            [36m/>[39m
            [36m<div[39m
              [33mclass[39m=[32m"absolute top-2 right-2 flex flex-col gap-1 z-1000"[39m
            [36m>[39m
              [36m<div[39m
                [33mclass[39m=[32m"bg-white rounded-md shadow-md border border-gray-200 overflow-hidden"[39m
              [36m>[39m
                [36m<button[39m
                  [33mclass[39m=[32m"p-1.5 w-full text-xs transition-colors bg-blue-600 text-white"[39m
                  [33mtitle[39m=[32m"Harta e rrugëve"[39m
                [36m>[39m
                  [0m🗺️[0m
                [36m</button>[39m
                [36m<button[39m
                  [33mclass[39m=[32m"p-1.5 w-full text-xs transition-colors text-blue-600"[39m
                  [33mtitle[39m=[32m"Pamja satelitore"[39m
                [36m>[39m
                  [0m🛰️[0m
                [36m</button>[39m
                [36m<button[39m
                  [33mclass[39m=[32m"p-1.5 w-full text-xs transition-colors text-blue-600"[39m
                  [33mtitle[39m=[32m"Terreni"[39m
                [36m>[39m
                  [0m🏔️[0m
                [36m</button>[39m
              [36m</div>[39m
              [36m<button[39m
                [33mclass[39m=[32m"bg-white p-1.5 rounded-md shadow-md border border-gray-200 transition-colors duration-200"[39m
                [33mtitle[39m=[32m"Kthehu në pamjen fillestare"[39m
              [36m>[39m
                [36m<svg[39m
                  [33maria-hidden[39m=[32m"true"[39m
                  [33mclass[39m=[32m"lucide lucide-house h-3 w-3 text-blue-600"[39m
                  [33mfill[39m=[32m"none"[39m
                  [33mheight[39m=[32m"24"[39m
                  [33mstroke[39m=[32m"currentColor"[39m
                  [33mstroke-linecap[39m=[32m"round"[39m
                  [33mstroke-linejoin[39m=[32m"round"[39m
                  [33mstroke-width[39m=[32m"2"[39m
                  [33mviewBox[39m=[32m"0 0 24 24"[39m
                  [33mwidth[39m=[32m"24"[39m
                  [33mxmlns[39m=[32m"http://www.w3.org/2000/svg"[39m
                [36m>[39m
                  [36m<path[39m
                    [33md[39m=[32m"M15 21v-8a1 1 0 0 0-1-1h-4a1 1 0 0 0-1 1v8"[39m
                  [36m/>[39m
                  [36m<path[39m
                    [33md[39m=[32m"M3 10a2 2 0 0 1 .709-1.528l7-5.999a2 2 0 0 1 2.582 0l7 5.999A2 2 0 0 1 21 10v9a2 2 0 0 1-2 2H5a2 2 0 0 1-2-2z"[39m
                  [36m/>[39m
                [36m</svg>[39m
              [36m</button>[39m
              [36m<button[39m
                [33mclass[39m=[32m"bg-white hover:bg-blue-50 p-1.5 rounded-md shadow-md border border-gray-200 transition-colors duration-200"[39m
                [33mtitle[39m=[32m"Harta në ekran të plotë"[39m
              [36m>[39m
                [36m<svg[39m
                  [33mclass[39m=[32m"h-3 w-3 text-blue-600"[39m
                  [33mfill[39m=[32m"none"[39m
                  [33mstroke[39m=[32m"currentColor"[39m
                  [33mviewBox[39m=[32m"0 0 24 24"[39m
                [36m>[39m
                  [36m<path[39m
                    [33md[39m=[32m"M4 8V4m0 0h4M4 4l5 5m11-1V4m0 0h-4m4 0l-5 5M4 16v4m0 0h4m-4 0l5-5m11 5l-5-5m5 5v-4m0 4h-4"[39m
                    [33mstroke-linecap[39m=[32m"round"[39m
                    [33mstroke-linejoin[39m=[32m"round"[39m
                    [33mstroke-width[39m=[32m"2"[39m
                  [36m/>[39m
                [36m</svg>[39m
              [36m</button>[39m
              [36m<button[39m
                [33mclass[39m=[32m"bg-white p-1.5 rounded-md shadow-md border border-gray-200 transition-colors duration-200"[39m
                [33mtitle[39m=[32m"Shko te lokacioni im"[39m
              [36m>[39m
                [36m<svg[39m
                  [33mclass[39m=[32m"h-3 w-3 text-blue-600"[39m
                  [33mfill[39m=[32m"none"[39m
                  [33mstroke[39m=[32m"currentColor"[39m
                  [33mviewBox[39m=[32m"0 0 24 24"[39m
                [36m>[39m
                  [36m<path[39m
                    [33md[39m=[32m"M17.657 16.657L13.414 20.9a1.998 1.998 0 01-2.827 0l-4.244-4.243a8 8 0 1111.314 0z"[39m
                    [33mstroke-linecap[39m=[32m"round"[39m
                    [33mstroke-linejoin[39m=[32m"round"[39m
                    [33mstroke-width[39m=[32m"2"[39m
                  [36m/>[39m
                  [36m<path[39m
                    [33md[39m=[32m"M15 11a3 3 0 11-6 0 3 3 0 016 0z"[39m
                    [33mstroke-linecap[39m=[32m"round"[39m
                    [33mstroke-linejoin[39m=[32m"round"[39m
                    [33mstroke-width[39m=[32m"2"[39m
                  [36m/>[39m
                [36m</svg>[39m
              [36m</button>[39m
            [36m</div>[39m
            [36m<div[39m
              [33mclass[39m=[32m"absolute top-3 left-3 z-1000"[39m
            [36m>[39m
              [36m<div[39m
                [33mclass[39m=[32m"bg-white rounded-lg shadow-md border border-gray-200 p-3 max-w-xs sm:max-w-sm"[39m
              [36m>[39m
                [36m<div[39m
                  [33mclass[39m=[32m"flex items-center gap-2 mb-2"[39m
                [36m>[39m
                  [36m<svg[39m
                    [33maria-hidden[39m=[32m"true"[39m
                    [33mclass[39m=[32m"lucide lucide-funnel h-4 w-4 text-blue-600"[39m
                    [33mfill[39m=[32m"none"[39m
                    [33mheight[39m=[32m"24"[39m
                    [33mstroke[39m=[32m"currentColor"[39m
                    [33mstroke-linecap[39m=[32m"round"[39m
                    [33mstroke-linejoin[39m=[32m"round"[39m
                    [33mstroke-width[39m=[32m"2"[39m
                    [33mviewBox[39m=[32m"0 0 24 24"[39m
                    [33mwidth[39m=[32m"24"[39m
                    [33mxmlns[39m=[32m"http://www.w3.org/2000/svg"[39m
                  [36m>[39m
                    [36m<path[39m
                      [33md[39m=[32m"M10 20a1 1 0 0 0 .553.895l2 1A1 1 0 0 0 14 21v-7a2 2 0 0 1 .517-1.341L21.74 4.67A1 1 0 0 0 21 3H3a1 1 0 0 0-.742 1.67l7.225 7.989A2 2 0 0 1 10 14z"[39m
                    [36m/>[39m
                  [36m</svg>[39m
                  [36m<span[39m
                    [33mclass[39m=[32m"text-sm font-medium text-gray-700"[39m
                  [36m>[39m
                    [0mFiltrat e Hartës[0m
                  [36m</span>[39m
                [36m</div>[39m
                [36m<div[39m
                  [33mclass[39m=[32m"space-y-2"[39m
                [36m>[39m
                  [36m<div>[39m
                    [36m<label[39m
                      [33mclass[39m=[32m"text-xs text-gray-600 block mb-1"[39m
                    [36m>[39m
                      [0mÇmimi[0m
                    [36m</label>[39m
                    [36m<select[39m
                      [33mclass[39m=[32m"w-full text-xs border border-gray-300 rounded px-2 py-1.5 focus:outline-none focus:ring-1 focus:ring-blue-500 touch-manipulation"[39m
                    [36m>[39m
                      [36m<option[39m
                        [33mvalue[39m=[32m"all"[39m
                      [36m>[39m
                        [0mTë gjitha[0m
                      [36m</option>[39m
                      [36m<option[39m
                        [33mvalue[39m=[32m"low"[39m
                      [36m>[39m
                        [0mDeri €100,000[0m
                      [36m</option>[39m
                      [36m<option[39m
                        [33mvalue[39m=[32m"medium"[39m
                      [36m>[39m
                        [0m€100,000 - €300,000[0m
                      [36m</option>[39m
                      [36m<option[39m
                        [33mvalue[39m=[32m"high"[39m
                      [36m>[39m
                        [0mMbi €300,000[0m
                      [36m</option>[39m
                    [36m</select>[39m
                  [36m</div>[39m
                  [36m<div>[39m
                    [36m<label[39m
                      [33mclass[39m=[32m"text-xs text-gray-600 block mb-1"[39m
                    [36m>[39m
                      [0mLloji[0m
                    [36m</label>[39m
                    [36m<select[39m
                      [33mclass[39m=[32m"w-full text-xs border border-gray-300 rounded px-2 py-1.5 focus:outline-none focus:ring-1 focus:ring-blue-500 touch-manipulation"[39m
                    [36m>[39m
                      [36m<option[39m
                        [33mvalue[39m=[32m"all"[39m
                      [36m>[39m
                        [0mTë gjitha[0m
                      [36m</option>[39m
                      [36m<option[39m
                        [33mvalue[39m=[32m"house"[39m
                      [36m>[39m
                        [0mShtëpi[0m
                      [36m</option>[39m
                      [36m<option[39m
                        [33mvalue[39m=[32m"apartment"[39m
                      [36m>[39m
                        [0mApartament[0m
                      [36m</option>[39m
                      [36m<option[39m
                        [33mvalue[39m=[32m"condo"[39m
                      [36m>[39m
                        [0mKondo[0m
                      [36m</option>[39m
                      [36m<option[39m
                        [33mvalue[39m=[32m"townhouse"[39m
                      [36m>[39m
                        [0mShtëpi në Qytet[0m
                      [36m</option>[39m
                    [36m</select>[39m
                  [36m</div>[39m
                [36m</div>[39m
                [36m<div[39m
                  [33mclass[39m=[32m"mt-2 pt-2 border-t border-gray-200"[39m
                [36m>[39m
                  [36m<span[39m
                    [33mclass[39m=[32m"text-xs text-gray-600"[39m
                  [36m>[39m
                    [0m1[0m
                    [0m pasuri në hartë[0m
                  [36m</span>[39m
                [36m</div>[39m
              [36m</div>[39m
            [36m</div>[39m
            [36m<div[39m
              [33mclass[39m=[32m"absolute bottom-2 left-2 bg-white bg-opacity-90 rounded px-2 py-1 text-xs text-gray-600 hidden sm:block"[39m
            [36m>[39m
              [0mLëviz hartën • Zoom me scroll • Hover për info • Klik për detaje[0m
            [36m</div>[39m
            [36m<div[39m
              [33mclass[39m=[32m"absolute bottom-2 left-2 bg-white bg-opacity-90 rounded px-2 py-1 text-xs text-gray-600 sm:hidden"[39m
            [36m>[39m
              [0mLëviz • Zoom • Prek për detaje[0m
            [36m</div>[39m
          [36m</div>[39m
        [36m</div>[39m
      [36m</body>[39m
    [36m</html>[39m

      340 |
      341 |     await waitFor(() => {
    > 342 |       expect(consoleSpy).toHaveBeenCalledWith('Invalid coordinates for property:', expect.any(String));
          |                          ^
      343 |     });
      344 |
      345 |     consoleSpy.mockRestore();

      at toHaveBeenCalledWith (src/__tests__/map/map-functionality.test.tsx:342:26)
      at runWithExpensiveErrorDiagnosticsDisabled (node_modules/@testing-library/dom/dist/config.js:47:12)
      at checkCallback (node_modules/@testing-library/dom/dist/wait-for.js:124:77)
      at checkRealTimersCallback (node_modules/@testing-library/dom/dist/wait-for.js:118:16)
      at Timeout.task [as _onTimeout] (node_modules/jsdom/lib/jsdom/browser/Window.js:579:19)

  ● Map Functionality › should clean up resources on unmount

    expect(jest.fn()).toHaveBeenCalled()

    Expected number of calls: >= 1
    Received number of calls:    0

      352 |
      353 |     // Should clean up map instance
    > 354 |     expect(mockMap.remove).toHaveBeenCalled();
          |                            ^
      355 |   });
      356 |
      357 |   it('should handle mobile touch interactions', async () => {

      at Object.toHaveBeenCalled (src/__tests__/map/map-functionality.test.tsx:354:28)

Summary of all failing tests
FAIL src/__tests__/auth/authentication-redirect.test.tsx
  ● Authentication Redirect Logic › should redirect admin users to admin dashboard

    TypeError: (0 , _navigation.redirect) is not a function

      2 |
      3 | export default function SignInPage() {
    > 4 |   redirect('/admin/login');
        |           ^
      5 | }

      at SignInPage (src/app/auth/signin/page.tsx:4:11)
      at Object.react-stack-bottom-frame (node_modules/react-dom/cjs/react-dom-client.development.js:23863:20)
      at renderWithHooks (node_modules/react-dom/cjs/react-dom-client.development.js:5529:22)
      at updateFunctionComponent (node_modules/react-dom/cjs/react-dom-client.development.js:8897:19)
      at beginWork (node_modules/react-dom/cjs/react-dom-client.development.js:10522:18)
      at runWithFiberInDEV (node_modules/react-dom/cjs/react-dom-client.development.js:1522:13)
      at performUnitOfWork (node_modules/react-dom/cjs/react-dom-client.development.js:15140:22)
      at workLoopSync (node_modules/react-dom/cjs/react-dom-client.development.js:14956:41)
      at renderRootSync (node_modules/react-dom/cjs/react-dom-client.development.js:14936:11)
      at performWorkOnRoot (node_modules/react-dom/cjs/react-dom-client.development.js:14462:44)
      at performWorkOnRootViaSchedulerTask (node_modules/react-dom/cjs/react-dom-client.development.js:16216:7)
      at flushActQueue (node_modules/react/cjs/react.development.js:566:34)
      at process.env.NODE_ENV.exports.act (node_modules/react/cjs/react.development.js:859:10)
      at node_modules/@testing-library/react/dist/act-compat.js:47:25
      at renderRoot (node_modules/@testing-library/react/dist/pure.js:190:26)
      at render (node_modules/@testing-library/react/dist/pure.js:292:10)
      at Object.<anonymous> (src/__tests__/auth/authentication-redirect.test.tsx:66:11)

  ● Authentication Redirect Logic › should redirect agent users to admin dashboard

    TypeError: (0 , _navigation.redirect) is not a function

      2 |
      3 | export default function SignInPage() {
    > 4 |   redirect('/admin/login');
        |           ^
      5 | }

      at SignInPage (src/app/auth/signin/page.tsx:4:11)
      at Object.react-stack-bottom-frame (node_modules/react-dom/cjs/react-dom-client.development.js:23863:20)
      at renderWithHooks (node_modules/react-dom/cjs/react-dom-client.development.js:5529:22)
      at updateFunctionComponent (node_modules/react-dom/cjs/react-dom-client.development.js:8897:19)
      at beginWork (node_modules/react-dom/cjs/react-dom-client.development.js:10522:18)
      at runWithFiberInDEV (node_modules/react-dom/cjs/react-dom-client.development.js:1522:13)
      at performUnitOfWork (node_modules/react-dom/cjs/react-dom-client.development.js:15140:22)
      at workLoopSync (node_modules/react-dom/cjs/react-dom-client.development.js:14956:41)
      at renderRootSync (node_modules/react-dom/cjs/react-dom-client.development.js:14936:11)
      at performWorkOnRoot (node_modules/react-dom/cjs/react-dom-client.development.js:14462:44)
      at performWorkOnRootViaSchedulerTask (node_modules/react-dom/cjs/react-dom-client.development.js:16216:7)
      at flushActQueue (node_modules/react/cjs/react.development.js:566:34)
      at process.env.NODE_ENV.exports.act (node_modules/react/cjs/react.development.js:859:10)
      at node_modules/@testing-library/react/dist/act-compat.js:47:25
      at renderRoot (node_modules/@testing-library/react/dist/pure.js:190:26)
      at render (node_modules/@testing-library/react/dist/pure.js:292:10)
      at Object.<anonymous> (src/__tests__/auth/authentication-redirect.test.tsx:101:11)

  ● Authentication Redirect Logic › should redirect regular users to homepage

    TypeError: (0 , _navigation.redirect) is not a function

      2 |
      3 | export default function SignInPage() {
    > 4 |   redirect('/admin/login');
        |           ^
      5 | }

      at SignInPage (src/app/auth/signin/page.tsx:4:11)
      at Object.react-stack-bottom-frame (node_modules/react-dom/cjs/react-dom-client.development.js:23863:20)
      at renderWithHooks (node_modules/react-dom/cjs/react-dom-client.development.js:5529:22)
      at updateFunctionComponent (node_modules/react-dom/cjs/react-dom-client.development.js:8897:19)
      at beginWork (node_modules/react-dom/cjs/react-dom-client.development.js:10522:18)
      at runWithFiberInDEV (node_modules/react-dom/cjs/react-dom-client.development.js:1522:13)
      at performUnitOfWork (node_modules/react-dom/cjs/react-dom-client.development.js:15140:22)
      at workLoopSync (node_modules/react-dom/cjs/react-dom-client.development.js:14956:41)
      at renderRootSync (node_modules/react-dom/cjs/react-dom-client.development.js:14936:11)
      at performWorkOnRoot (node_modules/react-dom/cjs/react-dom-client.development.js:14462:44)
      at performWorkOnRootViaSchedulerTask (node_modules/react-dom/cjs/react-dom-client.development.js:16216:7)
      at flushActQueue (node_modules/react/cjs/react.development.js:566:34)
      at process.env.NODE_ENV.exports.act (node_modules/react/cjs/react.development.js:859:10)
      at node_modules/@testing-library/react/dist/act-compat.js:47:25
      at renderRoot (node_modules/@testing-library/react/dist/pure.js:190:26)
      at render (node_modules/@testing-library/react/dist/pure.js:292:10)
      at Object.<anonymous> (src/__tests__/auth/authentication-redirect.test.tsx:134:11)

  ● Authentication Redirect Logic › should handle sign-in errors gracefully

    TypeError: (0 , _navigation.redirect) is not a function

      2 |
      3 | export default function SignInPage() {
    > 4 |   redirect('/admin/login');
        |           ^
      5 | }

      at SignInPage (src/app/auth/signin/page.tsx:4:11)
      at Object.react-stack-bottom-frame (node_modules/react-dom/cjs/react-dom-client.development.js:23863:20)
      at renderWithHooks (node_modules/react-dom/cjs/react-dom-client.development.js:5529:22)
      at updateFunctionComponent (node_modules/react-dom/cjs/react-dom-client.development.js:8897:19)
      at beginWork (node_modules/react-dom/cjs/react-dom-client.development.js:10522:18)
      at runWithFiberInDEV (node_modules/react-dom/cjs/react-dom-client.development.js:1522:13)
      at performUnitOfWork (node_modules/react-dom/cjs/react-dom-client.development.js:15140:22)
      at workLoopSync (node_modules/react-dom/cjs/react-dom-client.development.js:14956:41)
      at renderRootSync (node_modules/react-dom/cjs/react-dom-client.development.js:14936:11)
      at performWorkOnRoot (node_modules/react-dom/cjs/react-dom-client.development.js:14462:44)
      at performWorkOnRootViaSchedulerTask (node_modules/react-dom/cjs/react-dom-client.development.js:16216:7)
      at flushActQueue (node_modules/react/cjs/react.development.js:566:34)
      at process.env.NODE_ENV.exports.act (node_modules/react/cjs/react.development.js:859:10)
      at node_modules/@testing-library/react/dist/act-compat.js:47:25
      at renderRoot (node_modules/@testing-library/react/dist/pure.js:190:26)
      at render (node_modules/@testing-library/react/dist/pure.js:292:10)
      at Object.<anonymous> (src/__tests__/auth/authentication-redirect.test.tsx:157:11)

  ● Authentication Redirect Logic › should handle session retrieval failures with retry logic

    TypeError: (0 , _navigation.redirect) is not a function

      2 |
      3 | export default function SignInPage() {
    > 4 |   redirect('/admin/login');
        |           ^
      5 | }

      at SignInPage (src/app/auth/signin/page.tsx:4:11)
      at Object.react-stack-bottom-frame (node_modules/react-dom/cjs/react-dom-client.development.js:23863:20)
      at renderWithHooks (node_modules/react-dom/cjs/react-dom-client.development.js:5529:22)
      at updateFunctionComponent (node_modules/react-dom/cjs/react-dom-client.development.js:8897:19)
      at beginWork (node_modules/react-dom/cjs/react-dom-client.development.js:10522:18)
      at runWithFiberInDEV (node_modules/react-dom/cjs/react-dom-client.development.js:1522:13)
      at performUnitOfWork (node_modules/react-dom/cjs/react-dom-client.development.js:15140:22)
      at workLoopSync (node_modules/react-dom/cjs/react-dom-client.development.js:14956:41)
      at renderRootSync (node_modules/react-dom/cjs/react-dom-client.development.js:14936:11)
      at performWorkOnRoot (node_modules/react-dom/cjs/react-dom-client.development.js:14462:44)
      at performWorkOnRootViaSchedulerTask (node_modules/react-dom/cjs/react-dom-client.development.js:16216:7)
      at flushActQueue (node_modules/react/cjs/react.development.js:566:34)
      at process.env.NODE_ENV.exports.act (node_modules/react/cjs/react.development.js:859:10)
      at node_modules/@testing-library/react/dist/act-compat.js:47:25
      at renderRoot (node_modules/@testing-library/react/dist/pure.js:190:26)
      at render (node_modules/@testing-library/react/dist/pure.js:292:10)
      at Object.<anonymous> (src/__tests__/auth/authentication-redirect.test.tsx:196:11)

  ● Authentication Redirect Logic › should show error when session cannot be established after retries

    TypeError: (0 , _navigation.redirect) is not a function

      2 |
      3 | export default function SignInPage() {
    > 4 |   redirect('/admin/login');
        |           ^
      5 | }

      at SignInPage (src/app/auth/signin/page.tsx:4:11)
      at Object.react-stack-bottom-frame (node_modules/react-dom/cjs/react-dom-client.development.js:23863:20)
      at renderWithHooks (node_modules/react-dom/cjs/react-dom-client.development.js:5529:22)
      at updateFunctionComponent (node_modules/react-dom/cjs/react-dom-client.development.js:8897:19)
      at beginWork (node_modules/react-dom/cjs/react-dom-client.development.js:10522:18)
      at runWithFiberInDEV (node_modules/react-dom/cjs/react-dom-client.development.js:1522:13)
      at performUnitOfWork (node_modules/react-dom/cjs/react-dom-client.development.js:15140:22)
      at workLoopSync (node_modules/react-dom/cjs/react-dom-client.development.js:14956:41)
      at renderRootSync (node_modules/react-dom/cjs/react-dom-client.development.js:14936:11)
      at performWorkOnRoot (node_modules/react-dom/cjs/react-dom-client.development.js:14462:44)
      at performWorkOnRootViaSchedulerTask (node_modules/react-dom/cjs/react-dom-client.development.js:16216:7)
      at flushActQueue (node_modules/react/cjs/react.development.js:566:34)
      at process.env.NODE_ENV.exports.act (node_modules/react/cjs/react.development.js:859:10)
      at node_modules/@testing-library/react/dist/act-compat.js:47:25
      at renderRoot (node_modules/@testing-library/react/dist/pure.js:190:26)
      at render (node_modules/@testing-library/react/dist/pure.js:292:10)
      at Object.<anonymous> (src/__tests__/auth/authentication-redirect.test.tsx:225:11)

  ● Authentication Redirect Logic › should use window.location as fallback if router fails

    TypeError: Cannot redefine property: location
        at Object.defineProperty (<anonymous>)

      267 |       href: '',
      268 |     };
    > 269 |     Object.defineProperty(window, 'location', {
          |            ^
      270 |       value: mockLocation,
      271 |       writable: true,
      272 |     });

      at Object.defineProperty (src/__tests__/auth/authentication-redirect.test.tsx:269:12)

FAIL src/__tests__/visual/component-snapshots.test.tsx
  ● Component Visual Regression Tests › PropertyCard Component › renders property card with all information

    TypeError: Cannot read properties of undefined (reading 'propertyType')

      64 |             )}
      65 |             <span className="bg-black/60 backdrop-blur-md text-white text-xs font-medium px-3 py-1.5 rounded-full border border-white/10">
    > 66 |               {getPropertyTypeLabel(property.details.propertyType)}
         |                                                      ^
      67 |             </span>
      68 |           </div>
      69 |

      at propertyType (src/components/PropertyCard.tsx:66:54)
      at Object.react-stack-bottom-frame (node_modules/react-dom/cjs/react-dom-client.development.js:23863:20)
      at renderWithHooks (node_modules/react-dom/cjs/react-dom-client.development.js:5529:22)
      at updateFunctionComponent (node_modules/react-dom/cjs/react-dom-client.development.js:8897:19)
      at updateSimpleMemoComponent (node_modules/react-dom/cjs/react-dom-client.development.js:8752:14)
      at updateMemoComponent (node_modules/react-dom/cjs/react-dom-client.development.js:8685:13)
      at beginWork (node_modules/react-dom/cjs/react-dom-client.development.js:10950:18)
      at runWithFiberInDEV (node_modules/react-dom/cjs/react-dom-client.development.js:1522:13)
      at performUnitOfWork (node_modules/react-dom/cjs/react-dom-client.development.js:15140:22)
      at workLoopSync (node_modules/react-dom/cjs/react-dom-client.development.js:14956:41)
      at renderRootSync (node_modules/react-dom/cjs/react-dom-client.development.js:14936:11)
      at performWorkOnRoot (node_modules/react-dom/cjs/react-dom-client.development.js:14462:44)
      at performWorkOnRootViaSchedulerTask (node_modules/react-dom/cjs/react-dom-client.development.js:16216:7)
      at flushActQueue (node_modules/react/cjs/react.development.js:566:34)
      at process.env.NODE_ENV.exports.act (node_modules/react/cjs/react.development.js:859:10)
      at node_modules/@testing-library/react/dist/act-compat.js:47:25
      at renderRoot (node_modules/@testing-library/react/dist/pure.js:190:26)
      at render (node_modules/@testing-library/react/dist/pure.js:292:10)
      at Object.<anonymous> (src/__tests__/visual/component-snapshots.test.tsx:70:35)

  ● Component Visual Regression Tests › PropertyCard Component › renders property card in loading state

    TypeError: Cannot read properties of undefined (reading 'propertyType')

      64 |             )}
      65 |             <span className="bg-black/60 backdrop-blur-md text-white text-xs font-medium px-3 py-1.5 rounded-full border border-white/10">
    > 66 |               {getPropertyTypeLabel(property.details.propertyType)}
         |                                                      ^
      67 |             </span>
      68 |           </div>
      69 |

      at propertyType (src/components/PropertyCard.tsx:66:54)
      at Object.react-stack-bottom-frame (node_modules/react-dom/cjs/react-dom-client.development.js:23863:20)
      at renderWithHooks (node_modules/react-dom/cjs/react-dom-client.development.js:5529:22)
      at updateFunctionComponent (node_modules/react-dom/cjs/react-dom-client.development.js:8897:19)
      at updateSimpleMemoComponent (node_modules/react-dom/cjs/react-dom-client.development.js:8752:14)
      at updateMemoComponent (node_modules/react-dom/cjs/react-dom-client.development.js:8685:13)
      at beginWork (node_modules/react-dom/cjs/react-dom-client.development.js:10950:18)
      at runWithFiberInDEV (node_modules/react-dom/cjs/react-dom-client.development.js:1522:13)
      at performUnitOfWork (node_modules/react-dom/cjs/react-dom-client.development.js:15140:22)
      at workLoopSync (node_modules/react-dom/cjs/react-dom-client.development.js:14956:41)
      at renderRootSync (node_modules/react-dom/cjs/react-dom-client.development.js:14936:11)
      at performWorkOnRoot (node_modules/react-dom/cjs/react-dom-client.development.js:14462:44)
      at performWorkOnRootViaSchedulerTask (node_modules/react-dom/cjs/react-dom-client.development.js:16216:7)
      at flushActQueue (node_modules/react/cjs/react.development.js:566:34)
      at process.env.NODE_ENV.exports.act (node_modules/react/cjs/react.development.js:859:10)
      at node_modules/@testing-library/react/dist/act-compat.js:47:25
      at renderRoot (node_modules/@testing-library/react/dist/pure.js:190:26)
      at render (node_modules/@testing-library/react/dist/pure.js:292:10)
      at Object.<anonymous> (src/__tests__/visual/component-snapshots.test.tsx:75:35)

  ● Component Visual Regression Tests › PropertyCard Component › renders property card with favorite state

    TypeError: Cannot read properties of undefined (reading 'propertyType')

      64 |             )}
      65 |             <span className="bg-black/60 backdrop-blur-md text-white text-xs font-medium px-3 py-1.5 rounded-full border border-white/10">
    > 66 |               {getPropertyTypeLabel(property.details.propertyType)}
         |                                                      ^
      67 |             </span>
      68 |           </div>
      69 |

      at propertyType (src/components/PropertyCard.tsx:66:54)
      at Object.react-stack-bottom-frame (node_modules/react-dom/cjs/react-dom-client.development.js:23863:20)
      at renderWithHooks (node_modules/react-dom/cjs/react-dom-client.development.js:5529:22)
      at updateFunctionComponent (node_modules/react-dom/cjs/react-dom-client.development.js:8897:19)
      at updateSimpleMemoComponent (node_modules/react-dom/cjs/react-dom-client.development.js:8752:14)
      at updateMemoComponent (node_modules/react-dom/cjs/react-dom-client.development.js:8685:13)
      at beginWork (node_modules/react-dom/cjs/react-dom-client.development.js:10950:18)
      at runWithFiberInDEV (node_modules/react-dom/cjs/react-dom-client.development.js:1522:13)
      at performUnitOfWork (node_modules/react-dom/cjs/react-dom-client.development.js:15140:22)
      at workLoopSync (node_modules/react-dom/cjs/react-dom-client.development.js:14956:41)
      at renderRootSync (node_modules/react-dom/cjs/react-dom-client.development.js:14936:11)
      at performWorkOnRoot (node_modules/react-dom/cjs/react-dom-client.development.js:14462:44)
      at performWorkOnRootViaSchedulerTask (node_modules/react-dom/cjs/react-dom-client.development.js:16216:7)
      at flushActQueue (node_modules/react/cjs/react.development.js:566:34)
      at process.env.NODE_ENV.exports.act (node_modules/react/cjs/react.development.js:859:10)
      at node_modules/@testing-library/react/dist/act-compat.js:47:25
      at renderRoot (node_modules/@testing-library/react/dist/pure.js:190:26)
      at render (node_modules/@testing-library/react/dist/pure.js:292:10)
      at Object.<anonymous> (src/__tests__/visual/component-snapshots.test.tsx:80:35)

  ● Component Visual Regression Tests › PropertyCard Component › renders property card in compact mode

    TypeError: Cannot read properties of undefined (reading 'propertyType')

      64 |             )}
      65 |             <span className="bg-black/60 backdrop-blur-md text-white text-xs font-medium px-3 py-1.5 rounded-full border border-white/10">
    > 66 |               {getPropertyTypeLabel(property.details.propertyType)}
         |                                                      ^
      67 |             </span>
      68 |           </div>
      69 |

      at propertyType (src/components/PropertyCard.tsx:66:54)
      at Object.react-stack-bottom-frame (node_modules/react-dom/cjs/react-dom-client.development.js:23863:20)
      at renderWithHooks (node_modules/react-dom/cjs/react-dom-client.development.js:5529:22)
      at updateFunctionComponent (node_modules/react-dom/cjs/react-dom-client.development.js:8897:19)
      at updateSimpleMemoComponent (node_modules/react-dom/cjs/react-dom-client.development.js:8752:14)
      at updateMemoComponent (node_modules/react-dom/cjs/react-dom-client.development.js:8685:13)
      at beginWork (node_modules/react-dom/cjs/react-dom-client.development.js:10950:18)
      at runWithFiberInDEV (node_modules/react-dom/cjs/react-dom-client.development.js:1522:13)
      at performUnitOfWork (node_modules/react-dom/cjs/react-dom-client.development.js:15140:22)
      at workLoopSync (node_modules/react-dom/cjs/react-dom-client.development.js:14956:41)
      at renderRootSync (node_modules/react-dom/cjs/react-dom-client.development.js:14936:11)
      at performWorkOnRoot (node_modules/react-dom/cjs/react-dom-client.development.js:14462:44)
      at performWorkOnRootViaSchedulerTask (node_modules/react-dom/cjs/react-dom-client.development.js:16216:7)
      at flushActQueue (node_modules/react/cjs/react.development.js:566:34)
      at process.env.NODE_ENV.exports.act (node_modules/react/cjs/react.development.js:859:10)
      at node_modules/@testing-library/react/dist/act-compat.js:47:25
      at renderRoot (node_modules/@testing-library/react/dist/pure.js:190:26)
      at render (node_modules/@testing-library/react/dist/pure.js:292:10)
      at Object.<anonymous> (src/__tests__/visual/component-snapshots.test.tsx:87:35)

  ● Component Visual Regression Tests › SearchFilters Component › renders search filters with default state

    TypeError: Cannot read properties of undefined (reading 'map')

      61 |   // Get unique values for filter options - memoized to prevent recalculation
      62 |   const uniqueCities = useMemo(
    > 63 |     () => [...new Set(properties.map((p) => p.address.city))].sort(),
         |                                  ^
      64 |     [properties]
      65 |   );
      66 |

      at map (src/components/SearchFilters.tsx:63:34)
      at mountMemo (node_modules/react-dom/cjs/react-dom-client.development.js:6603:23)
      at Object.useMemo (node_modules/react-dom/cjs/react-dom-client.development.js:22924:18)
      at process.env.NODE_ENV.exports.useMemo (node_modules/react/cjs/react.development.js:1209:34)
      at SearchFilters (src/components/SearchFilters.tsx:62:31)
      at Object.react-stack-bottom-frame (node_modules/react-dom/cjs/react-dom-client.development.js:23863:20)
      at renderWithHooks (node_modules/react-dom/cjs/react-dom-client.development.js:5529:22)
      at updateFunctionComponent (node_modules/react-dom/cjs/react-dom-client.development.js:8897:19)
      at beginWork (node_modules/react-dom/cjs/react-dom-client.development.js:10522:18)
      at runWithFiberInDEV (node_modules/react-dom/cjs/react-dom-client.development.js:1522:13)
      at performUnitOfWork (node_modules/react-dom/cjs/react-dom-client.development.js:15140:22)
      at workLoopSync (node_modules/react-dom/cjs/react-dom-client.development.js:14956:41)
      at renderRootSync (node_modules/react-dom/cjs/react-dom-client.development.js:14936:11)
      at performWorkOnRoot (node_modules/react-dom/cjs/react-dom-client.development.js:14462:44)
      at performWorkOnRootViaSchedulerTask (node_modules/react-dom/cjs/react-dom-client.development.js:16216:7)
      at flushActQueue (node_modules/react/cjs/react.development.js:566:34)
      at process.env.NODE_ENV.exports.act (node_modules/react/cjs/react.development.js:859:10)
      at node_modules/@testing-library/react/dist/act-compat.js:47:25
      at renderRoot (node_modules/@testing-library/react/dist/pure.js:190:26)
      at render (node_modules/@testing-library/react/dist/pure.js:292:10)
      at Object.<anonymous> (src/__tests__/visual/component-snapshots.test.tsx:96:35)

  ● Component Visual Regression Tests › SearchFilters Component › renders search filters with applied filters

    TypeError: Cannot read properties of undefined (reading 'map')

      61 |   // Get unique values for filter options - memoized to prevent recalculation
      62 |   const uniqueCities = useMemo(
    > 63 |     () => [...new Set(properties.map((p) => p.address.city))].sort(),
         |                                  ^
      64 |     [properties]
      65 |   );
      66 |

      at map (src/components/SearchFilters.tsx:63:34)
      at mountMemo (node_modules/react-dom/cjs/react-dom-client.development.js:6603:23)
      at Object.useMemo (node_modules/react-dom/cjs/react-dom-client.development.js:22924:18)
      at process.env.NODE_ENV.exports.useMemo (node_modules/react/cjs/react.development.js:1209:34)
      at SearchFilters (src/components/SearchFilters.tsx:62:31)
      at Object.react-stack-bottom-frame (node_modules/react-dom/cjs/react-dom-client.development.js:23863:20)
      at renderWithHooks (node_modules/react-dom/cjs/react-dom-client.development.js:5529:22)
      at updateFunctionComponent (node_modules/react-dom/cjs/react-dom-client.development.js:8897:19)
      at beginWork (node_modules/react-dom/cjs/react-dom-client.development.js:10522:18)
      at runWithFiberInDEV (node_modules/react-dom/cjs/react-dom-client.development.js:1522:13)
      at performUnitOfWork (node_modules/react-dom/cjs/react-dom-client.development.js:15140:22)
      at workLoopSync (node_modules/react-dom/cjs/react-dom-client.development.js:14956:41)
      at renderRootSync (node_modules/react-dom/cjs/react-dom-client.development.js:14936:11)
      at performWorkOnRoot (node_modules/react-dom/cjs/react-dom-client.development.js:14462:44)
      at performWorkOnRootViaSchedulerTask (node_modules/react-dom/cjs/react-dom-client.development.js:16216:7)
      at flushActQueue (node_modules/react/cjs/react.development.js:566:34)
      at process.env.NODE_ENV.exports.act (node_modules/react/cjs/react.development.js:859:10)
      at node_modules/@testing-library/react/dist/act-compat.js:47:25
      at renderRoot (node_modules/@testing-library/react/dist/pure.js:190:26)
      at render (node_modules/@testing-library/react/dist/pure.js:292:10)
      at Object.<anonymous> (src/__tests__/visual/component-snapshots.test.tsx:111:35)

  ● Component Visual Regression Tests › SearchFilters Component › renders search filters in mobile layout

    TypeError: Cannot read properties of undefined (reading 'map')

      61 |   // Get unique values for filter options - memoized to prevent recalculation
      62 |   const uniqueCities = useMemo(
    > 63 |     () => [...new Set(properties.map((p) => p.address.city))].sort(),
         |                                  ^
      64 |     [properties]
      65 |   );
      66 |

      at map (src/components/SearchFilters.tsx:63:34)
      at mountMemo (node_modules/react-dom/cjs/react-dom-client.development.js:6603:23)
      at Object.useMemo (node_modules/react-dom/cjs/react-dom-client.development.js:22924:18)
      at process.env.NODE_ENV.exports.useMemo (node_modules/react/cjs/react.development.js:1209:34)
      at SearchFilters (src/components/SearchFilters.tsx:62:31)
      at Object.react-stack-bottom-frame (node_modules/react-dom/cjs/react-dom-client.development.js:23863:20)
      at renderWithHooks (node_modules/react-dom/cjs/react-dom-client.development.js:5529:22)
      at updateFunctionComponent (node_modules/react-dom/cjs/react-dom-client.development.js:8897:19)
      at beginWork (node_modules/react-dom/cjs/react-dom-client.development.js:10522:18)
      at runWithFiberInDEV (node_modules/react-dom/cjs/react-dom-client.development.js:1522:13)
      at performUnitOfWork (node_modules/react-dom/cjs/react-dom-client.development.js:15140:22)
      at workLoopSync (node_modules/react-dom/cjs/react-dom-client.development.js:14956:41)
      at renderRootSync (node_modules/react-dom/cjs/react-dom-client.development.js:14936:11)
      at performWorkOnRoot (node_modules/react-dom/cjs/react-dom-client.development.js:14462:44)
      at performWorkOnRootViaSchedulerTask (node_modules/react-dom/cjs/react-dom-client.development.js:16216:7)
      at flushActQueue (node_modules/react/cjs/react.development.js:566:34)
      at process.env.NODE_ENV.exports.act (node_modules/react/cjs/react.development.js:859:10)
      at node_modules/@testing-library/react/dist/act-compat.js:47:25
      at renderRoot (node_modules/@testing-library/react/dist/pure.js:190:26)
      at render (node_modules/@testing-library/react/dist/pure.js:292:10)
      at Object.<anonymous> (src/__tests__/visual/component-snapshots.test.tsx:136:35)

  ● Component Visual Regression Tests › Responsive Breakpoints › renders components correctly at mobile breakpoint

    TypeError: Cannot read properties of undefined (reading 'propertyType')

      64 |             )}
      65 |             <span className="bg-black/60 backdrop-blur-md text-white text-xs font-medium px-3 py-1.5 rounded-full border border-white/10">
    > 66 |               {getPropertyTypeLabel(property.details.propertyType)}
         |                                                      ^
      67 |             </span>
      68 |           </div>
      69 |

      at propertyType (src/components/PropertyCard.tsx:66:54)
      at Object.react-stack-bottom-frame (node_modules/react-dom/cjs/react-dom-client.development.js:23863:20)
      at renderWithHooks (node_modules/react-dom/cjs/react-dom-client.development.js:5529:22)
      at updateFunctionComponent (node_modules/react-dom/cjs/react-dom-client.development.js:8897:19)
      at updateSimpleMemoComponent (node_modules/react-dom/cjs/react-dom-client.development.js:8752:14)
      at updateMemoComponent (node_modules/react-dom/cjs/react-dom-client.development.js:8685:13)
      at beginWork (node_modules/react-dom/cjs/react-dom-client.development.js:10950:18)
      at runWithFiberInDEV (node_modules/react-dom/cjs/react-dom-client.development.js:1522:13)
      at performUnitOfWork (node_modules/react-dom/cjs/react-dom-client.development.js:15140:22)
      at workLoopSync (node_modules/react-dom/cjs/react-dom-client.development.js:14956:41)
      at renderRootSync (node_modules/react-dom/cjs/react-dom-client.development.js:14936:11)
      at performWorkOnRoot (node_modules/react-dom/cjs/react-dom-client.development.js:14462:44)
      at performWorkOnRootViaSchedulerTask (node_modules/react-dom/cjs/react-dom-client.development.js:16216:7)
      at flushActQueue (node_modules/react/cjs/react.development.js:566:34)
      at process.env.NODE_ENV.exports.act (node_modules/react/cjs/react.development.js:859:10)
      at node_modules/@testing-library/react/dist/act-compat.js:47:25
      at renderRoot (node_modules/@testing-library/react/dist/pure.js:190:26)
      at render (node_modules/@testing-library/react/dist/pure.js:292:10)
      at Object.<anonymous> (src/__tests__/visual/component-snapshots.test.tsx:241:37)

  ● Component Visual Regression Tests › Responsive Breakpoints › renders components correctly at tablet breakpoint

    TypeError: Cannot read properties of undefined (reading 'propertyType')

      64 |             )}
      65 |             <span className="bg-black/60 backdrop-blur-md text-white text-xs font-medium px-3 py-1.5 rounded-full border border-white/10">
    > 66 |               {getPropertyTypeLabel(property.details.propertyType)}
         |                                                      ^
      67 |             </span>
      68 |           </div>
      69 |

      at propertyType (src/components/PropertyCard.tsx:66:54)
      at Object.react-stack-bottom-frame (node_modules/react-dom/cjs/react-dom-client.development.js:23863:20)
      at renderWithHooks (node_modules/react-dom/cjs/react-dom-client.development.js:5529:22)
      at updateFunctionComponent (node_modules/react-dom/cjs/react-dom-client.development.js:8897:19)
      at updateSimpleMemoComponent (node_modules/react-dom/cjs/react-dom-client.development.js:8752:14)
      at updateMemoComponent (node_modules/react-dom/cjs/react-dom-client.development.js:8685:13)
      at beginWork (node_modules/react-dom/cjs/react-dom-client.development.js:10950:18)
      at runWithFiberInDEV (node_modules/react-dom/cjs/react-dom-client.development.js:1522:13)
      at performUnitOfWork (node_modules/react-dom/cjs/react-dom-client.development.js:15140:22)
      at workLoopSync (node_modules/react-dom/cjs/react-dom-client.development.js:14956:41)
      at renderRootSync (node_modules/react-dom/cjs/react-dom-client.development.js:14936:11)
      at performWorkOnRoot (node_modules/react-dom/cjs/react-dom-client.development.js:14462:44)
      at performWorkOnRootViaSchedulerTask (node_modules/react-dom/cjs/react-dom-client.development.js:16216:7)
      at flushActQueue (node_modules/react/cjs/react.development.js:566:34)
      at process.env.NODE_ENV.exports.act (node_modules/react/cjs/react.development.js:859:10)
      at node_modules/@testing-library/react/dist/act-compat.js:47:25
      at renderRoot (node_modules/@testing-library/react/dist/pure.js:190:26)
      at render (node_modules/@testing-library/react/dist/pure.js:292:10)
      at Object.<anonymous> (src/__tests__/visual/component-snapshots.test.tsx:241:37)

  ● Component Visual Regression Tests › Responsive Breakpoints › renders components correctly at desktop breakpoint

    TypeError: Cannot read properties of undefined (reading 'propertyType')

      64 |             )}
      65 |             <span className="bg-black/60 backdrop-blur-md text-white text-xs font-medium px-3 py-1.5 rounded-full border border-white/10">
    > 66 |               {getPropertyTypeLabel(property.details.propertyType)}
         |                                                      ^
      67 |             </span>
      68 |           </div>
      69 |

      at propertyType (src/components/PropertyCard.tsx:66:54)
      at Object.react-stack-bottom-frame (node_modules/react-dom/cjs/react-dom-client.development.js:23863:20)
      at renderWithHooks (node_modules/react-dom/cjs/react-dom-client.development.js:5529:22)
      at updateFunctionComponent (node_modules/react-dom/cjs/react-dom-client.development.js:8897:19)
      at updateSimpleMemoComponent (node_modules/react-dom/cjs/react-dom-client.development.js:8752:14)
      at updateMemoComponent (node_modules/react-dom/cjs/react-dom-client.development.js:8685:13)
      at beginWork (node_modules/react-dom/cjs/react-dom-client.development.js:10950:18)
      at runWithFiberInDEV (node_modules/react-dom/cjs/react-dom-client.development.js:1522:13)
      at performUnitOfWork (node_modules/react-dom/cjs/react-dom-client.development.js:15140:22)
      at workLoopSync (node_modules/react-dom/cjs/react-dom-client.development.js:14956:41)
      at renderRootSync (node_modules/react-dom/cjs/react-dom-client.development.js:14936:11)
      at performWorkOnRoot (node_modules/react-dom/cjs/react-dom-client.development.js:14462:44)
      at performWorkOnRootViaSchedulerTask (node_modules/react-dom/cjs/react-dom-client.development.js:16216:7)
      at flushActQueue (node_modules/react/cjs/react.development.js:566:34)
      at process.env.NODE_ENV.exports.act (node_modules/react/cjs/react.development.js:859:10)
      at node_modules/@testing-library/react/dist/act-compat.js:47:25
      at renderRoot (node_modules/@testing-library/react/dist/pure.js:190:26)
      at render (node_modules/@testing-library/react/dist/pure.js:292:10)
      at Object.<anonymous> (src/__tests__/visual/component-snapshots.test.tsx:241:37)

  ● Component Visual Regression Tests › Dark Mode Support › renders components in dark mode

    TypeError: Cannot read properties of undefined (reading 'propertyType')

      64 |             )}
      65 |             <span className="bg-black/60 backdrop-blur-md text-white text-xs font-medium px-3 py-1.5 rounded-full border border-white/10">
    > 66 |               {getPropertyTypeLabel(property.details.propertyType)}
         |                                                      ^
      67 |             </span>
      68 |           </div>
      69 |

      at propertyType (src/components/PropertyCard.tsx:66:54)
      at Object.react-stack-bottom-frame (node_modules/react-dom/cjs/react-dom-client.development.js:23863:20)
      at renderWithHooks (node_modules/react-dom/cjs/react-dom-client.development.js:5529:22)
      at updateFunctionComponent (node_modules/react-dom/cjs/react-dom-client.development.js:8897:19)
      at updateSimpleMemoComponent (node_modules/react-dom/cjs/react-dom-client.development.js:8752:14)
      at updateMemoComponent (node_modules/react-dom/cjs/react-dom-client.development.js:8685:13)
      at beginWork (node_modules/react-dom/cjs/react-dom-client.development.js:10950:18)
      at runWithFiberInDEV (node_modules/react-dom/cjs/react-dom-client.development.js:1522:13)
      at performUnitOfWork (node_modules/react-dom/cjs/react-dom-client.development.js:15140:22)
      at workLoopSync (node_modules/react-dom/cjs/react-dom-client.development.js:14956:41)
      at renderRootSync (node_modules/react-dom/cjs/react-dom-client.development.js:14936:11)
      at performWorkOnRoot (node_modules/react-dom/cjs/react-dom-client.development.js:14462:44)
      at performWorkOnRootViaSchedulerTask (node_modules/react-dom/cjs/react-dom-client.development.js:16216:7)
      at flushActQueue (node_modules/react/cjs/react.development.js:566:34)
      at process.env.NODE_ENV.exports.act (node_modules/react/cjs/react.development.js:859:10)
      at node_modules/@testing-library/react/dist/act-compat.js:47:25
      at renderRoot (node_modules/@testing-library/react/dist/pure.js:190:26)
      at render (node_modules/@testing-library/react/dist/pure.js:292:10)
      at Object.<anonymous> (src/__tests__/visual/component-snapshots.test.tsx:264:35)

  ● Component Visual Regression Tests › High Contrast Mode › renders components in high contrast mode

    TypeError: Cannot read properties of undefined (reading 'propertyType')

      64 |             )}
      65 |             <span className="bg-black/60 backdrop-blur-md text-white text-xs font-medium px-3 py-1.5 rounded-full border border-white/10">
    > 66 |               {getPropertyTypeLabel(property.details.propertyType)}
         |                                                      ^
      67 |             </span>
      68 |           </div>
      69 |

      at propertyType (src/components/PropertyCard.tsx:66:54)
      at Object.react-stack-bottom-frame (node_modules/react-dom/cjs/react-dom-client.development.js:23863:20)
      at renderWithHooks (node_modules/react-dom/cjs/react-dom-client.development.js:5529:22)
      at updateFunctionComponent (node_modules/react-dom/cjs/react-dom-client.development.js:8897:19)
      at updateSimpleMemoComponent (node_modules/react-dom/cjs/react-dom-client.development.js:8752:14)
      at updateMemoComponent (node_modules/react-dom/cjs/react-dom-client.development.js:8685:13)
      at beginWork (node_modules/react-dom/cjs/react-dom-client.development.js:10950:18)
      at runWithFiberInDEV (node_modules/react-dom/cjs/react-dom-client.development.js:1522:13)
      at performUnitOfWork (node_modules/react-dom/cjs/react-dom-client.development.js:15140:22)
      at workLoopSync (node_modules/react-dom/cjs/react-dom-client.development.js:14956:41)
      at renderRootSync (node_modules/react-dom/cjs/react-dom-client.development.js:14936:11)
      at performWorkOnRoot (node_modules/react-dom/cjs/react-dom-client.development.js:14462:44)
      at performWorkOnRootViaSchedulerTask (node_modules/react-dom/cjs/react-dom-client.development.js:16216:7)
      at flushActQueue (node_modules/react/cjs/react.development.js:566:34)
      at process.env.NODE_ENV.exports.act (node_modules/react/cjs/react.development.js:859:10)
      at node_modules/@testing-library/react/dist/act-compat.js:47:25
      at renderRoot (node_modules/@testing-library/react/dist/pure.js:190:26)
      at render (node_modules/@testing-library/react/dist/pure.js:292:10)
      at Object.<anonymous> (src/__tests__/visual/component-snapshots.test.tsx:285:35)

FAIL src/components/__tests__/ImageUploader.test.tsx
  ● ImageUploader › displays uploaded images with controls

    TestingLibraryElementError: Unable to find an element with the text: Imazhi i parë do të jetë imazhi kryesor. This could be because the text is broken up by multiple elements. In this case, you can provide a function for your text matcher to make your matcher more flexible.

    Ignored nodes: comments, script, style
    [36m<body>[39m
      [36m<div>[39m
        [36m<div[39m
          [33mclass[39m=[32m"space-y-4"[39m
        [36m>[39m
          [36m<div[39m
            [33mclass[39m=[32m"border-2 border-dashed rounded-lg p-6 text-center cursor-pointer transition-colors border-gray-300 hover:border-red-500 hover:bg-red-50"[39m
            [33mdata-testid[39m=[32m"dropzone"[39m
          [36m>[39m
            [36m<input[39m
              [33mdata-testid[39m=[32m"file-input"[39m
            [36m/>[39m
            [36m<div[39m
              [33mclass[39m=[32m"flex flex-col items-center"[39m
            [36m>[39m
              [36m<svg[39m
                [33maria-hidden[39m=[32m"true"[39m
                [33mclass[39m=[32m"lucide lucide-upload h-12 w-12 mb-4 text-red-600"[39m
                [33mfill[39m=[32m"none"[39m
                [33mheight[39m=[32m"24"[39m
                [33mstroke[39m=[32m"currentColor"[39m
                [33mstroke-linecap[39m=[32m"round"[39m
                [33mstroke-linejoin[39m=[32m"round"[39m
                [33mstroke-width[39m=[32m"2"[39m
                [33mviewBox[39m=[32m"0 0 24 24"[39m
                [33mwidth[39m=[32m"24"[39m
                [33mxmlns[39m=[32m"http://www.w3.org/2000/svg"[39m
              [36m>[39m
                [36m<path[39m
                  [33md[39m=[32m"M12 3v12"[39m
                [36m/>[39m
                [36m<path[39m
                  [33md[39m=[32m"m17 8-5-5-5 5"[39m
                [36m/>[39m
                [36m<path[39m
                  [33md[39m=[32m"M21 15v4a2 2 0 0 1-2 2H5a2 2 0 0 1-2-2v-4"[39m
                [36m/>[39m
              [36m</svg>[39m
              [36m<div[39m
                [33mclass[39m=[32m"text-center"[39m
              [36m>[39m
                [36m<p[39m
                  [33mclass[39m=[32m"text-gray-700 font-medium mb-2"[39m
                [36m>[39m
                  [0mZvarritni imazhet këtu ose klikoni për të zgjedhur[0m
                [36m</p>[39m
                [36m<p[39m
                  [33mclass[39m=[32m"text-gray-500 text-sm"[39m
                [36m>[39m
                  [0mFormatet e pranuara: JPEG, PNG, WebP (maksimum [0m
                  [0m2[0m
                  [0mMB secili)[0m
                [36m</p>[39m
                [36m<p[39m
                  [33mclass[39m=[32m"text-gray-500 text-sm"[39m
                [36m>[39m
                  [0m2[0m
                  [0m/[0m
                  [0m5[0m
                  [0m imazhe të ngarkuara[0m
                [36m</p>[39m
              [36m</div>[39m
            [36m</div>[39m
          [36m</div>[39m
          [36m<div[39m
            [33mclass[39m=[32m"space-y-6"[39m
          [36m>[39m
            [36m<div[39m
              [33mclass[39m=[32m"flex items-center justify-between"[39m
            [36m>[39m
              [36m<h3[39m
                [33mclass[39m=[32m"text-lg font-semibold text-gray-900 flex items-center"[39m
              [36m>[39m
                [36m<svg[39m
                  [33maria-hidden[39m=[32m"true"[39m
                  [33mclass[39m=[32m"lucide lucide-image h-5 w-5 mr-2 text-red-600"[39m
                  [33mfill[39m=[32m"none"[39m
                  [33mheight[39m=[32m"24"[39m
                  [33mstroke[39m=[32m"currentColor"[39m
                  [33mstroke-linecap[39m=[32m"round"[39m
                  [33mstroke-linejoin[39m=[32m"round"[39m
                  [33mstroke-width[39m=[32m"2"[39m
                  [33mviewBox[39m=[32m"0 0 24 24"[39m
                  [33mwidth[39m=[32m"24"[39m
                  [33mxmlns[39m=[32m"http://www.w3.org/2000/svg"[39m
                [36m>[39m
                  [36m<rect[39m
                    [33mheight[39m=[32m"18"[39m
                    [33mrx[39m=[32m"2"[39m
                    [33mry[39m=[32m"2"[39m
                    [33mwidth[39m=[32m"18"[39m
                    [33mx[39m=[32m"3"[39m
                    [33my[39m=[32m"3"[39m
                  [36m/>[39m
                  [36m<circle[39m
                    [33mcx[39m=[32m"9"[39m
                    [33mcy[39m=[32m"9"[39m
                    [33mr[39m=[32m"2"[39m
                  [36m/>[39m
                  [36m<path[39m
                    [33md[39m=[32m"m21 15-3.086-3.086a2 2 0 0 0-2.828 0L6 21"[39m
                  [36m/>[39m
                [36m</svg>[39m
                [0mImazhet e Ngarkuara ([0m
                [0m2[0m
                [0m)[0m
              [36m</h3>[39m
              [36m<div[39m
                [33mclass[39m=[32m"flex items-center space-x-2 text-xs text-gray-500"[39m
              [36m>[39m
                [36m<svg[39m
                  [33maria-hidden[39m=[32m"true"[39m
                  [33mclass[39m=[32m"lucide lucide-star h-4 w-4 text-yellow-500"[39m
                  [33mfill[39m=[32m"none"[39m
                  [33mheight[39m=[32m"24"[39m
                  [33mstroke[39m=[32m"currentColor"[39m
                  [33mstroke-linecap[39m=[32m"round"[39m
                  [33mstroke-linejoin[39m=[32m"round"[39m
                  [33mstroke-width[39m=[32m"2"[39m
                  [33mviewBox[39m=[32m"0 0 24 24"[39m
                  [33mwidth[39m=[32m"24"[39m
                  [33mxmlns[39m=[32m"http://www.w3.org/2000/svg"[39m
                [36m>[39m
                  [36m<path[39m
                    [33md[39m=[32m"M11.525 2.295a.53.53 0 0 1 .95 0l2.31 4.679a2.123 2.123 0 0 0 1.595 1.16l5.166.756a.53.53 0 0 1 .294.904l-3.736 3.638a2.123 2.123 0 0 0-.611 1.878l.882 5.14a.53.53 0 0 1-.771.56l-4.618-2.428a2.122 2.122 0 0 0-1.973 0L6.396 21.01a.53.53 0 0 1-.77-.56l.881-5.139a2.122 2.122 0 0 0-.611-1.879L2.16 9.795a.53.53 0 0 1 .294-.906l5.165-.755a2.122 2.122 0 0 0 1.597-1.16z"[39m
                  [36m/>[39m
                [36m</svg>[39m
                [36m<span>[39m
                  [0mImazhi i parë është kryesor[0m
                [36m</span>[39m
              [36m</div>[39m
            [36m</div>[39m
            [36m<div[39m
              [33mclass[39m=[32m"grid grid-cols-1 md:grid-cols-2 lg:grid-cols-3 gap-6"[39m
            [36m>[39m
              [36m<div[39m
                [33mclass[39m=[32m"relative group bg-white rounded-xl shadow-lg overflow-hidden border border-gray-200 hover:shadow-xl transition-all duration-300"[39m
              [36m>[39m
                [36m<div[39m
                  [33mclass[39m=[32m"aspect-[4/3] relative bg-gradient-to-br from-gray-100 to-gray-200"[39m
                [36m>[39m
                  [36m<img[39m
                    [33malt[39m=[32m"Property image 1"[39m
                    [33mclass[39m=[32m"object-cover transition-transform duration-300 group-hover:scale-105"[39m
                    [33msizes[39m=[32m"(max-width: 768px) 100vw, (max-width: 1200px) 50vw, 33vw"[39m
                    [33msrc[39m=[32m"image1.jpg"[39m
                  [36m/>[39m
                  [36m<div[39m
                    [33mclass[39m=[32m"absolute inset-0 bg-gradient-to-t from-black/60 via-transparent to-transparent opacity-0 group-hover:opacity-100 transition-opacity duration-300"[39m
                  [36m>[39m
                    [36m<div[39m
                      [33mclass[39m=[32m"absolute bott...

      52 |     
      53 |     expect(screen.getByText('Imazhet e Ngarkuara (2)')).toBeInTheDocument();
    > 54 |     expect(screen.getByText('Imazhi i parë do të jetë imazhi kryesor')).toBeInTheDocument();
         |                   ^
      55 |     
      56 |     // Check for primary image badge
      57 |     expect(screen.getByText('Kryesor')).toBeInTheDocument();

      at Object.getElementError (node_modules/@testing-library/dom/dist/config.js:37:19)
      at node_modules/@testing-library/dom/dist/query-helpers.js:76:38
      at node_modules/@testing-library/dom/dist/query-helpers.js:52:17
      at node_modules/@testing-library/dom/dist/query-helpers.js:95:19
      at Object.getByText (src/components/__tests__/ImageUploader.test.tsx:54:19)

FAIL src/__tests__/performance/component-performance.test.tsx
  ● Component Performance Tests › PropertyGrid Performance › renders small property list efficiently

    TypeError: Cannot read properties of undefined (reading 'propertyType')

      64 |             )}
      65 |             <span className="bg-black/60 backdrop-blur-md text-white text-xs font-medium px-3 py-1.5 rounded-full border border-white/10">
    > 66 |               {getPropertyTypeLabel(property.details.propertyType)}
         |                                                      ^
      67 |             </span>
      68 |           </div>
      69 |

      at propertyType (src/components/PropertyCard.tsx:66:54)
      at Object.react-stack-bottom-frame (node_modules/react-dom/cjs/react-dom-client.development.js:23863:20)
      at renderWithHooks (node_modules/react-dom/cjs/react-dom-client.development.js:5529:22)
      at updateFunctionComponent (node_modules/react-dom/cjs/react-dom-client.development.js:8897:19)
      at updateSimpleMemoComponent (node_modules/react-dom/cjs/react-dom-client.development.js:8752:14)
      at updateMemoComponent (node_modules/react-dom/cjs/react-dom-client.development.js:8685:13)
      at beginWork (node_modules/react-dom/cjs/react-dom-client.development.js:10950:18)
      at runWithFiberInDEV (node_modules/react-dom/cjs/react-dom-client.development.js:1522:13)
      at performUnitOfWork (node_modules/react-dom/cjs/react-dom-client.development.js:15140:22)
      at workLoopSync (node_modules/react-dom/cjs/react-dom-client.development.js:14956:41)
      at renderRootSync (node_modules/react-dom/cjs/react-dom-client.development.js:14936:11)
      at performWorkOnRoot (node_modules/react-dom/cjs/react-dom-client.development.js:14462:44)
      at performWorkOnRootViaSchedulerTask (node_modules/react-dom/cjs/react-dom-client.development.js:16216:7)
      at flushActQueue (node_modules/react/cjs/react.development.js:566:34)
      at process.env.NODE_ENV.exports.act (node_modules/react/cjs/react.development.js:859:10)
      at node_modules/@testing-library/react/dist/act-compat.js:47:25
      at renderRoot (node_modules/@testing-library/react/dist/pure.js:190:26)
      at render (node_modules/@testing-library/react/dist/pure.js:292:10)
      at src/__tests__/performance/component-performance.test.tsx:114:15
      at testFunction (src/__tests__/performance/component-performance.test.tsx:88:9)
      at Object.measurePerformance (src/__tests__/performance/component-performance.test.tsx:113:30)

  ● Component Performance Tests › PropertyGrid Performance › renders medium property list within acceptable time

    TypeError: Cannot read properties of undefined (reading 'propertyType')

      64 |             )}
      65 |             <span className="bg-black/60 backdrop-blur-md text-white text-xs font-medium px-3 py-1.5 rounded-full border border-white/10">
    > 66 |               {getPropertyTypeLabel(property.details.propertyType)}
         |                                                      ^
      67 |             </span>
      68 |           </div>
      69 |

      at propertyType (src/components/PropertyCard.tsx:66:54)
      at Object.react-stack-bottom-frame (node_modules/react-dom/cjs/react-dom-client.development.js:23863:20)
      at renderWithHooks (node_modules/react-dom/cjs/react-dom-client.development.js:5529:22)
      at updateFunctionComponent (node_modules/react-dom/cjs/react-dom-client.development.js:8897:19)
      at updateSimpleMemoComponent (node_modules/react-dom/cjs/react-dom-client.development.js:8752:14)
      at updateMemoComponent (node_modules/react-dom/cjs/react-dom-client.development.js:8685:13)
      at beginWork (node_modules/react-dom/cjs/react-dom-client.development.js:10950:18)
      at runWithFiberInDEV (node_modules/react-dom/cjs/react-dom-client.development.js:1522:13)
      at performUnitOfWork (node_modules/react-dom/cjs/react-dom-client.development.js:15140:22)
      at workLoopSync (node_modules/react-dom/cjs/react-dom-client.development.js:14956:41)
      at renderRootSync (node_modules/react-dom/cjs/react-dom-client.development.js:14936:11)
      at performWorkOnRoot (node_modules/react-dom/cjs/react-dom-client.development.js:14462:44)
      at performWorkOnRootViaSchedulerTask (node_modules/react-dom/cjs/react-dom-client.development.js:16216:7)
      at flushActQueue (node_modules/react/cjs/react.development.js:566:34)
      at process.env.NODE_ENV.exports.act (node_modules/react/cjs/react.development.js:859:10)
      at node_modules/@testing-library/react/dist/act-compat.js:47:25
      at renderRoot (node_modules/@testing-library/react/dist/pure.js:190:26)
      at render (node_modules/@testing-library/react/dist/pure.js:292:10)
      at src/__tests__/performance/component-performance.test.tsx:125:15
      at testFunction (src/__tests__/performance/component-performance.test.tsx:88:9)
      at Object.measurePerformance (src/__tests__/performance/component-performance.test.tsx:124:30)

  ● Component Performance Tests › PropertyGrid Performance › handles large property list with virtualization

    TypeError: Cannot read properties of undefined (reading 'propertyType')

      64 |             )}
      65 |             <span className="bg-black/60 backdrop-blur-md text-white text-xs font-medium px-3 py-1.5 rounded-full border border-white/10">
    > 66 |               {getPropertyTypeLabel(property.details.propertyType)}
         |                                                      ^
      67 |             </span>
      68 |           </div>
      69 |

      at propertyType (src/components/PropertyCard.tsx:66:54)
      at Object.react-stack-bottom-frame (node_modules/react-dom/cjs/react-dom-client.development.js:23863:20)
      at renderWithHooks (node_modules/react-dom/cjs/react-dom-client.development.js:5529:22)
      at updateFunctionComponent (node_modules/react-dom/cjs/react-dom-client.development.js:8897:19)
      at updateSimpleMemoComponent (node_modules/react-dom/cjs/react-dom-client.development.js:8752:14)
      at updateMemoComponent (node_modules/react-dom/cjs/react-dom-client.development.js:8685:13)
      at beginWork (node_modules/react-dom/cjs/react-dom-client.development.js:10950:18)
      at runWithFiberInDEV (node_modules/react-dom/cjs/react-dom-client.development.js:1522:13)
      at performUnitOfWork (node_modules/react-dom/cjs/react-dom-client.development.js:15140:22)
      at workLoopSync (node_modules/react-dom/cjs/react-dom-client.development.js:14956:41)
      at renderRootSync (node_modules/react-dom/cjs/react-dom-client.development.js:14936:11)
      at performWorkOnRoot (node_modules/react-dom/cjs/react-dom-client.development.js:14462:44)
      at performWorkOnRootViaSchedulerTask (node_modules/react-dom/cjs/react-dom-client.development.js:16216:7)
      at flushActQueue (node_modules/react/cjs/react.development.js:566:34)
      at process.env.NODE_ENV.exports.act (node_modules/react/cjs/react.development.js:859:10)
      at node_modules/@testing-library/react/dist/act-compat.js:47:25
      at renderRoot (node_modules/@testing-library/react/dist/pure.js:190:26)
      at render (node_modules/@testing-library/react/dist/pure.js:292:10)
      at src/__tests__/performance/component-performance.test.tsx:136:15
      at testFunction (src/__tests__/performance/component-performance.test.tsx:88:9)
      at Object.measurePerformance (src/__tests__/performance/component-performance.test.tsx:135:30)

  ● Component Performance Tests › PropertyGrid Performance › updates efficiently when properties change

    TypeError: Cannot read properties of undefined (reading 'propertyType')

      64 |             )}
      65 |             <span className="bg-black/60 backdrop-blur-md text-white text-xs font-medium px-3 py-1.5 rounded-full border border-white/10">
    > 66 |               {getPropertyTypeLabel(property.details.propertyType)}
         |                                                      ^
      67 |             </span>
      68 |           </div>
      69 |

      at propertyType (src/components/PropertyCard.tsx:66:54)
      at Object.react-stack-bottom-frame (node_modules/react-dom/cjs/react-dom-client.development.js:23863:20)
      at renderWithHooks (node_modules/react-dom/cjs/react-dom-client.development.js:5529:22)
      at updateFunctionComponent (node_modules/react-dom/cjs/react-dom-client.development.js:8897:19)
      at updateSimpleMemoComponent (node_modules/react-dom/cjs/react-dom-client.development.js:8752:14)
      at updateMemoComponent (node_modules/react-dom/cjs/react-dom-client.development.js:8685:13)
      at beginWork (node_modules/react-dom/cjs/react-dom-client.development.js:10950:18)
      at runWithFiberInDEV (node_modules/react-dom/cjs/react-dom-client.development.js:1522:13)
      at performUnitOfWork (node_modules/react-dom/cjs/react-dom-client.development.js:15140:22)
      at workLoopSync (node_modules/react-dom/cjs/react-dom-client.development.js:14956:41)
      at renderRootSync (node_modules/react-dom/cjs/react-dom-client.development.js:14936:11)
      at performWorkOnRoot (node_modules/react-dom/cjs/react-dom-client.development.js:14462:44)
      at performWorkOnRootViaSchedulerTask (node_modules/react-dom/cjs/react-dom-client.development.js:16216:7)
      at flushActQueue (node_modules/react/cjs/react.development.js:566:34)
      at process.env.NODE_ENV.exports.act (node_modules/react/cjs/react.development.js:859:10)
      at node_modules/@testing-library/react/dist/act-compat.js:47:25
      at renderRoot (node_modules/@testing-library/react/dist/pure.js:190:26)
      at render (node_modules/@testing-library/react/dist/pure.js:292:10)
      at Object.<anonymous> (src/__tests__/performance/component-performance.test.tsx:145:34)

  ● Component Performance Tests › SearchFilters Performance › renders search filters quickly

    TypeError: Cannot read properties of undefined (reading 'map')

      61 |   // Get unique values for filter options - memoized to prevent recalculation
      62 |   const uniqueCities = useMemo(
    > 63 |     () => [...new Set(properties.map((p) => p.address.city))].sort(),
         |                                  ^
      64 |     [properties]
      65 |   );
      66 |

      at map (src/components/SearchFilters.tsx:63:34)
      at mountMemo (node_modules/react-dom/cjs/react-dom-client.development.js:6603:23)
      at Object.useMemo (node_modules/react-dom/cjs/react-dom-client.development.js:22924:18)
      at process.env.NODE_ENV.exports.useMemo (node_modules/react/cjs/react.development.js:1209:34)
      at SearchFilters (src/components/SearchFilters.tsx:62:31)
      at Object.react-stack-bottom-frame (node_modules/react-dom/cjs/react-dom-client.development.js:23863:20)
      at renderWithHooks (node_modules/react-dom/cjs/react-dom-client.development.js:5529:22)
      at updateFunctionComponent (node_modules/react-dom/cjs/react-dom-client.development.js:8897:19)
      at beginWork (node_modules/react-dom/cjs/react-dom-client.development.js:10522:18)
      at runWithFiberInDEV (node_modules/react-dom/cjs/react-dom-client.development.js:1522:13)
      at performUnitOfWork (node_modules/react-dom/cjs/react-dom-client.development.js:15140:22)
      at workLoopSync (node_modules/react-dom/cjs/react-dom-client.development.js:14956:41)
      at renderRootSync (node_modules/react-dom/cjs/react-dom-client.development.js:14936:11)
      at performWorkOnRoot (node_modules/react-dom/cjs/react-dom-client.development.js:14462:44)
      at performWorkOnRootViaSchedulerTask (node_modules/react-dom/cjs/react-dom-client.development.js:16216:7)
      at flushActQueue (node_modules/react/cjs/react.development.js:566:34)
      at process.env.NODE_ENV.exports.act (node_modules/react/cjs/react.development.js:859:10)
      at node_modules/@testing-library/react/dist/act-compat.js:47:25
      at renderRoot (node_modules/@testing-library/react/dist/pure.js:190:26)
      at render (node_modules/@testing-library/react/dist/pure.js:292:10)
      at src/__tests__/performance/component-performance.test.tsx:161:15
      at testFunction (src/__tests__/performance/component-performance.test.tsx:88:9)
      at Object.measurePerformance (src/__tests__/performance/component-performance.test.tsx:160:30)

  ● Component Performance Tests › SearchFilters Performance › handles filter changes efficiently

    TypeError: Cannot read properties of undefined (reading 'map')

      61 |   // Get unique values for filter options - memoized to prevent recalculation
      62 |   const uniqueCities = useMemo(
    > 63 |     () => [...new Set(properties.map((p) => p.address.city))].sort(),
         |                                  ^
      64 |     [properties]
      65 |   );
      66 |

      at map (src/components/SearchFilters.tsx:63:34)
      at mountMemo (node_modules/react-dom/cjs/react-dom-client.development.js:6603:23)
      at Object.useMemo (node_modules/react-dom/cjs/react-dom-client.development.js:22924:18)
      at process.env.NODE_ENV.exports.useMemo (node_modules/react/cjs/react.development.js:1209:34)
      at SearchFilters (src/components/SearchFilters.tsx:62:31)
      at Object.react-stack-bottom-frame (node_modules/react-dom/cjs/react-dom-client.development.js:23863:20)
      at renderWithHooks (node_modules/react-dom/cjs/react-dom-client.development.js:5529:22)
      at updateFunctionComponent (node_modules/react-dom/cjs/react-dom-client.development.js:8897:19)
      at beginWork (node_modules/react-dom/cjs/react-dom-client.development.js:10522:18)
      at runWithFiberInDEV (node_modules/react-dom/cjs/react-dom-client.development.js:1522:13)
      at performUnitOfWork (node_modules/react-dom/cjs/react-dom-client.development.js:15140:22)
      at workLoopSync (node_modules/react-dom/cjs/react-dom-client.development.js:14956:41)
      at renderRootSync (node_modules/react-dom/cjs/react-dom-client.development.js:14936:11)
      at performWorkOnRoot (node_modules/react-dom/cjs/react-dom-client.development.js:14462:44)
      at performWorkOnRootViaSchedulerTask (node_modules/react-dom/cjs/react-dom-client.development.js:16216:7)
      at flushActQueue (node_modules/react/cjs/react.development.js:566:34)
      at process.env.NODE_ENV.exports.act (node_modules/react/cjs/react.development.js:859:10)
      at node_modules/@testing-library/react/dist/act-compat.js:47:25
      at renderRoot (node_modules/@testing-library/react/dist/pure.js:190:26)
      at render (node_modules/@testing-library/react/dist/pure.js:292:10)
      at Object.<anonymous> (src/__tests__/performance/component-performance.test.tsx:169:13)

  ● Component Performance Tests › SearchFilters Performance › debounces rapid filter changes

    TypeError: Cannot read properties of undefined (reading 'map')

      61 |   // Get unique values for filter options - memoized to prevent recalculation
      62 |   const uniqueCities = useMemo(
    > 63 |     () => [...new Set(properties.map((p) => p.address.city))].sort(),
         |                                  ^
      64 |     [properties]
      65 |   );
      66 |

      at map (src/components/SearchFilters.tsx:63:34)
      at mountMemo (node_modules/react-dom/cjs/react-dom-client.development.js:6603:23)
      at Object.useMemo (node_modules/react-dom/cjs/react-dom-client.development.js:22924:18)
      at process.env.NODE_ENV.exports.useMemo (node_modules/react/cjs/react.development.js:1209:34)
      at SearchFilters (src/components/SearchFilters.tsx:62:31)
      at Object.react-stack-bottom-frame (node_modules/react-dom/cjs/react-dom-client.development.js:23863:20)
      at renderWithHooks (node_modules/react-dom/cjs/react-dom-client.development.js:5529:22)
      at updateFunctionComponent (node_modules/react-dom/cjs/react-dom-client.development.js:8897:19)
      at beginWork (node_modules/react-dom/cjs/react-dom-client.development.js:10522:18)
      at runWithFiberInDEV (node_modules/react-dom/cjs/react-dom-client.development.js:1522:13)
      at performUnitOfWork (node_modules/react-dom/cjs/react-dom-client.development.js:15140:22)
      at workLoopSync (node_modules/react-dom/cjs/react-dom-client.development.js:14956:41)
      at renderRootSync (node_modules/react-dom/cjs/react-dom-client.development.js:14936:11)
      at performWorkOnRoot (node_modules/react-dom/cjs/react-dom-client.development.js:14462:44)
      at performWorkOnRootViaSchedulerTask (node_modules/react-dom/cjs/react-dom-client.development.js:16216:7)
      at flushActQueue (node_modules/react/cjs/react.development.js:566:34)
      at process.env.NODE_ENV.exports.act (node_modules/react/cjs/react.development.js:859:10)
      at node_modules/@testing-library/react/dist/act-compat.js:47:25
      at renderRoot (node_modules/@testing-library/react/dist/pure.js:190:26)
      at render (node_modules/@testing-library/react/dist/pure.js:292:10)
      at Object.<anonymous> (src/__tests__/performance/component-performance.test.tsx:183:13)

  ● Component Performance Tests › MapView Performance › renders map with few markers efficiently

    expect(received).toBeLessThan(expected)

    Expected: < 100
    Received:   102

      212 |       });
      213 |       
    > 214 |       expect(duration).toBeLessThan(100);
          |                        ^
      215 |     });
      216 |
      217 |     it('handles many markers with clustering', async () => {

      at Object.toBeLessThan (src/__tests__/performance/component-performance.test.tsx:214:24)

  ● Component Performance Tests › Memory Usage Tests › does not create memory leaks with frequent re-renders

    TypeError: Cannot read properties of undefined (reading 'propertyType')

      64 |             )}
      65 |             <span className="bg-black/60 backdrop-blur-md text-white text-xs font-medium px-3 py-1.5 rounded-full border border-white/10">
    > 66 |               {getPropertyTypeLabel(property.details.propertyType)}
         |                                                      ^
      67 |             </span>
      68 |           </div>
      69 |

      at propertyType (src/components/PropertyCard.tsx:66:54)
      at Object.react-stack-bottom-frame (node_modules/react-dom/cjs/react-dom-client.development.js:23863:20)
      at renderWithHooks (node_modules/react-dom/cjs/react-dom-client.development.js:5529:22)
      at updateFunctionComponent (node_modules/react-dom/cjs/react-dom-client.development.js:8897:19)
      at updateSimpleMemoComponent (node_modules/react-dom/cjs/react-dom-client.development.js:8752:14)
      at updateMemoComponent (node_modules/react-dom/cjs/react-dom-client.development.js:8685:13)
      at beginWork (node_modules/react-dom/cjs/react-dom-client.development.js:10950:18)
      at runWithFiberInDEV (node_modules/react-dom/cjs/react-dom-client.development.js:1522:13)
      at performUnitOfWork (node_modules/react-dom/cjs/react-dom-client.development.js:15140:22)
      at workLoopSync (node_modules/react-dom/cjs/react-dom-client.development.js:14956:41)
      at renderRootSync (node_modules/react-dom/cjs/react-dom-client.development.js:14936:11)
      at performWorkOnRoot (node_modules/react-dom/cjs/react-dom-client.development.js:14462:44)
      at performWorkOnRootViaSchedulerTask (node_modules/react-dom/cjs/react-dom-client.development.js:16216:7)
      at flushActQueue (node_modules/react/cjs/react.development.js:566:34)
      at process.env.NODE_ENV.exports.act (node_modules/react/cjs/react.development.js:859:10)
      at node_modules/@testing-library/react/dist/act-compat.js:47:25
      at renderRoot (node_modules/@testing-library/react/dist/pure.js:190:26)
      at render (node_modules/@testing-library/react/dist/pure.js:292:10)
      at Object.<anonymous> (src/__tests__/performance/component-performance.test.tsx:245:43)

  ● Component Performance Tests › Memory Usage Tests › cleans up event listeners on unmount

    TypeError: Cannot read properties of undefined (reading 'map')

      61 |   // Get unique values for filter options - memoized to prevent recalculation
      62 |   const uniqueCities = useMemo(
    > 63 |     () => [...new Set(properties.map((p) => p.address.city))].sort(),
         |                                  ^
      64 |     [properties]
      65 |   );
      66 |

      at map (src/components/SearchFilters.tsx:63:34)
      at mountMemo (node_modules/react-dom/cjs/react-dom-client.development.js:6603:23)
      at Object.useMemo (node_modules/react-dom/cjs/react-dom-client.development.js:22924:18)
      at process.env.NODE_ENV.exports.useMemo (node_modules/react/cjs/react.development.js:1209:34)
      at SearchFilters (src/components/SearchFilters.tsx:62:31)
      at Object.react-stack-bottom-frame (node_modules/react-dom/cjs/react-dom-client.development.js:23863:20)
      at renderWithHooks (node_modules/react-dom/cjs/react-dom-client.development.js:5529:22)
      at updateFunctionComponent (node_modules/react-dom/cjs/react-dom-client.development.js:8897:19)
      at beginWork (node_modules/react-dom/cjs/react-dom-client.development.js:10522:18)
      at runWithFiberInDEV (node_modules/react-dom/cjs/react-dom-client.development.js:1522:13)
      at performUnitOfWork (node_modules/react-dom/cjs/react-dom-client.development.js:15140:22)
      at workLoopSync (node_modules/react-dom/cjs/react-dom-client.development.js:14956:41)
      at renderRootSync (node_modules/react-dom/cjs/react-dom-client.development.js:14936:11)
      at performWorkOnRoot (node_modules/react-dom/cjs/react-dom-client.development.js:14462:44)
      at performWorkOnRootViaSchedulerTask (node_modules/react-dom/cjs/react-dom-client.development.js:16216:7)
      at flushActQueue (node_modules/react/cjs/react.development.js:566:34)
      at process.env.NODE_ENV.exports.act (node_modules/react/cjs/react.development.js:859:10)
      at node_modules/@testing-library/react/dist/act-compat.js:47:25
      at renderRoot (node_modules/@testing-library/react/dist/pure.js:190:26)
      at render (node_modules/@testing-library/react/dist/pure.js:292:10)
      at Object.<anonymous> (src/__tests__/performance/component-performance.test.tsx:273:33)

  ● Component Performance Tests › Accessibility Performance › maintains performance with screen reader support

    TypeError: Cannot read properties of undefined (reading 'propertyType')

      64 |             )}
      65 |             <span className="bg-black/60 backdrop-blur-md text-white text-xs font-medium px-3 py-1.5 rounded-full border border-white/10">
    > 66 |               {getPropertyTypeLabel(property.details.propertyType)}
         |                                                      ^
      67 |             </span>
      68 |           </div>
      69 |

      at propertyType (src/components/PropertyCard.tsx:66:54)
      at Object.react-stack-bottom-frame (node_modules/react-dom/cjs/react-dom-client.development.js:23863:20)
      at renderWithHooks (node_modules/react-dom/cjs/react-dom-client.development.js:5529:22)
      at updateFunctionComponent (node_modules/react-dom/cjs/react-dom-client.development.js:8897:19)
      at updateSimpleMemoComponent (node_modules/react-dom/cjs/react-dom-client.development.js:8752:14)
      at updateMemoComponent (node_modules/react-dom/cjs/react-dom-client.development.js:8685:13)
      at beginWork (node_modules/react-dom/cjs/react-dom-client.development.js:10950:18)
      at runWithFiberInDEV (node_modules/react-dom/cjs/react-dom-client.development.js:1522:13)
      at performUnitOfWork (node_modules/react-dom/cjs/react-dom-client.development.js:15140:22)
      at workLoopSync (node_modules/react-dom/cjs/react-dom-client.development.js:14956:41)
      at renderRootSync (node_modules/react-dom/cjs/react-dom-client.development.js:14936:11)
      at performWorkOnRoot (node_modules/react-dom/cjs/react-dom-client.development.js:14462:44)
      at performWorkOnRootViaSchedulerTask (node_modules/react-dom/cjs/react-dom-client.development.js:16216:7)
      at flushActQueue (node_modules/react/cjs/react.development.js:566:34)
      at process.env.NODE_ENV.exports.act (node_modules/react/cjs/react.development.js:859:10)
      at node_modules/@testing-library/react/dist/act-compat.js:47:25
      at renderRoot (node_modules/@testing-library/react/dist/pure.js:190:26)
      at render (node_modules/@testing-library/react/dist/pure.js:292:10)
      at src/__tests__/performance/component-performance.test.tsx:302:15
      at testFunction (src/__tests__/performance/component-performance.test.tsx:88:9)
      at Object.measurePerformance (src/__tests__/performance/component-performance.test.tsx:301:30)

  ● Component Performance Tests › Accessibility Performance › keyboard navigation performs well

    TypeError: Cannot read properties of undefined (reading 'map')

      61 |   // Get unique values for filter options - memoized to prevent recalculation
      62 |   const uniqueCities = useMemo(
    > 63 |     () => [...new Set(properties.map((p) => p.address.city))].sort(),
         |                                  ^
      64 |     [properties]
      65 |   );
      66 |

      at map (src/components/SearchFilters.tsx:63:34)
      at mountMemo (node_modules/react-dom/cjs/react-dom-client.development.js:6603:23)
      at Object.useMemo (node_modules/react-dom/cjs/react-dom-client.development.js:22924:18)
      at process.env.NODE_ENV.exports.useMemo (node_modules/react/cjs/react.development.js:1209:34)
      at SearchFilters (src/components/SearchFilters.tsx:62:31)
      at Object.react-stack-bottom-frame (node_modules/react-dom/cjs/react-dom-client.development.js:23863:20)
      at renderWithHooks (node_modules/react-dom/cjs/react-dom-client.development.js:5529:22)
      at updateFunctionComponent (node_modules/react-dom/cjs/react-dom-client.development.js:8897:19)
      at beginWork (node_modules/react-dom/cjs/react-dom-client.development.js:10522:18)
      at runWithFiberInDEV (node_modules/react-dom/cjs/react-dom-client.development.js:1522:13)
      at performUnitOfWork (node_modules/react-dom/cjs/react-dom-client.development.js:15140:22)
      at workLoopSync (node_modules/react-dom/cjs/react-dom-client.development.js:14956:41)
      at renderRootSync (node_modules/react-dom/cjs/react-dom-client.development.js:14936:11)
      at performWorkOnRoot (node_modules/react-dom/cjs/react-dom-client.development.js:14462:44)
      at performWorkOnRootViaSchedulerTask (node_modules/react-dom/cjs/react-dom-client.development.js:16216:7)
      at flushActQueue (node_modules/react/cjs/react.development.js:566:34)
      at process.env.NODE_ENV.exports.act (node_modules/react/cjs/react.development.js:859:10)
      at node_modules/@testing-library/react/dist/act-compat.js:47:25
      at renderRoot (node_modules/@testing-library/react/dist/pure.js:190:26)
      at render (node_modules/@testing-library/react/dist/pure.js:292:10)
      at Object.<anonymous> (src/__tests__/performance/component-performance.test.tsx:314:13)

FAIL src/components/__tests__/MapView.test.tsx
  ● MapView Component › renders map container

    TestingLibraryElementError: Unable to find an element by: [data-testid="map-container"]

    Ignored nodes: comments, script, style
    [36m<body>[39m
      [36m<div>[39m
        [36m<div[39m
          [33mclass[39m=[32m"relative"[39m
        [36m>[39m
          [36m<div[39m
            [33mclass[39m=[32m"w-full rounded-lg shadow-md border border-gray-200 touch-pan-x touch-pan-y bg-gray-50"[39m
            [33mstyle[39m=[32m"height: 400px;"[39m
          [36m/>[39m
          [36m<div[39m
            [33mclass[39m=[32m"absolute top-2 right-2 flex flex-col gap-1 z-1000"[39m
          [36m>[39m
            [36m<div[39m
              [33mclass[39m=[32m"bg-white rounded-md shadow-md border border-gray-200 overflow-hidden"[39m
            [36m>[39m
              [36m<button[39m
                [33mclass[39m=[32m"p-1.5 w-full text-xs transition-colors bg-blue-600 text-white"[39m
                [33mtitle[39m=[32m"Harta e rrugëve"[39m
              [36m>[39m
                [0m��️[0m
              [36m</button>[39m
              [36m<button[39m
                [33mclass[39m=[32m"p-1.5 w-full text-xs transition-colors text-blue-600"[39m
                [33mtitle[39m=[32m"Pamja satelitore"[39m
              [36m>[39m
                [0m��️[0m
              [36m</button>[39m
              [36m<button[39m
                [33mclass[39m=[32m"p-1.5 w-full text-xs transition-colors text-blue-600"[39m
                [33mtitle[39m=[32m"Terreni"[39m
              [36m>[39m
                [0m��️[0m
              [36m</button>[39m
            [36m</div>[39m
            [36m<button[39m
              [33mclass[39m=[32m"bg-white p-1.5 rounded-md shadow-md border border-gray-200 transition-colors duration-200"[39m
              [33mtitle[39m=[32m"Kthehu në pamjen fillestare"[39m
            [36m>[39m
              [36m<svg[39m
                [33maria-hidden[39m=[32m"true"[39m
                [33mclass[39m=[32m"lucide lucide-house h-3 w-3 text-blue-600"[39m
                [33mfill[39m=[32m"none"[39m
                [33mheight[39m=[32m"24"[39m
                [33mstroke[39m=[32m"currentColor"[39m
                [33mstroke-linecap[39m=[32m"round"[39m
                [33mstroke-linejoin[39m=[32m"round"[39m
                [33mstroke-width[39m=[32m"2"[39m
                [33mviewBox[39m=[32m"0 0 24 24"[39m
                [33mwidth[39m=[32m"24"[39m
                [33mxmlns[39m=[32m"http://www.w3.org/2000/svg"[39m
              [36m>[39m
                [36m<path[39m
                  [33md[39m=[32m"M15 21v-8a1 1 0 0 0-1-1h-4a1 1 0 0 0-1 1v8"[39m
                [36m/>[39m
                [36m<path[39m
                  [33md[39m=[32m"M3 10a2 2 0 0 1 .709-1.528l7-5.999a2 2 0 0 1 2.582 0l7 5.999A2 2 0 0 1 21 10v9a2 2 0 0 1-2 2H5a2 2 0 0 1-2-2z"[39m
                [36m/>[39m
              [36m</svg>[39m
            [36m</button>[39m
            [36m<button[39m
              [33mclass[39m=[32m"bg-white hover:bg-blue-50 p-1.5 rounded-md shadow-md border border-gray-200 transition-colors duration-200"[39m
              [33mtitle[39m=[32m"Harta në ekran të plotë"[39m
            [36m>[39m
              [36m<svg[39m
                [33mclass[39m=[32m"h-3 w-3 text-blue-600"[39m
                [33mfill[39m=[32m"none"[39m
                [33mstroke[39m=[32m"currentColor"[39m
                [33mviewBox[39m=[32m"0 0 24 24"[39m
              [36m>[39m
                [36m<path[39m
                  [33md[39m=[32m"M4 8V4m0 0h4M4 4l5 5m11-1V4m0 0h-4m4 0l-5 5M4 16v4m0 0h4m-4 0l5-5m11 5l-5-5m5 5v-4m0 4h-4"[39m
                  [33mstroke-linecap[39m=[32m"round"[39m
                  [33mstroke-linejoin[39m=[32m"round"[39m
                  [33mstroke-width[39m=[32m"2"[39m
                [36m/>[39m
              [36m</svg>[39m
            [36m</button>[39m
            [36m<button[39m
              [33mclass[39m=[32m"bg-white p-1.5 rounded-md shadow-md border border-gray-200 transition-colors duration-200"[39m
              [33mtitle[39m=[32m"Shko te lokacioni im"[39m
            [36m>[39m
              [36m<svg[39m
                [33mclass[39m=[32m"h-3 w-3 text-blue-600"[39m
                [33mfill[39m=[32m"none"[39m
                [33mstroke[39m=[32m"currentColor"[39m
                [33mviewBox[39m=[32m"0 0 24 24"[39m
              [36m>[39m
                [36m<path[39m
                  [33md[39m=[32m"M17.657 16.657L13.414 20.9a1.998 1.998 0 01-2.827 0l-4.244-4.243a8 8 0 1111.314 0z"[39m
                  [33mstroke-linecap[39m=[32m"round"[39m
                  [33mstroke-linejoin[39m=[32m"round"[39m
                  [33mstroke-width[39m=[32m"2"[39m
                [36m/>[39m
                [36m<path[39m
                  [33md[39m=[32m"M15 11a3 3 0 11-6 0 3 3 0 016 0z"[39m
                  [33mstroke-linecap[39m=[32m"round"[39m
                  [33mstroke-linejoin[39m=[32m"round"[39m
                  [33mstroke-width[39m=[32m"2"[39m
                [36m/>[39m
              [36m</svg>[39m
            [36m</button>[39m
          [36m</div>[39m
          [36m<div[39m
            [33mclass[39m=[32m"absolute top-3 left-3 z-1000"[39m
          [36m>[39m
            [36m<div[39m
              [33mclass[39m=[32m"bg-white rounded-lg shadow-md border border-gray-200 p-3 max-w-xs sm:max-w-sm"[39m
            [36m>[39m
              [36m<div[39m
                [33mclass[39m=[32m"flex items-center gap-2 mb-2"[39m
              [36m>[39m
                [36m<svg[39m
                  [33maria-hidden[39m=[32m"true"[39m
                  [33mclass[39m=[32m"lucide lucide-funnel h-4 w-4 text-blue-600"[39m
                  [33mfill[39m=[32m"none"[39m
                  [33mheight[39m=[32m"24"[39m
                  [33mstroke[39m=[32m"currentColor"[39m
                  [33mstroke-linecap[39m=[32m"round"[39m
                  [33mstroke-linejoin[39m=[32m"round"[39m
                  [33mstroke-width[39m=[32m"2"[39m
                  [33mviewBox[39m=[32m"0 0 24 24"[39m
                  [33mwidth[39m=[32m"24"[39m
                  [33mxmlns[39m=[32m"http://www.w3.org/2000/svg"[39m
                [36m>[39m
                  [36m<path[39m
                    [33md[39m=[32m"M10 20a1 1 0 0 0 .553.895l2 1A1 1 0 0 0 14 21v-7a2 2 0 0 1 .517-1.341L21.74 4.67A1 1 0 0 0 21 3H3a1 1 0 0 0-.742 1.67l7.225 7.989A2 2 0 0 1 10 14z"[39m
                  [36m/>[39m
                [36m</svg>[39m
                [36m<span[39m
                  [33mclass[39m=[32m"text-sm font-medium text-gray-700"[39m
                [36m>[39m
                  [0mFiltrat e Hartës[0m
                [36m</span>[39m
              [36m</div>[39m
              [36m<div[39m
                [33mclass[39m=[32m"space-y-2"[39m
              [36m>[39m
                [36m<div>[39m
                  [36m<label[39m
                    [33mclass[39m=[32m"text-xs text-gray-600 block mb-1"[39m
                  [36m>[39m
                    [0mÇmimi[0m
                  [36m</label>[39m
                  [36m<select[39m
                    [33mclass[39m=[32m"w-full text-xs border border-gray-300 rounded px-2 py-1.5 focus:outline-none focus:ring-1 focus:ring-blue-500 touch-manipulation"[39m
                  [36m>[39m
                    [36m<option[39m
                      [33mvalue[39m=[32m"all"[39m
                    [36m>[39m
                      [0mTë gjitha[0m
                    [36m</option>[39m
                    [36m<option[39m
                      [33mvalue[39m=[32m"low"[39m
                    [36m>[39m
                      [0mDeri €100,000[0m
                    [36m</option>[39m
                    [36m<option[39m
                      [33mvalue[39m=[32m"medium"[39m
                    [36m>[39m
                      [0m€100,000 - €300,000[0m
                    [36m</option>[39m
                    [36m<option[39m
                      [33mvalue[39m=[32m"high"[39m
                    [36m>[39m
                      [0mMbi €300,000[0m
                    [36m</option>[39m
                  [36m</select>[39m
                [36m</div>[39m
                [36m<div>[39m
                  [36m<label[39m
                    [33mclass[39m=[32m"text-xs text-gray-600 block mb-1"[39m
                  [36m>[39m
                    [0mLloji[0m
                  [36m</label>[39m
                  [36m<select[39m
                    [33mclass[39m=[32m"w-full text-xs border border-gray-300 rounded px-2 py-1.5 focus:outline-none focus:ring-1 focus:ring-blue-500 touch-manipulation"[39m
                  [36m>[39m
                    [36m<option[39m
                      [33mvalue[39m=[32m"all"[39m
                    [36m>[39m
                      [0mTë gjitha[0m
                    [36m</option>[39m
                    [36m<option[39m
                      [33mvalue[39m=[32m"house"[39m
                    [36m>[39m
                      [0mShtëpi[0m
                    [36m</option>[39m
                    [36m<option[39m
                      [33mvalue[39m=[32m"apartment"[39m
                    [36m>[39m
                      [0mApartament[0m
                    [36m</option>[39m
                    [36m<option[39m
                      [33mvalue[39m=[32m"condo"[39m
                    [36m>[39m
                      [0mKondo[0m
                    [36m</option>[39m
                    [36m<option[39m
                      [33mvalue[39m=[32m"townhouse"[39m
                    [36m>[39m
                      [0mShtëpi në Qytet[0m
                    [36m</option>[39m
                  [36m</select>[39m
                [36m</div>[39m
              [36m</div>[39m
              [36m<div[39m
                [33mclass[39m=[32m"mt-2 pt-2 border-t border-gray-200"[39m
              [36m>[39m
                [36m<span[39m
                  [33mclass[39m=[32m"text-xs text-gray-600"[39m
                [36m>[39m
                  [0m2[0m
                  [0m pasuri në hartë[0m
                [36m</span>[39m
              [36m</div>[39m
            [36m</div>[39m
          [36m</div>[39m
          [36m<div[39m
            [33mclass[39m=[32m"absolute inset-0 bg-linear-to-br from-blue-50 to-green-50 bg-opacity-95 flex items-center justify-center rounded-lg"[39m
          [36m>[39m
            [36m<div[39m
              [33mclass[39m=[32m"flex flex-col items-center justify-center p-6"[39m
            [36m>[39m
              [36m<div[39m
                [33mclass[39m=[32m"relative mb-4"[39m
              [36m>[39m
                [36m<div[39m
                  [33mclass[39m=[32m"absolute inset-0 bg-gradient-to-r from-red-100 to-blue-100 rounded-full animate-pulse"[39m
                [36m/>[39m
                [36m<div[39m
                  [33mclass[39m=[32m"relative bg-white rounded-full p-4 shadow-lg"[39m
                [36m>[39m
                  [36m<div[39m
                    [33mclass[39m=[32m"absolute inset-0 bg-gradient-to-r from-red-500 via-blue-500 to-yellow-500 rounded-full animate-spin opacity-20"[39m
                  [36m/>[39m
                  [36m<div[39m
                    [33mclass[39m=[32m"relative z-10"[39m
                  [36m>[39m
                    [36m<svg[39m
                      [33maria-hidden[39m=[32m"true"[39m
                      [33mclass[39m=[32m"lucide lucide-house h-8 w-8 text-red-500 transition-all duration-300 opacity-100 scale-110 transform"[39m
                      [33mfill[39m=[32m"none"[39m
                      [33mheight[39m=[32m"24"[39m
                      [33mstroke[39m=[32m"currentColor"[39m
                      [33mstroke-linecap[39m=[32m"round"[39m
                      [33mstroke-linejoin[39m=[32m"round"[39m
                      [33mstroke-width[39m=[32m"2"[39m
                      [33mviewBox[39m=[32m"0 0 24 24"[39m
                      [33mwidth[39m=[32m"24"[39m
                      [33mxmlns[39m=[32m"http://www.w3.org/2000/svg"[39m
                    [36m>[39m
                      [36m<path[39m
                        [33md[39m=[32m"M15 21v-8a1 1 0 0 0-1-1h-4a1 1 0 0 0-1 1v8"[39m
                      [36m/>[39m
                      [36m<path[39m
                        [33md[39m=[32m"M3 10a2 2 0 0 1 .709-1.528l7-5.999a2 2 0 0 1 2.582 0l7 5.999A2 2 0 0 1 21 10v9a2 2 0 0 1-2 2H5a2 2 0 0 1-2-2z"[39m
                      [36m/>[39m
                    [36m</svg>[39m
                    [36m<svg[39m
                      [33maria-hidden[39m=[32m"true"[39m
                      [33mclass[39m=[32m"lucide lucide-map-pin h-8 w-8 text-blue-500 transition-all duration-300 opacity-0 scale-90 absolute inset-0"[39m
                      [33mfill[39m=[32m"none"[39m
                      [33mheight[39m=[32m"24"[39m
                      [33mstroke[39m=[32m"currentColor"[39m
                      [33mstroke-linecap[39m=[32m"round"[39m
                      [33mstroke-linejoin[39m=[32m"round"[39m
                      [33mstroke-width[39m=[32m"2"[39m
                      [33mviewBox[39m=[32m"0 0 24 24"[39m
                      [33mwidth[39m=[32m"24"[39m
                      [33mxmlns[39m=[32m"http://www.w3.org/2000/svg"[39m
                    [36m>[39m
                      [36m<path[39m
                        [33md[39m=[32m"M20 10c0 4.993-5.539 10.193-7.399 11.799a1 1 0 0 1-1.202 0C9.539 20.193 4 14.993 4 10a8 8 0 0 1 16 0"[39m
                      [36m/>[39m
                      [36m<circle[39m
                        [33mcx[39m=[32m"12"[39m
                        [33mcy[39m=[32m"10"[39m
                        [33mr[39m=[32m"3"[39m
                      [36m/>[39m
                    [36m</svg>[39m
                    [36m<svg[39m
                      [33maria-hidden[39m=[32m"true"[39m
                      [33mclass[39m=[32m"lucide lucide-key h-8 w-8 text-yellow-500 transition-all duration-300 opacity-0 scale-90 absolute inset-0"[39m
                      [33mfill[39m=[32m"none"[39m
                      [33mheight[39m=[32m"24"[39m
                      [33mstroke[39m=[32m"currentColor"[39m
                      [33mstroke-linecap[39m=[32m"round"[39m
                      [33mstroke-linejoin[39m=[32m"round"[39m
                      [33mstroke-width[39m=[32m"2"[39m
                      [33mviewBox[39m=[32m"0 0 24 24"[39m
                      [33mwidth[39m=[32m"24"[39m
                      [33mxmlns[39m=[32m"http://www.w3.org/2000/svg"[39m
                    [36m>[39m
                      [36m<path[39m
                        [33md[39m=[32m"m15.5 7.5 2.3 2.3a1 1 0 0 0 1.4 0l2.1-2.1a1 1 0 0 0 0-1.4L19 4"[39m
                      [36m/>[39m
                      [36m<path[39m
                        [33md[39m=[32m"m21 2-9.6 9.6"[39m
                      [36m/>[39m
                      [36m<circle[39m
                        [33mcx[39m=[32m"7.5"[39m
                        [33mcy[39m=[32m"15.5"[39m
                        [33mr[39m=[32m"5.5"[39m
                      [36m/>[39m
                    [36m</svg>[39m
                    [36m<svg[39m
                      [33maria-hidden[39m=[32m"true"[39m
                      [33mclass[39m=[32m"lucide lucide-heart h-8 w-8 text-pink-500 transition-all duration-300 opacity-0 scale-90 absolute inset-0"[39m
                      [33mfill[39m=[32m"none"[39m
                      [33mheight[39m=[32m"24"[39m
                      [33mstroke[39m=[32m"currentColor"[39m
                      [33mstroke-linecap[39m=[32m"round"[39m
                      [33mstroke-linejoin[39m=[32m"round"[39m
                      [33mstroke-width[39m=[32m"2"[39m
                      [33mviewBox[39m=[32m"0 0 24 24"[39m
                      [33mwidth[39m=[32m"24"[39m
                      [33mxmlns[39m=[32m"http://www.w3.org/2000/svg"[39m
                    [36m>[39m
                      [36m<path[39m
                        [33md[39m=[32m"M19 14c1.49-1.46 3-3.21 3-5.5A5.5 5.5 0 0 0 16.5 3c-1.76 0-3 .5-4.5 2-1.5-1.5-2.74-2-4.5-2A5.5 5.5 0 0 0 2 8.5c0 2.3 1.5 4.05 3 5.5l7 7Z"[39m
                      [36m/>[39m
                    [36m</svg>[39m
                  [36m</div>[39m
                [36m</div>[39m
              [36m</div>[39m
              [36m<div[39m
                [33mclass[39m=[32m"flex space-x-1 mb-3"[39m
              [36m>[39m
                [36m<div[39m
                  [33mclass[39m=[32m"w-2 h-2 bg-red-500 rounded-full animate-bounce"[39m
                  [33mstyle[39m=[32m"animation-delay: 0s;"[39m
                [36m/>[39m
                [36m<div[39m
                  [33mclass[39m=[32m"w-2 h-2 bg-red-500 rounded-full animate-bounce"[39m
                  [33mstyle[39m=[32m"animation-delay: 0.2s;"[39m
                [36m/>[39m
                [36m<div[39m
                  [33mclass[39m=[32m"w-2 h-2 bg-red-500 rounded-full animate-bounce"[39m
                  [33mstyle[39m=[32m"animation-delay: 0.4s;"[39m
                [36m/>[39m
              [36m</div>[39m
              [36m<p[39m
                [33mclass[39m=[32m"text-gray-700 text-sm font-medium text-center"[39m
              [36m>[39m
                [0mPo ngarkohet harta...[0m
              [36m</p>[39m
              [36m<div[39m
                [33mclass[39m=[32m"w-32 h-1 bg-gray-200 rounded-full mt-3 overflow-hidden"[39m
              [36m>[39m
                [36m<div[39m
                  [33mclass[39m=[32m"h-full bg-gradient-to-r from-red-500 to-blue-500 rounded-full animate-pulse"[39m
                [36m/>[39m
              [36m</div>[39m
            [36m</div>[39m
          [36m</div>[39m
        [36m</div>[39m
      [36m</div>[39m
    [36m</body>[39m

      84 |   it('renders map container', () => {
      85 |     render(<MapView properties={mockProperties} />);
    > 86 |     expect(screen.getByTestId('map-container')).toBeInTheDocument();
         |                   ^
      87 |   });
      88 |
      89 |   it('renders tile layer', () => {

      at Object.getElementError (node_modules/@testing-library/dom/dist/config.js:37:19)
      at node_modules/@testing-library/dom/dist/query-helpers.js:76:38
      at node_modules/@testing-library/dom/dist/query-helpers.js:52:17
      at node_modules/@testing-library/dom/dist/query-helpers.js:95:19
      at Object.getByTestId (src/components/__tests__/MapView.test.tsx:86:19)

  ● MapView Component › renders tile layer

    TestingLibraryElementError: Unable to find an element by: [data-testid="tile-layer"]

    Ignored nodes: comments, script, style
    [36m<body>[39m
      [36m<div>[39m
        [36m<div[39m
          [33mclass[39m=[32m"relative"[39m
        [36m>[39m
          [36m<div[39m
            [33mclass[39m=[32m"w-full rounded-lg shadow-md border border-gray-200 touch-pan-x touch-pan-y bg-gray-50"[39m
            [33mstyle[39m=[32m"height: 400px;"[39m
          [36m/>[39m
          [36m<div[39m
            [33mclass[39m=[32m"absolute top-2 right-2 flex flex-col gap-1 z-1000"[39m
          [36m>[39m
            [36m<div[39m
              [33mclass[39m=[32m"bg-white rounded-md shadow-md border border-gray-200 overflow-hidden"[39m
            [36m>[39m
              [36m<button[39m
                [33mclass[39m=[32m"p-1.5 w-full text-xs transition-colors bg-blue-600 text-white"[39m
                [33mtitle[39m=[32m"Harta e rrugëve"[39m
              [36m>[39m
                [0m��️[0m
              [36m</button>[39m
              [36m<button[39m
                [33mclass[39m=[32m"p-1.5 w-full text-xs transition-colors text-blue-600"[39m
                [33mtitle[39m=[32m"Pamja satelitore"[39m
              [36m>[39m
                [0m��️[0m
              [36m</button>[39m
              [36m<button[39m
                [33mclass[39m=[32m"p-1.5 w-full text-xs transition-colors text-blue-600"[39m
                [33mtitle[39m=[32m"Terreni"[39m
              [36m>[39m
                [0m��️[0m
              [36m</button>[39m
            [36m</div>[39m
            [36m<button[39m
              [33mclass[39m=[32m"bg-white p-1.5 rounded-md shadow-md border border-gray-200 transition-colors duration-200"[39m
              [33mtitle[39m=[32m"Kthehu në pamjen fillestare"[39m
            [36m>[39m
              [36m<svg[39m
                [33maria-hidden[39m=[32m"true"[39m
                [33mclass[39m=[32m"lucide lucide-house h-3 w-3 text-blue-600"[39m
                [33mfill[39m=[32m"none"[39m
                [33mheight[39m=[32m"24"[39m
                [33mstroke[39m=[32m"currentColor"[39m
                [33mstroke-linecap[39m=[32m"round"[39m
                [33mstroke-linejoin[39m=[32m"round"[39m
                [33mstroke-width[39m=[32m"2"[39m
                [33mviewBox[39m=[32m"0 0 24 24"[39m
                [33mwidth[39m=[32m"24"[39m
                [33mxmlns[39m=[32m"http://www.w3.org/2000/svg"[39m
              [36m>[39m
                [36m<path[39m
                  [33md[39m=[32m"M15 21v-8a1 1 0 0 0-1-1h-4a1 1 0 0 0-1 1v8"[39m
                [36m/>[39m
                [36m<path[39m
                  [33md[39m=[32m"M3 10a2 2 0 0 1 .709-1.528l7-5.999a2 2 0 0 1 2.582 0l7 5.999A2 2 0 0 1 21 10v9a2 2 0 0 1-2 2H5a2 2 0 0 1-2-2z"[39m
                [36m/>[39m
              [36m</svg>[39m
            [36m</button>[39m
            [36m<button[39m
              [33mclass[39m=[32m"bg-white hover:bg-blue-50 p-1.5 rounded-md shadow-md border border-gray-200 transition-colors duration-200"[39m
              [33mtitle[39m=[32m"Harta në ekran të plotë"[39m
            [36m>[39m
              [36m<svg[39m
                [33mclass[39m=[32m"h-3 w-3 text-blue-600"[39m
                [33mfill[39m=[32m"none"[39m
                [33mstroke[39m=[32m"currentColor"[39m
                [33mviewBox[39m=[32m"0 0 24 24"[39m
              [36m>[39m
                [36m<path[39m
                  [33md[39m=[32m"M4 8V4m0 0h4M4 4l5 5m11-1V4m0 0h-4m4 0l-5 5M4 16v4m0 0h4m-4 0l5-5m11 5l-5-5m5 5v-4m0 4h-4"[39m
                  [33mstroke-linecap[39m=[32m"round"[39m
                  [33mstroke-linejoin[39m=[32m"round"[39m
                  [33mstroke-width[39m=[32m"2"[39m
                [36m/>[39m
              [36m</svg>[39m
            [36m</button>[39m
            [36m<button[39m
              [33mclass[39m=[32m"bg-white p-1.5 rounded-md shadow-md border border-gray-200 transition-colors duration-200"[39m
              [33mtitle[39m=[32m"Shko te lokacioni im"[39m
            [36m>[39m
              [36m<svg[39m
                [33mclass[39m=[32m"h-3 w-3 text-blue-600"[39m
                [33mfill[39m=[32m"none"[39m
                [33mstroke[39m=[32m"currentColor"[39m
                [33mviewBox[39m=[32m"0 0 24 24"[39m
              [36m>[39m
                [36m<path[39m
                  [33md[39m=[32m"M17.657 16.657L13.414 20.9a1.998 1.998 0 01-2.827 0l-4.244-4.243a8 8 0 1111.314 0z"[39m
                  [33mstroke-linecap[39m=[32m"round"[39m
                  [33mstroke-linejoin[39m=[32m"round"[39m
                  [33mstroke-width[39m=[32m"2"[39m
                [36m/>[39m
                [36m<path[39m
                  [33md[39m=[32m"M15 11a3 3 0 11-6 0 3 3 0 016 0z"[39m
                  [33mstroke-linecap[39m=[32m"round"[39m
                  [33mstroke-linejoin[39m=[32m"round"[39m
                  [33mstroke-width[39m=[32m"2"[39m
                [36m/>[39m
              [36m</svg>[39m
            [36m</button>[39m
          [36m</div>[39m
          [36m<div[39m
            [33mclass[39m=[32m"absolute top-3 left-3 z-1000"[39m
          [36m>[39m
            [36m<div[39m
              [33mclass[39m=[32m"bg-white rounded-lg shadow-md border border-gray-200 p-3 max-w-xs sm:max-w-sm"[39m
            [36m>[39m
              [36m<div[39m
                [33mclass[39m=[32m"flex items-center gap-2 mb-2"[39m
              [36m>[39m
                [36m<svg[39m
                  [33maria-hidden[39m=[32m"true"[39m
                  [33mclass[39m=[32m"lucide lucide-funnel h-4 w-4 text-blue-600"[39m
                  [33mfill[39m=[32m"none"[39m
                  [33mheight[39m=[32m"24"[39m
                  [33mstroke[39m=[32m"currentColor"[39m
                  [33mstroke-linecap[39m=[32m"round"[39m
                  [33mstroke-linejoin[39m=[32m"round"[39m
                  [33mstroke-width[39m=[32m"2"[39m
                  [33mviewBox[39m=[32m"0 0 24 24"[39m
                  [33mwidth[39m=[32m"24"[39m
                  [33mxmlns[39m=[32m"http://www.w3.org/2000/svg"[39m
                [36m>[39m
                  [36m<path[39m
                    [33md[39m=[32m"M10 20a1 1 0 0 0 .553.895l2 1A1 1 0 0 0 14 21v-7a2 2 0 0 1 .517-1.341L21.74 4.67A1 1 0 0 0 21 3H3a1 1 0 0 0-.742 1.67l7.225 7.989A2 2 0 0 1 10 14z"[39m
                  [36m/>[39m
                [36m</svg>[39m
                [36m<span[39m
                  [33mclass[39m=[32m"text-sm font-medium text-gray-700"[39m
                [36m>[39m
                  [0mFiltrat e Hartës[0m
                [36m</span>[39m
              [36m</div>[39m
              [36m<div[39m
                [33mclass[39m=[32m"space-y-2"[39m
              [36m>[39m
                [36m<div>[39m
                  [36m<label[39m
                    [33mclass[39m=[32m"text-xs text-gray-600 block mb-1"[39m
                  [36m>[39m
                    [0mÇmimi[0m
                  [36m</label>[39m
                  [36m<select[39m
                    [33mclass[39m=[32m"w-full text-xs border border-gray-300 rounded px-2 py-1.5 focus:outline-none focus:ring-1 focus:ring-blue-500 touch-manipulation"[39m
                  [36m>[39m
                    [36m<option[39m
                      [33mvalue[39m=[32m"all"[39m
                    [36m>[39m
                      [0mTë gjitha[0m
                    [36m</option>[39m
                    [36m<option[39m
                      [33mvalue[39m=[32m"low"[39m
                    [36m>[39m
                      [0mDeri €100,000[0m
                    [36m</option>[39m
                    [36m<option[39m
                      [33mvalue[39m=[32m"medium"[39m
                    [36m>[39m
                      [0m€100,000 - €300,000[0m
                    [36m</option>[39m
                    [36m<option[39m
                      [33mvalue[39m=[32m"high"[39m
                    [36m>[39m
                      [0mMbi €300,000[0m
                    [36m</option>[39m
                  [36m</select>[39m
                [36m</div>[39m
                [36m<div>[39m
                  [36m<label[39m
                    [33mclass[39m=[32m"text-xs text-gray-600 block mb-1"[39m
                  [36m>[39m
                    [0mLloji[0m
                  [36m</label>[39m
                  [36m<select[39m
                    [33mclass[39m=[32m"w-full text-xs border border-gray-300 rounded px-2 py-1.5 focus:outline-none focus:ring-1 focus:ring-blue-500 touch-manipulation"[39m
                  [36m>[39m
                    [36m<option[39m
                      [33mvalue[39m=[32m"all"[39m
                    [36m>[39m
                      [0mTë gjitha[0m
                    [36m</option>[39m
                    [36m<option[39m
                      [33mvalue[39m=[32m"house"[39m
                    [36m>[39m
                      [0mShtëpi[0m
                    [36m</option>[39m
                    [36m<option[39m
                      [33mvalue[39m=[32m"apartment"[39m
                    [36m>[39m
                      [0mApartament[0m
                    [36m</option>[39m
                    [36m<option[39m
                      [33mvalue[39m=[32m"condo"[39m
                    [36m>[39m
                      [0mKondo[0m
                    [36m</option>[39m
                    [36m<option[39m
                      [33mvalue[39m=[32m"townhouse"[39m
                    [36m>[39m
                      [0mShtëpi në Qytet[0m
                    [36m</option>[39m
                  [36m</select>[39m
                [36m</div>[39m
              [36m</div>[39m
              [36m<div[39m
                [33mclass[39m=[32m"mt-2 pt-2 border-t border-gray-200"[39m
              [36m>[39m
                [36m<span[39m
                  [33mclass[39m=[32m"text-xs text-gray-600"[39m
                [36m>[39m
                  [0m2[0m
                  [0m pasuri në hartë[0m
                [36m</span>[39m
              [36m</div>[39m
            [36m</div>[39m
          [36m</div>[39m
          [36m<div[39m
            [33mclass[39m=[32m"absolute inset-0 bg-linear-to-br from-blue-50 to-green-50 bg-opacity-95 flex items-center justify-center rounded-lg"[39m
          [36m>[39m
            [36m<div[39m
              [33mclass[39m=[32m"flex flex-col items-center justify-center p-6"[39m
            [36m>[39m
              [36m<div[39m
                [33mclass[39m=[32m"relative mb-4"[39m
              [36m>[39m
                [36m<div[39m
                  [33mclass[39m=[32m"absolute inset-0 bg-gradient-to-r from-red-100 to-blue-100 rounded-full animate-pulse"[39m
                [36m/>[39m
                [36m<div[39m
                  [33mclass[39m=[32m"relative bg-white rounded-full p-4 shadow-lg"[39m
                [36m>[39m
                  [36m<div[39m
                    [33mclass[39m=[32m"absolute inset-0 bg-gradient-to-r from-red-500 via-blue-500 to-yellow-500 rounded-full animate-spin opacity-20"[39m
                  [36m/>[39m
                  [36m<div[39m
                    [33mclass[39m=[32m"relative z-10"[39m
                  [36m>[39m
                    [36m<svg[39m
                      [33maria-hidden[39m=[32m"true"[39m
                      [33mclass[39m=[32m"lucide lucide-house h-8 w-8 text-red-500 transition-all duration-300 opacity-100 scale-110 transform"[39m
                      [33mfill[39m=[32m"none"[39m
                      [33mheight[39m=[32m"24"[39m
                      [33mstroke[39m=[32m"currentColor"[39m
                      [33mstroke-linecap[39m=[32m"round"[39m
                      [33mstroke-linejoin[39m=[32m"round"[39m
                      [33mstroke-width[39m=[32m"2"[39m
                      [33mviewBox[39m=[32m"0 0 24 24"[39m
                      [33mwidth[39m=[32m"24"[39m
                      [33mxmlns[39m=[32m"http://www.w3.org/2000/svg"[39m
                    [36m>[39m
                      [36m<path[39m
                        [33md[39m=[32m"M15 21v-8a1 1 0 0 0-1-1h-4a1 1 0 0 0-1 1v8"[39m
                      [36m/>[39m
                      [36m<path[39m
                        [33md[39m=[32m"M3 10a2 2 0 0 1 .709-1.528l7-5.999a2 2 0 0 1 2.582 0l7 5.999A2 2 0 0 1 21 10v9a2 2 0 0 1-2 2H5a2 2 0 0 1-2-2z"[39m
                      [36m/>[39m
                    [36m</svg>[39m
                    [36m<svg[39m
                      [33maria-hidden[39m=[32m"true"[39m
                      [33mclass[39m=[32m"lucide lucide-map-pin h-8 w-8 text-blue-500 transition-all duration-300 opacity-0 scale-90 absolute inset-0"[39m
                      [33mfill[39m=[32m"none"[39m
                      [33mheight[39m=[32m"24"[39m
                      [33mstroke[39m=[32m"currentColor"[39m
                      [33mstroke-linecap[39m=[32m"round"[39m
                      [33mstroke-linejoin[39m=[32m"round"[39m
                      [33mstroke-width[39m=[32m"2"[39m
                      [33mviewBox[39m=[32m"0 0 24 24"[39m
                      [33mwidth[39m=[32m"24"[39m
                      [33mxmlns[39m=[32m"http://www.w3.org/2000/svg"[39m
                    [36m>[39m
                      [36m<path[39m
                        [33md[39m=[32m"M20 10c0 4.993-5.539 10.193-7.399 11.799a1 1 0 0 1-1.202 0C9.539 20.193 4 14.993 4 10a8 8 0 0 1 16 0"[39m
                      [36m/>[39m
                      [36m<circle[39m
                        [33mcx[39m=[32m"12"[39m
                        [33mcy[39m=[32m"10"[39m
                        [33mr[39m=[32m"3"[39m
                      [36m/>[39m
                    [36m</svg>[39m
                    [36m<svg[39m
                      [33maria-hidden[39m=[32m"true"[39m
                      [33mclass[39m=[32m"lucide lucide-key h-8 w-8 text-yellow-500 transition-all duration-300 opacity-0 scale-90 absolute inset-0"[39m
                      [33mfill[39m=[32m"none"[39m
                      [33mheight[39m=[32m"24"[39m
                      [33mstroke[39m=[32m"currentColor"[39m
                      [33mstroke-linecap[39m=[32m"round"[39m
                      [33mstroke-linejoin[39m=[32m"round"[39m
                      [33mstroke-width[39m=[32m"2"[39m
                      [33mviewBox[39m=[32m"0 0 24 24"[39m
                      [33mwidth[39m=[32m"24"[39m
                      [33mxmlns[39m=[32m"http://www.w3.org/2000/svg"[39m
                    [36m>[39m
                      [36m<path[39m
                        [33md[39m=[32m"m15.5 7.5 2.3 2.3a1 1 0 0 0 1.4 0l2.1-2.1a1 1 0 0 0 0-1.4L19 4"[39m
                      [36m/>[39m
                      [36m<path[39m
                        [33md[39m=[32m"m21 2-9.6 9.6"[39m
                      [36m/>[39m
                      [36m<circle[39m
                        [33mcx[39m=[32m"7.5"[39m
                        [33mcy[39m=[32m"15.5"[39m
                        [33mr[39m=[32m"5.5"[39m
                      [36m/>[39m
                    [36m</svg>[39m
                    [36m<svg[39m
                      [33maria-hidden[39m=[32m"true"[39m
                      [33mclass[39m=[32m"lucide lucide-heart h-8 w-8 text-pink-500 transition-all duration-300 opacity-0 scale-90 absolute inset-0"[39m
                      [33mfill[39m=[32m"none"[39m
                      [33mheight[39m=[32m"24"[39m
                      [33mstroke[39m=[32m"currentColor"[39m
                      [33mstroke-linecap[39m=[32m"round"[39m
                      [33mstroke-linejoin[39m=[32m"round"[39m
                      [33mstroke-width[39m=[32m"2"[39m
                      [33mviewBox[39m=[32m"0 0 24 24"[39m
                      [33mwidth[39m=[32m"24"[39m
                      [33mxmlns[39m=[32m"http://www.w3.org/2000/svg"[39m
                    [36m>[39m
                      [36m<path[39m
                        [33md[39m=[32m"M19 14c1.49-1.46 3-3.21 3-5.5A5.5 5.5 0 0 0 16.5 3c-1.76 0-3 .5-4.5 2-1.5-1.5-2.74-2-4.5-2A5.5 5.5 0 0 0 2 8.5c0 2.3 1.5 4.05 3 5.5l7 7Z"[39m
                      [36m/>[39m
                    [36m</svg>[39m
                  [36m</div>[39m
                [36m</div>[39m
              [36m</div>[39m
              [36m<div[39m
                [33mclass[39m=[32m"flex space-x-1 mb-3"[39m
              [36m>[39m
                [36m<div[39m
                  [33mclass[39m=[32m"w-2 h-2 bg-red-500 rounded-full animate-bounce"[39m
                  [33mstyle[39m=[32m"animation-delay: 0s;"[39m
                [36m/>[39m
                [36m<div[39m
                  [33mclass[39m=[32m"w-2 h-2 bg-red-500 rounded-full animate-bounce"[39m
                  [33mstyle[39m=[32m"animation-delay: 0.2s;"[39m
                [36m/>[39m
                [36m<div[39m
                  [33mclass[39m=[32m"w-2 h-2 bg-red-500 rounded-full animate-bounce"[39m
                  [33mstyle[39m=[32m"animation-delay: 0.4s;"[39m
                [36m/>[39m
              [36m</div>[39m
              [36m<p[39m
                [33mclass[39m=[32m"text-gray-700 text-sm font-medium text-center"[39m
              [36m>[39m
                [0mPo ngarkohet harta...[0m
              [36m</p>[39m
              [36m<div[39m
                [33mclass[39m=[32m"w-32 h-1 bg-gray-200 rounded-full mt-3 overflow-hidden"[39m
              [36m>[39m
                [36m<div[39m
                  [33mclass[39m=[32m"h-full bg-gradient-to-r from-red-500 to-blue-500 rounded-full animate-pulse"[39m
                [36m/>[39m
              [36m</div>[39m
            [36m</div>[39m
          [36m</div>[39m
        [36m</div>[39m
      [36m</div>[39m
    [36m</body>[39m

      89 |   it('renders tile layer', () => {
      90 |     render(<MapView properties={mockProperties} />);
    > 91 |     expect(screen.getByTestId('tile-layer')).toBeInTheDocument();
         |                   ^
      92 |   });
      93 |
      94 |   it('renders markers for each property', () => {

      at Object.getElementError (node_modules/@testing-library/dom/dist/config.js:37:19)
      at node_modules/@testing-library/dom/dist/query-helpers.js:76:38
      at node_modules/@testing-library/dom/dist/query-helpers.js:52:17
      at node_modules/@testing-library/dom/dist/query-helpers.js:95:19
      at Object.getByTestId (src/components/__tests__/MapView.test.tsx:91:19)

  ● MapView Component › renders markers for each property

    TestingLibraryElementError: Unable to find an element by: [data-testid="marker"]

    Ignored nodes: comments, script, style
    [36m<body>[39m
      [36m<div>[39m
        [36m<div[39m
          [33mclass[39m=[32m"relative"[39m
        [36m>[39m
          [36m<div[39m
            [33mclass[39m=[32m"w-full rounded-lg shadow-md border border-gray-200 touch-pan-x touch-pan-y bg-gray-50"[39m
            [33mstyle[39m=[32m"height: 400px;"[39m
          [36m/>[39m
          [36m<div[39m
            [33mclass[39m=[32m"absolute top-2 right-2 flex flex-col gap-1 z-1000"[39m
          [36m>[39m
            [36m<div[39m
              [33mclass[39m=[32m"bg-white rounded-md shadow-md border border-gray-200 overflow-hidden"[39m
            [36m>[39m
              [36m<button[39m
                [33mclass[39m=[32m"p-1.5 w-full text-xs transition-colors bg-blue-600 text-white"[39m
                [33mtitle[39m=[32m"Harta e rrugëve"[39m
              [36m>[39m
                [0m��️[0m
              [36m</button>[39m
              [36m<button[39m
                [33mclass[39m=[32m"p-1.5 w-full text-xs transition-colors text-blue-600"[39m
                [33mtitle[39m=[32m"Pamja satelitore"[39m
              [36m>[39m
                [0m��️[0m
              [36m</button>[39m
              [36m<button[39m
                [33mclass[39m=[32m"p-1.5 w-full text-xs transition-colors text-blue-600"[39m
                [33mtitle[39m=[32m"Terreni"[39m
              [36m>[39m
                [0m��️[0m
              [36m</button>[39m
            [36m</div>[39m
            [36m<button[39m
              [33mclass[39m=[32m"bg-white p-1.5 rounded-md shadow-md border border-gray-200 transition-colors duration-200"[39m
              [33mtitle[39m=[32m"Kthehu në pamjen fillestare"[39m
            [36m>[39m
              [36m<svg[39m
                [33maria-hidden[39m=[32m"true"[39m
                [33mclass[39m=[32m"lucide lucide-house h-3 w-3 text-blue-600"[39m
                [33mfill[39m=[32m"none"[39m
                [33mheight[39m=[32m"24"[39m
                [33mstroke[39m=[32m"currentColor"[39m
                [33mstroke-linecap[39m=[32m"round"[39m
                [33mstroke-linejoin[39m=[32m"round"[39m
                [33mstroke-width[39m=[32m"2"[39m
                [33mviewBox[39m=[32m"0 0 24 24"[39m
                [33mwidth[39m=[32m"24"[39m
                [33mxmlns[39m=[32m"http://www.w3.org/2000/svg"[39m
              [36m>[39m
                [36m<path[39m
                  [33md[39m=[32m"M15 21v-8a1 1 0 0 0-1-1h-4a1 1 0 0 0-1 1v8"[39m
                [36m/>[39m
                [36m<path[39m
                  [33md[39m=[32m"M3 10a2 2 0 0 1 .709-1.528l7-5.999a2 2 0 0 1 2.582 0l7 5.999A2 2 0 0 1 21 10v9a2 2 0 0 1-2 2H5a2 2 0 0 1-2-2z"[39m
                [36m/>[39m
              [36m</svg>[39m
            [36m</button>[39m
            [36m<button[39m
              [33mclass[39m=[32m"bg-white hover:bg-blue-50 p-1.5 rounded-md shadow-md border border-gray-200 transition-colors duration-200"[39m
              [33mtitle[39m=[32m"Harta në ekran të plotë"[39m
            [36m>[39m
              [36m<svg[39m
                [33mclass[39m=[32m"h-3 w-3 text-blue-600"[39m
                [33mfill[39m=[32m"none"[39m
                [33mstroke[39m=[32m"currentColor"[39m
                [33mviewBox[39m=[32m"0 0 24 24"[39m
              [36m>[39m
                [36m<path[39m
                  [33md[39m=[32m"M4 8V4m0 0h4M4 4l5 5m11-1V4m0 0h-4m4 0l-5 5M4 16v4m0 0h4m-4 0l5-5m11 5l-5-5m5 5v-4m0 4h-4"[39m
                  [33mstroke-linecap[39m=[32m"round"[39m
                  [33mstroke-linejoin[39m=[32m"round"[39m
                  [33mstroke-width[39m=[32m"2"[39m
                [36m/>[39m
              [36m</svg>[39m
            [36m</button>[39m
            [36m<button[39m
              [33mclass[39m=[32m"bg-white p-1.5 rounded-md shadow-md border border-gray-200 transition-colors duration-200"[39m
              [33mtitle[39m=[32m"Shko te lokacioni im"[39m
            [36m>[39m
              [36m<svg[39m
                [33mclass[39m=[32m"h-3 w-3 text-blue-600"[39m
                [33mfill[39m=[32m"none"[39m
                [33mstroke[39m=[32m"currentColor"[39m
                [33mviewBox[39m=[32m"0 0 24 24"[39m
              [36m>[39m
                [36m<path[39m
                  [33md[39m=[32m"M17.657 16.657L13.414 20.9a1.998 1.998 0 01-2.827 0l-4.244-4.243a8 8 0 1111.314 0z"[39m
                  [33mstroke-linecap[39m=[32m"round"[39m
                  [33mstroke-linejoin[39m=[32m"round"[39m
                  [33mstroke-width[39m=[32m"2"[39m
                [36m/>[39m
                [36m<path[39m
                  [33md[39m=[32m"M15 11a3 3 0 11-6 0 3 3 0 016 0z"[39m
                  [33mstroke-linecap[39m=[32m"round"[39m
                  [33mstroke-linejoin[39m=[32m"round"[39m
                  [33mstroke-width[39m=[32m"2"[39m
                [36m/>[39m
              [36m</svg>[39m
            [36m</button>[39m
          [36m</div>[39m
          [36m<div[39m
            [33mclass[39m=[32m"absolute top-3 left-3 z-1000"[39m
          [36m>[39m
            [36m<div[39m
              [33mclass[39m=[32m"bg-white rounded-lg shadow-md border border-gray-200 p-3 max-w-xs sm:max-w-sm"[39m
            [36m>[39m
              [36m<div[39m
                [33mclass[39m=[32m"flex items-center gap-2 mb-2"[39m
              [36m>[39m
                [36m<svg[39m
                  [33maria-hidden[39m=[32m"true"[39m
                  [33mclass[39m=[32m"lucide lucide-funnel h-4 w-4 text-blue-600"[39m
                  [33mfill[39m=[32m"none"[39m
                  [33mheight[39m=[32m"24"[39m
                  [33mstroke[39m=[32m"currentColor"[39m
                  [33mstroke-linecap[39m=[32m"round"[39m
                  [33mstroke-linejoin[39m=[32m"round"[39m
                  [33mstroke-width[39m=[32m"2"[39m
                  [33mviewBox[39m=[32m"0 0 24 24"[39m
                  [33mwidth[39m=[32m"24"[39m
                  [33mxmlns[39m=[32m"http://www.w3.org/2000/svg"[39m
                [36m>[39m
                  [36m<path[39m
                    [33md[39m=[32m"M10 20a1 1 0 0 0 .553.895l2 1A1 1 0 0 0 14 21v-7a2 2 0 0 1 .517-1.341L21.74 4.67A1 1 0 0 0 21 3H3a1 1 0 0 0-.742 1.67l7.225 7.989A2 2 0 0 1 10 14z"[39m
                  [36m/>[39m
                [36m</svg>[39m
                [36m<span[39m
                  [33mclass[39m=[32m"text-sm font-medium text-gray-700"[39m
                [36m>[39m
                  [0mFiltrat e Hartës[0m
                [36m</span>[39m
              [36m</div>[39m
              [36m<div[39m
                [33mclass[39m=[32m"space-y-2"[39m
              [36m>[39m
                [36m<div>[39m
                  [36m<label[39m
                    [33mclass[39m=[32m"text-xs text-gray-600 block mb-1"[39m
                  [36m>[39m
                    [0mÇmimi[0m
                  [36m</label>[39m
                  [36m<select[39m
                    [33mclass[39m=[32m"w-full text-xs border border-gray-300 rounded px-2 py-1.5 focus:outline-none focus:ring-1 focus:ring-blue-500 touch-manipulation"[39m
                  [36m>[39m
                    [36m<option[39m
                      [33mvalue[39m=[32m"all"[39m
                    [36m>[39m
                      [0mTë gjitha[0m
                    [36m</option>[39m
                    [36m<option[39m
                      [33mvalue[39m=[32m"low"[39m
                    [36m>[39m
                      [0mDeri €100,000[0m
                    [36m</option>[39m
                    [36m<option[39m
                      [33mvalue[39m=[32m"medium"[39m
                    [36m>[39m
                      [0m€100,000 - €300,000[0m
                    [36m</option>[39m
                    [36m<option[39m
                      [33mvalue[39m=[32m"high"[39m
                    [36m>[39m
                      [0mMbi €300,000[0m
                    [36m</option>[39m
                  [36m</select>[39m
                [36m</div>[39m
                [36m<div>[39m
                  [36m<label[39m
                    [33mclass[39m=[32m"text-xs text-gray-600 block mb-1"[39m
                  [36m>[39m
                    [0mLloji[0m
                  [36m</label>[39m
                  [36m<select[39m
                    [33mclass[39m=[32m"w-full text-xs border border-gray-300 rounded px-2 py-1.5 focus:outline-none focus:ring-1 focus:ring-blue-500 touch-manipulation"[39m
                  [36m>[39m
                    [36m<option[39m
                      [33mvalue[39m=[32m"all"[39m
                    [36m>[39m
                      [0mTë gjitha[0m
                    [36m</option>[39m
                    [36m<option[39m
                      [33mvalue[39m=[32m"house"[39m
                    [36m>[39m
                      [0mShtëpi[0m
                    [36m</option>[39m
                    [36m<option[39m
                      [33mvalue[39m=[32m"apartment"[39m
                    [36m>[39m
                      [0mApartament[0m
                    [36m</option>[39m
                    [36m<option[39m
                      [33mvalue[39m=[32m"condo"[39m
                    [36m>[39m
                      [0mKondo[0m
                    [36m</option>[39m
                    [36m<option[39m
                      [33mvalue[39m=[32m"townhouse"[39m
                    [36m>[39m
                      [0mShtëpi në Qytet[0m
                    [36m</option>[39m
                  [36m</select>[39m
                [36m</div>[39m
              [36m</div>[39m
              [36m<div[39m
                [33mclass[39m=[32m"mt-2 pt-2 border-t border-gray-200"[39m
              [36m>[39m
                [36m<span[39m
                  [33mclass[39m=[32m"text-xs text-gray-600"[39m
                [36m>[39m
                  [0m2[0m
                  [0m pasuri në hartë[0m
                [36m</span>[39m
              [36m</div>[39m
            [36m</div>[39m
          [36m</div>[39m
          [36m<div[39m
            [33mclass[39m=[32m"absolute inset-0 bg-linear-to-br from-blue-50 to-green-50 bg-opacity-95 flex items-center justify-center rounded-lg"[39m
          [36m>[39m
            [36m<div[39m
              [33mclass[39m=[32m"flex flex-col items-center justify-center p-6"[39m
            [36m>[39m
              [36m<div[39m
                [33mclass[39m=[32m"relative mb-4"[39m
              [36m>[39m
                [36m<div[39m
                  [33mclass[39m=[32m"absolute inset-0 bg-gradient-to-r from-red-100 to-blue-100 rounded-full animate-pulse"[39m
                [36m/>[39m
                [36m<div[39m
                  [33mclass[39m=[32m"relative bg-white rounded-full p-4 shadow-lg"[39m
                [36m>[39m
                  [36m<div[39m
                    [33mclass[39m=[32m"absolute inset-0 bg-gradient-to-r from-red-500 via-blue-500 to-yellow-500 rounded-full animate-spin opacity-20"[39m
                  [36m/>[39m
                  [36m<div[39m
                    [33mclass[39m=[32m"relative z-10"[39m
                  [36m>[39m
                    [36m<svg[39m
                      [33maria-hidden[39m=[32m"true"[39m
                      [33mclass[39m=[32m"lucide lucide-house h-8 w-8 text-red-500 transition-all duration-300 opacity-100 scale-110 transform"[39m
                      [33mfill[39m=[32m"none"[39m
                      [33mheight[39m=[32m"24"[39m
                      [33mstroke[39m=[32m"currentColor"[39m
                      [33mstroke-linecap[39m=[32m"round"[39m
                      [33mstroke-linejoin[39m=[32m"round"[39m
                      [33mstroke-width[39m=[32m"2"[39m
                      [33mviewBox[39m=[32m"0 0 24 24"[39m
                      [33mwidth[39m=[32m"24"[39m
                      [33mxmlns[39m=[32m"http://www.w3.org/2000/svg"[39m
                    [36m>[39m
                      [36m<path[39m
                        [33md[39m=[32m"M15 21v-8a1 1 0 0 0-1-1h-4a1 1 0 0 0-1 1v8"[39m
                      [36m/>[39m
                      [36m<path[39m
                        [33md[39m=[32m"M3 10a2 2 0 0 1 .709-1.528l7-5.999a2 2 0 0 1 2.582 0l7 5.999A2 2 0 0 1 21 10v9a2 2 0 0 1-2 2H5a2 2 0 0 1-2-2z"[39m
                      [36m/>[39m
                    [36m</svg>[39m
                    [36m<svg[39m
                      [33maria-hidden[39m=[32m"true"[39m
                      [33mclass[39m=[32m"lucide lucide-map-pin h-8 w-8 text-blue-500 transition-all duration-300 opacity-0 scale-90 absolute inset-0"[39m
                      [33mfill[39m=[32m"none"[39m
                      [33mheight[39m=[32m"24"[39m
                      [33mstroke[39m=[32m"currentColor"[39m
                      [33mstroke-linecap[39m=[32m"round"[39m
                      [33mstroke-linejoin[39m=[32m"round"[39m
                      [33mstroke-width[39m=[32m"2"[39m
                      [33mviewBox[39m=[32m"0 0 24 24"[39m
                      [33mwidth[39m=[32m"24"[39m
                      [33mxmlns[39m=[32m"http://www.w3.org/2000/svg"[39m
                    [36m>[39m
                      [36m<path[39m
                        [33md[39m=[32m"M20 10c0 4.993-5.539 10.193-7.399 11.799a1 1 0 0 1-1.202 0C9.539 20.193 4 14.993 4 10a8 8 0 0 1 16 0"[39m
                      [36m/>[39m
                      [36m<circle[39m
                        [33mcx[39m=[32m"12"[39m
                        [33mcy[39m=[32m"10"[39m
                        [33mr[39m=[32m"3"[39m
                      [36m/>[39m
                    [36m</svg>[39m
                    [36m<svg[39m
                      [33maria-hidden[39m=[32m"true"[39m
                      [33mclass[39m=[32m"lucide lucide-key h-8 w-8 text-yellow-500 transition-all duration-300 opacity-0 scale-90 absolute inset-0"[39m
                      [33mfill[39m=[32m"none"[39m
                      [33mheight[39m=[32m"24"[39m
                      [33mstroke[39m=[32m"currentColor"[39m
                      [33mstroke-linecap[39m=[32m"round"[39m
                      [33mstroke-linejoin[39m=[32m"round"[39m
                      [33mstroke-width[39m=[32m"2"[39m
                      [33mviewBox[39m=[32m"0 0 24 24"[39m
                      [33mwidth[39m=[32m"24"[39m
                      [33mxmlns[39m=[32m"http://www.w3.org/2000/svg"[39m
                    [36m>[39m
                      [36m<path[39m
                        [33md[39m=[32m"m15.5 7.5 2.3 2.3a1 1 0 0 0 1.4 0l2.1-2.1a1 1 0 0 0 0-1.4L19 4"[39m
                      [36m/>[39m
                      [36m<path[39m
                        [33md[39m=[32m"m21 2-9.6 9.6"[39m
                      [36m/>[39m
                      [36m<circle[39m
                        [33mcx[39m=[32m"7.5"[39m
                        [33mcy[39m=[32m"15.5"[39m
                        [33mr[39m=[32m"5.5"[39m
                      [36m/>[39m
                    [36m</svg>[39m
                    [36m<svg[39m
                      [33maria-hidden[39m=[32m"true"[39m
                      [33mclass[39m=[32m"lucide lucide-heart h-8 w-8 text-pink-500 transition-all duration-300 opacity-0 scale-90 absolute inset-0"[39m
                      [33mfill[39m=[32m"none"[39m
                      [33mheight[39m=[32m"24"[39m
                      [33mstroke[39m=[32m"currentColor"[39m
                      [33mstroke-linecap[39m=[32m"round"[39m
                      [33mstroke-linejoin[39m=[32m"round"[39m
                      [33mstroke-width[39m=[32m"2"[39m
                      [33mviewBox[39m=[32m"0 0 24 24"[39m
                      [33mwidth[39m=[32m"24"[39m
                      [33mxmlns[39m=[32m"http://www.w3.org/2000/svg"[39m
                    [36m>[39m
                      [36m<path[39m
                        [33md[39m=[32m"M19 14c1.49-1.46 3-3.21 3-5.5A5.5 5.5 0 0 0 16.5 3c-1.76 0-3 .5-4.5 2-1.5-1.5-2.74-2-4.5-2A5.5 5.5 0 0 0 2 8.5c0 2.3 1.5 4.05 3 5.5l7 7Z"[39m
                      [36m/>[39m
                    [36m</svg>[39m
                  [36m</div>[39m
                [36m</div>[39m
              [36m</div>[39m
              [36m<div[39m
                [33mclass[39m=[32m"flex space-x-1 mb-3"[39m
              [36m>[39m
                [36m<div[39m
                  [33mclass[39m=[32m"w-2 h-2 bg-red-500 rounded-full animate-bounce"[39m
                  [33mstyle[39m=[32m"animation-delay: 0s;"[39m
                [36m/>[39m
                [36m<div[39m
                  [33mclass[39m=[32m"w-2 h-2 bg-red-500 rounded-full animate-bounce"[39m
                  [33mstyle[39m=[32m"animation-delay: 0.2s;"[39m
                [36m/>[39m
                [36m<div[39m
                  [33mclass[39m=[32m"w-2 h-2 bg-red-500 rounded-full animate-bounce"[39m
                  [33mstyle[39m=[32m"animation-delay: 0.4s;"[39m
                [36m/>[39m
              [36m</div>[39m
              [36m<p[39m
                [33mclass[39m=[32m"text-gray-700 text-sm font-medium text-center"[39m
              [36m>[39m
                [0mPo ngarkohet harta...[0m
              [36m</p>[39m
              [36m<div[39m
                [33mclass[39m=[32m"w-32 h-1 bg-gray-200 rounded-full mt-3 overflow-hidden"[39m
              [36m>[39m
                [36m<div[39m
                  [33mclass[39m=[32m"h-full bg-gradient-to-r from-red-500 to-blue-500 rounded-full animate-pulse"[39m
                [36m/>[39m
              [36m</div>[39m
            [36m</div>[39m
          [36m</div>[39m
        [36m</div>[39m
      [36m</div>[39m
    [36m</body>[39m

      94 |   it('renders markers for each property', () => {
      95 |     render(<MapView properties={mockProperties} />);
    > 96 |     const markers = screen.getAllByTestId('marker');
         |                            ^
      97 |     expect(markers).toHaveLength(mockProperties.length);
      98 |   });
      99 |

      at Object.getElementError (node_modules/@testing-library/dom/dist/config.js:37:19)
      at node_modules/@testing-library/dom/dist/query-helpers.js:76:38
      at node_modules/@testing-library/dom/dist/query-helpers.js:109:15
      at Object.getAllByTestId (src/components/__tests__/MapView.test.tsx:96:28)

  ● MapView Component › displays expand button when not in fullscreen

    TestingLibraryElementError: Unable to find a label with the text of: Expand map

    Ignored nodes: comments, script, style
    [36m<body>[39m
      [36m<div>[39m
        [36m<div[39m
          [33mclass[39m=[32m"relative"[39m
        [36m>[39m
          [36m<div[39m
            [33mclass[39m=[32m"w-full rounded-lg shadow-md border border-gray-200 touch-pan-x touch-pan-y bg-gray-50"[39m
            [33mstyle[39m=[32m"height: 400px;"[39m
          [36m/>[39m
          [36m<div[39m
            [33mclass[39m=[32m"absolute top-2 right-2 flex flex-col gap-1 z-1000"[39m
          [36m>[39m
            [36m<div[39m
              [33mclass[39m=[32m"bg-white rounded-md shadow-md border border-gray-200 overflow-hidden"[39m
            [36m>[39m
              [36m<button[39m
                [33mclass[39m=[32m"p-1.5 w-full text-xs transition-colors bg-blue-600 text-white"[39m
                [33mtitle[39m=[32m"Harta e rrugëve"[39m
              [36m>[39m
                [0m��️[0m
              [36m</button>[39m
              [36m<button[39m
                [33mclass[39m=[32m"p-1.5 w-full text-xs transition-colors text-blue-600"[39m
                [33mtitle[39m=[32m"Pamja satelitore"[39m
              [36m>[39m
                [0m��️[0m
              [36m</button>[39m
              [36m<button[39m
                [33mclass[39m=[32m"p-1.5 w-full text-xs transition-colors text-blue-600"[39m
                [33mtitle[39m=[32m"Terreni"[39m
              [36m>[39m
                [0m��️[0m
              [36m</button>[39m
            [36m</div>[39m
            [36m<button[39m
              [33mclass[39m=[32m"bg-white p-1.5 rounded-md shadow-md border border-gray-200 transition-colors duration-200"[39m
              [33mtitle[39m=[32m"Kthehu në pamjen fillestare"[39m
            [36m>[39m
              [36m<svg[39m
                [33maria-hidden[39m=[32m"true"[39m
                [33mclass[39m=[32m"lucide lucide-house h-3 w-3 text-blue-600"[39m
                [33mfill[39m=[32m"none"[39m
                [33mheight[39m=[32m"24"[39m
                [33mstroke[39m=[32m"currentColor"[39m
                [33mstroke-linecap[39m=[32m"round"[39m
                [33mstroke-linejoin[39m=[32m"round"[39m
                [33mstroke-width[39m=[32m"2"[39m
                [33mviewBox[39m=[32m"0 0 24 24"[39m
                [33mwidth[39m=[32m"24"[39m
                [33mxmlns[39m=[32m"http://www.w3.org/2000/svg"[39m
              [36m>[39m
                [36m<path[39m
                  [33md[39m=[32m"M15 21v-8a1 1 0 0 0-1-1h-4a1 1 0 0 0-1 1v8"[39m
                [36m/>[39m
                [36m<path[39m
                  [33md[39m=[32m"M3 10a2 2 0 0 1 .709-1.528l7-5.999a2 2 0 0 1 2.582 0l7 5.999A2 2 0 0 1 21 10v9a2 2 0 0 1-2 2H5a2 2 0 0 1-2-2z"[39m
                [36m/>[39m
              [36m</svg>[39m
            [36m</button>[39m
            [36m<button[39m
              [33mclass[39m=[32m"bg-white hover:bg-blue-50 p-1.5 rounded-md shadow-md border border-gray-200 transition-colors duration-200"[39m
              [33mtitle[39m=[32m"Harta në ekran të plotë"[39m
            [36m>[39m
              [36m<svg[39m
                [33mclass[39m=[32m"h-3 w-3 text-blue-600"[39m
                [33mfill[39m=[32m"none"[39m
                [33mstroke[39m=[32m"currentColor"[39m
                [33mviewBox[39m=[32m"0 0 24 24"[39m
              [36m>[39m
                [36m<path[39m
                  [33md[39m=[32m"M4 8V4m0 0h4M4 4l5 5m11-1V4m0 0h-4m4 0l-5 5M4 16v4m0 0h4m-4 0l5-5m11 5l-5-5m5 5v-4m0 4h-4"[39m
                  [33mstroke-linecap[39m=[32m"round"[39m
                  [33mstroke-linejoin[39m=[32m"round"[39m
                  [33mstroke-width[39m=[32m"2"[39m
                [36m/>[39m
              [36m</svg>[39m
            [36m</button>[39m
            [36m<button[39m
              [33mclass[39m=[32m"bg-white p-1.5 rounded-md shadow-md border border-gray-200 transition-colors duration-200"[39m
              [33mtitle[39m=[32m"Shko te lokacioni im"[39m
            [36m>[39m
              [36m<svg[39m
                [33mclass[39m=[32m"h-3 w-3 text-blue-600"[39m
                [33mfill[39m=[32m"none"[39m
                [33mstroke[39m=[32m"currentColor"[39m
                [33mviewBox[39m=[32m"0 0 24 24"[39m
              [36m>[39m
                [36m<path[39m
                  [33md[39m=[32m"M17.657 16.657L13.414 20.9a1.998 1.998 0 01-2.827 0l-4.244-4.243a8 8 0 1111.314 0z"[39m
                  [33mstroke-linecap[39m=[32m"round"[39m
                  [33mstroke-linejoin[39m=[32m"round"[39m
                  [33mstroke-width[39m=[32m"2"[39m
                [36m/>[39m
                [36m<path[39m
                  [33md[39m=[32m"M15 11a3 3 0 11-6 0 3 3 0 016 0z"[39m
                  [33mstroke-linecap[39m=[32m"round"[39m
                  [33mstroke-linejoin[39m=[32m"round"[39m
                  [33mstroke-width[39m=[32m"2"[39m
                [36m/>[39m
              [36m</svg>[39m
            [36m</button>[39m
          [36m</div>[39m
          [36m<div[39m
            [33mclass[39m=[32m"absolute top-3 left-3 z-1000"[39m
          [36m>[39m
            [36m<div[39m
              [33mclass[39m=[32m"bg-white rounded-lg shadow-md border border-gray-200 p-3 max-w-xs sm:max-w-sm"[39m
            [36m>[39m
              [36m<div[39m
                [33mclass[39m=[32m"flex items-center gap-2 mb-2"[39m
              [36m>[39m
                [36m<svg[39m
                  [33maria-hidden[39m=[32m"true"[39m
                  [33mclass[39m=[32m"lucide lucide-funnel h-4 w-4 text-blue-600"[39m
                  [33mfill[39m=[32m"none"[39m
                  [33mheight[39m=[32m"24"[39m
                  [33mstroke[39m=[32m"currentColor"[39m
                  [33mstroke-linecap[39m=[32m"round"[39m
                  [33mstroke-linejoin[39m=[32m"round"[39m
                  [33mstroke-width[39m=[32m"2"[39m
                  [33mviewBox[39m=[32m"0 0 24 24"[39m
                  [33mwidth[39m=[32m"24"[39m
                  [33mxmlns[39m=[32m"http://www.w3.org/2000/svg"[39m
                [36m>[39m
                  [36m<path[39m
                    [33md[39m=[32m"M10 20a1 1 0 0 0 .553.895l2 1A1 1 0 0 0 14 21v-7a2 2 0 0 1 .517-1.341L21.74 4.67A1 1 0 0 0 21 3H3a1 1 0 0 0-.742 1.67l7.225 7.989A2 2 0 0 1 10 14z"[39m
                  [36m/>[39m
                [36m</svg>[39m
                [36m<span[39m
                  [33mclass[39m=[32m"text-sm font-medium text-gray-700"[39m
                [36m>[39m
                  [0mFiltrat e Hartës[0m
                [36m</span>[39m
              [36m</div>[39m
              [36m<div[39m
                [33mclass[39m=[32m"space-y-2"[39m
              [36m>[39m
                [36m<div>[39m
                  [36m<label[39m
                    [33mclass[39m=[32m"text-xs text-gray-600 block mb-1"[39m
                  [36m>[39m
                    [0mÇmimi[0m
                  [36m</label>[39m
                  [36m<select[39m
                    [33mclass[39m=[32m"w-full text-xs border border-gray-300 rounded px-2 py-1.5 focus:outline-none focus:ring-1 focus:ring-blue-500 touch-manipulation"[39m
                  [36m>[39m
                    [36m<option[39m
                      [33mvalue[39m=[32m"all"[39m
                    [36m>[39m
                      [0mTë gjitha[0m
                    [36m</option>[39m
                    [36m<option[39m
                      [33mvalue[39m=[32m"low"[39m
                    [36m>[39m
                      [0mDeri €100,000[0m
                    [36m</option>[39m
                    [36m<option[39m
                      [33mvalue[39m=[32m"medium"[39m
                    [36m>[39m
                      [0m€100,000 - €300,000[0m
                    [36m</option>[39m
                    [36m<option[39m
                      [33mvalue[39m=[32m"high"[39m
                    [36m>[39m
                      [0mMbi €300,000[0m
                    [36m</option>[39m
                  [36m</select>[39m
                [36m</div>[39m
                [36m<div>[39m
                  [36m<label[39m
                    [33mclass[39m=[32m"text-xs text-gray-600 block mb-1"[39m
                  [36m>[39m
                    [0mLloji[0m
                  [36m</label>[39m
                  [36m<select[39m
                    [33mclass[39m=[32m"w-full text-xs border border-gray-300 rounded px-2 py-1.5 focus:outline-none focus:ring-1 focus:ring-blue-500 touch-manipulation"[39m
                  [36m>[39m
                    [36m<option[39m
                      [33mvalue[39m=[32m"all"[39m
                    [36m>[39m
                      [0mTë gjitha[0m
                    [36m</option>[39m
                    [36m<option[39m
                      [33mvalue[39m=[32m"house"[39m
                    [36m>[39m
                      [0mShtëpi[0m
                    [36m</option>[39m
                    [36m<option[39m
                      [33mvalue[39m=[32m"apartment"[39m
                    [36m>[39m
                      [0mApartament[0m
                    [36m</option>[39m
                    [36m<option[39m
                      [33mvalue[39m=[32m"condo"[39m
                    [36m>[39m
                      [0mKondo[0m
                    [36m</option>[39m
                    [36m<option[39m
                      [33mvalue[39m=[32m"townhouse"[39m
                    [36m>[39m
                      [0mShtëpi në Qytet[0m
                    [36m</option>[39m
                  [36m</select>[39m
                [36m</div>[39m
              [36m</div>[39m
              [36m<div[39m
                [33mclass[39m=[32m"mt-2 pt-2 border-t border-gray-200"[39m
              [36m>[39m
                [36m<span[39m
                  [33mclass[39m=[32m"text-xs text-gray-600"[39m
                [36m>[39m
                  [0m2[0m
                  [0m pasuri në hartë[0m
                [36m</span>[39m
              [36m</div>[39m
            [36m</div>[39m
          [36m</div>[39m
          [36m<div[39m
            [33mclass[39m=[32m"absolute inset-0 bg-linear-to-br from-blue-50 to-green-50 bg-opacity-95 flex items-center justify-center rounded-lg"[39m
          [36m>[39m
            [36m<div[39m
              [33mclass[39m=[32m"flex flex-col items-center justify-center p-6"[39m
            [36m>[39m
              [36m<div[39m
                [33mclass[39m=[32m"relative mb-4"[39m
              [36m>[39m
                [36m<div[39m
                  [33mclass[39m=[32m"absolute inset-0 bg-gradient-to-r from-red-100 to-blue-100 rounded-full animate-pulse"[39m
                [36m/>[39m
                [36m<div[39m
                  [33mclass[39m=[32m"relative bg-white rounded-full p-4 shadow-lg"[39m
                [36m>[39m
                  [36m<div[39m
                    [33mclass[39m=[32m"absolute inset-0 bg-gradient-to-r from-red-500 via-blue-500 to-yellow-500 rounded-full animate-spin opacity-20"[39m
                  [36m/>[39m
                  [36m<div[39m
                    [33mclass[39m=[32m"relative z-10"[39m
                  [36m>[39m
                    [36m<svg[39m
                      [33maria-hidden[39m=[32m"true"[39m
                      [33mclass[39m=[32m"lucide lucide-house h-8 w-8 text-red-500 transition-all duration-300 opacity-100 scale-110 transform"[39m
                      [33mfill[39m=[32m"none"[39m
                      [33mheight[39m=[32m"24"[39m
                      [33mstroke[39m=[32m"currentColor"[39m
                      [33mstroke-linecap[39m=[32m"round"[39m
                      [33mstroke-linejoin[39m=[32m"round"[39m
                      [33mstroke-width[39m=[32m"2"[39m
                      [33mviewBox[39m=[32m"0 0 24 24"[39m
                      [33mwidth[39m=[32m"24"[39m
                      [33mxmlns[39m=[32m"http://www.w3.org/2000/svg"[39m
                    [36m>[39m
                      [36m<path[39m
                        [33md[39m=[32m"M15 21v-8a1 1 0 0 0-1-1h-4a1 1 0 0 0-1 1v8"[39m
                      [36m/>[39m
                      [36m<path[39m
                        [33md[39m=[32m"M3 10a2 2 0 0 1 .709-1.528l7-5.999a2 2 0 0 1 2.582 0l7 5.999A2 2 0 0 1 21 10v9a2 2 0 0 1-2 2H5a2 2 0 0 1-2-2z"[39m
                      [36m/>[39m
                    [36m</svg>[39m
                    [36m<svg[39m
                      [33maria-hidden[39m=[32m"true"[39m
                      [33mclass[39m=[32m"lucide lucide-map-pin h-8 w-8 text-blue-500 transition-all duration-300 opacity-0 scale-90 absolute inset-0"[39m
                      [33mfill[39m=[32m"none"[39m
                      [33mheight[39m=[32m"24"[39m
                      [33mstroke[39m=[32m"currentColor"[39m
                      [33mstroke-linecap[39m=[32m"round"[39m
                      [33mstroke-linejoin[39m=[32m"round"[39m
                      [33mstroke-width[39m=[32m"2"[39m
                      [33mviewBox[39m=[32m"0 0 24 24"[39m
                      [33mwidth[39m=[32m"24"[39m
                      [33mxmlns[39m=[32m"http://www.w3.org/2000/svg"[39m
                    [36m>[39m
                      [36m<path[39m
                        [33md[39m=[32m"M20 10c0 4.993-5.539 10.193-7.399 11.799a1 1 0 0 1-1.202 0C9.539 20.193 4 14.993 4 10a8 8 0 0 1 16 0"[39m
                      [36m/>[39m
                      [36m<circle[39m
                        [33mcx[39m=[32m"12"[39m
                        [33mcy[39m=[32m"10"[39m
                        [33mr[39m=[32m"3"[39m
                      [36m/>[39m
                    [36m</svg>[39m
                    [36m<svg[39m
                      [33maria-hidden[39m=[32m"true"[39m
                      [33mclass[39m=[32m"lucide lucide-key h-8 w-8 text-yellow-500 transition-all duration-300 opacity-0 scale-90 absolute inset-0"[39m
                      [33mfill[39m=[32m"none"[39m
                      [33mheight[39m=[32m"24"[39m
                      [33mstroke[39m=[32m"currentColor"[39m
                      [33mstroke-linecap[39m=[32m"round"[39m
                      [33mstroke-linejoin[39m=[32m"round"[39m
                      [33mstroke-width[39m=[32m"2"[39m
                      [33mviewBox[39m=[32m"0 0 24 24"[39m
                      [33mwidth[39m=[32m"24"[39m
                      [33mxmlns[39m=[32m"http://www.w3.org/2000/svg"[39m
                    [36m>[39m
                      [36m<path[39m
                        [33md[39m=[32m"m15.5 7.5 2.3 2.3a1 1 0 0 0 1.4 0l2.1-2.1a1 1 0 0 0 0-1.4L19 4"[39m
                      [36m/>[39m
                      [36m<path[39m
                        [33md[39m=[32m"m21 2-9.6 9.6"[39m
                      [36m/>[39m
                      [36m<circle[39m
                        [33mcx[39m=[32m"7.5"[39m
                        [33mcy[39m=[32m"15.5"[39m
                        [33mr[39m=[32m"5.5"[39m
                      [36m/>[39m
                    [36m</svg>[39m
                    [36m<svg[39m
                      [33maria-hidden[39m=[32m"true"[39m
                      [33mclass[39m=[32m"lucide lucide-heart h-8 w-8 text-pink-500 transition-all duration-300 opacity-0 scale-90 absolute inset-0"[39m
                      [33mfill[39m=[32m"none"[39m
                      [33mheight[39m=[32m"24"[39m
                      [33mstroke[39m=[32m"currentColor"[39m
                      [33mstroke-linecap[39m=[32m"round"[39m
                      [33mstroke-linejoin[39m=[32m"round"[39m
                      [33mstroke-width[39m=[32m"2"[39m
                      [33mviewBox[39m=[32m"0 0 24 24"[39m
                      [33mwidth[39m=[32m"24"[39m
                      [33mxmlns[39m=[32m"http://www.w3.org/2000/svg"[39m
                    [36m>[39m
                      [36m<path[39m
                        [33md[39m=[32m"M19 14c1.49-1.46 3-3.21 3-5.5A5.5 5.5 0 0 0 16.5 3c-1.76 0-3 .5-4.5 2-1.5-1.5-2.74-2-4.5-2A5.5 5.5 0 0 0 2 8.5c0 2.3 1.5 4.05 3 5.5l7 7Z"[39m
                      [36m/>[39m
                    [36m</svg>[39m
                  [36m</div>[39m
                [36m</div>[39m
              [36m</div>[39m
              [36m<div[39m
                [33mclass[39m=[32m"flex space-x-1 mb-3"[39m
              [36m>[39m
                [36m<div[39m
                  [33mclass[39m=[32m"w-2 h-2 bg-red-500 rounded-full animate-bounce"[39m
                  [33mstyle[39m=[32m"animation-delay: 0s;"[39m
                [36m/>[39m
                [36m<div[39m
                  [33mclass[39m=[32m"w-2 h-2 bg-red-500 rounded-full animate-bounce"[39m
                  [33mstyle[39m=[32m"animation-delay: 0.2s;"[39m
                [36m/>[39m
                [36m<div[39m
                  [33mclass[39m=[32m"w-2 h-2 bg-red-500 rounded-full animate-bounce"[39m
                  [33mstyle[39m=[32m"animation-delay: 0.4s;"[39m
                [36m/>[39m
              [36m</div>[39m
              [36m<p[39m
                [33mclass[39m=[32m"text-gray-700 text-sm font-medium text-center"[39m
              [36m>[39m
                [0mPo ngarkohet harta...[0m
              [36m</p>[39m
              [36m<div[39m
                [33mclass[39m=[32m"w-32 h-1 bg-gray-200 rounded-full mt-3 overflow-hidden"[39m
              [36m>[39m
                [36m<div[39m
                  [33mclass[39m=[32m"h-full bg-gradient-to-r from-red-500 to-blue-500 rounded-full animate-pulse"[39m
                [36m/>[39m
              [36m</div>[39m
            [36m</div>[39m
          [36m</div>[39m
        [36m</div>[39m
      [36m</div>[39m
    [36m</body>[39m

      100 |   it('displays expand button when not in fullscreen', () => {
      101 |     render(<MapView properties={mockProperties} />);
    > 102 |     expect(screen.getByLabelText('Expand map')).toBeInTheDocument();
          |                   ^
      103 |   });
      104 |
      105 |   it('toggles fullscreen mode when expand button is clicked', async () => {

      at Object.getElementError (node_modules/@testing-library/dom/dist/config.js:37:19)
      at getAllByLabelText (node_modules/@testing-library/dom/dist/queries/label-text.js:111:38)
      at node_modules/@testing-library/dom/dist/query-helpers.js:52:17
      at node_modules/@testing-library/dom/dist/query-helpers.js:95:19
      at Object.getByLabelText (src/components/__tests__/MapView.test.tsx:102:19)

  ● MapView Component › toggles fullscreen mode when expand button is clicked

    TestingLibraryElementError: Unable to find a label with the text of: Expand map

    Ignored nodes: comments, script, style
    [36m<body>[39m
      [36m<div>[39m
        [36m<div[39m
          [33mclass[39m=[32m"relative"[39m
        [36m>[39m
          [36m<div[39m
            [33mclass[39m=[32m"w-full rounded-lg shadow-md border border-gray-200 touch-pan-x touch-pan-y bg-gray-50"[39m
            [33mstyle[39m=[32m"height: 400px;"[39m
          [36m/>[39m
          [36m<div[39m
            [33mclass[39m=[32m"absolute top-2 right-2 flex flex-col gap-1 z-1000"[39m
          [36m>[39m
            [36m<div[39m
              [33mclass[39m=[32m"bg-white rounded-md shadow-md border border-gray-200 overflow-hidden"[39m
            [36m>[39m
              [36m<button[39m
                [33mclass[39m=[32m"p-1.5 w-full text-xs transition-colors bg-blue-600 text-white"[39m
                [33mtitle[39m=[32m"Harta e rrugëve"[39m
              [36m>[39m
                [0m��️[0m
              [36m</button>[39m
              [36m<button[39m
                [33mclass[39m=[32m"p-1.5 w-full text-xs transition-colors text-blue-600"[39m
                [33mtitle[39m=[32m"Pamja satelitore"[39m
              [36m>[39m
                [0m��️[0m
              [36m</button>[39m
              [36m<button[39m
                [33mclass[39m=[32m"p-1.5 w-full text-xs transition-colors text-blue-600"[39m
                [33mtitle[39m=[32m"Terreni"[39m
              [36m>[39m
                [0m��️[0m
              [36m</button>[39m
            [36m</div>[39m
            [36m<button[39m
              [33mclass[39m=[32m"bg-white p-1.5 rounded-md shadow-md border border-gray-200 transition-colors duration-200"[39m
              [33mtitle[39m=[32m"Kthehu në pamjen fillestare"[39m
            [36m>[39m
              [36m<svg[39m
                [33maria-hidden[39m=[32m"true"[39m
                [33mclass[39m=[32m"lucide lucide-house h-3 w-3 text-blue-600"[39m
                [33mfill[39m=[32m"none"[39m
                [33mheight[39m=[32m"24"[39m
                [33mstroke[39m=[32m"currentColor"[39m
                [33mstroke-linecap[39m=[32m"round"[39m
                [33mstroke-linejoin[39m=[32m"round"[39m
                [33mstroke-width[39m=[32m"2"[39m
                [33mviewBox[39m=[32m"0 0 24 24"[39m
                [33mwidth[39m=[32m"24"[39m
                [33mxmlns[39m=[32m"http://www.w3.org/2000/svg"[39m
              [36m>[39m
                [36m<path[39m
                  [33md[39m=[32m"M15 21v-8a1 1 0 0 0-1-1h-4a1 1 0 0 0-1 1v8"[39m
                [36m/>[39m
                [36m<path[39m
                  [33md[39m=[32m"M3 10a2 2 0 0 1 .709-1.528l7-5.999a2 2 0 0 1 2.582 0l7 5.999A2 2 0 0 1 21 10v9a2 2 0 0 1-2 2H5a2 2 0 0 1-2-2z"[39m
                [36m/>[39m
              [36m</svg>[39m
            [36m</button>[39m
            [36m<button[39m
              [33mclass[39m=[32m"bg-white hover:bg-blue-50 p-1.5 rounded-md shadow-md border border-gray-200 transition-colors duration-200"[39m
              [33mtitle[39m=[32m"Harta në ekran të plotë"[39m
            [36m>[39m
              [36m<svg[39m
                [33mclass[39m=[32m"h-3 w-3 text-blue-600"[39m
                [33mfill[39m=[32m"none"[39m
                [33mstroke[39m=[32m"currentColor"[39m
                [33mviewBox[39m=[32m"0 0 24 24"[39m
              [36m>[39m
                [36m<path[39m
                  [33md[39m=[32m"M4 8V4m0 0h4M4 4l5 5m11-1V4m0 0h-4m4 0l-5 5M4 16v4m0 0h4m-4 0l5-5m11 5l-5-5m5 5v-4m0 4h-4"[39m
                  [33mstroke-linecap[39m=[32m"round"[39m
                  [33mstroke-linejoin[39m=[32m"round"[39m
                  [33mstroke-width[39m=[32m"2"[39m
                [36m/>[39m
              [36m</svg>[39m
            [36m</button>[39m
            [36m<button[39m
              [33mclass[39m=[32m"bg-white p-1.5 rounded-md shadow-md border border-gray-200 transition-colors duration-200"[39m
              [33mtitle[39m=[32m"Shko te lokacioni im"[39m
            [36m>[39m
              [36m<svg[39m
                [33mclass[39m=[32m"h-3 w-3 text-blue-600"[39m
                [33mfill[39m=[32m"none"[39m
                [33mstroke[39m=[32m"currentColor"[39m
                [33mviewBox[39m=[32m"0 0 24 24"[39m
              [36m>[39m
                [36m<path[39m
                  [33md[39m=[32m"M17.657 16.657L13.414 20.9a1.998 1.998 0 01-2.827 0l-4.244-4.243a8 8 0 1111.314 0z"[39m
                  [33mstroke-linecap[39m=[32m"round"[39m
                  [33mstroke-linejoin[39m=[32m"round"[39m
                  [33mstroke-width[39m=[32m"2"[39m
                [36m/>[39m
                [36m<path[39m
                  [33md[39m=[32m"M15 11a3 3 0 11-6 0 3 3 0 016 0z"[39m
                  [33mstroke-linecap[39m=[32m"round"[39m
                  [33mstroke-linejoin[39m=[32m"round"[39m
                  [33mstroke-width[39m=[32m"2"[39m
                [36m/>[39m
              [36m</svg>[39m
            [36m</button>[39m
          [36m</div>[39m
          [36m<div[39m
            [33mclass[39m=[32m"absolute top-3 left-3 z-1000"[39m
          [36m>[39m
            [36m<div[39m
              [33mclass[39m=[32m"bg-white rounded-lg shadow-md border border-gray-200 p-3 max-w-xs sm:max-w-sm"[39m
            [36m>[39m
              [36m<div[39m
                [33mclass[39m=[32m"flex items-center gap-2 mb-2"[39m
              [36m>[39m
                [36m<svg[39m
                  [33maria-hidden[39m=[32m"true"[39m
                  [33mclass[39m=[32m"lucide lucide-funnel h-4 w-4 text-blue-600"[39m
                  [33mfill[39m=[32m"none"[39m
                  [33mheight[39m=[32m"24"[39m
                  [33mstroke[39m=[32m"currentColor"[39m
                  [33mstroke-linecap[39m=[32m"round"[39m
                  [33mstroke-linejoin[39m=[32m"round"[39m
                  [33mstroke-width[39m=[32m"2"[39m
                  [33mviewBox[39m=[32m"0 0 24 24"[39m
                  [33mwidth[39m=[32m"24"[39m
                  [33mxmlns[39m=[32m"http://www.w3.org/2000/svg"[39m
                [36m>[39m
                  [36m<path[39m
                    [33md[39m=[32m"M10 20a1 1 0 0 0 .553.895l2 1A1 1 0 0 0 14 21v-7a2 2 0 0 1 .517-1.341L21.74 4.67A1 1 0 0 0 21 3H3a1 1 0 0 0-.742 1.67l7.225 7.989A2 2 0 0 1 10 14z"[39m
                  [36m/>[39m
                [36m</svg>[39m
                [36m<span[39m
                  [33mclass[39m=[32m"text-sm font-medium text-gray-700"[39m
                [36m>[39m
                  [0mFiltrat e Hartës[0m
                [36m</span>[39m
              [36m</div>[39m
              [36m<div[39m
                [33mclass[39m=[32m"space-y-2"[39m
              [36m>[39m
                [36m<div>[39m
                  [36m<label[39m
                    [33mclass[39m=[32m"text-xs text-gray-600 block mb-1"[39m
                  [36m>[39m
                    [0mÇmimi[0m
                  [36m</label>[39m
                  [36m<select[39m
                    [33mclass[39m=[32m"w-full text-xs border border-gray-300 rounded px-2 py-1.5 focus:outline-none focus:ring-1 focus:ring-blue-500 touch-manipulation"[39m
                  [36m>[39m
                    [36m<option[39m
                      [33mvalue[39m=[32m"all"[39m
                    [36m>[39m
                      [0mTë gjitha[0m
                    [36m</option>[39m
                    [36m<option[39m
                      [33mvalue[39m=[32m"low"[39m
                    [36m>[39m
                      [0mDeri €100,000[0m
                    [36m</option>[39m
                    [36m<option[39m
                      [33mvalue[39m=[32m"medium"[39m
                    [36m>[39m
                      [0m€100,000 - €300,000[0m
                    [36m</option>[39m
                    [36m<option[39m
                      [33mvalue[39m=[32m"high"[39m
                    [36m>[39m
                      [0mMbi €300,000[0m
                    [36m</option>[39m
                  [36m</select>[39m
                [36m</div>[39m
                [36m<div>[39m
                  [36m<label[39m
                    [33mclass[39m=[32m"text-xs text-gray-600 block mb-1"[39m
                  [36m>[39m
                    [0mLloji[0m
                  [36m</label>[39m
                  [36m<select[39m
                    [33mclass[39m=[32m"w-full text-xs border border-gray-300 rounded px-2 py-1.5 focus:outline-none focus:ring-1 focus:ring-blue-500 touch-manipulation"[39m
                  [36m>[39m
                    [36m<option[39m
                      [33mvalue[39m=[32m"all"[39m
                    [36m>[39m
                      [0mTë gjitha[0m
                    [36m</option>[39m
                    [36m<option[39m
                      [33mvalue[39m=[32m"house"[39m
                    [36m>[39m
                      [0mShtëpi[0m
                    [36m</option>[39m
                    [36m<option[39m
                      [33mvalue[39m=[32m"apartment"[39m
                    [36m>[39m
                      [0mApartament[0m
                    [36m</option>[39m
                    [36m<option[39m
                      [33mvalue[39m=[32m"condo"[39m
                    [36m>[39m
                      [0mKondo[0m
                    [36m</option>[39m
                    [36m<option[39m
                      [33mvalue[39m=[32m"townhouse"[39m
                    [36m>[39m
                      [0mShtëpi në Qytet[0m
                    [36m</option>[39m
                  [36m</select>[39m
                [36m</div>[39m
              [36m</div>[39m
              [36m<div[39m
                [33mclass[39m=[32m"mt-2 pt-2 border-t border-gray-200"[39m
              [36m>[39m
                [36m<span[39m
                  [33mclass[39m=[32m"text-xs text-gray-600"[39m
                [36m>[39m
                  [0m2[0m
                  [0m pasuri në hartë[0m
                [36m</span>[39m
              [36m</div>[39m
            [36m</div>[39m
          [36m</div>[39m
          [36m<div[39m
            [33mclass[39m=[32m"absolute inset-0 bg-linear-to-br from-blue-50 to-green-50 bg-opacity-95 flex items-center justify-center rounded-lg"[39m
          [36m>[39m
            [36m<div[39m
              [33mclass[39m=[32m"flex flex-col items-center justify-center p-6"[39m
            [36m>[39m
              [36m<div[39m
                [33mclass[39m=[32m"relative mb-4"[39m
              [36m>[39m
                [36m<div[39m
                  [33mclass[39m=[32m"absolute inset-0 bg-gradient-to-r from-red-100 to-blue-100 rounded-full animate-pulse"[39m
                [36m/>[39m
                [36m<div[39m
                  [33mclass[39m=[32m"relative bg-white rounded-full p-4 shadow-lg"[39m
                [36m>[39m
                  [36m<div[39m
                    [33mclass[39m=[32m"absolute inset-0 bg-gradient-to-r from-red-500 via-blue-500 to-yellow-500 rounded-full animate-spin opacity-20"[39m
                  [36m/>[39m
                  [36m<div[39m
                    [33mclass[39m=[32m"relative z-10"[39m
                  [36m>[39m
                    [36m<svg[39m
                      [33maria-hidden[39m=[32m"true"[39m
                      [33mclass[39m=[32m"lucide lucide-house h-8 w-8 text-red-500 transition-all duration-300 opacity-100 scale-110 transform"[39m
                      [33mfill[39m=[32m"none"[39m
                      [33mheight[39m=[32m"24"[39m
                      [33mstroke[39m=[32m"currentColor"[39m
                      [33mstroke-linecap[39m=[32m"round"[39m
                      [33mstroke-linejoin[39m=[32m"round"[39m
                      [33mstroke-width[39m=[32m"2"[39m
                      [33mviewBox[39m=[32m"0 0 24 24"[39m
                      [33mwidth[39m=[32m"24"[39m
                      [33mxmlns[39m=[32m"http://www.w3.org/2000/svg"[39m
                    [36m>[39m
                      [36m<path[39m
                        [33md[39m=[32m"M15 21v-8a1 1 0 0 0-1-1h-4a1 1 0 0 0-1 1v8"[39m
                      [36m/>[39m
                      [36m<path[39m
                        [33md[39m=[32m"M3 10a2 2 0 0 1 .709-1.528l7-5.999a2 2 0 0 1 2.582 0l7 5.999A2 2 0 0 1 21 10v9a2 2 0 0 1-2 2H5a2 2 0 0 1-2-2z"[39m
                      [36m/>[39m
                    [36m</svg>[39m
                    [36m<svg[39m
                      [33maria-hidden[39m=[32m"true"[39m
                      [33mclass[39m=[32m"lucide lucide-map-pin h-8 w-8 text-blue-500 transition-all duration-300 opacity-0 scale-90 absolute inset-0"[39m
                      [33mfill[39m=[32m"none"[39m
                      [33mheight[39m=[32m"24"[39m
                      [33mstroke[39m=[32m"currentColor"[39m
                      [33mstroke-linecap[39m=[32m"round"[39m
                      [33mstroke-linejoin[39m=[32m"round"[39m
                      [33mstroke-width[39m=[32m"2"[39m
                      [33mviewBox[39m=[32m"0 0 24 24"[39m
                      [33mwidth[39m=[32m"24"[39m
                      [33mxmlns[39m=[32m"http://www.w3.org/2000/svg"[39m
                    [36m>[39m
                      [36m<path[39m
                        [33md[39m=[32m"M20 10c0 4.993-5.539 10.193-7.399 11.799a1 1 0 0 1-1.202 0C9.539 20.193 4 14.993 4 10a8 8 0 0 1 16 0"[39m
                      [36m/>[39m
                      [36m<circle[39m
                        [33mcx[39m=[32m"12"[39m
                        [33mcy[39m=[32m"10"[39m
                        [33mr[39m=[32m"3"[39m
                      [36m/>[39m
                    [36m</svg>[39m
                    [36m<svg[39m
                      [33maria-hidden[39m=[32m"true"[39m
                      [33mclass[39m=[32m"lucide lucide-key h-8 w-8 text-yellow-500 transition-all duration-300 opacity-0 scale-90 absolute inset-0"[39m
                      [33mfill[39m=[32m"none"[39m
                      [33mheight[39m=[32m"24"[39m
                      [33mstroke[39m=[32m"currentColor"[39m
                      [33mstroke-linecap[39m=[32m"round"[39m
                      [33mstroke-linejoin[39m=[32m"round"[39m
                      [33mstroke-width[39m=[32m"2"[39m
                      [33mviewBox[39m=[32m"0 0 24 24"[39m
                      [33mwidth[39m=[32m"24"[39m
                      [33mxmlns[39m=[32m"http://www.w3.org/2000/svg"[39m
                    [36m>[39m
                      [36m<path[39m
                        [33md[39m=[32m"m15.5 7.5 2.3 2.3a1 1 0 0 0 1.4 0l2.1-2.1a1 1 0 0 0 0-1.4L19 4"[39m
                      [36m/>[39m
                      [36m<path[39m
                        [33md[39m=[32m"m21 2-9.6 9.6"[39m
                      [36m/>[39m
                      [36m<circle[39m
                        [33mcx[39m=[32m"7.5"[39m
                        [33mcy[39m=[32m"15.5"[39m
                        [33mr[39m=[32m"5.5"[39m
                      [36m/>[39m
                    [36m</svg>[39m
                    [36m<svg[39m
                      [33maria-hidden[39m=[32m"true"[39m
                      [33mclass[39m=[32m"lucide lucide-heart h-8 w-8 text-pink-500 transition-all duration-300 opacity-0 scale-90 absolute inset-0"[39m
                      [33mfill[39m=[32m"none"[39m
                      [33mheight[39m=[32m"24"[39m
                      [33mstroke[39m=[32m"currentColor"[39m
                      [33mstroke-linecap[39m=[32m"round"[39m
                      [33mstroke-linejoin[39m=[32m"round"[39m
                      [33mstroke-width[39m=[32m"2"[39m
                      [33mviewBox[39m=[32m"0 0 24 24"[39m
                      [33mwidth[39m=[32m"24"[39m
                      [33mxmlns[39m=[32m"http://www.w3.org/2000/svg"[39m
                    [36m>[39m
                      [36m<path[39m
                        [33md[39m=[32m"M19 14c1.49-1.46 3-3.21 3-5.5A5.5 5.5 0 0 0 16.5 3c-1.76 0-3 .5-4.5 2-1.5-1.5-2.74-2-4.5-2A5.5 5.5 0 0 0 2 8.5c0 2.3 1.5 4.05 3 5.5l7 7Z"[39m
                      [36m/>[39m
                    [36m</svg>[39m
                  [36m</div>[39m
                [36m</div>[39m
              [36m</div>[39m
              [36m<div[39m
                [33mclass[39m=[32m"flex space-x-1 mb-3"[39m
              [36m>[39m
                [36m<div[39m
                  [33mclass[39m=[32m"w-2 h-2 bg-red-500 rounded-full animate-bounce"[39m
                  [33mstyle[39m=[32m"animation-delay: 0s;"[39m
                [36m/>[39m
                [36m<div[39m
                  [33mclass[39m=[32m"w-2 h-2 bg-red-500 rounded-full animate-bounce"[39m
                  [33mstyle[39m=[32m"animation-delay: 0.2s;"[39m
                [36m/>[39m
                [36m<div[39m
                  [33mclass[39m=[32m"w-2 h-2 bg-red-500 rounded-full animate-bounce"[39m
                  [33mstyle[39m=[32m"animation-delay: 0.4s;"[39m
                [36m/>[39m
              [36m</div>[39m
              [36m<p[39m
                [33mclass[39m=[32m"text-gray-700 text-sm font-medium text-center"[39m
              [36m>[39m
                [0mPo ngarkohet harta...[0m
              [36m</p>[39m
              [36m<div[39m
                [33mclass[39m=[32m"w-32 h-1 bg-gray-200 rounded-full mt-3 overflow-hidden"[39m
              [36m>[39m
                [36m<div[39m
                  [33mclass[39m=[32m"h-full bg-gradient-to-r from-red-500 to-blue-500 rounded-full animate-pulse"[39m
                [36m/>[39m
              [36m</div>[39m
            [36m</div>[39m
          [36m</div>[39m
        [36m</div>[39m
      [36m</div>[39m
    [36m</body>[39m

      106 |     render(<MapView properties={mockProperties} />);
      107 |     
    > 108 |     const expandButton = screen.getByLabelText('Expand map');
          |                                 ^
      109 |     fireEvent.click(expandButton);
      110 |     
      111 |     await waitFor(() => {

      at Object.getElementError (node_modules/@testing-library/dom/dist/config.js:37:19)
      at getAllByLabelText (node_modules/@testing-library/dom/dist/queries/label-text.js:111:38)
      at node_modules/@testing-library/dom/dist/query-helpers.js:52:17
      at node_modules/@testing-library/dom/dist/query-helpers.js:95:19
      at Object.getByLabelText (src/components/__tests__/MapView.test.tsx:108:33)

  ● MapView Component › handles empty properties array

    TestingLibraryElementError: Unable to find an element by: [data-testid="map-container"]

    Ignored nodes: comments, script, style
    [36m<body>[39m
      [36m<div>[39m
        [36m<div[39m
          [33mclass[39m=[32m"relative"[39m
        [36m>[39m
          [36m<div[39m
            [33mclass[39m=[32m"w-full rounded-lg shadow-md border border-gray-200 touch-pan-x touch-pan-y bg-gray-50"[39m
            [33mstyle[39m=[32m"height: 400px;"[39m
          [36m/>[39m
          [36m<div[39m
            [33mclass[39m=[32m"absolute top-2 right-2 flex flex-col gap-1 z-1000"[39m
          [36m>[39m
            [36m<div[39m
              [33mclass[39m=[32m"bg-white rounded-md shadow-md border border-gray-200 overflow-hidden"[39m
            [36m>[39m
              [36m<button[39m
                [33mclass[39m=[32m"p-1.5 w-full text-xs transition-colors bg-blue-600 text-white"[39m
                [33mtitle[39m=[32m"Harta e rrugëve"[39m
              [36m>[39m
                [0m��️[0m
              [36m</button>[39m
              [36m<button[39m
                [33mclass[39m=[32m"p-1.5 w-full text-xs transition-colors text-blue-600"[39m
                [33mtitle[39m=[32m"Pamja satelitore"[39m
              [36m>[39m
                [0m��️[0m
              [36m</button>[39m
              [36m<button[39m
                [33mclass[39m=[32m"p-1.5 w-full text-xs transition-colors text-blue-600"[39m
                [33mtitle[39m=[32m"Terreni"[39m
              [36m>[39m
                [0m��️[0m
              [36m</button>[39m
            [36m</div>[39m
            [36m<button[39m
              [33mclass[39m=[32m"bg-white p-1.5 rounded-md shadow-md border border-gray-200 transition-colors duration-200"[39m
              [33mtitle[39m=[32m"Kthehu në pamjen fillestare"[39m
            [36m>[39m
              [36m<svg[39m
                [33maria-hidden[39m=[32m"true"[39m
                [33mclass[39m=[32m"lucide lucide-house h-3 w-3 text-blue-600"[39m
                [33mfill[39m=[32m"none"[39m
                [33mheight[39m=[32m"24"[39m
                [33mstroke[39m=[32m"currentColor"[39m
                [33mstroke-linecap[39m=[32m"round"[39m
                [33mstroke-linejoin[39m=[32m"round"[39m
                [33mstroke-width[39m=[32m"2"[39m
                [33mviewBox[39m=[32m"0 0 24 24"[39m
                [33mwidth[39m=[32m"24"[39m
                [33mxmlns[39m=[32m"http://www.w3.org/2000/svg"[39m
              [36m>[39m
                [36m<path[39m
                  [33md[39m=[32m"M15 21v-8a1 1 0 0 0-1-1h-4a1 1 0 0 0-1 1v8"[39m
                [36m/>[39m
                [36m<path[39m
                  [33md[39m=[32m"M3 10a2 2 0 0 1 .709-1.528l7-5.999a2 2 0 0 1 2.582 0l7 5.999A2 2 0 0 1 21 10v9a2 2 0 0 1-2 2H5a2 2 0 0 1-2-2z"[39m
                [36m/>[39m
              [36m</svg>[39m
            [36m</button>[39m
            [36m<button[39m
              [33mclass[39m=[32m"bg-white hover:bg-blue-50 p-1.5 rounded-md shadow-md border border-gray-200 transition-colors duration-200"[39m
              [33mtitle[39m=[32m"Harta në ekran të plotë"[39m
            [36m>[39m
              [36m<svg[39m
                [33mclass[39m=[32m"h-3 w-3 text-blue-600"[39m
                [33mfill[39m=[32m"none"[39m
                [33mstroke[39m=[32m"currentColor"[39m
                [33mviewBox[39m=[32m"0 0 24 24"[39m
              [36m>[39m
                [36m<path[39m
                  [33md[39m=[32m"M4 8V4m0 0h4M4 4l5 5m11-1V4m0 0h-4m4 0l-5 5M4 16v4m0 0h4m-4 0l5-5m11 5l-5-5m5 5v-4m0 4h-4"[39m
                  [33mstroke-linecap[39m=[32m"round"[39m
                  [33mstroke-linejoin[39m=[32m"round"[39m
                  [33mstroke-width[39m=[32m"2"[39m
                [36m/>[39m
              [36m</svg>[39m
            [36m</button>[39m
            [36m<button[39m
              [33mclass[39m=[32m"bg-white p-1.5 rounded-md shadow-md border border-gray-200 transition-colors duration-200"[39m
              [33mtitle[39m=[32m"Shko te lokacioni im"[39m
            [36m>[39m
              [36m<svg[39m
                [33mclass[39m=[32m"h-3 w-3 text-blue-600"[39m
                [33mfill[39m=[32m"none"[39m
                [33mstroke[39m=[32m"currentColor"[39m
                [33mviewBox[39m=[32m"0 0 24 24"[39m
              [36m>[39m
                [36m<path[39m
                  [33md[39m=[32m"M17.657 16.657L13.414 20.9a1.998 1.998 0 01-2.827 0l-4.244-4.243a8 8 0 1111.314 0z"[39m
                  [33mstroke-linecap[39m=[32m"round"[39m
                  [33mstroke-linejoin[39m=[32m"round"[39m
                  [33mstroke-width[39m=[32m"2"[39m
                [36m/>[39m
                [36m<path[39m
                  [33md[39m=[32m"M15 11a3 3 0 11-6 0 3 3 0 016 0z"[39m
                  [33mstroke-linecap[39m=[32m"round"[39m
                  [33mstroke-linejoin[39m=[32m"round"[39m
                  [33mstroke-width[39m=[32m"2"[39m
                [36m/>[39m
              [36m</svg>[39m
            [36m</button>[39m
          [36m</div>[39m
          [36m<div[39m
            [33mclass[39m=[32m"absolute top-3 left-3 z-1000"[39m
          [36m>[39m
            [36m<div[39m
              [33mclass[39m=[32m"bg-white rounded-lg shadow-md border border-gray-200 p-3 max-w-xs sm:max-w-sm"[39m
            [36m>[39m
              [36m<div[39m
                [33mclass[39m=[32m"flex items-center gap-2 mb-2"[39m
              [36m>[39m
                [36m<svg[39m
                  [33maria-hidden[39m=[32m"true"[39m
                  [33mclass[39m=[32m"lucide lucide-funnel h-4 w-4 text-blue-600"[39m
                  [33mfill[39m=[32m"none"[39m
                  [33mheight[39m=[32m"24"[39m
                  [33mstroke[39m=[32m"currentColor"[39m
                  [33mstroke-linecap[39m=[32m"round"[39m
                  [33mstroke-linejoin[39m=[32m"round"[39m
                  [33mstroke-width[39m=[32m"2"[39m
                  [33mviewBox[39m=[32m"0 0 24 24"[39m
                  [33mwidth[39m=[32m"24"[39m
                  [33mxmlns[39m=[32m"http://www.w3.org/2000/svg"[39m
                [36m>[39m
                  [36m<path[39m
                    [33md[39m=[32m"M10 20a1 1 0 0 0 .553.895l2 1A1 1 0 0 0 14 21v-7a2 2 0 0 1 .517-1.341L21.74 4.67A1 1 0 0 0 21 3H3a1 1 0 0 0-.742 1.67l7.225 7.989A2 2 0 0 1 10 14z"[39m
                  [36m/>[39m
                [36m</svg>[39m
                [36m<span[39m
                  [33mclass[39m=[32m"text-sm font-medium text-gray-700"[39m
                [36m>[39m
                  [0mFiltrat e Hartës[0m
                [36m</span>[39m
              [36m</div>[39m
              [36m<div[39m
                [33mclass[39m=[32m"space-y-2"[39m
              [36m>[39m
                [36m<div>[39m
                  [36m<label[39m
                    [33mclass[39m=[32m"text-xs text-gray-600 block mb-1"[39m
                  [36m>[39m
                    [0mÇmimi[0m
                  [36m</label>[39m
                  [36m<select[39m
                    [33mclass[39m=[32m"w-full text-xs border border-gray-300 rounded px-2 py-1.5 focus:outline-none focus:ring-1 focus:ring-blue-500 touch-manipulation"[39m
                  [36m>[39m
                    [36m<option[39m
                      [33mvalue[39m=[32m"all"[39m
                    [36m>[39m
                      [0mTë gjitha[0m
                    [36m</option>[39m
                    [36m<option[39m
                      [33mvalue[39m=[32m"low"[39m
                    [36m>[39m
                      [0mDeri €100,000[0m
                    [36m</option>[39m
                    [36m<option[39m
                      [33mvalue[39m=[32m"medium"[39m
                    [36m>[39m
                      [0m€100,000 - €300,000[0m
                    [36m</option>[39m
                    [36m<option[39m
                      [33mvalue[39m=[32m"high"[39m
                    [36m>[39m
                      [0mMbi €300,000[0m
                    [36m</option>[39m
                  [36m</select>[39m
                [36m</div>[39m
                [36m<div>[39m
                  [36m<label[39m
                    [33mclass[39m=[32m"text-xs text-gray-600 block mb-1"[39m
                  [36m>[39m
                    [0mLloji[0m
                  [36m</label>[39m
                  [36m<select[39m
                    [33mclass[39m=[32m"w-full text-xs border border-gray-300 rounded px-2 py-1.5 focus:outline-none focus:ring-1 focus:ring-blue-500 touch-manipulation"[39m
                  [36m>[39m
                    [36m<option[39m
                      [33mvalue[39m=[32m"all"[39m
                    [36m>[39m
                      [0mTë gjitha[0m
                    [36m</option>[39m
                    [36m<option[39m
                      [33mvalue[39m=[32m"house"[39m
                    [36m>[39m
                      [0mShtëpi[0m
                    [36m</option>[39m
                    [36m<option[39m
                      [33mvalue[39m=[32m"apartment"[39m
                    [36m>[39m
                      [0mApartament[0m
                    [36m</option>[39m
                    [36m<option[39m
                      [33mvalue[39m=[32m"condo"[39m
                    [36m>[39m
                      [0mKondo[0m
                    [36m</option>[39m
                    [36m<option[39m
                      [33mvalue[39m=[32m"townhouse"[39m
                    [36m>[39m
                      [0mShtëpi në Qytet[0m
                    [36m</option>[39m
                  [36m</select>[39m
                [36m</div>[39m
              [36m</div>[39m
              [36m<div[39m
                [33mclass[39m=[32m"mt-2 pt-2 border-t border-gray-200"[39m
              [36m>[39m
                [36m<span[39m
                  [33mclass[39m=[32m"text-xs text-gray-600"[39m
                [36m>[39m
                  [0m0[0m
                  [0m pasuri në hartë[0m
                [36m</span>[39m
              [36m</div>[39m
            [36m</div>[39m
          [36m</div>[39m
          [36m<div[39m
            [33mclass[39m=[32m"absolute inset-0 bg-linear-to-br from-blue-50 to-green-50 bg-opacity-95 flex items-center justify-center rounded-lg"[39m
          [36m>[39m
            [36m<div[39m
              [33mclass[39m=[32m"flex flex-col items-center justify-center p-6"[39m
            [36m>[39m
              [36m<div[39m
                [33mclass[39m=[32m"relative mb-4"[39m
              [36m>[39m
                [36m<div[39m
                  [33mclass[39m=[32m"absolute inset-0 bg-gradient-to-r from-red-100 to-blue-100 rounded-full animate-pulse"[39m
                [36m/>[39m
                [36m<div[39m
                  [33mclass[39m=[32m"relative bg-white rounded-full p-4 shadow-lg"[39m
                [36m>[39m
                  [36m<div[39m
                    [33mclass[39m=[32m"absolute inset-0 bg-gradient-to-r from-red-500 via-blue-500 to-yellow-500 rounded-full animate-spin opacity-20"[39m
                  [36m/>[39m
                  [36m<div[39m
                    [33mclass[39m=[32m"relative z-10"[39m
                  [36m>[39m
                    [36m<svg[39m
                      [33maria-hidden[39m=[32m"true"[39m
                      [33mclass[39m=[32m"lucide lucide-house h-8 w-8 text-red-500 transition-all duration-300 opacity-100 scale-110 transform"[39m
                      [33mfill[39m=[32m"none"[39m
                      [33mheight[39m=[32m"24"[39m
                      [33mstroke[39m=[32m"currentColor"[39m
                      [33mstroke-linecap[39m=[32m"round"[39m
                      [33mstroke-linejoin[39m=[32m"round"[39m
                      [33mstroke-width[39m=[32m"2"[39m
                      [33mviewBox[39m=[32m"0 0 24 24"[39m
                      [33mwidth[39m=[32m"24"[39m
                      [33mxmlns[39m=[32m"http://www.w3.org/2000/svg"[39m
                    [36m>[39m
                      [36m<path[39m
                        [33md[39m=[32m"M15 21v-8a1 1 0 0 0-1-1h-4a1 1 0 0 0-1 1v8"[39m
                      [36m/>[39m
                      [36m<path[39m
                        [33md[39m=[32m"M3 10a2 2 0 0 1 .709-1.528l7-5.999a2 2 0 0 1 2.582 0l7 5.999A2 2 0 0 1 21 10v9a2 2 0 0 1-2 2H5a2 2 0 0 1-2-2z"[39m
                      [36m/>[39m
                    [36m</svg>[39m
                    [36m<svg[39m
                      [33maria-hidden[39m=[32m"true"[39m
                      [33mclass[39m=[32m"lucide lucide-map-pin h-8 w-8 text-blue-500 transition-all duration-300 opacity-0 scale-90 absolute inset-0"[39m
                      [33mfill[39m=[32m"none"[39m
                      [33mheight[39m=[32m"24"[39m
                      [33mstroke[39m=[32m"currentColor"[39m
                      [33mstroke-linecap[39m=[32m"round"[39m
                      [33mstroke-linejoin[39m=[32m"round"[39m
                      [33mstroke-width[39m=[32m"2"[39m
                      [33mviewBox[39m=[32m"0 0 24 24"[39m
                      [33mwidth[39m=[32m"24"[39m
                      [33mxmlns[39m=[32m"http://www.w3.org/2000/svg"[39m
                    [36m>[39m
                      [36m<path[39m
                        [33md[39m=[32m"M20 10c0 4.993-5.539 10.193-7.399 11.799a1 1 0 0 1-1.202 0C9.539 20.193 4 14.993 4 10a8 8 0 0 1 16 0"[39m
                      [36m/>[39m
                      [36m<circle[39m
                        [33mcx[39m=[32m"12"[39m
                        [33mcy[39m=[32m"10"[39m
                        [33mr[39m=[32m"3"[39m
                      [36m/>[39m
                    [36m</svg>[39m
                    [36m<svg[39m
                      [33maria-hidden[39m=[32m"true"[39m
                      [33mclass[39m=[32m"lucide lucide-key h-8 w-8 text-yellow-500 transition-all duration-300 opacity-0 scale-90 absolute inset-0"[39m
                      [33mfill[39m=[32m"none"[39m
                      [33mheight[39m=[32m"24"[39m
                      [33mstroke[39m=[32m"currentColor"[39m
                      [33mstroke-linecap[39m=[32m"round"[39m
                      [33mstroke-linejoin[39m=[32m"round"[39m
                      [33mstroke-width[39m=[32m"2"[39m
                      [33mviewBox[39m=[32m"0 0 24 24"[39m
                      [33mwidth[39m=[32m"24"[39m
                      [33mxmlns[39m=[32m"http://www.w3.org/2000/svg"[39m
                    [36m>[39m
                      [36m<path[39m
                        [33md[39m=[32m"m15.5 7.5 2.3 2.3a1 1 0 0 0 1.4 0l2.1-2.1a1 1 0 0 0 0-1.4L19 4"[39m
                      [36m/>[39m
                      [36m<path[39m
                        [33md[39m=[32m"m21 2-9.6 9.6"[39m
                      [36m/>[39m
                      [36m<circle[39m
                        [33mcx[39m=[32m"7.5"[39m
                        [33mcy[39m=[32m"15.5"[39m
                        [33mr[39m=[32m"5.5"[39m
                      [36m/>[39m
                    [36m</svg>[39m
                    [36m<svg[39m
                      [33maria-hidden[39m=[32m"true"[39m
                      [33mclass[39m=[32m"lucide lucide-heart h-8 w-8 text-pink-500 transition-all duration-300 opacity-0 scale-90 absolute inset-0"[39m
                      [33mfill[39m=[32m"none"[39m
                      [33mheight[39m=[32m"24"[39m
                      [33mstroke[39m=[32m"currentColor"[39m
                      [33mstroke-linecap[39m=[32m"round"[39m
                      [33mstroke-linejoin[39m=[32m"round"[39m
                      [33mstroke-width[39m=[32m"2"[39m
                      [33mviewBox[39m=[32m"0 0 24 24"[39m
                      [33mwidth[39m=[32m"24"[39m
                      [33mxmlns[39m=[32m"http://www.w3.org/2000/svg"[39m
                    [36m>[39m
                      [36m<path[39m
                        [33md[39m=[32m"M19 14c1.49-1.46 3-3.21 3-5.5A5.5 5.5 0 0 0 16.5 3c-1.76 0-3 .5-4.5 2-1.5-1.5-2.74-2-4.5-2A5.5 5.5 0 0 0 2 8.5c0 2.3 1.5 4.05 3 5.5l7 7Z"[39m
                      [36m/>[39m
                    [36m</svg>[39m
                  [36m</div>[39m
                [36m</div>[39m
              [36m</div>[39m
              [36m<div[39m
                [33mclass[39m=[32m"flex space-x-1 mb-3"[39m
              [36m>[39m
                [36m<div[39m
                  [33mclass[39m=[32m"w-2 h-2 bg-red-500 rounded-full animate-bounce"[39m
                  [33mstyle[39m=[32m"animation-delay: 0s;"[39m
                [36m/>[39m
                [36m<div[39m
                  [33mclass[39m=[32m"w-2 h-2 bg-red-500 rounded-full animate-bounce"[39m
                  [33mstyle[39m=[32m"animation-delay: 0.2s;"[39m
                [36m/>[39m
                [36m<div[39m
                  [33mclass[39m=[32m"w-2 h-2 bg-red-500 rounded-full animate-bounce"[39m
                  [33mstyle[39m=[32m"animation-delay: 0.4s;"[39m
                [36m/>[39m
              [36m</div>[39m
              [36m<p[39m
                [33mclass[39m=[32m"text-gray-700 text-sm font-medium text-center"[39m
              [36m>[39m
                [0mPo ngarkohet harta...[0m
              [36m</p>[39m
              [36m<div[39m
                [33mclass[39m=[32m"w-32 h-1 bg-gray-200 rounded-full mt-3 overflow-hidden"[39m
              [36m>[39m
                [36m<div[39m
                  [33mclass[39m=[32m"h-full bg-gradient-to-r from-red-500 to-blue-500 rounded-full animate-pulse"[39m
                [36m/>[39m
              [36m</div>[39m
            [36m</div>[39m
          [36m</div>[39m
        [36m</div>[39m
      [36m</div>[39m
    [36m</body>[39m

      116 |   it('handles empty properties array', () => {
      117 |     render(<MapView properties={[]} />);
    > 118 |     expect(screen.getByTestId('map-container')).toBeInTheDocument();
          |                   ^
      119 |     expect(screen.queryByTestId('marker')).not.toBeInTheDocument();
      120 |   });
      121 |

      at Object.getElementError (node_modules/@testing-library/dom/dist/config.js:37:19)
      at node_modules/@testing-library/dom/dist/query-helpers.js:76:38
      at node_modules/@testing-library/dom/dist/query-helpers.js:52:17
      at node_modules/@testing-library/dom/dist/query-helpers.js:95:19
      at Object.getByTestId (src/components/__tests__/MapView.test.tsx:118:19)

  ● MapView Component › applies correct CSS classes for fullscreen mode

    TestingLibraryElementError: Unable to find a label with the text of: Expand map

    Ignored nodes: comments, script, style
    [36m<body>[39m
      [36m<div>[39m
        [36m<div[39m
          [33mclass[39m=[32m"relative"[39m
        [36m>[39m
          [36m<div[39m
            [33mclass[39m=[32m"w-full rounded-lg shadow-md border border-gray-200 touch-pan-x touch-pan-y bg-gray-50"[39m
            [33mstyle[39m=[32m"height: 400px;"[39m
          [36m/>[39m
          [36m<div[39m
            [33mclass[39m=[32m"absolute top-2 right-2 flex flex-col gap-1 z-1000"[39m
          [36m>[39m
            [36m<div[39m
              [33mclass[39m=[32m"bg-white rounded-md shadow-md border border-gray-200 overflow-hidden"[39m
            [36m>[39m
              [36m<button[39m
                [33mclass[39m=[32m"p-1.5 w-full text-xs transition-colors bg-blue-600 text-white"[39m
                [33mtitle[39m=[32m"Harta e rrugëve"[39m
              [36m>[39m
                [0m��️[0m
              [36m</button>[39m
              [36m<button[39m
                [33mclass[39m=[32m"p-1.5 w-full text-xs transition-colors text-blue-600"[39m
                [33mtitle[39m=[32m"Pamja satelitore"[39m
              [36m>[39m
                [0m��️[0m
              [36m</button>[39m
              [36m<button[39m
                [33mclass[39m=[32m"p-1.5 w-full text-xs transition-colors text-blue-600"[39m
                [33mtitle[39m=[32m"Terreni"[39m
              [36m>[39m
                [0m��️[0m
              [36m</button>[39m
            [36m</div>[39m
            [36m<button[39m
              [33mclass[39m=[32m"bg-white p-1.5 rounded-md shadow-md border border-gray-200 transition-colors duration-200"[39m
              [33mtitle[39m=[32m"Kthehu në pamjen fillestare"[39m
            [36m>[39m
              [36m<svg[39m
                [33maria-hidden[39m=[32m"true"[39m
                [33mclass[39m=[32m"lucide lucide-house h-3 w-3 text-blue-600"[39m
                [33mfill[39m=[32m"none"[39m
                [33mheight[39m=[32m"24"[39m
                [33mstroke[39m=[32m"currentColor"[39m
                [33mstroke-linecap[39m=[32m"round"[39m
                [33mstroke-linejoin[39m=[32m"round"[39m
                [33mstroke-width[39m=[32m"2"[39m
                [33mviewBox[39m=[32m"0 0 24 24"[39m
                [33mwidth[39m=[32m"24"[39m
                [33mxmlns[39m=[32m"http://www.w3.org/2000/svg"[39m
              [36m>[39m
                [36m<path[39m
                  [33md[39m=[32m"M15 21v-8a1 1 0 0 0-1-1h-4a1 1 0 0 0-1 1v8"[39m
                [36m/>[39m
                [36m<path[39m
                  [33md[39m=[32m"M3 10a2 2 0 0 1 .709-1.528l7-5.999a2 2 0 0 1 2.582 0l7 5.999A2 2 0 0 1 21 10v9a2 2 0 0 1-2 2H5a2 2 0 0 1-2-2z"[39m
                [36m/>[39m
              [36m</svg>[39m
            [36m</button>[39m
            [36m<button[39m
              [33mclass[39m=[32m"bg-white hover:bg-blue-50 p-1.5 rounded-md shadow-md border border-gray-200 transition-colors duration-200"[39m
              [33mtitle[39m=[32m"Harta në ekran të plotë"[39m
            [36m>[39m
              [36m<svg[39m
                [33mclass[39m=[32m"h-3 w-3 text-blue-600"[39m
                [33mfill[39m=[32m"none"[39m
                [33mstroke[39m=[32m"currentColor"[39m
                [33mviewBox[39m=[32m"0 0 24 24"[39m
              [36m>[39m
                [36m<path[39m
                  [33md[39m=[32m"M4 8V4m0 0h4M4 4l5 5m11-1V4m0 0h-4m4 0l-5 5M4 16v4m0 0h4m-4 0l5-5m11 5l-5-5m5 5v-4m0 4h-4"[39m
                  [33mstroke-linecap[39m=[32m"round"[39m
                  [33mstroke-linejoin[39m=[32m"round"[39m
                  [33mstroke-width[39m=[32m"2"[39m
                [36m/>[39m
              [36m</svg>[39m
            [36m</button>[39m
            [36m<button[39m
              [33mclass[39m=[32m"bg-white p-1.5 rounded-md shadow-md border border-gray-200 transition-colors duration-200"[39m
              [33mtitle[39m=[32m"Shko te lokacioni im"[39m
            [36m>[39m
              [36m<svg[39m
                [33mclass[39m=[32m"h-3 w-3 text-blue-600"[39m
                [33mfill[39m=[32m"none"[39m
                [33mstroke[39m=[32m"currentColor"[39m
                [33mviewBox[39m=[32m"0 0 24 24"[39m
              [36m>[39m
                [36m<path[39m
                  [33md[39m=[32m"M17.657 16.657L13.414 20.9a1.998 1.998 0 01-2.827 0l-4.244-4.243a8 8 0 1111.314 0z"[39m
                  [33mstroke-linecap[39m=[32m"round"[39m
                  [33mstroke-linejoin[39m=[32m"round"[39m
                  [33mstroke-width[39m=[32m"2"[39m
                [36m/>[39m
                [36m<path[39m
                  [33md[39m=[32m"M15 11a3 3 0 11-6 0 3 3 0 016 0z"[39m
                  [33mstroke-linecap[39m=[32m"round"[39m
                  [33mstroke-linejoin[39m=[32m"round"[39m
                  [33mstroke-width[39m=[32m"2"[39m
                [36m/>[39m
              [36m</svg>[39m
            [36m</button>[39m
          [36m</div>[39m
          [36m<div[39m
            [33mclass[39m=[32m"absolute top-3 left-3 z-1000"[39m
          [36m>[39m
            [36m<div[39m
              [33mclass[39m=[32m"bg-white rounded-lg shadow-md border border-gray-200 p-3 max-w-xs sm:max-w-sm"[39m
            [36m>[39m
              [36m<div[39m
                [33mclass[39m=[32m"flex items-center gap-2 mb-2"[39m
              [36m>[39m
                [36m<svg[39m
                  [33maria-hidden[39m=[32m"true"[39m
                  [33mclass[39m=[32m"lucide lucide-funnel h-4 w-4 text-blue-600"[39m
                  [33mfill[39m=[32m"none"[39m
                  [33mheight[39m=[32m"24"[39m
                  [33mstroke[39m=[32m"currentColor"[39m
                  [33mstroke-linecap[39m=[32m"round"[39m
                  [33mstroke-linejoin[39m=[32m"round"[39m
                  [33mstroke-width[39m=[32m"2"[39m
                  [33mviewBox[39m=[32m"0 0 24 24"[39m
                  [33mwidth[39m=[32m"24"[39m
                  [33mxmlns[39m=[32m"http://www.w3.org/2000/svg"[39m
                [36m>[39m
                  [36m<path[39m
                    [33md[39m=[32m"M10 20a1 1 0 0 0 .553.895l2 1A1 1 0 0 0 14 21v-7a2 2 0 0 1 .517-1.341L21.74 4.67A1 1 0 0 0 21 3H3a1 1 0 0 0-.742 1.67l7.225 7.989A2 2 0 0 1 10 14z"[39m
                  [36m/>[39m
                [36m</svg>[39m
                [36m<span[39m
                  [33mclass[39m=[32m"text-sm font-medium text-gray-700"[39m
                [36m>[39m
                  [0mFiltrat e Hartës[0m
                [36m</span>[39m
              [36m</div>[39m
              [36m<div[39m
                [33mclass[39m=[32m"space-y-2"[39m
              [36m>[39m
                [36m<div>[39m
                  [36m<label[39m
                    [33mclass[39m=[32m"text-xs text-gray-600 block mb-1"[39m
                  [36m>[39m
                    [0mÇmimi[0m
                  [36m</label>[39m
                  [36m<select[39m
                    [33mclass[39m=[32m"w-full text-xs border border-gray-300 rounded px-2 py-1.5 focus:outline-none focus:ring-1 focus:ring-blue-500 touch-manipulation"[39m
                  [36m>[39m
                    [36m<option[39m
                      [33mvalue[39m=[32m"all"[39m
                    [36m>[39m
                      [0mTë gjitha[0m
                    [36m</option>[39m
                    [36m<option[39m
                      [33mvalue[39m=[32m"low"[39m
                    [36m>[39m
                      [0mDeri €100,000[0m
                    [36m</option>[39m
                    [36m<option[39m
                      [33mvalue[39m=[32m"medium"[39m
                    [36m>[39m
                      [0m€100,000 - €300,000[0m
                    [36m</option>[39m
                    [36m<option[39m
                      [33mvalue[39m=[32m"high"[39m
                    [36m>[39m
                      [0mMbi €300,000[0m
                    [36m</option>[39m
                  [36m</select>[39m
                [36m</div>[39m
                [36m<div>[39m
                  [36m<label[39m
                    [33mclass[39m=[32m"text-xs text-gray-600 block mb-1"[39m
                  [36m>[39m
                    [0mLloji[0m
                  [36m</label>[39m
                  [36m<select[39m
                    [33mclass[39m=[32m"w-full text-xs border border-gray-300 rounded px-2 py-1.5 focus:outline-none focus:ring-1 focus:ring-blue-500 touch-manipulation"[39m
                  [36m>[39m
                    [36m<option[39m
                      [33mvalue[39m=[32m"all"[39m
                    [36m>[39m
                      [0mTë gjitha[0m
                    [36m</option>[39m
                    [36m<option[39m
                      [33mvalue[39m=[32m"house"[39m
                    [36m>[39m
                      [0mShtëpi[0m
                    [36m</option>[39m
                    [36m<option[39m
                      [33mvalue[39m=[32m"apartment"[39m
                    [36m>[39m
                      [0mApartament[0m
                    [36m</option>[39m
                    [36m<option[39m
                      [33mvalue[39m=[32m"condo"[39m
                    [36m>[39m
                      [0mKondo[0m
                    [36m</option>[39m
                    [36m<option[39m
                      [33mvalue[39m=[32m"townhouse"[39m
                    [36m>[39m
                      [0mShtëpi në Qytet[0m
                    [36m</option>[39m
                  [36m</select>[39m
                [36m</div>[39m
              [36m</div>[39m
              [36m<div[39m
                [33mclass[39m=[32m"mt-2 pt-2 border-t border-gray-200"[39m
              [36m>[39m
                [36m<span[39m
                  [33mclass[39m=[32m"text-xs text-gray-600"[39m
                [36m>[39m
                  [0m2[0m
                  [0m pasuri në hartë[0m
                [36m</span>[39m
              [36m</div>[39m
            [36m</div>[39m
          [36m</div>[39m
          [36m<div[39m
            [33mclass[39m=[32m"absolute inset-0 bg-linear-to-br from-blue-50 to-green-50 bg-opacity-95 flex items-center justify-center rounded-lg"[39m
          [36m>[39m
            [36m<div[39m
              [33mclass[39m=[32m"flex flex-col items-center justify-center p-6"[39m
            [36m>[39m
              [36m<div[39m
                [33mclass[39m=[32m"relative mb-4"[39m
              [36m>[39m
                [36m<div[39m
                  [33mclass[39m=[32m"absolute inset-0 bg-gradient-to-r from-red-100 to-blue-100 rounded-full animate-pulse"[39m
                [36m/>[39m
                [36m<div[39m
                  [33mclass[39m=[32m"relative bg-white rounded-full p-4 shadow-lg"[39m
                [36m>[39m
                  [36m<div[39m
                    [33mclass[39m=[32m"absolute inset-0 bg-gradient-to-r from-red-500 via-blue-500 to-yellow-500 rounded-full animate-spin opacity-20"[39m
                  [36m/>[39m
                  [36m<div[39m
                    [33mclass[39m=[32m"relative z-10"[39m
                  [36m>[39m
                    [36m<svg[39m
                      [33maria-hidden[39m=[32m"true"[39m
                      [33mclass[39m=[32m"lucide lucide-house h-8 w-8 text-red-500 transition-all duration-300 opacity-100 scale-110 transform"[39m
                      [33mfill[39m=[32m"none"[39m
                      [33mheight[39m=[32m"24"[39m
                      [33mstroke[39m=[32m"currentColor"[39m
                      [33mstroke-linecap[39m=[32m"round"[39m
                      [33mstroke-linejoin[39m=[32m"round"[39m
                      [33mstroke-width[39m=[32m"2"[39m
                      [33mviewBox[39m=[32m"0 0 24 24"[39m
                      [33mwidth[39m=[32m"24"[39m
                      [33mxmlns[39m=[32m"http://www.w3.org/2000/svg"[39m
                    [36m>[39m
                      [36m<path[39m
                        [33md[39m=[32m"M15 21v-8a1 1 0 0 0-1-1h-4a1 1 0 0 0-1 1v8"[39m
                      [36m/>[39m
                      [36m<path[39m
                        [33md[39m=[32m"M3 10a2 2 0 0 1 .709-1.528l7-5.999a2 2 0 0 1 2.582 0l7 5.999A2 2 0 0 1 21 10v9a2 2 0 0 1-2 2H5a2 2 0 0 1-2-2z"[39m
                      [36m/>[39m
                    [36m</svg>[39m
                    [36m<svg[39m
                      [33maria-hidden[39m=[32m"true"[39m
                      [33mclass[39m=[32m"lucide lucide-map-pin h-8 w-8 text-blue-500 transition-all duration-300 opacity-0 scale-90 absolute inset-0"[39m
                      [33mfill[39m=[32m"none"[39m
                      [33mheight[39m=[32m"24"[39m
                      [33mstroke[39m=[32m"currentColor"[39m
                      [33mstroke-linecap[39m=[32m"round"[39m
                      [33mstroke-linejoin[39m=[32m"round"[39m
                      [33mstroke-width[39m=[32m"2"[39m
                      [33mviewBox[39m=[32m"0 0 24 24"[39m
                      [33mwidth[39m=[32m"24"[39m
                      [33mxmlns[39m=[32m"http://www.w3.org/2000/svg"[39m
                    [36m>[39m
                      [36m<path[39m
                        [33md[39m=[32m"M20 10c0 4.993-5.539 10.193-7.399 11.799a1 1 0 0 1-1.202 0C9.539 20.193 4 14.993 4 10a8 8 0 0 1 16 0"[39m
                      [36m/>[39m
                      [36m<circle[39m
                        [33mcx[39m=[32m"12"[39m
                        [33mcy[39m=[32m"10"[39m
                        [33mr[39m=[32m"3"[39m
                      [36m/>[39m
                    [36m</svg>[39m
                    [36m<svg[39m
                      [33maria-hidden[39m=[32m"true"[39m
                      [33mclass[39m=[32m"lucide lucide-key h-8 w-8 text-yellow-500 transition-all duration-300 opacity-0 scale-90 absolute inset-0"[39m
                      [33mfill[39m=[32m"none"[39m
                      [33mheight[39m=[32m"24"[39m
                      [33mstroke[39m=[32m"currentColor"[39m
                      [33mstroke-linecap[39m=[32m"round"[39m
                      [33mstroke-linejoin[39m=[32m"round"[39m
                      [33mstroke-width[39m=[32m"2"[39m
                      [33mviewBox[39m=[32m"0 0 24 24"[39m
                      [33mwidth[39m=[32m"24"[39m
                      [33mxmlns[39m=[32m"http://www.w3.org/2000/svg"[39m
                    [36m>[39m
                      [36m<path[39m
                        [33md[39m=[32m"m15.5 7.5 2.3 2.3a1 1 0 0 0 1.4 0l2.1-2.1a1 1 0 0 0 0-1.4L19 4"[39m
                      [36m/>[39m
                      [36m<path[39m
                        [33md[39m=[32m"m21 2-9.6 9.6"[39m
                      [36m/>[39m
                      [36m<circle[39m
                        [33mcx[39m=[32m"7.5"[39m
                        [33mcy[39m=[32m"15.5"[39m
                        [33mr[39m=[32m"5.5"[39m
                      [36m/>[39m
                    [36m</svg>[39m
                    [36m<svg[39m
                      [33maria-hidden[39m=[32m"true"[39m
                      [33mclass[39m=[32m"lucide lucide-heart h-8 w-8 text-pink-500 transition-all duration-300 opacity-0 scale-90 absolute inset-0"[39m
                      [33mfill[39m=[32m"none"[39m
                      [33mheight[39m=[32m"24"[39m
                      [33mstroke[39m=[32m"currentColor"[39m
                      [33mstroke-linecap[39m=[32m"round"[39m
                      [33mstroke-linejoin[39m=[32m"round"[39m
                      [33mstroke-width[39m=[32m"2"[39m
                      [33mviewBox[39m=[32m"0 0 24 24"[39m
                      [33mwidth[39m=[32m"24"[39m
                      [33mxmlns[39m=[32m"http://www.w3.org/2000/svg"[39m
                    [36m>[39m
                      [36m<path[39m
                        [33md[39m=[32m"M19 14c1.49-1.46 3-3.21 3-5.5A5.5 5.5 0 0 0 16.5 3c-1.76 0-3 .5-4.5 2-1.5-1.5-2.74-2-4.5-2A5.5 5.5 0 0 0 2 8.5c0 2.3 1.5 4.05 3 5.5l7 7Z"[39m
                      [36m/>[39m
                    [36m</svg>[39m
                  [36m</div>[39m
                [36m</div>[39m
              [36m</div>[39m
              [36m<div[39m
                [33mclass[39m=[32m"flex space-x-1 mb-3"[39m
              [36m>[39m
                [36m<div[39m
                  [33mclass[39m=[32m"w-2 h-2 bg-red-500 rounded-full animate-bounce"[39m
                  [33mstyle[39m=[32m"animation-delay: 0s;"[39m
                [36m/>[39m
                [36m<div[39m
                  [33mclass[39m=[32m"w-2 h-2 bg-red-500 rounded-full animate-bounce"[39m
                  [33mstyle[39m=[32m"animation-delay: 0.2s;"[39m
                [36m/>[39m
                [36m<div[39m
                  [33mclass[39m=[32m"w-2 h-2 bg-red-500 rounded-full animate-bounce"[39m
                  [33mstyle[39m=[32m"animation-delay: 0.4s;"[39m
                [36m/>[39m
              [36m</div>[39m
              [36m<p[39m
                [33mclass[39m=[32m"text-gray-700 text-sm font-medium text-center"[39m
              [36m>[39m
                [0mPo ngarkohet harta...[0m
              [36m</p>[39m
              [36m<div[39m
                [33mclass[39m=[32m"w-32 h-1 bg-gray-200 rounded-full mt-3 overflow-hidden"[39m
              [36m>[39m
                [36m<div[39m
                  [33mclass[39m=[32m"h-full bg-gradient-to-r from-red-500 to-blue-500 rounded-full animate-pulse"[39m
                [36m/>[39m
              [36m</div>[39m
            [36m</div>[39m
          [36m</div>[39m
        [36m</div>[39m
      [36m</div>[39m
    [36m</body>[39m

      123 |     render(<MapView properties={mockProperties} />);
      124 |     
    > 125 |     const expandButton = screen.getByLabelText('Expand map');
          |                                 ^
      126 |     fireEvent.click(expandButton);
      127 |     
      128 |     await waitFor(() => {

      at Object.getElementError (node_modules/@testing-library/dom/dist/config.js:37:19)
      at getAllByLabelText (node_modules/@testing-library/dom/dist/queries/label-text.js:111:38)
      at node_modules/@testing-library/dom/dist/query-helpers.js:52:17
      at node_modules/@testing-library/dom/dist/query-helpers.js:95:19
      at Object.getByLabelText (src/components/__tests__/MapView.test.tsx:125:33)

  ● MapView Component › handles loading state

    TestingLibraryElementError: Unable to find an element with the text: Loading map.... This could be because the text is broken up by multiple elements. In this case, you can provide a function for your text matcher to make your matcher more flexible.

    Ignored nodes: comments, script, style
    [36m<body>[39m
      [36m<div>[39m
        [36m<div[39m
          [33mclass[39m=[32m"relative"[39m
        [36m>[39m
          [36m<div[39m
            [33mclass[39m=[32m"w-full rounded-lg shadow-md border border-gray-200 touch-pan-x touch-pan-y bg-gray-50"[39m
            [33mstyle[39m=[32m"height: 400px;"[39m
          [36m/>[39m
          [36m<div[39m
            [33mclass[39m=[32m"absolute top-2 right-2 flex flex-col gap-1 z-1000"[39m
          [36m>[39m
            [36m<div[39m
              [33mclass[39m=[32m"bg-white rounded-md shadow-md border border-gray-200 overflow-hidden"[39m
            [36m>[39m
              [36m<button[39m
                [33mclass[39m=[32m"p-1.5 w-full text-xs transition-colors bg-blue-600 text-white"[39m
                [33mtitle[39m=[32m"Harta e rrugëve"[39m
              [36m>[39m
                [0m��️[0m
              [36m</button>[39m
              [36m<button[39m
                [33mclass[39m=[32m"p-1.5 w-full text-xs transition-colors text-blue-600"[39m
                [33mtitle[39m=[32m"Pamja satelitore"[39m
              [36m>[39m
                [0m��️[0m
              [36m</button>[39m
              [36m<button[39m
                [33mclass[39m=[32m"p-1.5 w-full text-xs transition-colors text-blue-600"[39m
                [33mtitle[39m=[32m"Terreni"[39m
              [36m>[39m
                [0m��️[0m
              [36m</button>[39m
            [36m</div>[39m
            [36m<button[39m
              [33mclass[39m=[32m"bg-white p-1.5 rounded-md shadow-md border border-gray-200 transition-colors duration-200"[39m
              [33mtitle[39m=[32m"Kthehu në pamjen fillestare"[39m
            [36m>[39m
              [36m<svg[39m
                [33maria-hidden[39m=[32m"true"[39m
                [33mclass[39m=[32m"lucide lucide-house h-3 w-3 text-blue-600"[39m
                [33mfill[39m=[32m"none"[39m
                [33mheight[39m=[32m"24"[39m
                [33mstroke[39m=[32m"currentColor"[39m
                [33mstroke-linecap[39m=[32m"round"[39m
                [33mstroke-linejoin[39m=[32m"round"[39m
                [33mstroke-width[39m=[32m"2"[39m
                [33mviewBox[39m=[32m"0 0 24 24"[39m
                [33mwidth[39m=[32m"24"[39m
                [33mxmlns[39m=[32m"http://www.w3.org/2000/svg"[39m
              [36m>[39m
                [36m<path[39m
                  [33md[39m=[32m"M15 21v-8a1 1 0 0 0-1-1h-4a1 1 0 0 0-1 1v8"[39m
                [36m/>[39m
                [36m<path[39m
                  [33md[39m=[32m"M3 10a2 2 0 0 1 .709-1.528l7-5.999a2 2 0 0 1 2.582 0l7 5.999A2 2 0 0 1 21 10v9a2 2 0 0 1-2 2H5a2 2 0 0 1-2-2z"[39m
                [36m/>[39m
              [36m</svg>[39m
            [36m</button>[39m
            [36m<button[39m
              [33mclass[39m=[32m"bg-white hover:bg-blue-50 p-1.5 rounded-md shadow-md border border-gray-200 transition-colors duration-200"[39m
              [33mtitle[39m=[32m"Harta në ekran të plotë"[39m
            [36m>[39m
              [36m<svg[39m
                [33mclass[39m=[32m"h-3 w-3 text-blue-600"[39m
                [33mfill[39m=[32m"none"[39m
                [33mstroke[39m=[32m"currentColor"[39m
                [33mviewBox[39m=[32m"0 0 24 24"[39m
              [36m>[39m
                [36m<path[39m
                  [33md[39m=[32m"M4 8V4m0 0h4M4 4l5 5m11-1V4m0 0h-4m4 0l-5 5M4 16v4m0 0h4m-4 0l5-5m11 5l-5-5m5 5v-4m0 4h-4"[39m
                  [33mstroke-linecap[39m=[32m"round"[39m
                  [33mstroke-linejoin[39m=[32m"round"[39m
                  [33mstroke-width[39m=[32m"2"[39m
                [36m/>[39m
              [36m</svg>[39m
            [36m</button>[39m
            [36m<button[39m
              [33mclass[39m=[32m"bg-white p-1.5 rounded-md shadow-md border border-gray-200 transition-colors duration-200"[39m
              [33mtitle[39m=[32m"Shko te lokacioni im"[39m
            [36m>[39m
              [36m<svg[39m
                [33mclass[39m=[32m"h-3 w-3 text-blue-600"[39m
                [33mfill[39m=[32m"none"[39m
                [33mstroke[39m=[32m"currentColor"[39m
                [33mviewBox[39m=[32m"0 0 24 24"[39m
              [36m>[39m
                [36m<path[39m
                  [33md[39m=[32m"M17.657 16.657L13.414 20.9a1.998 1.998 0 01-2.827 0l-4.244-4.243a8 8 0 1111.314 0z"[39m
                  [33mstroke-linecap[39m=[32m"round"[39m
                  [33mstroke-linejoin[39m=[32m"round"[39m
                  [33mstroke-width[39m=[32m"2"[39m
                [36m/>[39m
                [36m<path[39m
                  [33md[39m=[32m"M15 11a3 3 0 11-6 0 3 3 0 016 0z"[39m
                  [33mstroke-linecap[39m=[32m"round"[39m
                  [33mstroke-linejoin[39m=[32m"round"[39m
                  [33mstroke-width[39m=[32m"2"[39m
                [36m/>[39m
              [36m</svg>[39m
            [36m</button>[39m
          [36m</div>[39m
          [36m<div[39m
            [33mclass[39m=[32m"absolute top-3 left-3 z-1000"[39m
          [36m>[39m
            [36m<div[39m
              [33mclass[39m=[32m"bg-white rounded-lg shadow-md border border-gray-200 p-3 max-w-xs sm:max-w-sm"[39m
            [36m>[39m
              [36m<div[39m
                [33mclass[39m=[32m"flex items-center gap-2 mb-2"[39m
              [36m>[39m
                [36m<svg[39m
                  [33maria-hidden[39m=[32m"true"[39m
                  [33mclass[39m=[32m"lucide lucide-funnel h-4 w-4 text-blue-600"[39m
                  [33mfill[39m=[32m"none"[39m
                  [33mheight[39m=[32m"24"[39m
                  [33mstroke[39m=[32m"currentColor"[39m
                  [33mstroke-linecap[39m=[32m"round"[39m
                  [33mstroke-linejoin[39m=[32m"round"[39m
                  [33mstroke-width[39m=[32m"2"[39m
                  [33mviewBox[39m=[32m"0 0 24 24"[39m
                  [33mwidth[39m=[32m"24"[39m
                  [33mxmlns[39m=[32m"http://www.w3.org/2000/svg"[39m
                [36m>[39m
                  [36m<path[39m
                    [33md[39m=[32m"M10 20a1 1 0 0 0 .553.895l2 1A1 1 0 0 0 14 21v-7a2 2 0 0 1 .517-1.341L21.74 4.67A1 1 0 0 0 21 3H3a1 1 0 0 0-.742 1.67l7.225 7.989A2 2 0 0 1 10 14z"[39m
                  [36m/>[39m
                [36m</svg>[39m
                [36m<span[39m
                  [33mclass[39m=[32m"text-sm font-medium text-gray-700"[39m
                [36m>[39m
                  [0mFiltrat e Hartës[0m
                [36m</span>[39m
              [36m</div>[39m
              [36m<div[39m
                [33mclass[39m=[32m"space-y-2"[39m
              [36m>[39m
                [36m<div>[39m
                  [36m<label[39m
                    [33mclass[39m=[32m"text-xs text-gray-600 block mb-1"[39m
                  [36m>[39m
                    [0mÇmimi[0m
                  [36m</label>[39m
                  [36m<select[39m
                    [33mclass[39m=[32m"w-full text-xs border border-gray-300 rounded px-2 py-1.5 focus:outline-none focus:ring-1 focus:ring-blue-500 touch-manipulation"[39m
                  [36m>[39m
                    [36m<option[39m
                      [33mvalue[39m=[32m"all"[39m
                    [36m>[39m
                      [0mTë gjitha[0m
                    [36m</option>[39m
                    [36m<option[39m
                      [33mvalue[39m=[32m"low"[39m
                    [36m>[39m
                      [0mDeri €100,000[0m
                    [36m</option>[39m
                    [36m<option[39m
                      [33mvalue[39m=[32m"medium"[39m
                    [36m>[39m
                      [0m€100,000 - €300,000[0m
                    [36m</option>[39m
                    [36m<option[39m
                      [33mvalue[39m=[32m"high"[39m
                    [36m>[39m
                      [0mMbi €300,000[0m
                    [36m</option>[39m
                  [36m</select>[39m
                [36m</div>[39m
                [36m<div>[39m
                  [36m<label[39m
                    [33mclass[39m=[32m"text-xs text-gray-600 block mb-1"[39m
                  [36m>[39m
                    [0mLloji[0m
                  [36m</label>[39m
                  [36m<select[39m
                    [33mclass[39m=[32m"w-full text-xs border border-gray-300 rounded px-2 py-1.5 focus:outline-none focus:ring-1 focus:ring-blue-500 touch-manipulation"[39m
                  [36m>[39m
                    [36m<option[39m
                      [33mvalue[39m=[32m"all"[39m
                    [36m>[39m
                      [0mTë gjitha[0m
                    [36m</option>[39m
                    [36m<option[39m
                      [33mvalue[39m=[32m"house"[39m
                    [36m>[39m
                      [0mShtëpi[0m
                    [36m</option>[39m
                    [36m<option[39m
                      [33mvalue[39m=[32m"apartment"[39m
                    [36m>[39m
                      [0mApartament[0m
                    [36m</option>[39m
                    [36m<option[39m
                      [33mvalue[39m=[32m"condo"[39m
                    [36m>[39m
                      [0mKondo[0m
                    [36m</option>[39m
                    [36m<option[39m
                      [33mvalue[39m=[32m"townhouse"[39m
                    [36m>[39m
                      [0mShtëpi në Qytet[0m
                    [36m</option>[39m
                  [36m</select>[39m
                [36m</div>[39m
              [36m</div>[39m
              [36m<div[39m
                [33mclass[39m=[32m"mt-2 pt-2 border-t border-gray-200"[39m
              [36m>[39m
                [36m<span[39m
                  [33mclass[39m=[32m"text-xs text-gray-600"[39m
                [36m>[39m
                  [0m2[0m
                  [0m pasuri në hartë[0m
                [36m</span>[39m
              [36m</div>[39m
            [36m</div>[39m
          [36m</div>[39m
          [36m<div[39m
            [33mclass[39m=[32m"absolute inset-0 bg-linear-to-br from-blue-50 to-green-50 bg-opacity-95 flex items-center justify-center rounded-lg"[39m
          [36m>[39m
            [36m<div[39m
              [33mclass[39m=[32m"flex flex-col items-center justify-center p-6"[39m
            [36m>[39m
              [36m<div[39m
                [33mclass[39m=[32m"relative mb-4"[39m
              [36m>[39m
                [36m<div[39m
                  [33mclass[39m=[32m"absolute inset-0 bg-gradient-to-r from-red-100 to-blue-100 rounded-full animate-pulse"[39m
                [36m/>[39m
                [36m<div[39m
                  [33mclass[39m=[32m"relative bg-white rounded-full p-4 shadow-lg"[39m
                [36m>[39m
                  [36m<div[39m
                    [33mclass[39m=[32m"absolute inset-0 bg-gradient-to-r from-red-500 via-blue-500 to-yellow-500 rounded-full animate-spin opacity-20"[39m
                  [36m/>[39m
                  [36m<div[39m
                    [33mclass[39m=[32m"relative z-10"[39m
                  [36m>[39m
                    [36m<svg[39m
                      [33maria-hidden[39m=[32m"true"[39m
                      [33mclass[39m=[32m"lucide lucide-house h-8 w-8 text-red-500 transition-all duration-300 opacity-100 scale-110 transform"[39m
                      [33mfill[39m=[32m"none"[39m
                      [33mheight[39m=[32m"24"[39m
                      [33mstroke[39m=[32m"currentColor"[39m
                      [33mstroke-linecap[39m=[32m"round"[39m
                      [33mstroke-linejoin[39m=[32m"round"[39m
                      [33mstroke-width[39m=[32m"2"[39m
                      [33mviewBox[39m=[32m"0 0 24 24"[39m
                      [33mwidth[39m=[32m"24"[39m
                      [33mxmlns[39m=[32m"http://www.w3.org/2000/svg"[39m
                    [36m>[39m
                      [36m<path[39m
                        [33md[39m=[32m"M15 21v-8a1 1 0 0 0-1-1h-4a1 1 0 0 0-1 1v8"[39m
                      [36m/>[39m
                      [36m<path[39m
                        [33md[39m=[32m"M3 10a2 2 0 0 1 .709-1.528l7-5.999a2 2 0 0 1 2.582 0l7 5.999A2 2 0 0 1 21 10v9a2 2 0 0 1-2 2H5a2 2 0 0 1-2-2z"[39m
                      [36m/>[39m
                    [36m</svg>[39m
                    [36m<svg[39m
                      [33maria-hidden[39m=[32m"true"[39m
                      [33mclass[39m=[32m"lucide lucide-map-pin h-8 w-8 text-blue-500 transition-all duration-300 opacity-0 scale-90 absolute inset-0"[39m
                      [33mfill[39m=[32m"none"[39m
                      [33mheight[39m=[32m"24"[39m
                      [33mstroke[39m=[32m"currentColor"[39m
                      [33mstroke-linecap[39m=[32m"round"[39m
                      [33mstroke-linejoin[39m=[32m"round"[39m
                      [33mstroke-width[39m=[32m"2"[39m
                      [33mviewBox[39m=[32m"0 0 24 24"[39m
                      [33mwidth[39m=[32m"24"[39m
                      [33mxmlns[39m=[32m"http://www.w3.org/2000/svg"[39m
                    [36m>[39m
                      [36m<path[39m
                        [33md[39m=[32m"M20 10c0 4.993-5.539 10.193-7.399 11.799a1 1 0 0 1-1.202 0C9.539 20.193 4 14.993 4 10a8 8 0 0 1 16 0"[39m
                      [36m/>[39m
                      [36m<circle[39m
                        [33mcx[39m=[32m"12"[39m
                        [33mcy[39m=[32m"10"[39m
                        [33mr[39m=[32m"3"[39m
                      [36m/>[39m
                    [36m</svg>[39m
                    [36m<svg[39m
                      [33maria-hidden[39m=[32m"true"[39m
                      [33mclass[39m=[32m"lucide lucide-key h-8 w-8 text-yellow-500 transition-all duration-300 opacity-0 scale-90 absolute inset-0"[39m
                      [33mfill[39m=[32m"none"[39m
                      [33mheight[39m=[32m"24"[39m
                      [33mstroke[39m=[32m"currentColor"[39m
                      [33mstroke-linecap[39m=[32m"round"[39m
                      [33mstroke-linejoin[39m=[32m"round"[39m
                      [33mstroke-width[39m=[32m"2"[39m
                      [33mviewBox[39m=[32m"0 0 24 24"[39m
                      [33mwidth[39m=[32m"24"[39m
                      [33mxmlns[39m=[32m"http://www.w3.org/2000/svg"[39m
                    [36m>[39m
                      [36m<path[39m
                        [33md[39m=[32m"m15.5 7.5 2.3 2.3a1 1 0 0 0 1.4 0l2.1-2.1a1 1 0 0 0 0-1.4L19 4"[39m
                      [36m/>[39m
                      [36m<path[39m
                        [33md[39m=[32m"m21 2-9.6 9.6"[39m
                      [36m/>[39m
                      [36m<circle[39m
                        [33mcx[39m=[32m"7.5"[39m
                        [33mcy[39m=[32m"15.5"[39m
                        [33mr[39m=[32m"5.5"[39m
                      [36m/>[39m
                    [36m</svg>[39m
                    [36m<svg[39m
                      [33maria-hidden[39m=[32m"true"[39m
                      [33mclass[39m=[32m"lucide lucide-heart h-8 w-8 text-pink-500 transition-all duration-300 opacity-0 scale-90 absolute inset-0"[39m
                      [33mfill[39m=[32m"none"[39m
                      [33mheight[39m=[32m"24"[39m
                      [33mstroke[39m=[32m"currentColor"[39m
                      [33mstroke-linecap[39m=[32m"round"[39m
                      [33mstroke-linejoin[39m=[32m"round"[39m
                      [33mstroke-width[39m=[32m"2"[39m
                      [33mviewBox[39m=[32m"0 0 24 24"[39m
                      [33mwidth[39m=[32m"24"[39m
                      [33mxmlns[39m=[32m"http://www.w3.org/2000/svg"[39m
                    [36m>[39m
                      [36m<path[39m
                        [33md[39m=[32m"M19 14c1.49-1.46 3-3.21 3-5.5A5.5 5.5 0 0 0 16.5 3c-1.76 0-3 .5-4.5 2-1.5-1.5-2.74-2-4.5-2A5.5 5.5 0 0 0 2 8.5c0 2.3 1.5 4.05 3 5.5l7 7Z"[39m
                      [36m/>[39m
                    [36m</svg>[39m
                  [36m</div>[39m
                [36m</div>[39m
              [36m</div>[39m
              [36m<div[39m
                [33mclass[39m=[32m"flex space-x-1 mb-3"[39m
              [36m>[39m
                [36m<div[39m
                  [33mclass[39m=[32m"w-2 h-2 bg-red-500 rounded-full animate-bounce"[39m
                  [33mstyle[39m=[32m"animation-delay: 0s;"[39m
                [36m/>[39m
                [36m<div[39m
                  [33mclass[39m=[32m"w-2 h-2 bg-red-500 rounded-full animate-bounce"[39m
                  [33mstyle[39m=[32m"animation-delay: 0.2s;"[39m
                [36m/>[39m
                [36m<div[39m
                  [33mclass[39m=[32m"w-2 h-2 bg-red-500 rounded-full animate-bounce"[39m
                  [33mstyle[39m=[32m"animation-delay: 0.4s;"[39m
                [36m/>[39m
              [36m</div>[39m
              [36m<p[39m
                [33mclass[39m=[32m"text-gray-700 text-sm font-medium text-center"[39m
              [36m>[39m
                [0mPo ngarkohet harta...[0m
              [36m</p>[39m
              [36m<div[39m
                [33mclass[39m=[32m"w-32 h-1 bg-gray-200 rounded-full mt-3 overflow-hidden"[39m
              [36m>[39m
                [36m<div[39m
                  [33mclass[39m=[32m"h-full bg-gradient-to-r from-red-500 to-blue-500 rounded-full animate-pulse"[39m
                [36m/>[39m
              [36m</div>[39m
            [36m</div>[39m
          [36m</div>[39m
        [36m</div>[39m
      [36m</div>[39m
    [36m</body>[39m

      148 |   it('handles loading state', () => {
      149 |     render(<MapView properties={mockProperties} loading={true} />);
    > 150 |     expect(screen.getByText('Loading map...')).toBeInTheDocument();
          |                   ^
      151 |   });
      152 |
      153 |   it('handles error state', () => {

      at Object.getElementError (node_modules/@testing-library/dom/dist/config.js:37:19)
      at node_modules/@testing-library/dom/dist/query-helpers.js:76:38
      at node_modules/@testing-library/dom/dist/query-helpers.js:52:17
      at node_modules/@testing-library/dom/dist/query-helpers.js:95:19
      at Object.getByText (src/components/__tests__/MapView.test.tsx:150:19)

  ● MapView Component › handles error state

    TestingLibraryElementError: Unable to find an element with the text: Failed to load map. This could be because the text is broken up by multiple elements. In this case, you can provide a function for your text matcher to make your matcher more flexible.

    Ignored nodes: comments, script, style
    [36m<body>[39m
      [36m<div>[39m
        [36m<div[39m
          [33mclass[39m=[32m"relative"[39m
        [36m>[39m
          [36m<div[39m
            [33mclass[39m=[32m"w-full rounded-lg shadow-md border border-gray-200 touch-pan-x touch-pan-y bg-gray-50"[39m
            [33mstyle[39m=[32m"height: 400px;"[39m
          [36m/>[39m
          [36m<div[39m
            [33mclass[39m=[32m"absolute top-2 right-2 flex flex-col gap-1 z-1000"[39m
          [36m>[39m
            [36m<div[39m
              [33mclass[39m=[32m"bg-white rounded-md shadow-md border border-gray-200 overflow-hidden"[39m
            [36m>[39m
              [36m<button[39m
                [33mclass[39m=[32m"p-1.5 w-full text-xs transition-colors bg-blue-600 text-white"[39m
                [33mtitle[39m=[32m"Harta e rrugëve"[39m
              [36m>[39m
                [0m��️[0m
              [36m</button>[39m
              [36m<button[39m
                [33mclass[39m=[32m"p-1.5 w-full text-xs transition-colors text-blue-600"[39m
                [33mtitle[39m=[32m"Pamja satelitore"[39m
              [36m>[39m
                [0m��️[0m
              [36m</button>[39m
              [36m<button[39m
                [33mclass[39m=[32m"p-1.5 w-full text-xs transition-colors text-blue-600"[39m
                [33mtitle[39m=[32m"Terreni"[39m
              [36m>[39m
                [0m��️[0m
              [36m</button>[39m
            [36m</div>[39m
            [36m<button[39m
              [33mclass[39m=[32m"bg-white p-1.5 rounded-md shadow-md border border-gray-200 transition-colors duration-200"[39m
              [33mtitle[39m=[32m"Kthehu në pamjen fillestare"[39m
            [36m>[39m
              [36m<svg[39m
                [33maria-hidden[39m=[32m"true"[39m
                [33mclass[39m=[32m"lucide lucide-house h-3 w-3 text-blue-600"[39m
                [33mfill[39m=[32m"none"[39m
                [33mheight[39m=[32m"24"[39m
                [33mstroke[39m=[32m"currentColor"[39m
                [33mstroke-linecap[39m=[32m"round"[39m
                [33mstroke-linejoin[39m=[32m"round"[39m
                [33mstroke-width[39m=[32m"2"[39m
                [33mviewBox[39m=[32m"0 0 24 24"[39m
                [33mwidth[39m=[32m"24"[39m
                [33mxmlns[39m=[32m"http://www.w3.org/2000/svg"[39m
              [36m>[39m
                [36m<path[39m
                  [33md[39m=[32m"M15 21v-8a1 1 0 0 0-1-1h-4a1 1 0 0 0-1 1v8"[39m
                [36m/>[39m
                [36m<path[39m
                  [33md[39m=[32m"M3 10a2 2 0 0 1 .709-1.528l7-5.999a2 2 0 0 1 2.582 0l7 5.999A2 2 0 0 1 21 10v9a2 2 0 0 1-2 2H5a2 2 0 0 1-2-2z"[39m
                [36m/>[39m
              [36m</svg>[39m
            [36m</button>[39m
            [36m<button[39m
              [33mclass[39m=[32m"bg-white hover:bg-blue-50 p-1.5 rounded-md shadow-md border border-gray-200 transition-colors duration-200"[39m
              [33mtitle[39m=[32m"Harta në ekran të plotë"[39m
            [36m>[39m
              [36m<svg[39m
                [33mclass[39m=[32m"h-3 w-3 text-blue-600"[39m
                [33mfill[39m=[32m"none"[39m
                [33mstroke[39m=[32m"currentColor"[39m
                [33mviewBox[39m=[32m"0 0 24 24"[39m
              [36m>[39m
                [36m<path[39m
                  [33md[39m=[32m"M4 8V4m0 0h4M4 4l5 5m11-1V4m0 0h-4m4 0l-5 5M4 16v4m0 0h4m-4 0l5-5m11 5l-5-5m5 5v-4m0 4h-4"[39m
                  [33mstroke-linecap[39m=[32m"round"[39m
                  [33mstroke-linejoin[39m=[32m"round"[39m
                  [33mstroke-width[39m=[32m"2"[39m
                [36m/>[39m
              [36m</svg>[39m
            [36m</button>[39m
            [36m<button[39m
              [33mclass[39m=[32m"bg-white p-1.5 rounded-md shadow-md border border-gray-200 transition-colors duration-200"[39m
              [33mtitle[39m=[32m"Shko te lokacioni im"[39m
            [36m>[39m
              [36m<svg[39m
                [33mclass[39m=[32m"h-3 w-3 text-blue-600"[39m
                [33mfill[39m=[32m"none"[39m
                [33mstroke[39m=[32m"currentColor"[39m
                [33mviewBox[39m=[32m"0 0 24 24"[39m
              [36m>[39m
                [36m<path[39m
                  [33md[39m=[32m"M17.657 16.657L13.414 20.9a1.998 1.998 0 01-2.827 0l-4.244-4.243a8 8 0 1111.314 0z"[39m
                  [33mstroke-linecap[39m=[32m"round"[39m
                  [33mstroke-linejoin[39m=[32m"round"[39m
                  [33mstroke-width[39m=[32m"2"[39m
                [36m/>[39m
                [36m<path[39m
                  [33md[39m=[32m"M15 11a3 3 0 11-6 0 3 3 0 016 0z"[39m
                  [33mstroke-linecap[39m=[32m"round"[39m
                  [33mstroke-linejoin[39m=[32m"round"[39m
                  [33mstroke-width[39m=[32m"2"[39m
                [36m/>[39m
              [36m</svg>[39m
            [36m</button>[39m
          [36m</div>[39m
          [36m<div[39m
            [33mclass[39m=[32m"absolute top-3 left-3 z-1000"[39m
          [36m>[39m
            [36m<div[39m
              [33mclass[39m=[32m"bg-white rounded-lg shadow-md border border-gray-200 p-3 max-w-xs sm:max-w-sm"[39m
            [36m>[39m
              [36m<div[39m
                [33mclass[39m=[32m"flex items-center gap-2 mb-2"[39m
              [36m>[39m
                [36m<svg[39m
                  [33maria-hidden[39m=[32m"true"[39m
                  [33mclass[39m=[32m"lucide lucide-funnel h-4 w-4 text-blue-600"[39m
                  [33mfill[39m=[32m"none"[39m
                  [33mheight[39m=[32m"24"[39m
                  [33mstroke[39m=[32m"currentColor"[39m
                  [33mstroke-linecap[39m=[32m"round"[39m
                  [33mstroke-linejoin[39m=[32m"round"[39m
                  [33mstroke-width[39m=[32m"2"[39m
                  [33mviewBox[39m=[32m"0 0 24 24"[39m
                  [33mwidth[39m=[32m"24"[39m
                  [33mxmlns[39m=[32m"http://www.w3.org/2000/svg"[39m
                [36m>[39m
                  [36m<path[39m
                    [33md[39m=[32m"M10 20a1 1 0 0 0 .553.895l2 1A1 1 0 0 0 14 21v-7a2 2 0 0 1 .517-1.341L21.74 4.67A1 1 0 0 0 21 3H3a1 1 0 0 0-.742 1.67l7.225 7.989A2 2 0 0 1 10 14z"[39m
                  [36m/>[39m
                [36m</svg>[39m
                [36m<span[39m
                  [33mclass[39m=[32m"text-sm font-medium text-gray-700"[39m
                [36m>[39m
                  [0mFiltrat e Hartës[0m
                [36m</span>[39m
              [36m</div>[39m
              [36m<div[39m
                [33mclass[39m=[32m"space-y-2"[39m
              [36m>[39m
                [36m<div>[39m
                  [36m<label[39m
                    [33mclass[39m=[32m"text-xs text-gray-600 block mb-1"[39m
                  [36m>[39m
                    [0mÇmimi[0m
                  [36m</label>[39m
                  [36m<select[39m
                    [33mclass[39m=[32m"w-full text-xs border border-gray-300 rounded px-2 py-1.5 focus:outline-none focus:ring-1 focus:ring-blue-500 touch-manipulation"[39m
                  [36m>[39m
                    [36m<option[39m
                      [33mvalue[39m=[32m"all"[39m
                    [36m>[39m
                      [0mTë gjitha[0m
                    [36m</option>[39m
                    [36m<option[39m
                      [33mvalue[39m=[32m"low"[39m
                    [36m>[39m
                      [0mDeri €100,000[0m
                    [36m</option>[39m
                    [36m<option[39m
                      [33mvalue[39m=[32m"medium"[39m
                    [36m>[39m
                      [0m€100,000 - €300,000[0m
                    [36m</option>[39m
                    [36m<option[39m
                      [33mvalue[39m=[32m"high"[39m
                    [36m>[39m
                      [0mMbi €300,000[0m
                    [36m</option>[39m
                  [36m</select>[39m
                [36m</div>[39m
                [36m<div>[39m
                  [36m<label[39m
                    [33mclass[39m=[32m"text-xs text-gray-600 block mb-1"[39m
                  [36m>[39m
                    [0mLloji[0m
                  [36m</label>[39m
                  [36m<select[39m
                    [33mclass[39m=[32m"w-full text-xs border border-gray-300 rounded px-2 py-1.5 focus:outline-none focus:ring-1 focus:ring-blue-500 touch-manipulation"[39m
                  [36m>[39m
                    [36m<option[39m
                      [33mvalue[39m=[32m"all"[39m
                    [36m>[39m
                      [0mTë gjitha[0m
                    [36m</option>[39m
                    [36m<option[39m
                      [33mvalue[39m=[32m"house"[39m
                    [36m>[39m
                      [0mShtëpi[0m
                    [36m</option>[39m
                    [36m<option[39m
                      [33mvalue[39m=[32m"apartment"[39m
                    [36m>[39m
                      [0mApartament[0m
                    [36m</option>[39m
                    [36m<option[39m
                      [33mvalue[39m=[32m"condo"[39m
                    [36m>[39m
                      [0mKondo[0m
                    [36m</option>[39m
                    [36m<option[39m
                      [33mvalue[39m=[32m"townhouse"[39m
                    [36m>[39m
                      [0mShtëpi në Qytet[0m
                    [36m</option>[39m
                  [36m</select>[39m
                [36m</div>[39m
              [36m</div>[39m
              [36m<div[39m
                [33mclass[39m=[32m"mt-2 pt-2 border-t border-gray-200"[39m
              [36m>[39m
                [36m<span[39m
                  [33mclass[39m=[32m"text-xs text-gray-600"[39m
                [36m>[39m
                  [0m2[0m
                  [0m pasuri në hartë[0m
                [36m</span>[39m
              [36m</div>[39m
            [36m</div>[39m
          [36m</div>[39m
          [36m<div[39m
            [33mclass[39m=[32m"absolute inset-0 bg-linear-to-br from-blue-50 to-green-50 bg-opacity-95 flex items-center justify-center rounded-lg"[39m
          [36m>[39m
            [36m<div[39m
              [33mclass[39m=[32m"flex flex-col items-center justify-center p-6"[39m
            [36m>[39m
              [36m<div[39m
                [33mclass[39m=[32m"relative mb-4"[39m
              [36m>[39m
                [36m<div[39m
                  [33mclass[39m=[32m"absolute inset-0 bg-gradient-to-r from-red-100 to-blue-100 rounded-full animate-pulse"[39m
                [36m/>[39m
                [36m<div[39m
                  [33mclass[39m=[32m"relative bg-white rounded-full p-4 shadow-lg"[39m
                [36m>[39m
                  [36m<div[39m
                    [33mclass[39m=[32m"absolute inset-0 bg-gradient-to-r from-red-500 via-blue-500 to-yellow-500 rounded-full animate-spin opacity-20"[39m
                  [36m/>[39m
                  [36m<div[39m
                    [33mclass[39m=[32m"relative z-10"[39m
                  [36m>[39m
                    [36m<svg[39m
                      [33maria-hidden[39m=[32m"true"[39m
                      [33mclass[39m=[32m"lucide lucide-house h-8 w-8 text-red-500 transition-all duration-300 opacity-100 scale-110 transform"[39m
                      [33mfill[39m=[32m"none"[39m
                      [33mheight[39m=[32m"24"[39m
                      [33mstroke[39m=[32m"currentColor"[39m
                      [33mstroke-linecap[39m=[32m"round"[39m
                      [33mstroke-linejoin[39m=[32m"round"[39m
                      [33mstroke-width[39m=[32m"2"[39m
                      [33mviewBox[39m=[32m"0 0 24 24"[39m
                      [33mwidth[39m=[32m"24"[39m
                      [33mxmlns[39m=[32m"http://www.w3.org/2000/svg"[39m
                    [36m>[39m
                      [36m<path[39m
                        [33md[39m=[32m"M15 21v-8a1 1 0 0 0-1-1h-4a1 1 0 0 0-1 1v8"[39m
                      [36m/>[39m
                      [36m<path[39m
                        [33md[39m=[32m"M3 10a2 2 0 0 1 .709-1.528l7-5.999a2 2 0 0 1 2.582 0l7 5.999A2 2 0 0 1 21 10v9a2 2 0 0 1-2 2H5a2 2 0 0 1-2-2z"[39m
                      [36m/>[39m
                    [36m</svg>[39m
                    [36m<svg[39m
                      [33maria-hidden[39m=[32m"true"[39m
                      [33mclass[39m=[32m"lucide lucide-map-pin h-8 w-8 text-blue-500 transition-all duration-300 opacity-0 scale-90 absolute inset-0"[39m
                      [33mfill[39m=[32m"none"[39m
                      [33mheight[39m=[32m"24"[39m
                      [33mstroke[39m=[32m"currentColor"[39m
                      [33mstroke-linecap[39m=[32m"round"[39m
                      [33mstroke-linejoin[39m=[32m"round"[39m
                      [33mstroke-width[39m=[32m"2"[39m
                      [33mviewBox[39m=[32m"0 0 24 24"[39m
                      [33mwidth[39m=[32m"24"[39m
                      [33mxmlns[39m=[32m"http://www.w3.org/2000/svg"[39m
                    [36m>[39m
                      [36m<path[39m
                        [33md[39m=[32m"M20 10c0 4.993-5.539 10.193-7.399 11.799a1 1 0 0 1-1.202 0C9.539 20.193 4 14.993 4 10a8 8 0 0 1 16 0"[39m
                      [36m/>[39m
                      [36m<circle[39m
                        [33mcx[39m=[32m"12"[39m
                        [33mcy[39m=[32m"10"[39m
                        [33mr[39m=[32m"3"[39m
                      [36m/>[39m
                    [36m</svg>[39m
                    [36m<svg[39m
                      [33maria-hidden[39m=[32m"true"[39m
                      [33mclass[39m=[32m"lucide lucide-key h-8 w-8 text-yellow-500 transition-all duration-300 opacity-0 scale-90 absolute inset-0"[39m
                      [33mfill[39m=[32m"none"[39m
                      [33mheight[39m=[32m"24"[39m
                      [33mstroke[39m=[32m"currentColor"[39m
                      [33mstroke-linecap[39m=[32m"round"[39m
                      [33mstroke-linejoin[39m=[32m"round"[39m
                      [33mstroke-width[39m=[32m"2"[39m
                      [33mviewBox[39m=[32m"0 0 24 24"[39m
                      [33mwidth[39m=[32m"24"[39m
                      [33mxmlns[39m=[32m"http://www.w3.org/2000/svg"[39m
                    [36m>[39m
                      [36m<path[39m
                        [33md[39m=[32m"m15.5 7.5 2.3 2.3a1 1 0 0 0 1.4 0l2.1-2.1a1 1 0 0 0 0-1.4L19 4"[39m
                      [36m/>[39m
                      [36m<path[39m
                        [33md[39m=[32m"m21 2-9.6 9.6"[39m
                      [36m/>[39m
                      [36m<circle[39m
                        [33mcx[39m=[32m"7.5"[39m
                        [33mcy[39m=[32m"15.5"[39m
                        [33mr[39m=[32m"5.5"[39m
                      [36m/>[39m
                    [36m</svg>[39m
                    [36m<svg[39m
                      [33maria-hidden[39m=[32m"true"[39m
                      [33mclass[39m=[32m"lucide lucide-heart h-8 w-8 text-pink-500 transition-all duration-300 opacity-0 scale-90 absolute inset-0"[39m
                      [33mfill[39m=[32m"none"[39m
                      [33mheight[39m=[32m"24"[39m
                      [33mstroke[39m=[32m"currentColor"[39m
                      [33mstroke-linecap[39m=[32m"round"[39m
                      [33mstroke-linejoin[39m=[32m"round"[39m
                      [33mstroke-width[39m=[32m"2"[39m
                      [33mviewBox[39m=[32m"0 0 24 24"[39m
                      [33mwidth[39m=[32m"24"[39m
                      [33mxmlns[39m=[32m"http://www.w3.org/2000/svg"[39m
                    [36m>[39m
                      [36m<path[39m
                        [33md[39m=[32m"M19 14c1.49-1.46 3-3.21 3-5.5A5.5 5.5 0 0 0 16.5 3c-1.76 0-3 .5-4.5 2-1.5-1.5-2.74-2-4.5-2A5.5 5.5 0 0 0 2 8.5c0 2.3 1.5 4.05 3 5.5l7 7Z"[39m
                      [36m/>[39m
                    [36m</svg>[39m
                  [36m</div>[39m
                [36m</div>[39m
              [36m</div>[39m
              [36m<div[39m
                [33mclass[39m=[32m"flex space-x-1 mb-3"[39m
              [36m>[39m
                [36m<div[39m
                  [33mclass[39m=[32m"w-2 h-2 bg-red-500 rounded-full animate-bounce"[39m
                  [33mstyle[39m=[32m"animation-delay: 0s;"[39m
                [36m/>[39m
                [36m<div[39m
                  [33mclass[39m=[32m"w-2 h-2 bg-red-500 rounded-full animate-bounce"[39m
                  [33mstyle[39m=[32m"animation-delay: 0.2s;"[39m
                [36m/>[39m
                [36m<div[39m
                  [33mclass[39m=[32m"w-2 h-2 bg-red-500 rounded-full animate-bounce"[39m
                  [33mstyle[39m=[32m"animation-delay: 0.4s;"[39m
                [36m/>[39m
              [36m</div>[39m
              [36m<p[39m
                [33mclass[39m=[32m"text-gray-700 text-sm font-medium text-center"[39m
              [36m>[39m
                [0mPo ngarkohet harta...[0m
              [36m</p>[39m
              [36m<div[39m
                [33mclass[39m=[32m"w-32 h-1 bg-gray-200 rounded-full mt-3 overflow-hidden"[39m
              [36m>[39m
                [36m<div[39m
                  [33mclass[39m=[32m"h-full bg-gradient-to-r from-red-500 to-blue-500 rounded-full animate-pulse"[39m
                [36m/>[39m
              [36m</div>[39m
            [36m</div>[39m
          [36m</div>[39m
        [36m</div>[39m
      [36m</div>[39m
    [36m</body>[39m

      154 |     const errorMessage = 'Failed to load map';
      155 |     render(<MapView properties={mockProperties} error={errorMessage} />);
    > 156 |     expect(screen.getByText(errorMessage)).toBeInTheDocument();
          |                   ^
      157 |   });
      158 |
      159 |   it('renders with custom height', () => {

      at Object.getElementError (node_modules/@testing-library/dom/dist/config.js:37:19)
      at node_modules/@testing-library/dom/dist/query-helpers.js:76:38
      at node_modules/@testing-library/dom/dist/query-helpers.js:52:17
      at node_modules/@testing-library/dom/dist/query-helpers.js:95:19
      at Object.getByText (src/components/__tests__/MapView.test.tsx:156:19)

  ● MapView Component › renders with custom height

    TestingLibraryElementError: Unable to find an element by: [data-testid="map-container"]

    Ignored nodes: comments, script, style
    [36m<body>[39m
      [36m<div>[39m
        [36m<div[39m
          [33mclass[39m=[32m"relative"[39m
        [36m>[39m
          [36m<div[39m
            [33mclass[39m=[32m"w-full rounded-lg shadow-md border border-gray-200 touch-pan-x touch-pan-y bg-gray-50"[39m
            [33mstyle[39m=[32m"height: 400px;"[39m
          [36m/>[39m
          [36m<div[39m
            [33mclass[39m=[32m"absolute top-2 right-2 flex flex-col gap-1 z-1000"[39m
          [36m>[39m
            [36m<div[39m
              [33mclass[39m=[32m"bg-white rounded-md shadow-md border border-gray-200 overflow-hidden"[39m
            [36m>[39m
              [36m<button[39m
                [33mclass[39m=[32m"p-1.5 w-full text-xs transition-colors bg-blue-600 text-white"[39m
                [33mtitle[39m=[32m"Harta e rrugëve"[39m
              [36m>[39m
                [0m��️[0m
              [36m</button>[39m
              [36m<button[39m
                [33mclass[39m=[32m"p-1.5 w-full text-xs transition-colors text-blue-600"[39m
                [33mtitle[39m=[32m"Pamja satelitore"[39m
              [36m>[39m
                [0m��️[0m
              [36m</button>[39m
              [36m<button[39m
                [33mclass[39m=[32m"p-1.5 w-full text-xs transition-colors text-blue-600"[39m
                [33mtitle[39m=[32m"Terreni"[39m
              [36m>[39m
                [0m��️[0m
              [36m</button>[39m
            [36m</div>[39m
            [36m<button[39m
              [33mclass[39m=[32m"bg-white p-1.5 rounded-md shadow-md border border-gray-200 transition-colors duration-200"[39m
              [33mtitle[39m=[32m"Kthehu në pamjen fillestare"[39m
            [36m>[39m
              [36m<svg[39m
                [33maria-hidden[39m=[32m"true"[39m
                [33mclass[39m=[32m"lucide lucide-house h-3 w-3 text-blue-600"[39m
                [33mfill[39m=[32m"none"[39m
                [33mheight[39m=[32m"24"[39m
                [33mstroke[39m=[32m"currentColor"[39m
                [33mstroke-linecap[39m=[32m"round"[39m
                [33mstroke-linejoin[39m=[32m"round"[39m
                [33mstroke-width[39m=[32m"2"[39m
                [33mviewBox[39m=[32m"0 0 24 24"[39m
                [33mwidth[39m=[32m"24"[39m
                [33mxmlns[39m=[32m"http://www.w3.org/2000/svg"[39m
              [36m>[39m
                [36m<path[39m
                  [33md[39m=[32m"M15 21v-8a1 1 0 0 0-1-1h-4a1 1 0 0 0-1 1v8"[39m
                [36m/>[39m
                [36m<path[39m
                  [33md[39m=[32m"M3 10a2 2 0 0 1 .709-1.528l7-5.999a2 2 0 0 1 2.582 0l7 5.999A2 2 0 0 1 21 10v9a2 2 0 0 1-2 2H5a2 2 0 0 1-2-2z"[39m
                [36m/>[39m
              [36m</svg>[39m
            [36m</button>[39m
            [36m<button[39m
              [33mclass[39m=[32m"bg-white hover:bg-blue-50 p-1.5 rounded-md shadow-md border border-gray-200 transition-colors duration-200"[39m
              [33mtitle[39m=[32m"Harta në ekran të plotë"[39m
            [36m>[39m
              [36m<svg[39m
                [33mclass[39m=[32m"h-3 w-3 text-blue-600"[39m
                [33mfill[39m=[32m"none"[39m
                [33mstroke[39m=[32m"currentColor"[39m
                [33mviewBox[39m=[32m"0 0 24 24"[39m
              [36m>[39m
                [36m<path[39m
                  [33md[39m=[32m"M4 8V4m0 0h4M4 4l5 5m11-1V4m0 0h-4m4 0l-5 5M4 16v4m0 0h4m-4 0l5-5m11 5l-5-5m5 5v-4m0 4h-4"[39m
                  [33mstroke-linecap[39m=[32m"round"[39m
                  [33mstroke-linejoin[39m=[32m"round"[39m
                  [33mstroke-width[39m=[32m"2"[39m
                [36m/>[39m
              [36m</svg>[39m
            [36m</button>[39m
            [36m<button[39m
              [33mclass[39m=[32m"bg-white p-1.5 rounded-md shadow-md border border-gray-200 transition-colors duration-200"[39m
              [33mtitle[39m=[32m"Shko te lokacioni im"[39m
            [36m>[39m
              [36m<svg[39m
                [33mclass[39m=[32m"h-3 w-3 text-blue-600"[39m
                [33mfill[39m=[32m"none"[39m
                [33mstroke[39m=[32m"currentColor"[39m
                [33mviewBox[39m=[32m"0 0 24 24"[39m
              [36m>[39m
                [36m<path[39m
                  [33md[39m=[32m"M17.657 16.657L13.414 20.9a1.998 1.998 0 01-2.827 0l-4.244-4.243a8 8 0 1111.314 0z"[39m
                  [33mstroke-linecap[39m=[32m"round"[39m
                  [33mstroke-linejoin[39m=[32m"round"[39m
                  [33mstroke-width[39m=[32m"2"[39m
                [36m/>[39m
                [36m<path[39m
                  [33md[39m=[32m"M15 11a3 3 0 11-6 0 3 3 0 016 0z"[39m
                  [33mstroke-linecap[39m=[32m"round"[39m
                  [33mstroke-linejoin[39m=[32m"round"[39m
                  [33mstroke-width[39m=[32m"2"[39m
                [36m/>[39m
              [36m</svg>[39m
            [36m</button>[39m
          [36m</div>[39m
          [36m<div[39m
            [33mclass[39m=[32m"absolute top-3 left-3 z-1000"[39m
          [36m>[39m
            [36m<div[39m
              [33mclass[39m=[32m"bg-white rounded-lg shadow-md border border-gray-200 p-3 max-w-xs sm:max-w-sm"[39m
            [36m>[39m
              [36m<div[39m
                [33mclass[39m=[32m"flex items-center gap-2 mb-2"[39m
              [36m>[39m
                [36m<svg[39m
                  [33maria-hidden[39m=[32m"true"[39m
                  [33mclass[39m=[32m"lucide lucide-funnel h-4 w-4 text-blue-600"[39m
                  [33mfill[39m=[32m"none"[39m
                  [33mheight[39m=[32m"24"[39m
                  [33mstroke[39m=[32m"currentColor"[39m
                  [33mstroke-linecap[39m=[32m"round"[39m
                  [33mstroke-linejoin[39m=[32m"round"[39m
                  [33mstroke-width[39m=[32m"2"[39m
                  [33mviewBox[39m=[32m"0 0 24 24"[39m
                  [33mwidth[39m=[32m"24"[39m
                  [33mxmlns[39m=[32m"http://www.w3.org/2000/svg"[39m
                [36m>[39m
                  [36m<path[39m
                    [33md[39m=[32m"M10 20a1 1 0 0 0 .553.895l2 1A1 1 0 0 0 14 21v-7a2 2 0 0 1 .517-1.341L21.74 4.67A1 1 0 0 0 21 3H3a1 1 0 0 0-.742 1.67l7.225 7.989A2 2 0 0 1 10 14z"[39m
                  [36m/>[39m
                [36m</svg>[39m
                [36m<span[39m
                  [33mclass[39m=[32m"text-sm font-medium text-gray-700"[39m
                [36m>[39m
                  [0mFiltrat e Hartës[0m
                [36m</span>[39m
              [36m</div>[39m
              [36m<div[39m
                [33mclass[39m=[32m"space-y-2"[39m
              [36m>[39m
                [36m<div>[39m
                  [36m<label[39m
                    [33mclass[39m=[32m"text-xs text-gray-600 block mb-1"[39m
                  [36m>[39m
                    [0mÇmimi[0m
                  [36m</label>[39m
                  [36m<select[39m
                    [33mclass[39m=[32m"w-full text-xs border border-gray-300 rounded px-2 py-1.5 focus:outline-none focus:ring-1 focus:ring-blue-500 touch-manipulation"[39m
                  [36m>[39m
                    [36m<option[39m
                      [33mvalue[39m=[32m"all"[39m
                    [36m>[39m
                      [0mTë gjitha[0m
                    [36m</option>[39m
                    [36m<option[39m
                      [33mvalue[39m=[32m"low"[39m
                    [36m>[39m
                      [0mDeri €100,000[0m
                    [36m</option>[39m
                    [36m<option[39m
                      [33mvalue[39m=[32m"medium"[39m
                    [36m>[39m
                      [0m€100,000 - €300,000[0m
                    [36m</option>[39m
                    [36m<option[39m
                      [33mvalue[39m=[32m"high"[39m
                    [36m>[39m
                      [0mMbi €300,000[0m
                    [36m</option>[39m
                  [36m</select>[39m
                [36m</div>[39m
                [36m<div>[39m
                  [36m<label[39m
                    [33mclass[39m=[32m"text-xs text-gray-600 block mb-1"[39m
                  [36m>[39m
                    [0mLloji[0m
                  [36m</label>[39m
                  [36m<select[39m
                    [33mclass[39m=[32m"w-full text-xs border border-gray-300 rounded px-2 py-1.5 focus:outline-none focus:ring-1 focus:ring-blue-500 touch-manipulation"[39m
                  [36m>[39m
                    [36m<option[39m
                      [33mvalue[39m=[32m"all"[39m
                    [36m>[39m
                      [0mTë gjitha[0m
                    [36m</option>[39m
                    [36m<option[39m
                      [33mvalue[39m=[32m"house"[39m
                    [36m>[39m
                      [0mShtëpi[0m
                    [36m</option>[39m
                    [36m<option[39m
                      [33mvalue[39m=[32m"apartment"[39m
                    [36m>[39m
                      [0mApartament[0m
                    [36m</option>[39m
                    [36m<option[39m
                      [33mvalue[39m=[32m"condo"[39m
                    [36m>[39m
                      [0mKondo[0m
                    [36m</option>[39m
                    [36m<option[39m
                      [33mvalue[39m=[32m"townhouse"[39m
                    [36m>[39m
                      [0mShtëpi në Qytet[0m
                    [36m</option>[39m
                  [36m</select>[39m
                [36m</div>[39m
              [36m</div>[39m
              [36m<div[39m
                [33mclass[39m=[32m"mt-2 pt-2 border-t border-gray-200"[39m
              [36m>[39m
                [36m<span[39m
                  [33mclass[39m=[32m"text-xs text-gray-600"[39m
                [36m>[39m
                  [0m2[0m
                  [0m pasuri në hartë[0m
                [36m</span>[39m
              [36m</div>[39m
            [36m</div>[39m
          [36m</div>[39m
          [36m<div[39m
            [33mclass[39m=[32m"absolute inset-0 bg-linear-to-br from-blue-50 to-green-50 bg-opacity-95 flex items-center justify-center rounded-lg"[39m
          [36m>[39m
            [36m<div[39m
              [33mclass[39m=[32m"flex flex-col items-center justify-center p-6"[39m
            [36m>[39m
              [36m<div[39m
                [33mclass[39m=[32m"relative mb-4"[39m
              [36m>[39m
                [36m<div[39m
                  [33mclass[39m=[32m"absolute inset-0 bg-gradient-to-r from-red-100 to-blue-100 rounded-full animate-pulse"[39m
                [36m/>[39m
                [36m<div[39m
                  [33mclass[39m=[32m"relative bg-white rounded-full p-4 shadow-lg"[39m
                [36m>[39m
                  [36m<div[39m
                    [33mclass[39m=[32m"absolute inset-0 bg-gradient-to-r from-red-500 via-blue-500 to-yellow-500 rounded-full animate-spin opacity-20"[39m
                  [36m/>[39m
                  [36m<div[39m
                    [33mclass[39m=[32m"relative z-10"[39m
                  [36m>[39m
                    [36m<svg[39m
                      [33maria-hidden[39m=[32m"true"[39m
                      [33mclass[39m=[32m"lucide lucide-house h-8 w-8 text-red-500 transition-all duration-300 opacity-100 scale-110 transform"[39m
                      [33mfill[39m=[32m"none"[39m
                      [33mheight[39m=[32m"24"[39m
                      [33mstroke[39m=[32m"currentColor"[39m
                      [33mstroke-linecap[39m=[32m"round"[39m
                      [33mstroke-linejoin[39m=[32m"round"[39m
                      [33mstroke-width[39m=[32m"2"[39m
                      [33mviewBox[39m=[32m"0 0 24 24"[39m
                      [33mwidth[39m=[32m"24"[39m
                      [33mxmlns[39m=[32m"http://www.w3.org/2000/svg"[39m
                    [36m>[39m
                      [36m<path[39m
                        [33md[39m=[32m"M15 21v-8a1 1 0 0 0-1-1h-4a1 1 0 0 0-1 1v8"[39m
                      [36m/>[39m
                      [36m<path[39m
                        [33md[39m=[32m"M3 10a2 2 0 0 1 .709-1.528l7-5.999a2 2 0 0 1 2.582 0l7 5.999A2 2 0 0 1 21 10v9a2 2 0 0 1-2 2H5a2 2 0 0 1-2-2z"[39m
                      [36m/>[39m
                    [36m</svg>[39m
                    [36m<svg[39m
                      [33maria-hidden[39m=[32m"true"[39m
                      [33mclass[39m=[32m"lucide lucide-map-pin h-8 w-8 text-blue-500 transition-all duration-300 opacity-0 scale-90 absolute inset-0"[39m
                      [33mfill[39m=[32m"none"[39m
                      [33mheight[39m=[32m"24"[39m
                      [33mstroke[39m=[32m"currentColor"[39m
                      [33mstroke-linecap[39m=[32m"round"[39m
                      [33mstroke-linejoin[39m=[32m"round"[39m
                      [33mstroke-width[39m=[32m"2"[39m
                      [33mviewBox[39m=[32m"0 0 24 24"[39m
                      [33mwidth[39m=[32m"24"[39m
                      [33mxmlns[39m=[32m"http://www.w3.org/2000/svg"[39m
                    [36m>[39m
                      [36m<path[39m
                        [33md[39m=[32m"M20 10c0 4.993-5.539 10.193-7.399 11.799a1 1 0 0 1-1.202 0C9.539 20.193 4 14.993 4 10a8 8 0 0 1 16 0"[39m
                      [36m/>[39m
                      [36m<circle[39m
                        [33mcx[39m=[32m"12"[39m
                        [33mcy[39m=[32m"10"[39m
                        [33mr[39m=[32m"3"[39m
                      [36m/>[39m
                    [36m</svg>[39m
                    [36m<svg[39m
                      [33maria-hidden[39m=[32m"true"[39m
                      [33mclass[39m=[32m"lucide lucide-key h-8 w-8 text-yellow-500 transition-all duration-300 opacity-0 scale-90 absolute inset-0"[39m
                      [33mfill[39m=[32m"none"[39m
                      [33mheight[39m=[32m"24"[39m
                      [33mstroke[39m=[32m"currentColor"[39m
                      [33mstroke-linecap[39m=[32m"round"[39m
                      [33mstroke-linejoin[39m=[32m"round"[39m
                      [33mstroke-width[39m=[32m"2"[39m
                      [33mviewBox[39m=[32m"0 0 24 24"[39m
                      [33mwidth[39m=[32m"24"[39m
                      [33mxmlns[39m=[32m"http://www.w3.org/2000/svg"[39m
                    [36m>[39m
                      [36m<path[39m
                        [33md[39m=[32m"m15.5 7.5 2.3 2.3a1 1 0 0 0 1.4 0l2.1-2.1a1 1 0 0 0 0-1.4L19 4"[39m
                      [36m/>[39m
                      [36m<path[39m
                        [33md[39m=[32m"m21 2-9.6 9.6"[39m
                      [36m/>[39m
                      [36m<circle[39m
                        [33mcx[39m=[32m"7.5"[39m
                        [33mcy[39m=[32m"15.5"[39m
                        [33mr[39m=[32m"5.5"[39m
                      [36m/>[39m
                    [36m</svg>[39m
                    [36m<svg[39m
                      [33maria-hidden[39m=[32m"true"[39m
                      [33mclass[39m=[32m"lucide lucide-heart h-8 w-8 text-pink-500 transition-all duration-300 opacity-0 scale-90 absolute inset-0"[39m
                      [33mfill[39m=[32m"none"[39m
                      [33mheight[39m=[32m"24"[39m
                      [33mstroke[39m=[32m"currentColor"[39m
                      [33mstroke-linecap[39m=[32m"round"[39m
                      [33mstroke-linejoin[39m=[32m"round"[39m
                      [33mstroke-width[39m=[32m"2"[39m
                      [33mviewBox[39m=[32m"0 0 24 24"[39m
                      [33mwidth[39m=[32m"24"[39m
                      [33mxmlns[39m=[32m"http://www.w3.org/2000/svg"[39m
                    [36m>[39m
                      [36m<path[39m
                        [33md[39m=[32m"M19 14c1.49-1.46 3-3.21 3-5.5A5.5 5.5 0 0 0 16.5 3c-1.76 0-3 .5-4.5 2-1.5-1.5-2.74-2-4.5-2A5.5 5.5 0 0 0 2 8.5c0 2.3 1.5 4.05 3 5.5l7 7Z"[39m
                      [36m/>[39m
                    [36m</svg>[39m
                  [36m</div>[39m
                [36m</div>[39m
              [36m</div>[39m
              [36m<div[39m
                [33mclass[39m=[32m"flex space-x-1 mb-3"[39m
              [36m>[39m
                [36m<div[39m
                  [33mclass[39m=[32m"w-2 h-2 bg-red-500 rounded-full animate-bounce"[39m
                  [33mstyle[39m=[32m"animation-delay: 0s;"[39m
                [36m/>[39m
                [36m<div[39m
                  [33mclass[39m=[32m"w-2 h-2 bg-red-500 rounded-full animate-bounce"[39m
                  [33mstyle[39m=[32m"animation-delay: 0.2s;"[39m
                [36m/>[39m
                [36m<div[39m
                  [33mclass[39m=[32m"w-2 h-2 bg-red-500 rounded-full animate-bounce"[39m
                  [33mstyle[39m=[32m"animation-delay: 0.4s;"[39m
                [36m/>[39m
              [36m</div>[39m
              [36m<p[39m
                [33mclass[39m=[32m"text-gray-700 text-sm font-medium text-center"[39m
              [36m>[39m
                [0mPo ngarkohet harta...[0m
              [36m</p>[39m
              [36m<div[39m
                [33mclass[39m=[32m"w-32 h-1 bg-gray-200 rounded-full mt-3 overflow-hidden"[39m
              [36m>[39m
                [36m<div[39m
                  [33mclass[39m=[32m"h-full bg-gradient-to-r from-red-500 to-blue-500 rounded-full animate-pulse"[39m
                [36m/>[39m
              [36m</div>[39m
            [36m</div>[39m
          [36m</div>[39m
        [36m</div>[39m
      [36m</div>[39m
    [36m</body>[39m

      159 |   it('renders with custom height', () => {
      160 |     render(<MapView properties={mockProperties} height="400px" />);
    > 161 |     const mapWrapper = screen.getByTestId('map-container').parentElement;
          |                               ^
      162 |     expect(mapWrapper).toHaveStyle({ height: '400px' });
      163 |   });
      164 |

      at Object.getElementError (node_modules/@testing-library/dom/dist/config.js:37:19)
      at node_modules/@testing-library/dom/dist/query-helpers.js:76:38
      at node_modules/@testing-library/dom/dist/query-helpers.js:52:17
      at node_modules/@testing-library/dom/dist/query-helpers.js:95:19
      at Object.getByTestId (src/components/__tests__/MapView.test.tsx:161:31)

  ● MapView Component › handles keyboard navigation for expand button

    TestingLibraryElementError: Unable to find a label with the text of: Expand map

    Ignored nodes: comments, script, style
    [36m<body>[39m
      [36m<div>[39m
        [36m<div[39m
          [33mclass[39m=[32m"relative"[39m
        [36m>[39m
          [36m<div[39m
            [33mclass[39m=[32m"w-full rounded-lg shadow-md border border-gray-200 touch-pan-x touch-pan-y bg-gray-50"[39m
            [33mstyle[39m=[32m"height: 400px;"[39m
          [36m/>[39m
          [36m<div[39m
            [33mclass[39m=[32m"absolute top-2 right-2 flex flex-col gap-1 z-1000"[39m
          [36m>[39m
            [36m<div[39m
              [33mclass[39m=[32m"bg-white rounded-md shadow-md border border-gray-200 overflow-hidden"[39m
            [36m>[39m
              [36m<button[39m
                [33mclass[39m=[32m"p-1.5 w-full text-xs transition-colors bg-blue-600 text-white"[39m
                [33mtitle[39m=[32m"Harta e rrugëve"[39m
              [36m>[39m
                [0m��️[0m
              [36m</button>[39m
              [36m<button[39m
                [33mclass[39m=[32m"p-1.5 w-full text-xs transition-colors text-blue-600"[39m
                [33mtitle[39m=[32m"Pamja satelitore"[39m
              [36m>[39m
                [0m��️[0m
              [36m</button>[39m
              [36m<button[39m
                [33mclass[39m=[32m"p-1.5 w-full text-xs transition-colors text-blue-600"[39m
                [33mtitle[39m=[32m"Terreni"[39m
              [36m>[39m
                [0m��️[0m
              [36m</button>[39m
            [36m</div>[39m
            [36m<button[39m
              [33mclass[39m=[32m"bg-white p-1.5 rounded-md shadow-md border border-gray-200 transition-colors duration-200"[39m
              [33mtitle[39m=[32m"Kthehu në pamjen fillestare"[39m
            [36m>[39m
              [36m<svg[39m
                [33maria-hidden[39m=[32m"true"[39m
                [33mclass[39m=[32m"lucide lucide-house h-3 w-3 text-blue-600"[39m
                [33mfill[39m=[32m"none"[39m
                [33mheight[39m=[32m"24"[39m
                [33mstroke[39m=[32m"currentColor"[39m
                [33mstroke-linecap[39m=[32m"round"[39m
                [33mstroke-linejoin[39m=[32m"round"[39m
                [33mstroke-width[39m=[32m"2"[39m
                [33mviewBox[39m=[32m"0 0 24 24"[39m
                [33mwidth[39m=[32m"24"[39m
                [33mxmlns[39m=[32m"http://www.w3.org/2000/svg"[39m
              [36m>[39m
                [36m<path[39m
                  [33md[39m=[32m"M15 21v-8a1 1 0 0 0-1-1h-4a1 1 0 0 0-1 1v8"[39m
                [36m/>[39m
                [36m<path[39m
                  [33md[39m=[32m"M3 10a2 2 0 0 1 .709-1.528l7-5.999a2 2 0 0 1 2.582 0l7 5.999A2 2 0 0 1 21 10v9a2 2 0 0 1-2 2H5a2 2 0 0 1-2-2z"[39m
                [36m/>[39m
              [36m</svg>[39m
            [36m</button>[39m
            [36m<button[39m
              [33mclass[39m=[32m"bg-white hover:bg-blue-50 p-1.5 rounded-md shadow-md border border-gray-200 transition-colors duration-200"[39m
              [33mtitle[39m=[32m"Harta në ekran të plotë"[39m
            [36m>[39m
              [36m<svg[39m
                [33mclass[39m=[32m"h-3 w-3 text-blue-600"[39m
                [33mfill[39m=[32m"none"[39m
                [33mstroke[39m=[32m"currentColor"[39m
                [33mviewBox[39m=[32m"0 0 24 24"[39m
              [36m>[39m
                [36m<path[39m
                  [33md[39m=[32m"M4 8V4m0 0h4M4 4l5 5m11-1V4m0 0h-4m4 0l-5 5M4 16v4m0 0h4m-4 0l5-5m11 5l-5-5m5 5v-4m0 4h-4"[39m
                  [33mstroke-linecap[39m=[32m"round"[39m
                  [33mstroke-linejoin[39m=[32m"round"[39m
                  [33mstroke-width[39m=[32m"2"[39m
                [36m/>[39m
              [36m</svg>[39m
            [36m</button>[39m
            [36m<button[39m
              [33mclass[39m=[32m"bg-white p-1.5 rounded-md shadow-md border border-gray-200 transition-colors duration-200"[39m
              [33mtitle[39m=[32m"Shko te lokacioni im"[39m
            [36m>[39m
              [36m<svg[39m
                [33mclass[39m=[32m"h-3 w-3 text-blue-600"[39m
                [33mfill[39m=[32m"none"[39m
                [33mstroke[39m=[32m"currentColor"[39m
                [33mviewBox[39m=[32m"0 0 24 24"[39m
              [36m>[39m
                [36m<path[39m
                  [33md[39m=[32m"M17.657 16.657L13.414 20.9a1.998 1.998 0 01-2.827 0l-4.244-4.243a8 8 0 1111.314 0z"[39m
                  [33mstroke-linecap[39m=[32m"round"[39m
                  [33mstroke-linejoin[39m=[32m"round"[39m
                  [33mstroke-width[39m=[32m"2"[39m
                [36m/>[39m
                [36m<path[39m
                  [33md[39m=[32m"M15 11a3 3 0 11-6 0 3 3 0 016 0z"[39m
                  [33mstroke-linecap[39m=[32m"round"[39m
                  [33mstroke-linejoin[39m=[32m"round"[39m
                  [33mstroke-width[39m=[32m"2"[39m
                [36m/>[39m
              [36m</svg>[39m
            [36m</button>[39m
          [36m</div>[39m
          [36m<div[39m
            [33mclass[39m=[32m"absolute top-3 left-3 z-1000"[39m
          [36m>[39m
            [36m<div[39m
              [33mclass[39m=[32m"bg-white rounded-lg shadow-md border border-gray-200 p-3 max-w-xs sm:max-w-sm"[39m
            [36m>[39m
              [36m<div[39m
                [33mclass[39m=[32m"flex items-center gap-2 mb-2"[39m
              [36m>[39m
                [36m<svg[39m
                  [33maria-hidden[39m=[32m"true"[39m
                  [33mclass[39m=[32m"lucide lucide-funnel h-4 w-4 text-blue-600"[39m
                  [33mfill[39m=[32m"none"[39m
                  [33mheight[39m=[32m"24"[39m
                  [33mstroke[39m=[32m"currentColor"[39m
                  [33mstroke-linecap[39m=[32m"round"[39m
                  [33mstroke-linejoin[39m=[32m"round"[39m
                  [33mstroke-width[39m=[32m"2"[39m
                  [33mviewBox[39m=[32m"0 0 24 24"[39m
                  [33mwidth[39m=[32m"24"[39m
                  [33mxmlns[39m=[32m"http://www.w3.org/2000/svg"[39m
                [36m>[39m
                  [36m<path[39m
                    [33md[39m=[32m"M10 20a1 1 0 0 0 .553.895l2 1A1 1 0 0 0 14 21v-7a2 2 0 0 1 .517-1.341L21.74 4.67A1 1 0 0 0 21 3H3a1 1 0 0 0-.742 1.67l7.225 7.989A2 2 0 0 1 10 14z"[39m
                  [36m/>[39m
                [36m</svg>[39m
                [36m<span[39m
                  [33mclass[39m=[32m"text-sm font-medium text-gray-700"[39m
                [36m>[39m
                  [0mFiltrat e Hartës[0m
                [36m</span>[39m
              [36m</div>[39m
              [36m<div[39m
                [33mclass[39m=[32m"space-y-2"[39m
              [36m>[39m
                [36m<div>[39m
                  [36m<label[39m
                    [33mclass[39m=[32m"text-xs text-gray-600 block mb-1"[39m
                  [36m>[39m
                    [0mÇmimi[0m
                  [36m</label>[39m
                  [36m<select[39m
                    [33mclass[39m=[32m"w-full text-xs border border-gray-300 rounded px-2 py-1.5 focus:outline-none focus:ring-1 focus:ring-blue-500 touch-manipulation"[39m
                  [36m>[39m
                    [36m<option[39m
                      [33mvalue[39m=[32m"all"[39m
                    [36m>[39m
                      [0mTë gjitha[0m
                    [36m</option>[39m
                    [36m<option[39m
                      [33mvalue[39m=[32m"low"[39m
                    [36m>[39m
                      [0mDeri €100,000[0m
                    [36m</option>[39m
                    [36m<option[39m
                      [33mvalue[39m=[32m"medium"[39m
                    [36m>[39m
                      [0m€100,000 - €300,000[0m
                    [36m</option>[39m
                    [36m<option[39m
                      [33mvalue[39m=[32m"high"[39m
                    [36m>[39m
                      [0mMbi €300,000[0m
                    [36m</option>[39m
                  [36m</select>[39m
                [36m</div>[39m
                [36m<div>[39m
                  [36m<label[39m
                    [33mclass[39m=[32m"text-xs text-gray-600 block mb-1"[39m
                  [36m>[39m
                    [0mLloji[0m
                  [36m</label>[39m
                  [36m<select[39m
                    [33mclass[39m=[32m"w-full text-xs border border-gray-300 rounded px-2 py-1.5 focus:outline-none focus:ring-1 focus:ring-blue-500 touch-manipulation"[39m
                  [36m>[39m
                    [36m<option[39m
                      [33mvalue[39m=[32m"all"[39m
                    [36m>[39m
                      [0mTë gjitha[0m
                    [36m</option>[39m
                    [36m<option[39m
                      [33mvalue[39m=[32m"house"[39m
                    [36m>[39m
                      [0mShtëpi[0m
                    [36m</option>[39m
                    [36m<option[39m
                      [33mvalue[39m=[32m"apartment"[39m
                    [36m>[39m
                      [0mApartament[0m
                    [36m</option>[39m
                    [36m<option[39m
                      [33mvalue[39m=[32m"condo"[39m
                    [36m>[39m
                      [0mKondo[0m
                    [36m</option>[39m
                    [36m<option[39m
                      [33mvalue[39m=[32m"townhouse"[39m
                    [36m>[39m
                      [0mShtëpi në Qytet[0m
                    [36m</option>[39m
                  [36m</select>[39m
                [36m</div>[39m
              [36m</div>[39m
              [36m<div[39m
                [33mclass[39m=[32m"mt-2 pt-2 border-t border-gray-200"[39m
              [36m>[39m
                [36m<span[39m
                  [33mclass[39m=[32m"text-xs text-gray-600"[39m
                [36m>[39m
                  [0m2[0m
                  [0m pasuri në hartë[0m
                [36m</span>[39m
              [36m</div>[39m
            [36m</div>[39m
          [36m</div>[39m
          [36m<div[39m
            [33mclass[39m=[32m"absolute inset-0 bg-linear-to-br from-blue-50 to-green-50 bg-opacity-95 flex items-center justify-center rounded-lg"[39m
          [36m>[39m
            [36m<div[39m
              [33mclass[39m=[32m"flex flex-col items-center justify-center p-6"[39m
            [36m>[39m
              [36m<div[39m
                [33mclass[39m=[32m"relative mb-4"[39m
              [36m>[39m
                [36m<div[39m
                  [33mclass[39m=[32m"absolute inset-0 bg-gradient-to-r from-red-100 to-blue-100 rounded-full animate-pulse"[39m
                [36m/>[39m
                [36m<div[39m
                  [33mclass[39m=[32m"relative bg-white rounded-full p-4 shadow-lg"[39m
                [36m>[39m
                  [36m<div[39m
                    [33mclass[39m=[32m"absolute inset-0 bg-gradient-to-r from-red-500 via-blue-500 to-yellow-500 rounded-full animate-spin opacity-20"[39m
                  [36m/>[39m
                  [36m<div[39m
                    [33mclass[39m=[32m"relative z-10"[39m
                  [36m>[39m
                    [36m<svg[39m
                      [33maria-hidden[39m=[32m"true"[39m
                      [33mclass[39m=[32m"lucide lucide-house h-8 w-8 text-red-500 transition-all duration-300 opacity-100 scale-110 transform"[39m
                      [33mfill[39m=[32m"none"[39m
                      [33mheight[39m=[32m"24"[39m
                      [33mstroke[39m=[32m"currentColor"[39m
                      [33mstroke-linecap[39m=[32m"round"[39m
                      [33mstroke-linejoin[39m=[32m"round"[39m
                      [33mstroke-width[39m=[32m"2"[39m
                      [33mviewBox[39m=[32m"0 0 24 24"[39m
                      [33mwidth[39m=[32m"24"[39m
                      [33mxmlns[39m=[32m"http://www.w3.org/2000/svg"[39m
                    [36m>[39m
                      [36m<path[39m
                        [33md[39m=[32m"M15 21v-8a1 1 0 0 0-1-1h-4a1 1 0 0 0-1 1v8"[39m
                      [36m/>[39m
                      [36m<path[39m
                        [33md[39m=[32m"M3 10a2 2 0 0 1 .709-1.528l7-5.999a2 2 0 0 1 2.582 0l7 5.999A2 2 0 0 1 21 10v9a2 2 0 0 1-2 2H5a2 2 0 0 1-2-2z"[39m
                      [36m/>[39m
                    [36m</svg>[39m
                    [36m<svg[39m
                      [33maria-hidden[39m=[32m"true"[39m
                      [33mclass[39m=[32m"lucide lucide-map-pin h-8 w-8 text-blue-500 transition-all duration-300 opacity-0 scale-90 absolute inset-0"[39m
                      [33mfill[39m=[32m"none"[39m
                      [33mheight[39m=[32m"24"[39m
                      [33mstroke[39m=[32m"currentColor"[39m
                      [33mstroke-linecap[39m=[32m"round"[39m
                      [33mstroke-linejoin[39m=[32m"round"[39m
                      [33mstroke-width[39m=[32m"2"[39m
                      [33mviewBox[39m=[32m"0 0 24 24"[39m
                      [33mwidth[39m=[32m"24"[39m
                      [33mxmlns[39m=[32m"http://www.w3.org/2000/svg"[39m
                    [36m>[39m
                      [36m<path[39m
                        [33md[39m=[32m"M20 10c0 4.993-5.539 10.193-7.399 11.799a1 1 0 0 1-1.202 0C9.539 20.193 4 14.993 4 10a8 8 0 0 1 16 0"[39m
                      [36m/>[39m
                      [36m<circle[39m
                        [33mcx[39m=[32m"12"[39m
                        [33mcy[39m=[32m"10"[39m
                        [33mr[39m=[32m"3"[39m
                      [36m/>[39m
                    [36m</svg>[39m
                    [36m<svg[39m
                      [33maria-hidden[39m=[32m"true"[39m
                      [33mclass[39m=[32m"lucide lucide-key h-8 w-8 text-yellow-500 transition-all duration-300 opacity-0 scale-90 absolute inset-0"[39m
                      [33mfill[39m=[32m"none"[39m
                      [33mheight[39m=[32m"24"[39m
                      [33mstroke[39m=[32m"currentColor"[39m
                      [33mstroke-linecap[39m=[32m"round"[39m
                      [33mstroke-linejoin[39m=[32m"round"[39m
                      [33mstroke-width[39m=[32m"2"[39m
                      [33mviewBox[39m=[32m"0 0 24 24"[39m
                      [33mwidth[39m=[32m"24"[39m
                      [33mxmlns[39m=[32m"http://www.w3.org/2000/svg"[39m
                    [36m>[39m
                      [36m<path[39m
                        [33md[39m=[32m"m15.5 7.5 2.3 2.3a1 1 0 0 0 1.4 0l2.1-2.1a1 1 0 0 0 0-1.4L19 4"[39m
                      [36m/>[39m
                      [36m<path[39m
                        [33md[39m=[32m"m21 2-9.6 9.6"[39m
                      [36m/>[39m
                      [36m<circle[39m
                        [33mcx[39m=[32m"7.5"[39m
                        [33mcy[39m=[32m"15.5"[39m
                        [33mr[39m=[32m"5.5"[39m
                      [36m/>[39m
                    [36m</svg>[39m
                    [36m<svg[39m
                      [33maria-hidden[39m=[32m"true"[39m
                      [33mclass[39m=[32m"lucide lucide-heart h-8 w-8 text-pink-500 transition-all duration-300 opacity-0 scale-90 absolute inset-0"[39m
                      [33mfill[39m=[32m"none"[39m
                      [33mheight[39m=[32m"24"[39m
                      [33mstroke[39m=[32m"currentColor"[39m
                      [33mstroke-linecap[39m=[32m"round"[39m
                      [33mstroke-linejoin[39m=[32m"round"[39m
                      [33mstroke-width[39m=[32m"2"[39m
                      [33mviewBox[39m=[32m"0 0 24 24"[39m
                      [33mwidth[39m=[32m"24"[39m
                      [33mxmlns[39m=[32m"http://www.w3.org/2000/svg"[39m
                    [36m>[39m
                      [36m<path[39m
                        [33md[39m=[32m"M19 14c1.49-1.46 3-3.21 3-5.5A5.5 5.5 0 0 0 16.5 3c-1.76 0-3 .5-4.5 2-1.5-1.5-2.74-2-4.5-2A5.5 5.5 0 0 0 2 8.5c0 2.3 1.5 4.05 3 5.5l7 7Z"[39m
                      [36m/>[39m
                    [36m</svg>[39m
                  [36m</div>[39m
                [36m</div>[39m
              [36m</div>[39m
              [36m<div[39m
                [33mclass[39m=[32m"flex space-x-1 mb-3"[39m
              [36m>[39m
                [36m<div[39m
                  [33mclass[39m=[32m"w-2 h-2 bg-red-500 rounded-full animate-bounce"[39m
                  [33mstyle[39m=[32m"animation-delay: 0s;"[39m
                [36m/>[39m
                [36m<div[39m
                  [33mclass[39m=[32m"w-2 h-2 bg-red-500 rounded-full animate-bounce"[39m
                  [33mstyle[39m=[32m"animation-delay: 0.2s;"[39m
                [36m/>[39m
                [36m<div[39m
                  [33mclass[39m=[32m"w-2 h-2 bg-red-500 rounded-full animate-bounce"[39m
                  [33mstyle[39m=[32m"animation-delay: 0.4s;"[39m
                [36m/>[39m
              [36m</div>[39m
              [36m<p[39m
                [33mclass[39m=[32m"text-gray-700 text-sm font-medium text-center"[39m
              [36m>[39m
                [0mPo ngarkohet harta...[0m
              [36m</p>[39m
              [36m<div[39m
                [33mclass[39m=[32m"w-32 h-1 bg-gray-200 rounded-full mt-3 overflow-hidden"[39m
              [36m>[39m
                [36m<div[39m
                  [33mclass[39m=[32m"h-full bg-gradient-to-r from-red-500 to-blue-500 rounded-full animate-pulse"[39m
                [36m/>[39m
              [36m</div>[39m
            [36m</div>[39m
          [36m</div>[39m
        [36m</div>[39m
      [36m</div>[39m
    [36m</body>[39m

      166 |     render(<MapView properties={mockProperties} />);
      167 |     
    > 168 |     const expandButton = screen.getByLabelText('Expand map');
          |                                 ^
      169 |     fireEvent.keyDown(expandButton, { key: 'Enter' });
      170 |     
      171 |     // Should trigger the same action as click

      at Object.getElementError (node_modules/@testing-library/dom/dist/config.js:37:19)
      at getAllByLabelText (node_modules/@testing-library/dom/dist/queries/label-text.js:111:38)
      at node_modules/@testing-library/dom/dist/query-helpers.js:52:17
      at node_modules/@testing-library/dom/dist/query-helpers.js:95:19
      at Object.getByLabelText (src/components/__tests__/MapView.test.tsx:168:33)

FAIL src/components/__tests__/SearchFilters.test.tsx
  ● SearchFilters › renders search input

    TestingLibraryElementError: Unable to find an element with the placeholder text of: /Kërkoni sipas titullit/

    Ignored nodes: comments, script, style
    [36m<body>[39m
      [36m<div>[39m
        [36m<div[39m
          [33mclass[39m=[32m"bg-white/95 backdrop-blur-xl rounded-2xl shadow-xl hover:shadow-2xl border border-white/20 p-5 sm:p-6 md:p-8 mb-4 sm:mb-6 md:mb-8 transition-shadow duration-500"[39m
        [36m>[39m
          [36m<div[39m
            [33mclass[39m=[32m"relative mb-4"[39m
          [36m>[39m
            [36m<label[39m
              [33mclass[39m=[32m"sr-only"[39m
              [33mfor[39m=[32m"property-search"[39m
            [36m>[39m
              [0mSearch properties[0m
            [36m</label>[39m
            [36m<svg[39m
              [33maria-hidden[39m=[32m"true"[39m
              [33mclass[39m=[32m"lucide lucide-search absolute left-3 top-1/2 transform -translate-y-1/2 text-gray-400 h-4 w-4 sm:h-5 sm:w-5"[39m
              [33mfill[39m=[32m"none"[39m
              [33mheight[39m=[32m"24"[39m
              [33mstroke[39m=[32m"currentColor"[39m
              [33mstroke-linecap[39m=[32m"round"[39m
              [33mstroke-linejoin[39m=[32m"round"[39m
              [33mstroke-width[39m=[32m"2"[39m
              [33mviewBox[39m=[32m"0 0 24 24"[39m
              [33mwidth[39m=[32m"24"[39m
              [33mxmlns[39m=[32m"http://www.w3.org/2000/svg"[39m
            [36m>[39m
              [36m<path[39m
                [33md[39m=[32m"m21 21-4.34-4.34"[39m
              [36m/>[39m
              [36m<circle[39m
                [33mcx[39m=[32m"11"[39m
                [33mcy[39m=[32m"11"[39m
                [33mr[39m=[32m"8"[39m
              [36m/>[39m
            [36m</svg>[39m
            [36m<input[39m
              [33maria-label[39m=[32m"Search properties by title, description, or location"[39m
              [33mclass[39m=[32m"w-full pl-9 sm:pl-10 pr-4 py-2.5 sm:py-3 text-sm sm:text-base border border-gray-300 rounded-lg focus:outline-none focus:ring-2 focus:ring-blue-500 focus:border-transparent"[39m
              [33mid[39m=[32m"property-search"[39m
              [33mplaceholder[39m=[32m"Kërkoni pasuri..."[39m
              [33mtype[39m=[32m"text"[39m
              [33mvalue[39m=[32m""[39m
            [36m/>[39m
          [36m</div>[39m
          [36m<div[39m
            [33mclass[39m=[32m"flex flex-col sm:flex-row items-start sm:items-center justify-between gap-4 mb-4"[39m
          [36m>[39m
            [36m<button[39m
              [33maria-controls[39m=[32m"advanced-filters"[39m
              [33maria-expanded[39m=[32m"false"[39m
              [33maria-label[39m=[32m"Show advanced filters"[39m
              [33mclass[39m=[32m"flex items-center text-gray-700 hover:text-blue-600 transition-colors focus:outline-none focus:ring-2 focus:ring-blue-500 focus:ring-offset-2 rounded-md px-2 py-1"[39m
            [36m>[39m
              [36m<svg[39m
                [33maria-hidden[39m=[32m"true"[39m
                [33mclass[39m=[32m"lucide lucide-funnel h-5 w-5 mr-2"[39m
                [33mfill[39m=[32m"none"[39m
                [33mheight[39m=[32m"24"[39m
                [33mstroke[39m=[32m"currentColor"[39m
                [33mstroke-linecap[39m=[32m"round"[39m
                [33mstroke-linejoin[39m=[32m"round"[39m
                [33mstroke-width[39m=[32m"2"[39m
                [33mviewBox[39m=[32m"0 0 24 24"[39m
                [33mwidth[39m=[32m"24"[39m
                [33mxmlns[39m=[32m"http://www.w3.org/2000/svg"[39m
              [36m>[39m
                [36m<path[39m
                  [33md[39m=[32m"M10 20a1 1 0 0 0 .553.895l2 1A1 1 0 0 0 14 21v-7a2 2 0 0 1 .517-1.341L21.74 4.67A1 1 0 0 0 21 3H3a1 1 0 0 0-.742 1.67l7.225 7.989A2 2 0 0 1 10 14z"[39m
                [36m/>[39m
              [36m</svg>[39m
              [36m<span[39m
                [33mclass[39m=[32m"font-medium"[39m
              [36m>[39m
                [0mFiltrat e Avancuara[0m
              [36m</span>[39m
              [36m<span[39m
                [33maria-hidden[39m=[32m"true"[39m
                [33mclass[39m=[32m"ml-2 text-sm text-gray-500"[39m
              [36m>[39m
                [0m▼[0m
              [36m</span>[39m
            [36m</button>[39m
            [36m<div[39m
              [33mclass[39m=[32m"flex items-center gap-4"[39m
            [36m>[39m
              [36m<div[39m
                [33mclass[39m=[32m"flex items-center gap-2"[39m
              [36m>[39m
                [36m<svg[39m
                  [33maria-hidden[39m=[32m"true"[39m
                  [33mclass[39m=[32m"lucide lucide-arrow-up-down h-4 w-4 text-gray-500"[39m
                  [33mfill[39m=[32m"none"[39m
                  [33mheight[39m=[32m"24"[39m
                  [33mstroke[39m=[32m"currentColor"[39m
                  [33mstroke-linecap[39m=[32m"round"[39m
                  [33mstroke-linejoin[39m=[32m"round"[39m
                  [33mstroke-width[39m=[32m"2"[39m
                  [33mviewBox[39m=[32m"0 0 24 24"[39m
                  [33mwidth[39m=[32m"24"[39m
                  [33mxmlns[39m=[32m"http://www.w3.org/2000/svg"[39m
                [36m>[39m
                  [36m<path[39m
                    [33md[39m=[32m"m21 16-4 4-4-4"[39m
                  [36m/>[39m
                  [36m<path[39m
                    [33md[39m=[32m"M17 20V4"[39m
                  [36m/>[39m
                  [36m<path[39m
                    [33md[39m=[32m"m3 8 4-4 4 4"[39m
                  [36m/>[39m
                  [36m<path[39m
                    [33md[39m=[32m"M7 4v16"[39m
                  [36m/>[39m
                [36m</svg>[39m
                [36m<select[39m
                  [33mclass[39m=[32m"px-3 py-1.5 text-sm border border-gray-300 rounded-md focus:outline-none focus:ring-2 focus:ring-blue-500"[39m
                  [33mid[39m=[32m"sort-by"[39m
                  [33mname[39m=[32m"sortBy"[39m
                [36m>[39m
                  [36m<option[39m
                    [33mvalue[39m=[32m""[39m
                  [36m>[39m
                    [0mRenditja[0m
                  [36m</option>[39m
                  [36m<option[39m
                    [33mvalue[39m=[32m"price"[39m
                  [36m>[39m
                    [0mÇmimi[0m
                  [36m</option>[39m
                  [36m<option[39m
                    [33mvalue[39m=[32m"date"[39m
                  [36m>[39m
                    [0mData e Shtimit[0m
                  [36m</option>[39m
                  [36m<option[39m
                    [33mvalue[39m=[32m"size"[39m
                  [36m>[39m
                    [0mMadhësia[0m
                  [36m</option>[39m
                  [36m<option[39m
                    [33mvalue[39m=[32m"location"[39m
                  [36m>[39m
                    [0mLokacioni[0m
                  [36m</option>[39m
                [36m</select>[39m
              [36m</div>[39m
            [36m</div>[39m
          [36m</div>[39m
        [36m</div>[39m
      [36m</div>[39m
    [36m</body>[39m

      73 |     );
      74 |     
    > 75 |     expect(screen.getByPlaceholderText(/Kërkoni sipas titullit/)).toBeInTheDocument();
         |                   ^
      76 |   });
      77 |
      78 |   it('filters properties by search term', async () => {

      at Object.getElementError (node_modules/@testing-library/dom/dist/config.js:37:19)
      at node_modules/@testing-library/dom/dist/query-helpers.js:76:38
      at node_modules/@testing-library/dom/dist/query-helpers.js:52:17
      at node_modules/@testing-library/dom/dist/query-helpers.js:95:19
      at Object.getByPlaceholderText (src/components/__tests__/SearchFilters.test.tsx:75:19)

  ● SearchFilters › filters properties by search term

    TestingLibraryElementError: Unable to find an element with the placeholder text of: /Kërkoni sipas titullit/

    Ignored nodes: comments, script, style
    [36m<body>[39m
      [36m<div>[39m
        [36m<div[39m
          [33mclass[39m=[32m"bg-white/95 backdrop-blur-xl rounded-2xl shadow-xl hover:shadow-2xl border border-white/20 p-5 sm:p-6 md:p-8 mb-4 sm:mb-6 md:mb-8 transition-shadow duration-500"[39m
        [36m>[39m
          [36m<div[39m
            [33mclass[39m=[32m"relative mb-4"[39m
          [36m>[39m
            [36m<label[39m
              [33mclass[39m=[32m"sr-only"[39m
              [33mfor[39m=[32m"property-search"[39m
            [36m>[39m
              [0mSearch properties[0m
            [36m</label>[39m
            [36m<svg[39m
              [33maria-hidden[39m=[32m"true"[39m
              [33mclass[39m=[32m"lucide lucide-search absolute left-3 top-1/2 transform -translate-y-1/2 text-gray-400 h-4 w-4 sm:h-5 sm:w-5"[39m
              [33mfill[39m=[32m"none"[39m
              [33mheight[39m=[32m"24"[39m
              [33mstroke[39m=[32m"currentColor"[39m
              [33mstroke-linecap[39m=[32m"round"[39m
              [33mstroke-linejoin[39m=[32m"round"[39m
              [33mstroke-width[39m=[32m"2"[39m
              [33mviewBox[39m=[32m"0 0 24 24"[39m
              [33mwidth[39m=[32m"24"[39m
              [33mxmlns[39m=[32m"http://www.w3.org/2000/svg"[39m
            [36m>[39m
              [36m<path[39m
                [33md[39m=[32m"m21 21-4.34-4.34"[39m
              [36m/>[39m
              [36m<circle[39m
                [33mcx[39m=[32m"11"[39m
                [33mcy[39m=[32m"11"[39m
                [33mr[39m=[32m"8"[39m
              [36m/>[39m
            [36m</svg>[39m
            [36m<input[39m
              [33maria-label[39m=[32m"Search properties by title, description, or location"[39m
              [33mclass[39m=[32m"w-full pl-9 sm:pl-10 pr-4 py-2.5 sm:py-3 text-sm sm:text-base border border-gray-300 rounded-lg focus:outline-none focus:ring-2 focus:ring-blue-500 focus:border-transparent"[39m
              [33mid[39m=[32m"property-search"[39m
              [33mplaceholder[39m=[32m"Kërkoni pasuri..."[39m
              [33mtype[39m=[32m"text"[39m
              [33mvalue[39m=[32m""[39m
            [36m/>[39m
          [36m</div>[39m
          [36m<div[39m
            [33mclass[39m=[32m"flex flex-col sm:flex-row items-start sm:items-center justify-between gap-4 mb-4"[39m
          [36m>[39m
            [36m<button[39m
              [33maria-controls[39m=[32m"advanced-filters"[39m
              [33maria-expanded[39m=[32m"false"[39m
              [33maria-label[39m=[32m"Show advanced filters"[39m
              [33mclass[39m=[32m"flex items-center text-gray-700 hover:text-blue-600 transition-colors focus:outline-none focus:ring-2 focus:ring-blue-500 focus:ring-offset-2 rounded-md px-2 py-1"[39m
            [36m>[39m
              [36m<svg[39m
                [33maria-hidden[39m=[32m"true"[39m
                [33mclass[39m=[32m"lucide lucide-funnel h-5 w-5 mr-2"[39m
                [33mfill[39m=[32m"none"[39m
                [33mheight[39m=[32m"24"[39m
                [33mstroke[39m=[32m"currentColor"[39m
                [33mstroke-linecap[39m=[32m"round"[39m
                [33mstroke-linejoin[39m=[32m"round"[39m
                [33mstroke-width[39m=[32m"2"[39m
                [33mviewBox[39m=[32m"0 0 24 24"[39m
                [33mwidth[39m=[32m"24"[39m
                [33mxmlns[39m=[32m"http://www.w3.org/2000/svg"[39m
              [36m>[39m
                [36m<path[39m
                  [33md[39m=[32m"M10 20a1 1 0 0 0 .553.895l2 1A1 1 0 0 0 14 21v-7a2 2 0 0 1 .517-1.341L21.74 4.67A1 1 0 0 0 21 3H3a1 1 0 0 0-.742 1.67l7.225 7.989A2 2 0 0 1 10 14z"[39m
                [36m/>[39m
              [36m</svg>[39m
              [36m<span[39m
                [33mclass[39m=[32m"font-medium"[39m
              [36m>[39m
                [0mFiltrat e Avancuara[0m
              [36m</span>[39m
              [36m<span[39m
                [33maria-hidden[39m=[32m"true"[39m
                [33mclass[39m=[32m"ml-2 text-sm text-gray-500"[39m
              [36m>[39m
                [0m▼[0m
              [36m</span>[39m
            [36m</button>[39m
            [36m<div[39m
              [33mclass[39m=[32m"flex items-center gap-4"[39m
            [36m>[39m
              [36m<div[39m
                [33mclass[39m=[32m"flex items-center gap-2"[39m
              [36m>[39m
                [36m<svg[39m
                  [33maria-hidden[39m=[32m"true"[39m
                  [33mclass[39m=[32m"lucide lucide-arrow-up-down h-4 w-4 text-gray-500"[39m
                  [33mfill[39m=[32m"none"[39m
                  [33mheight[39m=[32m"24"[39m
                  [33mstroke[39m=[32m"currentColor"[39m
                  [33mstroke-linecap[39m=[32m"round"[39m
                  [33mstroke-linejoin[39m=[32m"round"[39m
                  [33mstroke-width[39m=[32m"2"[39m
                  [33mviewBox[39m=[32m"0 0 24 24"[39m
                  [33mwidth[39m=[32m"24"[39m
                  [33mxmlns[39m=[32m"http://www.w3.org/2000/svg"[39m
                [36m>[39m
                  [36m<path[39m
                    [33md[39m=[32m"m21 16-4 4-4-4"[39m
                  [36m/>[39m
                  [36m<path[39m
                    [33md[39m=[32m"M17 20V4"[39m
                  [36m/>[39m
                  [36m<path[39m
                    [33md[39m=[32m"m3 8 4-4 4 4"[39m
                  [36m/>[39m
                  [36m<path[39m
                    [33md[39m=[32m"M7 4v16"[39m
                  [36m/>[39m
                [36m</svg>[39m
                [36m<select[39m
                  [33mclass[39m=[32m"px-3 py-1.5 text-sm border border-gray-300 rounded-md focus:outline-none focus:ring-2 focus:ring-blue-500"[39m
                  [33mid[39m=[32m"sort-by"[39m
                  [33mname[39m=[32m"sortBy"[39m
                [36m>[39m
                  [36m<option[39m
                    [33mvalue[39m=[32m""[39m
                  [36m>[39m
                    [0mRenditja[0m
                  [36m</option>[39m
                  [36m<option[39m
                    [33mvalue[39m=[32m"price"[39m
                  [36m>[39m
                    [0mÇmimi[0m
                  [36m</option>[39m
                  [36m<option[39m
                    [33mvalue[39m=[32m"date"[39m
                  [36m>[39m
                    [0mData e Shtimit[0m
                  [36m</option>[39m
                  [36m<option[39m
                    [33mvalue[39m=[32m"size"[39m
                  [36m>[39m
                    [0mMadhësia[0m
                  [36m</option>[39m
                  [36m<option[39m
                    [33mvalue[39m=[32m"location"[39m
                  [36m>[39m
                    [0mLokacioni[0m
                  [36m</option>[39m
                [36m</select>[39m
              [36m</div>[39m
            [36m</div>[39m
          [36m</div>[39m
        [36m</div>[39m
      [36m</div>[39m
    [36m</body>[39m

      84 |     );
      85 |     
    > 86 |     const searchInput = screen.getByPlaceholderText(/Kërkoni sipas titullit/);
         |                                ^
      87 |     fireEvent.change(searchInput, { target: { value: 'Beautiful' } });
      88 |     
      89 |     await waitFor(() => {

      at Object.getElementError (node_modules/@testing-library/dom/dist/config.js:37:19)
      at node_modules/@testing-library/dom/dist/query-helpers.js:76:38
      at node_modules/@testing-library/dom/dist/query-helpers.js:52:17
      at node_modules/@testing-library/dom/dist/query-helpers.js:95:19
      at Object.getByPlaceholderText (src/components/__tests__/SearchFilters.test.tsx:86:32)

  ● SearchFilters › shows advanced filters when expanded

    TestingLibraryElementError: Found multiple elements with the text: Lokacioni

    Here are the matching elements:

    Ignored nodes: comments, script, style
    [36m<option[39m
      [33mvalue[39m=[32m"location"[39m
    [36m>[39m
      [0mLokacioni[0m
    [36m</option>[39m

    Ignored nodes: comments, script, style
    [36m<label[39m
      [33mclass[39m=[32m"block text-sm font-medium text-gray-900 mb-2"[39m
    [36m>[39m
      [36m<svg[39m
        [33maria-hidden[39m=[32m"true"[39m
        [33mclass[39m=[32m"lucide lucide-map-pin inline h-4 w-4 mr-1 text-blue-600"[39m
        [33mfill[39m=[32m"none"[39m
        [33mheight[39m=[32m"24"[39m
        [33mstroke[39m=[32m"currentColor"[39m
        [33mstroke-linecap[39m=[32m"round"[39m
        [33mstroke-linejoin[39m=[32m"round"[39m
        [33mstroke-width[39m=[32m"2"[39m
        [33mviewBox[39m=[32m"0 0 24 24"[39m
        [33mwidth[39m=[32m"24"[39m
        [33mxmlns[39m=[32m"http://www.w3.org/2000/svg"[39m
      [36m>[39m
        [36m<path[39m
          [33md[39m=[32m"M20 10c0 4.993-5.539 10.193-7.399 11.799a1 1 0 0 1-1.202 0C9.539 20.193 4 14.993 4 10a8 8 0 0 1 16 0"[39m
        [36m/>[39m
        [36m<circle[39m
          [33mcx[39m=[32m"12"[39m
          [33mcy[39m=[32m"10"[39m
          [33mr[39m=[32m"3"[39m
        [36m/>[39m
      [36m</svg>[39m
      [0mLokacioni[0m
    [36m</label>[39m

    (If this is intentional, then use the `*AllBy*` variant of the query (like `queryAllByText`, `getAllByText`, or `findAllByText`)).

    Ignored nodes: comments, script, style
    [36m<body>[39m
      [36m<div>[39m
        [36m<div[39m
          [33mclass[39m=[32m"bg-white/95 backdrop-blur-xl rounded-2xl shadow-xl hover:shadow-2xl border border-white/20 p-5 sm:p-6 md:p-8 mb-4 sm:mb-6 md:mb-8 transition-shadow duration-500"[39m
        [36m>[39m
          [36m<div[39m
            [33mclass[39m=[32m"relative mb-4"[39m
          [36m>[39m
            [36m<label[39m
              [33mclass[39m=[32m"sr-only"[39m
              [33mfor[39m=[32m"property-search"[39m
            [36m>[39m
              [0mSearch properties[0m
            [36m</label>[39m
            [36m<svg[39m
              [33maria-hidden[39m=[32m"true"[39m
              [33mclass[39m=[32m"lucide lucide-search absolute left-3 top-1/2 transform -translate-y-1/2 text-gray-400 h-4 w-4 sm:h-5 sm:w-5"[39m
              [33mfill[39m=[32m"none"[39m
              [33mheight[39m=[32m"24"[39m
              [33mstroke[39m=[32m"currentColor"[39m
              [33mstroke-linecap[39m=[32m"round"[39m
              [33mstroke-linejoin[39m=[32m"round"[39m
              [33mstroke-width[39m=[32m"2"[39m
              [33mviewBox[39m=[32m"0 0 24 24"[39m
              [33mwidth[39m=[32m"24"[39m
              [33mxmlns[39m=[32m"http://www.w3.org/2000/svg"[39m
            [36m>[39m
              [36m<path[39m
                [33md[39m=[32m"m21 21-4.34-4.34"[39m
              [36m/>[39m
              [36m<circle[39m
                [33mcx[39m=[32m"11"[39m
                [33mcy[39m=[32m"11"[39m
                [33mr[39m=[32m"8"[39m
              [36m/>[39m
            [36m</svg>[39m
            [36m<input[39m
              [33maria-label[39m=[32m"Search properties by title, description, or location"[39m
              [33mclass[39m=[32m"w-full pl-9 sm:pl-10 pr-4 py-2.5 sm:py-3 text-sm sm:text-base border border-gray-300 rounded-lg focus:outline-none focus:ring-2 focus:ring-blue-500 focus:border-transparent"[39m
              [33mid[39m=[32m"property-search"[39m
              [33mplaceholder[39m=[32m"Kërkoni pasuri..."[39m
              [33mtype[39m=[32m"text"[39m
              [33mvalue[39m=[32m""[39m
            [36m/>[39m
          [36m</div>[39m
          [36m<div[39m
            [33mclass[39m=[32m"flex flex-col sm:flex-row items-start sm:items-center justify-between gap-4 mb-4"[39m
          [36m>[39m
            [36m<button[39m
              [33maria-controls[39m=[32m"advanced-filters"[39m
              [33maria-expanded[39m=[32m"true"[39m
              [33maria-label[39m=[32m"Hide advanced filters"[39m
              [33mclass[39m=[32m"flex items-center text-gray-700 hover:text-blue-600 transition-colors focus:outline-none focus:ring-2 focus:ring-blue-500 focus:ring-offset-2 rounded-md px-2 py-1"[39m
            [36m>[39m
              [36m<svg[39m
                [33maria-hidden[39m=[32m"true"[39m
                [33mclass[39m=[32m"lucide lucide-funnel h-5 w-5 mr-2"[39m
                [33mfill[39m=[32m"none"[39m
                [33mheight[39m=[32m"24"[39m
                [33mstroke[39m=[32m"currentColor"[39m
                [33mstroke-linecap[39m=[32m"round"[39m
                [33mstroke-linejoin[39m=[32m"round"[39m
                [33mstroke-width[39m=[32m"2"[39m
                [33mviewBox[39m=[32m"0 0 24 24"[39m
                [33mwidth[39m=[32m"24"[39m
                [33mxmlns[39m=[32m"http://www.w3.org/2000/svg"[39m
              [36m>[39m
                [36m<path[39m
                  [33md[39m=[32m"M10 20a1 1 0 0 0 .553.895l2 1A1 1 0 0 0 14 21v-7a2 2 0 0 1 .517-1.341L21.74 4.67A1 1 0 0 0 21 3H3a1 1 0 0 0-.742 1.67l7.225 7.989A2 2 0 0 1 10 14z"[39m
                [36m/>[39m
              [36m</svg>[39m
              [36m<span[39m
                [33mclass[39m=[32m"font-medium"[39m
              [36m>[39m
                [0mFiltrat e Avancuara[0m
              [36m</span>[39m
              [36m<span[39m
                [33maria-hidden[39m=[32m"true"[39m
                [33mclass[39m=[32m"ml-2 text-sm text-gray-500"[39m
              [36m>[39m
                [0m▲[0m
              [36m</span>[39m
            [36m</button>[39m
            [36m<div[39m
              [33mclass[39m=[32m"flex items-center gap-4"[39m
            [36m>[39m
              [36m<div[39m
                [33mclass[39m=[32m"flex items-center gap-2"[39m
              [36m>[39m
                [36m<svg[39m
                  [33maria-hidden[39m=[32m"true"[39m
                  [33mclass[39m=[32m"lucide lucide-arrow-up-down h-4 w-4 text-gray-500"[39m
                  [33mfill[39m=[32m"none"[39m
                  [33mheight[39m=[32m"24"[39m
                  [33mstroke[39m=[32m"currentColor"[39m
                  [33mstroke-linecap[39m=[32m"round"[39m
                  [33mstroke-linejoin[39m=[32m"round"[39m
                  [33mstroke-width[39m=[32m"2"[39m
                  [33mviewBox[39m=[32m"0 0 24 24"[39m
                  [33mwidth[39m=[32m"24"[39m
                  [33mxmlns[39m=[32m"http://www.w3.org/2000/svg"[39m
                [36m>[39m
                  [36m<path[39m
                    [33md[39m=[32m"m21 16-4 4-4-4"[39m
                  [36m/>[39m
                  [36m<path[39m
                    [33md[39m=[32m"M17 20V4"[39m
                  [36m/>[39m
                  [36m<path[39m
                    [33md[39m=[32m"m3 8 4-4 4 4"[39m
                  [36m/>[39m
                  [36m<path[39m
                    [33md[39m=[32m"M7 4v16"[39m
                  [36m/>[39m
                [36m</svg>[39m
                [36m<select[39m
                  [33mclass[39m=[32m"px-3 py-1.5 text-sm border border-gray-300 rounded-md focus:outline-none focus:ring-2 focus:ring-blue-500"[39m
                  [33mid[39m=[32m"sort-by"[39m
                  [33mname[39m=[32m"sortBy"[39m
                [36m>[39m
                  [36m<option[39m
                    [33mvalue[39m=[32m""[39m
                  [36m>[39m
                    [0mRenditja[0m
                  [36m</option>[39m
                  [36m<option[39m
                    [33mvalue[39m=[32m"price"[39m
                  [36m>[39m
                    [0mÇmimi[0m
                  [36m</option>[39m
                  [36m<option[39m
                    [33mvalue[39m=[32m"date"[39m
                  [36m>[39m
                    [0mData e Shtimit[0m
                  [36m</option>[39m
                  [36m<option[39m
                    [33mvalue[39m=[32m"size"[39m
                  [36m>[39m
                    [0mMadhësia[0m
                  [36m</option>[39m
                  [36m<option[39m
                    [33mvalue[39m=[32m"location"[39m
                  [36m>[39m
                    [0mLokacioni[0m
                  [36m</option>[39m
                [36m</select>[39m
              [36m</div>[39m
            [36m</div>[39m
          [36m</div>[39m
          [36m<div[39m
            [33maria-label[39m=[32m"Advanced search filters"[39m
            [33mclass[39m=[32m"grid grid-cols-1 sm:grid-cols-2 lg:grid-cols-3 xl:grid-cols-4 gap-4 sm:gap-6 pt-4 border-t border-gray-200"[39m
            [33mid[39m=[32m"advanced-filters"[39m
            [33mrole[39m=[32m"region"[39m
          [36m>[39m
            [36m<div>[3...

      104 |     
      105 |     expect(screen.getByText('Çmimi (€)')).toBeInTheDocument();
    > 106 |     expect(screen.getByText('Lokacioni')).toBeInTheDocument();
          |                   ^
      107 |   });
      108 |
      109 |   it('filters by property type', async () => {

      at Object.getElementError (node_modules/@testing-library/dom/dist/config.js:37:19)
      at getElementError (node_modules/@testing-library/dom/dist/query-helpers.js:20:35)
      at getMultipleElementsFoundError (node_modules/@testing-library/dom/dist/query-helpers.js:23:10)
      at node_modules/@testing-library/dom/dist/query-helpers.js:55:13
      at node_modules/@testing-library/dom/dist/query-helpers.js:95:19
      at Object.getByText (src/components/__tests__/SearchFilters.test.tsx:106:19)

  ● SearchFilters › filters by property type

    TestingLibraryElementError: Unable to find an element with the display value: Të gjitha llojet.

    Ignored nodes: comments, script, style
    [36m<body>[39m
      [36m<div>[39m
        [36m<div[39m
          [33mclass[39m=[32m"bg-white/95 backdrop-blur-xl rounded-2xl shadow-xl hover:shadow-2xl border border-white/20 p-5 sm:p-6 md:p-8 mb-4 sm:mb-6 md:mb-8 transition-shadow duration-500"[39m
        [36m>[39m
          [36m<div[39m
            [33mclass[39m=[32m"relative mb-4"[39m
          [36m>[39m
            [36m<label[39m
              [33mclass[39m=[32m"sr-only"[39m
              [33mfor[39m=[32m"property-search"[39m
            [36m>[39m
              [0mSearch properties[0m
            [36m</label>[39m
            [36m<svg[39m
              [33maria-hidden[39m=[32m"true"[39m
              [33mclass[39m=[32m"lucide lucide-search absolute left-3 top-1/2 transform -translate-y-1/2 text-gray-400 h-4 w-4 sm:h-5 sm:w-5"[39m
              [33mfill[39m=[32m"none"[39m
              [33mheight[39m=[32m"24"[39m
              [33mstroke[39m=[32m"currentColor"[39m
              [33mstroke-linecap[39m=[32m"round"[39m
              [33mstroke-linejoin[39m=[32m"round"[39m
              [33mstroke-width[39m=[32m"2"[39m
              [33mviewBox[39m=[32m"0 0 24 24"[39m
              [33mwidth[39m=[32m"24"[39m
              [33mxmlns[39m=[32m"http://www.w3.org/2000/svg"[39m
            [36m>[39m
              [36m<path[39m
                [33md[39m=[32m"m21 21-4.34-4.34"[39m
              [36m/>[39m
              [36m<circle[39m
                [33mcx[39m=[32m"11"[39m
                [33mcy[39m=[32m"11"[39m
                [33mr[39m=[32m"8"[39m
              [36m/>[39m
            [36m</svg>[39m
            [36m<input[39m
              [33maria-label[39m=[32m"Search properties by title, description, or location"[39m
              [33mclass[39m=[32m"w-full pl-9 sm:pl-10 pr-4 py-2.5 sm:py-3 text-sm sm:text-base border border-gray-300 rounded-lg focus:outline-none focus:ring-2 focus:ring-blue-500 focus:border-transparent"[39m
              [33mid[39m=[32m"property-search"[39m
              [33mplaceholder[39m=[32m"Kërkoni pasuri..."[39m
              [33mtype[39m=[32m"text"[39m
              [33mvalue[39m=[32m""[39m
            [36m/>[39m
          [36m</div>[39m
          [36m<div[39m
            [33mclass[39m=[32m"flex flex-col sm:flex-row items-start sm:items-center justify-between gap-4 mb-4"[39m
          [36m>[39m
            [36m<button[39m
              [33maria-controls[39m=[32m"advanced-filters"[39m
              [33maria-expanded[39m=[32m"true"[39m
              [33maria-label[39m=[32m"Hide advanced filters"[39m
              [33mclass[39m=[32m"flex items-center text-gray-700 hover:text-blue-600 transition-colors focus:outline-none focus:ring-2 focus:ring-blue-500 focus:ring-offset-2 rounded-md px-2 py-1"[39m
            [36m>[39m
              [36m<svg[39m
                [33maria-hidden[39m=[32m"true"[39m
                [33mclass[39m=[32m"lucide lucide-funnel h-5 w-5 mr-2"[39m
                [33mfill[39m=[32m"none"[39m
                [33mheight[39m=[32m"24"[39m
                [33mstroke[39m=[32m"currentColor"[39m
                [33mstroke-linecap[39m=[32m"round"[39m
                [33mstroke-linejoin[39m=[32m"round"[39m
                [33mstroke-width[39m=[32m"2"[39m
                [33mviewBox[39m=[32m"0 0 24 24"[39m
                [33mwidth[39m=[32m"24"[39m
                [33mxmlns[39m=[32m"http://www.w3.org/2000/svg"[39m
              [36m>[39m
                [36m<path[39m
                  [33md[39m=[32m"M10 20a1 1 0 0 0 .553.895l2 1A1 1 0 0 0 14 21v-7a2 2 0 0 1 .517-1.341L21.74 4.67A1 1 0 0 0 21 3H3a1 1 0 0 0-.742 1.67l7.225 7.989A2 2 0 0 1 10 14z"[39m
                [36m/>[39m
              [36m</svg>[39m
              [36m<span[39m
                [33mclass[39m=[32m"font-medium"[39m
              [36m>[39m
                [0mFiltrat e Avancuara[0m
              [36m</span>[39m
              [36m<span[39m
                [33maria-hidden[39m=[32m"true"[39m
                [33mclass[39m=[32m"ml-2 text-sm text-gray-500"[39m
              [36m>[39m
                [0m▲[0m
              [36m</span>[39m
            [36m</button>[39m
            [36m<div[39m
              [33mclass[39m=[32m"flex items-center gap-4"[39m
            [36m>[39m
              [36m<div[39m
                [33mclass[39m=[32m"flex items-center gap-2"[39m
              [36m>[39m
                [36m<svg[39m
                  [33maria-hidden[39m=[32m"true"[39m
                  [33mclass[39m=[32m"lucide lucide-arrow-up-down h-4 w-4 text-gray-500"[39m
                  [33mfill[39m=[32m"none"[39m
                  [33mheight[39m=[32m"24"[39m
                  [33mstroke[39m=[32m"currentColor"[39m
                  [33mstroke-linecap[39m=[32m"round"[39m
                  [33mstroke-linejoin[39m=[32m"round"[39m
                  [33mstroke-width[39m=[32m"2"[39m
                  [33mviewBox[39m=[32m"0 0 24 24"[39m
                  [33mwidth[39m=[32m"24"[39m
                  [33mxmlns[39m=[32m"http://www.w3.org/2000/svg"[39m
                [36m>[39m
                  [36m<path[39m
                    [33md[39m=[32m"m21 16-4 4-4-4"[39m
                  [36m/>[39m
                  [36m<path[39m
                    [33md[39m=[32m"M17 20V4"[39m
                  [36m/>[39m
                  [36m<path[39m
                    [33md[39m=[32m"m3 8 4-4 4 4"[39m
                  [36m/>[39m
                  [36m<path[39m
                    [33md[39m=[32m"M7 4v16"[39m
                  [36m/>[39m
                [36m</svg>[39m
                [36m<select[39m
                  [33mclass[39m=[32m"px-3 py-1.5 text-sm border border-gray-300 rounded-md focus:outline-none focus:ring-2 focus:ring-blue-500"[39m
                  [33mid[39m=[32m"sort-by"[39m
                  [33mname[39m=[32m"sortBy"[39m
                [36m>[39m
                  [36m<option[39m
                    [33mvalue[39m=[32m""[39m
                  [36m>[39m
                    [0mRenditja[0m
                  [36m</option>[39m
                  [36m<option[39m
                    [33mvalue[39m=[32m"price"[39m
                  [36m>[39m
                    [0mÇmimi[0m
                  [36m</option>[39m
                  [36m<option[39m
                    [33mvalue[39m=[32m"date"[39m
                  [36m>[39m
                    [0mData e Shtimit[0m
                  [36m</option>[39m
                  [36m<option[39m
                    [33mvalue[39m=[32m"size"[39m
                  [36m>[39m
                    [0mMadhësia[0m
                  [36m</option>[39m
                  [36m<option[39m
                    [33mvalue[39m=[32m"location"[39m
                  [36m>[39m
                    [0mLokacioni[0m
                  [36m</option>[39m
                [36m</select>[39m
              [36m</div>[39m
            [36m</div>[39m
          [36m</div>[39m
          [36m<div[39m
            [33maria-label[39m=[32m"Advanced search filters"[39m
            [33mclass[39m=[32m"grid grid-cols-1 sm:grid-cols-2 lg:grid-cols-3 xl:grid-cols-4 gap-4 sm:gap-6 pt-4 border-t border-gray-200"[39m
            [33mid[39m=[32m"advanced-filters"[39m
            [33mrole[39m=[32m"region"[39m
          [36m>[39m
            [36m<div>[3...

      119 |     
      120 |     // Select apartment type
    > 121 |     const propertyTypeSelect = screen.getByDisplayValue('Të gjitha llojet');
          |                                       ^
      122 |     fireEvent.change(propertyTypeSelect, { target: { value: 'apartment' } });
      123 |     
      124 |     await waitFor(() => {

      at Object.getElementError (node_modules/@testing-library/dom/dist/config.js:37:19)
      at node_modules/@testing-library/dom/dist/query-helpers.js:76:38
      at node_modules/@testing-library/dom/dist/query-helpers.js:52:17
      at node_modules/@testing-library/dom/dist/query-helpers.js:95:19
      at Object.getByDisplayValue (src/components/__tests__/SearchFilters.test.tsx:121:39)

  ● SearchFilters › clears all filters

    TestingLibraryElementError: Unable to find an element with the placeholder text of: /Kërkoni sipas titullit/

    Ignored nodes: comments, script, style
    [36m<body>[39m
      [36m<div>[39m
        [36m<div[39m
          [33mclass[39m=[32m"bg-white/95 backdrop-blur-xl rounded-2xl shadow-xl hover:shadow-2xl border border-white/20 p-5 sm:p-6 md:p-8 mb-4 sm:mb-6 md:mb-8 transition-shadow duration-500"[39m
        [36m>[39m
          [36m<div[39m
            [33mclass[39m=[32m"relative mb-4"[39m
          [36m>[39m
            [36m<label[39m
              [33mclass[39m=[32m"sr-only"[39m
              [33mfor[39m=[32m"property-search"[39m
            [36m>[39m
              [0mSearch properties[0m
            [36m</label>[39m
            [36m<svg[39m
              [33maria-hidden[39m=[32m"true"[39m
              [33mclass[39m=[32m"lucide lucide-search absolute left-3 top-1/2 transform -translate-y-1/2 text-gray-400 h-4 w-4 sm:h-5 sm:w-5"[39m
              [33mfill[39m=[32m"none"[39m
              [33mheight[39m=[32m"24"[39m
              [33mstroke[39m=[32m"currentColor"[39m
              [33mstroke-linecap[39m=[32m"round"[39m
              [33mstroke-linejoin[39m=[32m"round"[39m
              [33mstroke-width[39m=[32m"2"[39m
              [33mviewBox[39m=[32m"0 0 24 24"[39m
              [33mwidth[39m=[32m"24"[39m
              [33mxmlns[39m=[32m"http://www.w3.org/2000/svg"[39m
            [36m>[39m
              [36m<path[39m
                [33md[39m=[32m"m21 21-4.34-4.34"[39m
              [36m/>[39m
              [36m<circle[39m
                [33mcx[39m=[32m"11"[39m
                [33mcy[39m=[32m"11"[39m
                [33mr[39m=[32m"8"[39m
              [36m/>[39m
            [36m</svg>[39m
            [36m<input[39m
              [33maria-label[39m=[32m"Search properties by title, description, or location"[39m
              [33mclass[39m=[32m"w-full pl-9 sm:pl-10 pr-4 py-2.5 sm:py-3 text-sm sm:text-base border border-gray-300 rounded-lg focus:outline-none focus:ring-2 focus:ring-blue-500 focus:border-transparent"[39m
              [33mid[39m=[32m"property-search"[39m
              [33mplaceholder[39m=[32m"Kërkoni pasuri..."[39m
              [33mtype[39m=[32m"text"[39m
              [33mvalue[39m=[32m""[39m
            [36m/>[39m
          [36m</div>[39m
          [36m<div[39m
            [33mclass[39m=[32m"flex flex-col sm:flex-row items-start sm:items-center justify-between gap-4 mb-4"[39m
          [36m>[39m
            [36m<button[39m
              [33maria-controls[39m=[32m"advanced-filters"[39m
              [33maria-expanded[39m=[32m"false"[39m
              [33maria-label[39m=[32m"Show advanced filters"[39m
              [33mclass[39m=[32m"flex items-center text-gray-700 hover:text-blue-600 transition-colors focus:outline-none focus:ring-2 focus:ring-blue-500 focus:ring-offset-2 rounded-md px-2 py-1"[39m
            [36m>[39m
              [36m<svg[39m
                [33maria-hidden[39m=[32m"true"[39m
                [33mclass[39m=[32m"lucide lucide-funnel h-5 w-5 mr-2"[39m
                [33mfill[39m=[32m"none"[39m
                [33mheight[39m=[32m"24"[39m
                [33mstroke[39m=[32m"currentColor"[39m
                [33mstroke-linecap[39m=[32m"round"[39m
                [33mstroke-linejoin[39m=[32m"round"[39m
                [33mstroke-width[39m=[32m"2"[39m
                [33mviewBox[39m=[32m"0 0 24 24"[39m
                [33mwidth[39m=[32m"24"[39m
                [33mxmlns[39m=[32m"http://www.w3.org/2000/svg"[39m
              [36m>[39m
                [36m<path[39m
                  [33md[39m=[32m"M10 20a1 1 0 0 0 .553.895l2 1A1 1 0 0 0 14 21v-7a2 2 0 0 1 .517-1.341L21.74 4.67A1 1 0 0 0 21 3H3a1 1 0 0 0-.742 1.67l7.225 7.989A2 2 0 0 1 10 14z"[39m
                [36m/>[39m
              [36m</svg>[39m
              [36m<span[39m
                [33mclass[39m=[32m"font-medium"[39m
              [36m>[39m
                [0mFiltrat e Avancuara[0m
              [36m</span>[39m
              [36m<span[39m
                [33maria-hidden[39m=[32m"true"[39m
                [33mclass[39m=[32m"ml-2 text-sm text-gray-500"[39m
              [36m>[39m
                [0m▼[0m
              [36m</span>[39m
            [36m</button>[39m
            [36m<div[39m
              [33mclass[39m=[32m"flex items-center gap-4"[39m
            [36m>[39m
              [36m<div[39m
                [33mclass[39m=[32m"flex items-center gap-2"[39m
              [36m>[39m
                [36m<svg[39m
                  [33maria-hidden[39m=[32m"true"[39m
                  [33mclass[39m=[32m"lucide lucide-arrow-up-down h-4 w-4 text-gray-500"[39m
                  [33mfill[39m=[32m"none"[39m
                  [33mheight[39m=[32m"24"[39m
                  [33mstroke[39m=[32m"currentColor"[39m
                  [33mstroke-linecap[39m=[32m"round"[39m
                  [33mstroke-linejoin[39m=[32m"round"[39m
                  [33mstroke-width[39m=[32m"2"[39m
                  [33mviewBox[39m=[32m"0 0 24 24"[39m
                  [33mwidth[39m=[32m"24"[39m
                  [33mxmlns[39m=[32m"http://www.w3.org/2000/svg"[39m
                [36m>[39m
                  [36m<path[39m
                    [33md[39m=[32m"m21 16-4 4-4-4"[39m
                  [36m/>[39m
                  [36m<path[39m
                    [33md[39m=[32m"M17 20V4"[39m
                  [36m/>[39m
                  [36m<path[39m
                    [33md[39m=[32m"m3 8 4-4 4 4"[39m
                  [36m/>[39m
                  [36m<path[39m
                    [33md[39m=[32m"M7 4v16"[39m
                  [36m/>[39m
                [36m</svg>[39m
                [36m<select[39m
                  [33mclass[39m=[32m"px-3 py-1.5 text-sm border border-gray-300 rounded-md focus:outline-none focus:ring-2 focus:ring-blue-500"[39m
                  [33mid[39m=[32m"sort-by"[39m
                  [33mname[39m=[32m"sortBy"[39m
                [36m>[39m
                  [36m<option[39m
                    [33mvalue[39m=[32m""[39m
                  [36m>[39m
                    [0mRenditja[0m
                  [36m</option>[39m
                  [36m<option[39m
                    [33mvalue[39m=[32m"price"[39m
                  [36m>[39m
                    [0mÇmimi[0m
                  [36m</option>[39m
                  [36m<option[39m
                    [33mvalue[39m=[32m"date"[39m
                  [36m>[39m
                    [0mData e Shtimit[0m
                  [36m</option>[39m
                  [36m<option[39m
                    [33mvalue[39m=[32m"size"[39m
                  [36m>[39m
                    [0mMadhësia[0m
                  [36m</option>[39m
                  [36m<option[39m
                    [33mvalue[39m=[32m"location"[39m
                  [36m>[39m
                    [0mLokacioni[0m
                  [36m</option>[39m
                [36m</select>[39m
              [36m</div>[39m
            [36m</div>[39m
          [36m</div>[39m
        [36m</div>[39m
      [36m</div>[39m
    [36m</body>[39m

      156 |     
      157 |     // Add a search term
    > 158 |     const searchInput = screen.getByPlaceholderText(/Kërkoni sipas titullit/);
          |                                ^
      159 |     fireEvent.change(searchInput, { target: { value: 'Beautiful' } });
      160 |     
      161 |     // Clear filters

      at Object.getElementError (node_modules/@testing-library/dom/dist/config.js:37:19)
      at node_modules/@testing-library/dom/dist/query-helpers.js:76:38
      at node_modules/@testing-library/dom/dist/query-helpers.js:52:17
      at node_modules/@testing-library/dom/dist/query-helpers.js:95:19
      at Object.getByPlaceholderText (src/components/__tests__/SearchFilters.test.tsx:158:32)

FAIL src/components/__tests__/MobileNavigation.test.tsx
  ● Test suite failed to run

    Cannot find module 'framer-motion' from 'src/components/__tests__/MobileNavigation.test.tsx'

      15 |
      16 | // Mock framer-motion
    > 17 | jest.mock('framer-motion', () => ({
         |      ^
      18 |   motion: {
      19 |     div: ({ children, ...props }: any) => <div {...props}>{children}</div>,
      20 |     nav: ({ children, ...props }: any) => <nav {...props}>{children}</nav>,

      at Resolver._throwModNotFoundError (node_modules/jest-resolve/build/index.js:863:11)
      at Object.mock (src/components/__tests__/MobileNavigation.test.tsx:17:6)

FAIL src/__tests__/test-runner.js
  ● Test suite failed to run

    Your test suite must contain at least one test.

      at onResult (node_modules/@jest/core/build/index.js:1052:18)
      at node_modules/@jest/core/build/index.js:1122:165
      at node_modules/emittery/index.js:363:13
          at Array.map (<anonymous>)
      at Emittery.emit (node_modules/emittery/index.js:361:23)

FAIL src/__tests__/api/agents.test.ts
  ● Test suite failed to run

    ReferenceError: Request is not defined

      21 |   hashPassword: jest.fn(),
      22 | }));
    > 23 |
         | ^
      24 | jest.mock('@/lib/auth-middleware', () => ({
      25 |   withAdminAuth: (handler: any) => handler,
      26 | }));

      at Object.Request (node_modules/next/src/server/web/spec-extension/request.ts:14:34)
      at Object.<anonymous> (node_modules/next/server.js:2:16)
      at Object.<anonymous> (src/__tests__/api/agents.test.ts:23:17)

FAIL src/__tests__/accessibility/accessibility.test.tsx
  ● Test suite failed to run

    Cannot find module 'jest-axe' from 'src/__tests__/accessibility/accessibility.test.tsx'

      25 |   title: 'Test Property',
      26 |   description: 'A beautiful test property',
    > 27 |   price: 150000,
         |                 ^
      28 |   address: {
      29 |     street: 'Test Street 123',
      30 |     city: 'Test City',

      at Resolver._throwModNotFoundError (node_modules/jest-resolve/build/index.js:863:11)
      at Object.<anonymous> (src/__tests__/accessibility/accessibility.test.tsx:27:18)

FAIL src/__tests__/e2e/critical-user-flows.test.tsx
  ● Critical User Flows E2E Tests › Property Detail Flow › allows users to view property details from search results

    TestingLibraryElementError: Found multiple elements with the text: Luxury Downtown Condo

    Here are the matching elements:

    Ignored nodes: comments, script, style
    [36m<h3>[39m
      [0mLuxury Downtown Condo[0m
    [36m</h3>[39m

    Ignored nodes: comments, script, style
    [36m<h2>[39m
      [0mLuxury Downtown Condo[0m
    [36m</h2>[39m

    (If this is intentional, then use the `*AllBy*` variant of the query (like `queryAllByText`, `getAllByText`, or `findAllByText`)).

    Ignored nodes: comments, script, style
    [36m<body>[39m
      [36m<div>[39m
        [36m<div[39m
          [33mdata-testid[39m=[32m"app"[39m
        [36m>[39m
          [36m<nav[39m
            [33mdata-testid[39m=[32m"main-navigation"[39m
          [36m>[39m
            [36m<button>[39m
              [0mHome[0m
            [36m</button>[39m
            [36m<button>[39m
              [0mProperties[0m
            [36m</button>[39m
            [36m<button>[39m
              [0mMap[0m
            [36m</button>[39m
            [36m<button>[39m
              [0mContact[0m
            [36m</button>[39m
          [36m</nav>[39m
          [36m<div[39m
            [33mdata-testid[39m=[32m"properties-page"[39m
          [36m>[39m
            [36m<h1>[39m
              [0mProperties[0m
            [36m</h1>[39m
            [36m<div[39m
              [33mdata-testid[39m=[32m"search-filters"[39m
            [36m>[39m
              [36m<input[39m
                [33mdata-testid[39m=[32m"min-price-input"[39m
                [33mplaceholder[39m=[32m"Min Price"[39m
                [33mtype[39m=[32m"number"[39m
              [36m/>[39m
              [36m<input[39m
                [33mdata-testid[39m=[32m"max-price-input"[39m
                [33mplaceholder[39m=[32m"Max Price"[39m
                [33mtype[39m=[32m"number"[39m
              [36m/>[39m
              [36m<select[39m
                [33mdata-testid[39m=[32m"property-type-select"[39m
              [36m>[39m
                [36m<option[39m
                  [33mvalue[39m=[32m""[39m
                [36m>[39m
                  [0mAll Types[0m
                [36m</option>[39m
                [36m<option[39m
                  [33mvalue[39m=[32m"house"[39m
                [36m>[39m
                  [0mHouse[0m
                [36m</option>[39m
                [36m<option[39m
                  [33mvalue[39m=[32m"condo"[39m
                [36m>[39m
                  [0mCondo[0m
                [36m</option>[39m
              [36m</select>[39m
              [36m<button[39m
                [33mdata-testid[39m=[32m"clear-filters"[39m
              [36m>[39m
                [0mClear Filters[0m
              [36m</button>[39m
            [36m</div>[39m
            [36m<div[39m
              [33mdata-testid[39m=[32m"search-results"[39m
            [36m>[39m
              [36m<p[39m
                [33mdata-testid[39m=[32m"results-count"[39m
              [36m>[39m
                [0m2[0m
                [0m properties found[0m
              [36m</p>[39m
              [36m<div[39m
                [33mdata-testid[39m=[32m"property-grid"[39m
              [36m>[39m
                [36m<div[39m
                  [33mdata-testid[39m=[32m"property-card-1"[39m
                [36m>[39m
                  [36m<img[39m
                    [33malt[39m=[32m"Luxury Downtown Condo"[39m
                    [33msrc[39m=[32m"/images/property-1.jpg"[39m
                  [36m/>[39m
                  [36m<h3>[39m
                    [0mLuxury Downtown Condo[0m
                  [36m</h3>[39m
                  [36m<p>[39m
                    [0m$[0m
                    [0m750,000[0m
                  [36m</p>[39m
                  [36m<p>[39m
                    [0mDowntown, City[0m
                  [36m</p>[39m
                  [36m<p>[39m
                    [0m2[0m
                    [0m beds • [0m
                    [0m2[0m
                    [0m baths • [0m
                    [0m1200[0m
                    [0m sqft[0m
                  [36m</p>[39m
                  [36m<div[39m
                    [33mdata-testid[39m=[32m"property-actions"[39m
                  [36m>[39m
                    [36m<button[39m
                      [33maria-label[39m=[32m"Add to favorites"[39m
                      [33mdata-testid[39m=[32m"favorite-btn-1"[39m
                    [36m>[39m
                      [0m��[0m
                    [36m</button>[39m
                    [36m<button[39m
                      [33mdata-testid[39m=[32m"view-details-1"[39m
                    [36m>[39m
                      [0mView Details[0m
                    [36m</button>[39m
                  [36m</div>[39m
                [36m</div>[39m
                [36m<div[39m
                  [33mdata-testid[39m=[32m"property-card-2"[39m
                [36m>[39m
                  [36m<img[39m
                    [33malt[39m=[32m"Suburban Family Home"[39m
                    [33msrc[39m=[32m"/images/property-2.jpg"[39m
                  [36m/>[39m
                  [36m<h3>[39m
                    [0mSuburban Family Home[0m
                  [36m</h3>[39m
                  [36m<p>[39m
                    [0m$[0m
                    [0m450,000[0m
                  [36m</p>[39m
                  [36m<p>[39m
                    [0mSuburbs, City[0m
                  [36m</p>[39m
                  [36m<p>[39m
                    [0m4[0m
                    [0m beds • [0m
                    [0m3[0m
                    [0m baths • [0m
                    [0m2500[0m
                    [0m sqft[0m
                  [36m</p>[39m
                  [36m<div[39m
                    [33mdata-testid[39m=[32m"property-actions"[39m
                  [36m>[39m
                    [36m<button[39m
                      [33maria-label[39m=[32m"Add to favorites"[39m
                      [33mdata-testid[39m=[32m"favorite-btn-2"[39m
                    [36m>[39m
                      [0m��[0m
                    [36m</button>[39m
                    [36m<button[39m
                      [33mdata-testid[39m=[32m"view-details-2"[39m
                    [36m>[39m
                      [0mView Details[0m
                    [36m</button>[39m
                  [36m</div>[39m
                [36m</div>[39m
              [36m</div>[39m
            [36m</div>[39m
          [36m</div>[39m
          [36m<div[39m
            [33maria-modal[39m=[32m"true"[39m
            [33mdata-testid[39m=[32m"property-modal"[39m
            [33mrole[39m=[32m"dialog"[39m
          [36m>[39m
            [36m<div[39m
              [33mdata-testid[39m=[32m"modal-content"[39m
            [36m>[39m
              [36m<button[39m
                [33maria-label[39m=[32m"Close property details"[39m
                [33mdata-testid[39m=[32m"close-modal"[39m
              [36m>[39m
                [0m×[0m
              [36m</button>[39m
              [36m<h2>[39m
                [0mLuxury Downtown Condo[0m
              [36m</h2>[39m
              [36m<img[39m
                [33malt[39m=[32m"Luxury Downtown Condo"[39m
                [33msrc[39m=[32m"/images/property-1.jpg"[39m
              [36m/>[39m
              [36m<p>[39m
                [0m$[0m
                [0m750,000[0m
              [36m</p>[39m
              [36m<p>[39m
                [0mDowntown, City[0m
              [36m</p>[39m
              [36m<p>[39m
                [0mBeautiful downtown condo with city views[0m
              [36m</p>[39m
              [36m<div[39m
                [33mdata-testid[39m=[32m"property-features"[39m
              [36m>[39m
                [36m<h3>[39m
                  [0mFeatures[0m
                [36m</h3>[39m
                [36m<ul>[39m
                  [36m<li>[39m
                    [0mBalcony[0m
                  [36m</li>[39m
                  [36m<li>[39m
                    [0mGym[0m
                  [36m</li>[39m
                  [36m<li>[39m
                    [0mConcierge[0m
                  [36m</li>[39m
                [36m</ul>[39m
              [36m</div>[39m
              [36m<button[39m
                [33mdata-testid[39m=[32m"contact-agent"[39m
              [36m>[39m
                [0mContact Agent[0m
              [36m</button>[39m
            [36m</div>[39m
          [36m</div>[39m
        [36m</div>[39m
      [36m</div>[39m
    [36m</body>[39m

      391 |       // Modal should open
      392 |       expect(screen.getByTestId('property-modal')).toBeInTheDocument();
    > 393 |       expect(screen.getByText('Luxury Downtown Condo')).toBeInTheDocument();
          |                     ^
      394 |       expect(screen.getByText('Beautiful downtown condo with city views')).toBeInTheDocument();
      395 |
      396 |       // Check features are displayed

      at Object.getElementError (node_modules/@testing-library/dom/dist/config.js:37:19)
      at getElementError (node_modules/@testing-library/dom/dist/query-helpers.js:20:35)
      at getMultipleElementsFoundError (node_modules/@testing-library/dom/dist/query-helpers.js:23:10)
      at node_modules/@testing-library/dom/dist/query-helpers.js:55:13
      at node_modules/@testing-library/dom/dist/query-helpers.js:95:19
      at Object.getByText (src/__tests__/e2e/critical-user-flows.test.tsx:393:21)

  ● Critical User Flows E2E Tests › Map Interaction Flow › allows users to view properties on map

    TestingLibraryElementError: Found multiple elements with the text: Luxury Downtown Condo

    Here are the matching elements:

    Ignored nodes: comments, script, style
    [36m<button[39m
      [33mdata-testid[39m=[32m"map-marker-1"[39m
    [36m>[39m
      [0mLuxury Downtown Condo[0m
    [36m</button>[39m

    Ignored nodes: comments, script, style
    [36m<h2>[39m
      [0mLuxury Downtown Condo[0m
    [36m</h2>[39m

    (If this is intentional, then use the `*AllBy*` variant of the query (like `queryAllByText`, `getAllByText`, or `findAllByText`)).

    Ignored nodes: comments, script, style
    [36m<body>[39m
      [36m<div>[39m
        [36m<div[39m
          [33mdata-testid[39m=[32m"app"[39m
        [36m>[39m
          [36m<nav[39m
            [33mdata-testid[39m=[32m"main-navigation"[39m
          [36m>[39m
            [36m<button>[39m
              [0mHome[0m
            [36m</button>[39m
            [36m<button>[39m
              [0mProperties[0m
            [36m</button>[39m
            [36m<button>[39m
              [0mMap[0m
            [36m</button>[39m
            [36m<button>[39m
              [0mContact[0m
            [36m</button>[39m
          [36m</nav>[39m
          [36m<div[39m
            [33mdata-testid[39m=[32m"map-page"[39m
          [36m>[39m
            [36m<h1>[39m
              [0mProperty Map[0m
            [36m</h1>[39m
            [36m<div[39m
              [33mdata-testid[39m=[32m"map-container"[39m
            [36m>[39m
              [36m<div[39m
                [33mdata-testid[39m=[32m"map-view"[39m
              [36m>[39m
                [0mMap View[0m
              [36m</div>[39m
              [36m<div[39m
                [33mdata-testid[39m=[32m"map-markers"[39m
              [36m>[39m
                [36m<button[39m
                  [33mdata-testid[39m=[32m"map-marker-1"[39m
                [36m>[39m
                  [0mLuxury Downtown Condo[0m
                [36m</button>[39m
                [36m<button[39m
                  [33mdata-testid[39m=[32m"map-marker-2"[39m
                [36m>[39m
                  [0mSuburban Family Home[0m
                [36m</button>[39m
              [36m</div>[39m
            [36m</div>[39m
          [36m</div>[39m
          [36m<div[39m
            [33maria-modal[39m=[32m"true"[39m
            [33mdata-testid[39m=[32m"property-modal"[39m
            [33mrole[39m=[32m"dialog"[39m
          [36m>[39m
            [36m<div[39m
              [33mdata-testid[39m=[32m"modal-content"[39m
            [36m>[39m
              [36m<button[39m
                [33maria-label[39m=[32m"Close property details"[39m
                [33mdata-testid[39m=[32m"close-modal"[39m
              [36m>[39m
                [0m×[0m
              [36m</button>[39m
              [36m<h2>[39m
                [0mLuxury Downtown Condo[0m
              [36m</h2>[39m
              [36m<img[39m
                [33malt[39m=[32m"Luxury Downtown Condo"[39m
                [33msrc[39m=[32m"/images/property-1.jpg"[39m
              [36m/>[39m
              [36m<p>[39m
                [0m$[0m
                [0m750,000[0m
              [36m</p>[39m
              [36m<p>[39m
                [0mDowntown, City[0m
              [36m</p>[39m
              [36m<p>[39m
                [0mBeautiful downtown condo with city views[0m
              [36m</p>[39m
              [36m<div[39m
                [33mdata-testid[39m=[32m"property-features"[39m
              [36m>[39m
                [36m<h3>[39m
                  [0mFeatures[0m
                [36m</h3>[39m
                [36m<ul>[39m
                  [36m<li>[39m
                    [0mBalcony[0m
                  [36m</li>[39m
                  [36m<li>[39m
                    [0mGym[0m
                  [36m</li>[39m
                  [36m<li>[39m
                    [0mConcierge[0m
                  [36m</li>[39m
                [36m</ul>[39m
              [36m</div>[39m
              [36m<button[39m
                [33mdata-testid[39m=[32m"contact-agent"[39m
              [36m>[39m
                [0mContact Agent[0m
              [36m</button>[39m
            [36m</div>[39m
          [36m</div>[39m
        [36m</div>[39m
      [36m</div>[39m
    [36m</body>[39m

      437 |       // Property details should open
      438 |       expect(screen.getByTestId('property-modal')).toBeInTheDocument();
    > 439 |       expect(screen.getByText('Luxury Downtown Condo')).toBeInTheDocument();
          |                     ^
      440 |     });
      441 |   });
      442 |

      at Object.getElementError (node_modules/@testing-library/dom/dist/config.js:37:19)
      at getElementError (node_modules/@testing-library/dom/dist/query-helpers.js:20:35)
      at getMultipleElementsFoundError (node_modules/@testing-library/dom/dist/query-helpers.js:23:10)
      at node_modules/@testing-library/dom/dist/query-helpers.js:55:13
      at node_modules/@testing-library/dom/dist/query-helpers.js:95:19
      at Object.getByText (src/__tests__/e2e/critical-user-flows.test.tsx:439:21)

  ● Critical User Flows E2E Tests › Accessibility Flow › supports keyboard navigation

    expect(element).not.toBeInTheDocument()

    expected document not to contain element, found <div aria-modal="true" data-testid="property-modal" role="dialog"><div data-testid="modal-content"><button aria-label="Close property details" data-testid="close-modal">×</button><h2>Luxury Downtown Condo</h2><img alt="Luxury Downtown Condo" src="/images/property-1.jpg" /><p>$750,000</p><p>Downtown, City</p><p>Beautiful downtown condo with city views</p><div data-testid="property-features"><h3>Features</h3><ul><li>Balcony</li><li>Gym</li><li>Concierge</li></ul></div><button data-testid="contact-agent">Contact Agent</button></div></div> instead

      508 |       // Use Escape to close modal
      509 |       await user.keyboard('{Escape}');
    > 510 |       expect(screen.queryByTestId('property-modal')).not.toBeInTheDocument();
          |                                                          ^
      511 |     });
      512 |
      513 |     it('provides proper ARIA labels and roles', async () => {

      at Object.toBeInTheDocument (src/__tests__/e2e/critical-user-flows.test.tsx:510:58)

FAIL src/__tests__/components/SearchFilters.test.tsx
  ● SearchFilters › expands advanced filters when button is clicked

    TestingLibraryElementError: Found multiple elements with the text: Lokacioni

    Here are the matching elements:

    Ignored nodes: comments, script, style
    [36m<option[39m
      [33mvalue[39m=[32m"location"[39m
    [36m>[39m
      [0mLokacioni[0m
    [36m</option>[39m

    Ignored nodes: comments, script, style
    [36m<label[39m
      [33mclass[39m=[32m"block text-sm font-medium text-gray-900 mb-2"[39m
    [36m>[39m
      [36m<svg[39m
        [33maria-hidden[39m=[32m"true"[39m
        [33mclass[39m=[32m"lucide lucide-map-pin inline h-4 w-4 mr-1 text-blue-600"[39m
        [33mfill[39m=[32m"none"[39m
        [33mheight[39m=[32m"24"[39m
        [33mstroke[39m=[32m"currentColor"[39m
        [33mstroke-linecap[39m=[32m"round"[39m
        [33mstroke-linejoin[39m=[32m"round"[39m
        [33mstroke-width[39m=[32m"2"[39m
        [33mviewBox[39m=[32m"0 0 24 24"[39m
        [33mwidth[39m=[32m"24"[39m
        [33mxmlns[39m=[32m"http://www.w3.org/2000/svg"[39m
      [36m>[39m
        [36m<path[39m
          [33md[39m=[32m"M20 10c0 4.993-5.539 10.193-7.399 11.799a1 1 0 0 1-1.202 0C9.539 20.193 4 14.993 4 10a8 8 0 0 1 16 0"[39m
        [36m/>[39m
        [36m<circle[39m
          [33mcx[39m=[32m"12"[39m
          [33mcy[39m=[32m"10"[39m
          [33mr[39m=[32m"3"[39m
        [36m/>[39m
      [36m</svg>[39m
      [0mLokacioni[0m
    [36m</label>[39m

    (If this is intentional, then use the `*AllBy*` variant of the query (like `queryAllByText`, `getAllByText`, or `findAllByText`)).

    Ignored nodes: comments, script, style
    [36m<body>[39m
      [36m<div>[39m
        [36m<div[39m
          [33mclass[39m=[32m"bg-white/95 backdrop-blur-xl rounded-2xl shadow-xl hover:shadow-2xl border border-white/20 p-5 sm:p-6 md:p-8 mb-4 sm:mb-6 md:mb-8 transition-shadow duration-500"[39m
        [36m>[39m
          [36m<div[39m
            [33mclass[39m=[32m"relative mb-4"[39m
          [36m>[39m
            [36m<label[39m
              [33mclass[39m=[32m"sr-only"[39m
              [33mfor[39m=[32m"property-search"[39m
            [36m>[39m
              [0mSearch properties[0m
            [36m</label>[39m
            [36m<svg[39m
              [33maria-hidden[39m=[32m"true"[39m
              [33mclass[39m=[32m"lucide lucide-search absolute left-3 top-1/2 transform -translate-y-1/2 text-gray-400 h-4 w-4 sm:h-5 sm:w-5"[39m
              [33mfill[39m=[32m"none"[39m
              [33mheight[39m=[32m"24"[39m
              [33mstroke[39m=[32m"currentColor"[39m
              [33mstroke-linecap[39m=[32m"round"[39m
              [33mstroke-linejoin[39m=[32m"round"[39m
              [33mstroke-width[39m=[32m"2"[39m
              [33mviewBox[39m=[32m"0 0 24 24"[39m
              [33mwidth[39m=[32m"24"[39m
              [33mxmlns[39m=[32m"http://www.w3.org/2000/svg"[39m
            [36m>[39m
              [36m<path[39m
                [33md[39m=[32m"m21 21-4.34-4.34"[39m
              [36m/>[39m
              [36m<circle[39m
                [33mcx[39m=[32m"11"[39m
                [33mcy[39m=[32m"11"[39m
                [33mr[39m=[32m"8"[39m
              [36m/>[39m
            [36m</svg>[39m
            [36m<input[39m
              [33maria-label[39m=[32m"Search properties by title, description, or location"[39m
              [33mclass[39m=[32m"w-full pl-9 sm:pl-10 pr-4 py-2.5 sm:py-3 text-sm sm:text-base border border-gray-300 rounded-lg focus:outline-none focus:ring-2 focus:ring-blue-500 focus:border-transparent"[39m
              [33mid[39m=[32m"property-search"[39m
              [33mplaceholder[39m=[32m"Kërkoni pasuri..."[39m
              [33mtype[39m=[32m"text"[39m
              [33mvalue[39m=[32m""[39m
            [36m/>[39m
          [36m</div>[39m
          [36m<div[39m
            [33mclass[39m=[32m"flex flex-col sm:flex-row items-start sm:items-center justify-between gap-4 mb-4"[39m
          [36m>[39m
            [36m<button[39m
              [33maria-controls[39m=[32m"advanced-filters"[39m
              [33maria-expanded[39m=[32m"true"[39m
              [33maria-label[39m=[32m"Hide advanced filters"[39m
              [33mclass[39m=[32m"flex items-center text-gray-700 hover:text-blue-600 transition-colors focus:outline-none focus:ring-2 focus:ring-blue-500 focus:ring-offset-2 rounded-md px-2 py-1"[39m
            [36m>[39m
              [36m<svg[39m
                [33maria-hidden[39m=[32m"true"[39m
                [33mclass[39m=[32m"lucide lucide-funnel h-5 w-5 mr-2"[39m
                [33mfill[39m=[32m"none"[39m
                [33mheight[39m=[32m"24"[39m
                [33mstroke[39m=[32m"currentColor"[39m
                [33mstroke-linecap[39m=[32m"round"[39m
                [33mstroke-linejoin[39m=[32m"round"[39m
                [33mstroke-width[39m=[32m"2"[39m
                [33mviewBox[39m=[32m"0 0 24 24"[39m
                [33mwidth[39m=[32m"24"[39m
                [33mxmlns[39m=[32m"http://www.w3.org/2000/svg"[39m
              [36m>[39m
                [36m<path[39m
                  [33md[39m=[32m"M10 20a1 1 0 0 0 .553.895l2 1A1 1 0 0 0 14 21v-7a2 2 0 0 1 .517-1.341L21.74 4.67A1 1 0 0 0 21 3H3a1 1 0 0 0-.742 1.67l7.225 7.989A2 2 0 0 1 10 14z"[39m
                [36m/>[39m
              [36m</svg>[39m
              [36m<span[39m
                [33mclass[39m=[32m"font-medium"[39m
              [36m>[39m
                [0mFiltrat e Avancuara[0m
              [36m</span>[39m
              [36m<span[39m
                [33maria-hidden[39m=[32m"true"[39m
                [33mclass[39m=[32m"ml-2 text-sm text-gray-500"[39m
              [36m>[39m
                [0m▲[0m
              [36m</span>[39m
            [36m</button>[39m
            [36m<div[39m
              [33mclass[39m=[32m"flex items-center gap-4"[39m
            [36m>[39m
              [36m<div[39m
                [33mclass[39m=[32m"flex items-center gap-2"[39m
              [36m>[39m
                [36m<svg[39m
                  [33maria-hidden[39m=[32m"true"[39m
                  [33mclass[39m=[32m"lucide lucide-arrow-up-down h-4 w-4 text-gray-500"[39m
                  [33mfill[39m=[32m"none"[39m
                  [33mheight[39m=[32m"24"[39m
                  [33mstroke[39m=[32m"currentColor"[39m
                  [33mstroke-linecap[39m=[32m"round"[39m
                  [33mstroke-linejoin[39m=[32m"round"[39m
                  [33mstroke-width[39m=[32m"2"[39m
                  [33mviewBox[39m=[32m"0 0 24 24"[39m
                  [33mwidth[39m=[32m"24"[39m
                  [33mxmlns[39m=[32m"http://www.w3.org/2000/svg"[39m
                [36m>[39m
                  [36m<path[39m
                    [33md[39m=[32m"m21 16-4 4-4-4"[39m
                  [36m/>[39m
                  [36m<path[39m
                    [33md[39m=[32m"M17 20V4"[39m
                  [36m/>[39m
                  [36m<path[39m
                    [33md[39m=[32m"m3 8 4-4 4 4"[39m
                  [36m/>[39m
                  [36m<path[39m
                    [33md[39m=[32m"M7 4v16"[39m
                  [36m/>[39m
                [36m</svg>[39m
                [36m<select[39m
                  [33mclass[39m=[32m"px-3 py-1.5 text-sm border border-gray-300 rounded-md focus:outline-none focus:ring-2 focus:ring-blue-500"[39m
                  [33mid[39m=[32m"sort-by"[39m
                  [33mname[39m=[32m"sortBy"[39m
                [36m>[39m
                  [36m<option[39m
                    [33mvalue[39m=[32m""[39m
                  [36m>[39m
                    [0mRenditja[0m
                  [36m</option>[39m
                  [36m<option[39m
                    [33mvalue[39m=[32m"price"[39m
                  [36m>[39m
                    [0mÇmimi[0m
                  [36m</option>[39m
                  [36m<option[39m
                    [33mvalue[39m=[32m"date"[39m
                  [36m>[39m
                    [0mData e Shtimit[0m
                  [36m</option>[39m
                  [36m<option[39m
                    [33mvalue[39m=[32m"size"[39m
                  [36m>[39m
                    [0mMadhësia[0m
                  [36m</option>[39m
                  [36m<option[39m
                    [33mvalue[39m=[32m"location"[39m
                  [36m>[39m
                    [0mLokacioni[0m
                  [36m</option>[39m
                [36m</select>[39m
              [36m</div>[39m
            [36m</div>[39m
          [36m</div>[39m
          [36m<div[39m
            [33maria-label[39m=[32m"Advanced search filters"[39m
            [33mclass[39m=[32m"grid grid-cols-1 sm:grid-cols-2 lg:grid-cols-3 xl:grid-cols-4 gap-4 sm:gap-6 pt-4 border-t border-gray-200"[39m
            [33mid[39m=[32m"advanced-filters"[39m
            [33mrole[39m=[32m"region"[39m
          [36m>[39m
            [36m<div>[3...

      123 |     
      124 |     expect(screen.getByText('Çmimi (€)')).toBeInTheDocument();
    > 125 |     expect(screen.getByText('Lokacioni')).toBeInTheDocument();
          |                   ^
      126 |   });
      127 |
      128 |   it('filters by price range', async () => {

      at Object.getElementError (node_modules/@testing-library/dom/dist/config.js:37:19)
      at getElementError (node_modules/@testing-library/dom/dist/query-helpers.js:20:35)
      at getMultipleElementsFoundError (node_modules/@testing-library/dom/dist/query-helpers.js:23:10)
      at node_modules/@testing-library/dom/dist/query-helpers.js:55:13
      at node_modules/@testing-library/dom/dist/query-helpers.js:95:19
      at Object.getByText (src/__tests__/components/SearchFilters.test.tsx:125:19)

FAIL src/__tests__/integration/property-search-flow.test.tsx
  ● Property Search Flow Integration › renders the complete search interface

    TestingLibraryElementError: Found multiple elements by: [data-testid="map-view"]

    Here are the matching elements:

    Ignored nodes: comments, script, style
    [36m<button[39m
      [33mdata-testid[39m=[32m"map-view"[39m
    [36m>[39m
      [0mMap View[0m
    [36m</button>[39m

    Ignored nodes: comments, script, style
    [36m<div[39m
      [33mdata-testid[39m=[32m"map-view"[39m
    [36m>[39m
      [36m<div[39m
        [33mdata-testid[39m=[32m"map-container"[39m
      [36m>[39m
        [0mMap Container[0m
      [36m</div>[39m
      [36m<button[39m
        [33mdata-testid[39m=[32m"map-marker-1"[39m
      [36m>[39m
        [0mLuxury Villa[0m
      [36m</button>[39m
      [36m<button[39m
        [33mdata-testid[39m=[32m"map-marker-2"[39m
      [36m>[39m
        [0mModern Condo[0m
      [36m</button>[39m
    [36m</div>[39m

    (If this is intentional, then use the `*AllBy*` variant of the query (like `queryAllByText`, `getAllByText`, or `findAllByText`)).

    Ignored nodes: comments, script, style
    [36m<body>[39m
      [36m<div>[39m
        [36m<div[39m
          [33mdata-testid[39m=[32m"property-search-page"[39m
        [36m>[39m
          [36m<h1>[39m
            [0mProperty Search[0m
          [36m</h1>[39m
          [36m<div[39m
            [33mclass[39m=[32m"grid grid-cols-1 lg:grid-cols-4 gap-6"[39m
            [33mdata-testid[39m=[32m"search-layout"[39m
          [36m>[39m
            [36m<div[39m
              [33mdata-testid[39m=[32m"filters-sidebar"[39m
            [36m>[39m
              [36m<div[39m
                [33mdata-testid[39m=[32m"search-filters"[39m
              [36m>[39m
                [36m<input[39m
                  [33mdata-testid[39m=[32m"price-min"[39m
                  [33mplaceholder[39m=[32m"Min Price"[39m
                [36m/>[39m
                [36m<input[39m
                  [33mdata-testid[39m=[32m"price-max"[39m
                  [33mplaceholder[39m=[32m"Max Price"[39m
                [36m/>[39m
                [36m<select[39m
                  [33mdata-testid[39m=[32m"property-type"[39m
                [36m>[39m
                  [36m<option[39m
                    [33mvalue[39m=[32m""[39m
                  [36m>[39m
                    [0mAll Types[0m
                  [36m</option>[39m
                  [36m<option[39m
                    [33mvalue[39m=[32m"house"[39m
                  [36m>[39m
                    [0mHouse[0m
                  [36m</option>[39m
                  [36m<option[39m
                    [33mvalue[39m=[32m"condo"[39m
                  [36m>[39m
                    [0mCondo[0m
                  [36m</option>[39m
                [36m</select>[39m
                [36m<button[39m
                  [33mdata-testid[39m=[32m"apply-filters"[39m
                [36m>[39m
                  [0mApply Filters[0m
                [36m</button>[39m
              [36m</div>[39m
            [36m</div>[39m
            [36m<div[39m
              [33mclass[39m=[32m"lg:col-span-3"[39m
              [33mdata-testid[39m=[32m"main-content"[39m
            [36m>[39m
              [36m<div[39m
                [33mdata-testid[39m=[32m"results-header"[39m
              [36m>[39m
                [36m<p>[39m
                  [0m2[0m
                  [0m properties found[0m
                [36m</p>[39m
              [36m</div>[39m
              [36m<div[39m
                [33mdata-testid[39m=[32m"view-toggle"[39m
              [36m>[39m
                [36m<button[39m
                  [33mdata-testid[39m=[32m"grid-view"[39m
                [36m>[39m
                  [0mGrid View[0m
                [36m</button>[39m
                [36m<button[39m
                  [33mdata-testid[39m=[32m"map-view"[39m
                [36m>[39m
                  [0mMap View[0m
                [36m</button>[39m
              [36m</div>[39m
              [36m<div[39m
                [33mdata-testid[39m=[32m"property-grid"[39m
              [36m>[39m
                [36m<div[39m
                  [33mdata-testid[39m=[32m"property-1"[39m
                [36m>[39m
                  [36m<h3>[39m
                    [0mLuxury Villa[0m
                  [36m</h3>[39m
                  [36m<p>[39m
                    [0m$[0m
                    [0m1,200,000[0m
                  [36m</p>[39m
                  [36m<p>[39m
                    [0mBeverly Hills, CA[0m
                  [36m</p>[39m
                  [36m<button[39m
                    [33mdata-testid[39m=[32m"view-property-1"[39m
                  [36m>[39m
                    [0mView Details[0m
                  [36m</button>[39m
                [36m</div>[39m
                [36m<div[39m
                  [33mdata-testid[39m=[32m"property-2"[39m
                [36m>[39m
                  [36m<h3>[39m
                    [0mModern Condo[0m
                  [36m</h3>[39m
                  [36m<p>[39m
                    [0m$[0m
                    [0m800,000[0m
                  [36m</p>[39m
                  [36m<p>[39m
                    [0mManhattan, NY[0m
                  [36m</p>[39m
                  [36m<button[39m
                    [33mdata-testid[39m=[32m"view-property-2"[39m
                  [36m>[39m
                    [0mView Details[0m
                  [36m</button>[39m
                [36m</div>[39m
              [36m</div>[39m
              [36m<div[39m
                [33mdata-testid[39m=[32m"map-view"[39m
              [36m>[39m
                [36m<div[39m
                  [33mdata-testid[39m=[32m"map-container"[39m
                [36m>[39m
                  [0mMap Container[0m
                [36m</div>[39m
                [36m<button[39m
                  [33mdata-testid[39m=[32m"map-marker-1"[39m
                [36m>[39m
                  [0mLuxury Villa[0m
                [36m</button>[39m
                [36m<button[39m
                  [33mdata-testid[39m=[32m"map-marker-2"[39m
                [36m>[39m
                  [0mModern Condo[0m
                [36m</button>[39m
              [36m</div>[39m
            [36m</div>[39m
          [36m</div>[39m
        [36m</div>[39m
      [36m</div>[39m
    [36m</body>[39m

      209 |     expect(screen.getByTestId('search-filters')).toBeInTheDocument();
      210 |     expect(screen.getByTestId('property-grid')).toBeInTheDocument();
    > 211 |     expect(screen.getByTestId('map-view')).toBeInTheDocument();
          |                   ^
      212 |   });
      213 |
      214 |   it('displays initial property count', () => {

      at Object.getElementError (node_modules/@testing-library/dom/dist/config.js:37:19)
      at getElementError (node_modules/@testing-library/dom/dist/query-helpers.js:20:35)
      at getMultipleElementsFoundError (node_modules/@testing-library/dom/dist/query-helpers.js:23:10)
      at node_modules/@testing-library/dom/dist/query-helpers.js:55:13
      at node_modules/@testing-library/dom/dist/query-helpers.js:95:19
      at Object.getByTestId (src/__tests__/integration/property-search-flow.test.tsx:211:19)

  ● Property Search Flow Integration › filters properties by price range

    TestingLibraryElementError: Found multiple elements with the text: Luxury Villa

    Here are the matching elements:

    Ignored nodes: comments, script, style
    [36m<h3>[39m
      [0mLuxury Villa[0m
    [36m</h3>[39m

    Ignored nodes: comments, script, style
    [36m<button[39m
      [33mdata-testid[39m=[32m"map-marker-1"[39m
    [36m>[39m
      [0mLuxury Villa[0m
    [36m</button>[39m

    (If this is intentional, then use the `*AllBy*` variant of the query (like `queryAllByText`, `getAllByText`, or `findAllByText`)).

    Ignored nodes: comments, script, style
    [36m<body>[39m
      [36m<div>[39m
        [36m<div[39m
          [33mdata-testid[39m=[32m"property-search-page"[39m
        [36m>[39m
          [36m<h1>[39m
            [0mProperty Search[0m
          [36m</h1>[39m
          [36m<div[39m
            [33mclass[39m=[32m"grid grid-cols-1 lg:grid-cols-4 gap-6"[39m
            [33mdata-testid[39m=[32m"search-layout"[39m
          [36m>[39m
            [36m<div[39m
              [33mdata-testid[39m=[32m"filters-sidebar"[39m
            [36m>[39m
              [36m<div[39m
                [33mdata-testid[39m=[32m"search-filters"[39m
              [36m>[39m
                [36m<input[39m
                  [33mdata-testid[39m=[32m"price-min"[39m
                  [33mplaceholder[39m=[32m"Min Price"[39m
                [36m/>[39m
                [36m<input[39m
                  [33mdata-testid[39m=[32m"price-max"[39m
                  [33mplaceholder[39m=[32m"Max Price"[39m
                [36m/>[39m
                [36m<select[39m
                  [33mdata-testid[39m=[32m"property-type"[39m
                [36m>[39m
                  [36m<option[39m
                    [33mvalue[39m=[32m""[39m
                  [36m>[39m
                    [0mAll Types[0m
                  [36m</option>[39m
                  [36m<option[39m
                    [33mvalue[39m=[32m"house"[39m
                  [36m>[39m
                    [0mHouse[0m
                  [36m</option>[39m
                  [36m<option[39m
                    [33mvalue[39m=[32m"condo"[39m
                  [36m>[39m
                    [0mCondo[0m
                  [36m</option>[39m
                [36m</select>[39m
                [36m<button[39m
                  [33mdata-testid[39m=[32m"apply-filters"[39m
                [36m>[39m
                  [0mApply Filters[0m
                [36m</button>[39m
              [36m</div>[39m
            [36m</div>[39m
            [36m<div[39m
              [33mclass[39m=[32m"lg:col-span-3"[39m
              [33mdata-testid[39m=[32m"main-content"[39m
            [36m>[39m
              [36m<div[39m
                [33mdata-testid[39m=[32m"results-header"[39m
              [36m>[39m
                [36m<p>[39m
                  [0m2[0m
                  [0m properties found[0m
                [36m</p>[39m
              [36m</div>[39m
              [36m<div[39m
                [33mdata-testid[39m=[32m"view-toggle"[39m
              [36m>[39m
                [36m<button[39m
                  [33mdata-testid[39m=[32m"grid-view"[39m
                [36m>[39m
                  [0mGrid View[0m
                [36m</button>[39m
                [36m<button[39m
                  [33mdata-testid[39m=[32m"map-view"[39m
                [36m>[39m
                  [0mMap View[0m
                [36m</button>[39m
              [36m</div>[39m
              [36m<div[39m
                [33mdata-testid[39m=[32m"property-grid"[39m
              [36m>[39m
                [36m<div[39m
                  [33mdata-testid[39m=[32m"property-1"[39m
                [36m>[39m
                  [36m<h3>[39m
                    [0mLuxury Villa[0m
                  [36m</h3>[39m
                  [36m<p>[39m
                    [0m$[0m
                    [0m1,200,000[0m
                  [36m</p>[39m
                  [36m<p>[39m
                    [0mBeverly Hills, CA[0m
                  [36m</p>[39m
                  [36m<button[39m
                    [33mdata-testid[39m=[32m"view-property-1"[39m
                  [36m>[39m
                    [0mView Details[0m
                  [36m</button>[39m
                [36m</div>[39m
                [36m<div[39m
                  [33mdata-testid[39m=[32m"property-2"[39m
                [36m>[39m
                  [36m<h3>[39m
                    [0mModern Condo[0m
                  [36m</h3>[39m
                  [36m<p>[39m
                    [0m$[0m
                    [0m800,000[0m
                  [36m</p>[39m
                  [36m<p>[39m
                    [0mManhattan, NY[0m
                  [36m</p>[39m
                  [36m<button[39m
                    [33mdata-testid[39m=[32m"view-property-2"[39m
                  [36m>[39m
                    [0mView Details[0m
                  [36m</button>[39m
                [36m</div>[39m
              [36m</div>[39m
              [36m<div[39m
                [33mdata-testid[39m=[32m"map-view"[39m
              [36m>[39m
                [36m<div[39m
                  [33mdata-testid[39m=[32m"map-container"[39m
                [36m>[39m
                  [0mMap Container[0m
                [36m</div>[39m
                [36m<button[39m
                  [33mdata-testid[39m=[32m"map-marker-1"[39m
                [36m>[39m
                  [0mLuxury Villa[0m
                [36m</button>[39m
                [36m<button[39m
                  [33mdata-testid[39m=[32m"map-marker-2"[39m
                [36m>[39m
                  [0mModern Condo[0m
                [36m</button>[39m
              [36m</div>[39m
            [36m</div>[39m
          [36m</div>[39m
        [36m</div>[39m
      [36m</div>[39m
    [36m</body>[39m

      231 |     });
      232 |     
    > 233 |     expect(screen.getByText('Luxury Villa')).toBeInTheDocument();
          |                   ^
      234 |     expect(screen.queryByText('Modern Condo')).not.toBeInTheDocument();
      235 |   });
      236 |

      at Object.getElementError (node_modules/@testing-library/dom/dist/config.js:37:19)
      at getElementError (node_modules/@testing-library/dom/dist/query-helpers.js:20:35)
      at getMultipleElementsFoundError (node_modules/@testing-library/dom/dist/query-helpers.js:23:10)
      at node_modules/@testing-library/dom/dist/query-helpers.js:55:13
      at node_modules/@testing-library/dom/dist/query-helpers.js:95:19
      at Object.getByText (src/__tests__/integration/property-search-flow.test.tsx:233:19)

  ● Property Search Flow Integration › filters properties by type

    TestingLibraryElementError: Found multiple elements with the text: Modern Condo

    Here are the matching elements:

    Ignored nodes: comments, script, style
    [36m<h3>[39m
      [0mModern Condo[0m
    [36m</h3>[39m

    Ignored nodes: comments, script, style
    [36m<button[39m
      [33mdata-testid[39m=[32m"map-marker-2"[39m
    [36m>[39m
      [0mModern Condo[0m
    [36m</button>[39m

    (If this is intentional, then use the `*AllBy*` variant of the query (like `queryAllByText`, `getAllByText`, or `findAllByText`)).

    Ignored nodes: comments, script, style
    [36m<body>[39m
      [36m<div>[39m
        [36m<div[39m
          [33mdata-testid[39m=[32m"property-search-page"[39m
        [36m>[39m
          [36m<h1>[39m
            [0mProperty Search[0m
          [36m</h1>[39m
          [36m<div[39m
            [33mclass[39m=[32m"grid grid-cols-1 lg:grid-cols-4 gap-6"[39m
            [33mdata-testid[39m=[32m"search-layout"[39m
          [36m>[39m
            [36m<div[39m
              [33mdata-testid[39m=[32m"filters-sidebar"[39m
            [36m>[39m
              [36m<div[39m
                [33mdata-testid[39m=[32m"search-filters"[39m
              [36m>[39m
                [36m<input[39m
                  [33mdata-testid[39m=[32m"price-min"[39m
                  [33mplaceholder[39m=[32m"Min Price"[39m
                [36m/>[39m
                [36m<input[39m
                  [33mdata-testid[39m=[32m"price-max"[39m
                  [33mplaceholder[39m=[32m"Max Price"[39m
                [36m/>[39m
                [36m<select[39m
                  [33mdata-testid[39m=[32m"property-type"[39m
                [36m>[39m
                  [36m<option[39m
                    [33mvalue[39m=[32m""[39m
                  [36m>[39m
                    [0mAll Types[0m
                  [36m</option>[39m
                  [36m<option[39m
                    [33mvalue[39m=[32m"house"[39m
                  [36m>[39m
                    [0mHouse[0m
                  [36m</option>[39m
                  [36m<option[39m
                    [33mvalue[39m=[32m"condo"[39m
                  [36m>[39m
                    [0mCondo[0m
                  [36m</option>[39m
                [36m</select>[39m
                [36m<button[39m
                  [33mdata-testid[39m=[32m"apply-filters"[39m
                [36m>[39m
                  [0mApply Filters[0m
                [36m</button>[39m
              [36m</div>[39m
            [36m</div>[39m
            [36m<div[39m
              [33mclass[39m=[32m"lg:col-span-3"[39m
              [33mdata-testid[39m=[32m"main-content"[39m
            [36m>[39m
              [36m<div[39m
                [33mdata-testid[39m=[32m"results-header"[39m
              [36m>[39m
                [36m<p>[39m
                  [0m1[0m
                  [0m properties found[0m
                [36m</p>[39m
              [36m</div>[39m
              [36m<div[39m
                [33mdata-testid[39m=[32m"view-toggle"[39m
              [36m>[39m
                [36m<button[39m
                  [33mdata-testid[39m=[32m"grid-view"[39m
                [36m>[39m
                  [0mGrid View[0m
                [36m</button>[39m
                [36m<button[39m
                  [33mdata-testid[39m=[32m"map-view"[39m
                [36m>[39m
                  [0mMap View[0m
                [36m</button>[39m
              [36m</div>[39m
              [36m<div[39m
                [33mdata-testid[39m=[32m"property-grid"[39m
              [36m>[39m
                [36m<div[39m
                  [33mdata-testid[39m=[32m"property-2"[39m
                [36m>[39m
                  [36m<h3>[39m
                    [0mModern Condo[0m
                  [36m</h3>[39m
                  [36m<p>[39m
                    [0m$[0m
                    [0m800,000[0m
                  [36m</p>[39m
                  [36m<p>[39m
                    [0mManhattan, NY[0m
                  [36m</p>[39m
                  [36m<button[39m
                    [33mdata-testid[39m=[32m"view-property-2"[39m
                  [36m>[39m
                    [0mView Details[0m
                  [36m</button>[39m
                [36m</div>[39m
              [36m</div>[39m
              [36m<div[39m
                [33mdata-testid[39m=[32m"map-view"[39m
              [36m>[39m
                [36m<div[39m
                  [33mdata-testid[39m=[32m"map-container"[39m
                [36m>[39m
                  [0mMap Container[0m
                [36m</div>[39m
                [36m<button[39m
                  [33mdata-testid[39m=[32m"map-marker-2"[39m
                [36m>[39m
                  [0mModern Condo[0m
                [36m</button>[39m
              [36m</div>[39m
            [36m</div>[39m
          [36m</div>[39m
        [36m</div>[39m
      [36m</div>[39m
    [36m</body>[39m

      245 |     });
      246 |     
    > 247 |     expect(screen.getByText('Modern Condo')).toBeInTheDocument();
          |                   ^
      248 |     expect(screen.queryByText('Luxury Villa')).not.toBeInTheDocument();
      249 |   });
      250 |

      at Object.getElementError (node_modules/@testing-library/dom/dist/config.js:37:19)
      at getElementError (node_modules/@testing-library/dom/dist/query-helpers.js:20:35)
      at getMultipleElementsFoundError (node_modules/@testing-library/dom/dist/query-helpers.js:23:10)
      at node_modules/@testing-library/dom/dist/query-helpers.js:55:13
      at node_modules/@testing-library/dom/dist/query-helpers.js:95:19
      at Object.getByText (src/__tests__/integration/property-search-flow.test.tsx:247:19)

  ● Property Search Flow Integration › handles view toggle between grid and map

    TestingLibraryElementError: Found multiple elements by: [data-testid="map-view"]

    Here are the matching elements:

    Ignored nodes: comments, script, style
    [36m<button[39m
      [33mdata-testid[39m=[32m"map-view"[39m
    [36m>[39m
      [0mMap View[0m
    [36m</button>[39m

    Ignored nodes: comments, script, style
    [36m<div[39m
      [33mdata-testid[39m=[32m"map-view"[39m
    [36m>[39m
      [36m<div[39m
        [33mdata-testid[39m=[32m"map-container"[39m
      [36m>[39m
        [0mMap Container[0m
      [36m</div>[39m
      [36m<button[39m
        [33mdata-testid[39m=[32m"map-marker-1"[39m
      [36m>[39m
        [0mLuxury Villa[0m
      [36m</button>[39m
      [36m<button[39m
        [33mdata-testid[39m=[32m"map-marker-2"[39m
      [36m>[39m
        [0mModern Condo[0m
      [36m</button>[39m
    [36m</div>[39m

    (If this is intentional, then use the `*AllBy*` variant of the query (like `queryAllByText`, `getAllByText`, or `findAllByText`)).

    Ignored nodes: comments, script, style
    [36m<body>[39m
      [36m<div>[39m
        [36m<div[39m
          [33mdata-testid[39m=[32m"property-search-page"[39m
        [36m>[39m
          [36m<h1>[39m
            [0mProperty Search[0m
          [36m</h1>[39m
          [36m<div[39m
            [33mclass[39m=[32m"grid grid-cols-1 lg:grid-cols-4 gap-6"[39m
            [33mdata-testid[39m=[32m"search-layout"[39m
          [36m>[39m
            [36m<div[39m
              [33mdata-testid[39m=[32m"filters-sidebar"[39m
            [36m>[39m
              [36m<div[39m
                [33mdata-testid[39m=[32m"search-filters"[39m
              [36m>[39m
                [36m<input[39m
                  [33mdata-testid[39m=[32m"price-min"[39m
                  [33mplaceholder[39m=[32m"Min Price"[39m
                [36m/>[39m
                [36m<input[39m
                  [33mdata-testid[39m=[32m"price-max"[39m
                  [33mplaceholder[39m=[32m"Max Price"[39m
                [36m/>[39m
                [36m<select[39m
                  [33mdata-testid[39m=[32m"property-type"[39m
                [36m>[39m
                  [36m<option[39m
                    [33mvalue[39m=[32m""[39m
                  [36m>[39m
                    [0mAll Types[0m
                  [36m</option>[39m
                  [36m<option[39m
                    [33mvalue[39m=[32m"house"[39m
                  [36m>[39m
                    [0mHouse[0m
                  [36m</option>[39m
                  [36m<option[39m
                    [33mvalue[39m=[32m"condo"[39m
                  [36m>[39m
                    [0mCondo[0m
                  [36m</option>[39m
                [36m</select>[39m
                [36m<button[39m
                  [33mdata-testid[39m=[32m"apply-filters"[39m
                [36m>[39m
                  [0mApply Filters[0m
                [36m</button>[39m
              [36m</div>[39m
            [36m</div>[39m
            [36m<div[39m
              [33mclass[39m=[32m"lg:col-span-3"[39m
              [33mdata-testid[39m=[32m"main-content"[39m
            [36m>[39m
              [36m<div[39m
                [33mdata-testid[39m=[32m"results-header"[39m
              [36m>[39m
                [36m<p>[39m
                  [0m2[0m
                  [0m properties found[0m
                [36m</p>[39m
              [36m</div>[39m
              [36m<div[39m
                [33mdata-testid[39m=[32m"view-toggle"[39m
              [36m>[39m
                [36m<button[39m
                  [33mdata-testid[39m=[32m"grid-view"[39m
                [36m>[39m
                  [0mGrid View[0m
                [36m</button>[39m
                [36m<button[39m
                  [33mdata-testid[39m=[32m"map-view"[39m
                [36m>[39m
                  [0mMap View[0m
                [36m</button>[39m
              [36m</div>[39m
              [36m<div[39m
                [33mdata-testid[39m=[32m"property-grid"[39m
              [36m>[39m
                [36m<div[39m
                  [33mdata-testid[39m=[32m"property-1"[39m
                [36m>[39m
                  [36m<h3>[39m
                    [0mLuxury Villa[0m
                  [36m</h3>[39m
                  [36m<p>[39m
                    [0m$[0m
                    [0m1,200,000[0m
                  [36m</p>[39m
                  [36m<p>[39m
                    [0mBeverly Hills, CA[0m
                  [36m</p>[39m
                  [36m<button[39m
                    [33mdata-testid[39m=[32m"view-property-1"[39m
                  [36m>[39m
                    [0mView Details[0m
                  [36m</button>[39m
                [36m</div>[39m
                [36m<div[39m
                  [33mdata-testid[39m=[32m"property-2"[39m
                [36m>[39m
                  [36m<h3>[39m
                    [0mModern Condo[0m
                  [36m</h3>[39m
                  [36m<p>[39m
                    [0m$[0m
                    [0m800,000[0m
                  [36m</p>[39m
                  [36m<p>[39m
                    [0mManhattan, NY[0m
                  [36m</p>[39m
                  [36m<button[39m
                    [33mdata-testid[39m=[32m"view-property-2"[39m
                  [36m>[39m
                    [0mView Details[0m
                  [36m</button>[39m
                [36m</div>[39m
              [36m</div>[39m
              [36m<div[39m
                [33mdata-testid[39m=[32m"map-view"[39m
              [36m>[39m
                [36m<div[39m
                  [33mdata-testid[39m=[32m"map-container"[39m
                [36m>[39m
                  [0mMap Container[0m
                [36m</div>[39m
                [36m<button[39m
                  [33mdata-testid[39m=[32m"map-marker-1"[39m
                [36m>[39m
                  [0mLuxury Villa[0m
                [36m</button>[39m
                [36m<button[39m
                  [33mdata-testid[39m=[32m"map-marker-2"[39m
                [36m>[39m
                  [0mModern Condo[0m
                [36m</button>[39m
              [36m</div>[39m
            [36m</div>[39m
          [36m</div>[39m
        [36m</div>[39m
      [36m</div>[39m
    [36m</body>[39m

      294 |     
      295 |     const gridViewButton = screen.getByTestId('grid-view');
    > 296 |     const mapViewButton = screen.getByTestId('map-view');
          |                                  ^
      297 |     
      298 |     fireEvent.click(mapViewButton);
      299 |     fireEvent.click(gridViewButton);

      at Object.getElementError (node_modules/@testing-library/dom/dist/config.js:37:19)
      at getElementError (node_modules/@testing-library/dom/dist/query-helpers.js:20:35)
      at getMultipleElementsFoundError (node_modules/@testing-library/dom/dist/query-helpers.js:23:10)
      at node_modules/@testing-library/dom/dist/query-helpers.js:55:13
      at node_modules/@testing-library/dom/dist/query-helpers.js:95:19
      at Object.getByTestId (src/__tests__/integration/property-search-flow.test.tsx:296:34)

FAIL src/components/__tests__/FullMapView.test.tsx (5.043 s)
  ● FullMapView Component › renders full map container

    TestingLibraryElementError: Unable to find an element by: [data-testid="full-map-container"]

    Ignored nodes: comments, script, style
    [36m<body>[39m
      [36m<div>[39m
        [36m<div[39m
          [33mclass[39m=[32m"relative h-full w-full"[39m
        [36m>[39m
          [36m<div[39m
            [33mclass[39m=[32m"absolute left-4 top-4 z-50 map-filters-overlay pointer-events-none w-full max-w-[min(92vw,360px)] sm:w-auto sm:max-w-sm"[39m
          [36m>[39m
            [36m<div[39m
              [33mclass[39m=[32m"pointer-events-auto bg-white/95 backdrop-blur rounded-lg shadow border border-gray-200 p-2"[39m
            [36m>[39m
              [36m<div[39m
                [33mclass[39m=[32m"relative w-full"[39m
              [36m>[39m
                [36m<div[39m
                  [33mclass[39m=[32m"relative"[39m
                [36m>[39m
                  [36m<div[39m
                    [33mclass[39m=[32m"absolute inset-y-0 left-0 pl-3 flex items-center pointer-events-none"[39m
                  [36m>[39m
                    [36m<svg[39m
                      [33maria-hidden[39m=[32m"true"[39m
                      [33mclass[39m=[32m"lucide lucide-search h-4 w-4 text-gray-400"[39m
                      [33mfill[39m=[32m"none"[39m
                      [33mheight[39m=[32m"24"[39m
                      [33mstroke[39m=[32m"currentColor"[39m
                      [33mstroke-linecap[39m=[32m"round"[39m
                      [33mstroke-linejoin[39m=[32m"round"[39m
                      [33mstroke-width[39m=[32m"2"[39m
                      [33mviewBox[39m=[32m"0 0 24 24"[39m
                      [33mwidth[39m=[32m"24"[39m
                      [33mxmlns[39m=[32m"http://www.w3.org/2000/svg"[39m
                    [36m>[39m
                      [36m<path[39m
                        [33md[39m=[32m"m21 21-4.34-4.34"[39m
                      [36m/>[39m
                      [36m<circle[39m
                        [33mcx[39m=[32m"11"[39m
                        [33mcy[39m=[32m"11"[39m
                        [33mr[39m=[32m"8"[39m
                      [36m/>[39m
                    [36m</svg>[39m
                  [36m</div>[39m
                  [36m<input[39m
                    [33mclass[39m=[32m"block w-full pl-10 pr-20 py-3 border border-gray-300 rounded-lg focus:outline-none focus:ring-2 focus:ring-blue-500 focus:border-transparent"[39m
                    [33mplaceholder[39m=[32m"Kërko pranë një vendndodhjeje..."[39m
                    [33mtype[39m=[32m"text"[39m
                    [33mvalue[39m=[32m""[39m
                  [36m/>[39m
                  [36m<div[39m
                    [33mclass[39m=[32m"absolute inset-y-0 right-0 flex items-center"[39m
                  [36m>[39m
                    [36m<button[39m
                      [33mclass[39m=[32m"p-2 mr-1 text-blue-600 hover:text-blue-700 transition-colors"[39m
                      [33mtitle[39m=[32m"Use current location"[39m
                    [36m>[39m
                      [36m<svg[39m
                        [33maria-hidden[39m=[32m"true"[39m
                        [33mclass[39m=[32m"lucide lucide-target h-4 w-4"[39m
                        [33mfill[39m=[32m"none"[39m
                        [33mheight[39m=[32m"24"[39m
                        [33mstroke[39m=[32m"currentColor"[39m
                        [33mstroke-linecap[39m=[32m"round"[39m
                        [33mstroke-linejoin[39m=[32m"round"[39m
                        [33mstroke-width[39m=[32m"2"[39m
                        [33mviewBox[39m=[32m"0 0 24 24"[39m
                        [33mwidth[39m=[32m"24"[39m
                        [33mxmlns[39m=[32m"http://www.w3.org/2000/svg"[39m
                      [36m>[39m
                        [36m<circle[39m
                          [33mcx[39m=[32m"12"[39m
                          [33mcy[39m=[32m"12"[39m
                          [33mr[39m=[32m"10"[39m
                        [36m/>[39m
                        [36m<circle[39m
                          [33mcx[39m=[32m"12"[39m
                          [33mcy[39m=[32m"12"[39m
                          [33mr[39m=[32m"6"[39m
                        [36m/>[39m
                        [36m<circle[39m
                          [33mcx[39m=[32m"12"[39m
                          [33mcy[39m=[32m"12"[39m
                          [33mr[39m=[32m"2"[39m
                        [36m/>[39m
                      [36m</svg>[39m
                    [36m</button>[39m
                  [36m</div>[39m
                [36m</div>[39m
              [36m</div>[39m
            [36m</div>[39m
          [36m</div>[39m
          [36m<div[39m
            [33mclass[39m=[32m"h-full w-full bg-gray-50"[39m
            [33mstyle[39m=[32m"margin-right: 0px;"[39m
          [36m/>[39m
          [36m<div[39m
            [33mclass[39m=[32m"absolute z-50 map-controls-overlay"[39m
            [33mstyle[39m=[32m"right: 1rem; bottom: auto; top: 1rem;"[39m
          [36m>[39m
            [36m<div[39m
              [33mclass[39m=[32m"flex items-center gap-2"[39m
            [36m>[39m
              [36m<div[39m
                [33mclass[39m=[32m"bg-white rounded-md shadow border border-gray-200 p-1 flex items-center gap-1"[39m
              [36m>[39m
                [36m<button[39m
                  [33mclass[39m=[32m"px-2 py-1 text-[11px] rounded-sm transition-colors bg-blue-600 text-white"[39m
                  [33mtitle[39m=[32m"Rrugë"[39m
                [36m>[39m
                  [0m��️ Rrugë[0m
                [36m</button>[39m
                [36m<button[39m
                  [33mclass[39m=[32m"px-2 py-1 text-[11px] rounded-sm transition-colors text-blue-600 hover:bg-blue-50"[39m
                  [33mtitle[39m=[32m"Satelit"[39m
                [36m>[39m
                  [0m��️ Satelit[0m
                [36m</button>[39m
                [36m<button[39m
                  [33mclass[39m=[32m"px-2 py-1 text-[11px] rounded-sm transition-colors text-blue-600 hover:bg-blue-50"[39m
                  [33mtitle[39m=[32m"Teren"[39m
                [36m>[39m
                  [0m��️ Teren[0m
                [36m</button>[39m
              [36m</div>[39m
              [36m<button[39m
                [33mclass[39m=[32m"bg-white hover:bg-blue-50 p-2 rounded-md shadow border border-gray-200 transition-colors"[39m
                [33mtitle[39m=[32m"Rivendos pamjen"[39m
              [36m>[39m
                [36m<svg[39m
                  [33maria-hidden[39m=[32m"true"[39m
                  [33mclass[39m=[32m"lucide lucide-house h-3 w-3 text-blue-600"[39m
                  [33mfill[39m=[32m"none"[39m
                  [33mheight[39m=[32m"24"[39m
                  [33mstroke[39m=[32m"currentColor"[39m
                  [33mstroke-linecap[39m=[32m"round"[39m
                  [33mstroke-linejoin[39m=[32m"round"[39m
                  [33mstroke-width[39m=[32m"2"[39m
                  [33mviewBox[39m=[32m"0 0 24 24"[39m
                  [33mwidth[39m=[32m"24"[39m
                  [33mxmlns[39m=[32m"http://www.w3.org/2000/svg"[39m
                [36m>[39m
                  [36m<path[39m
                    [33md[39m=[32m"M15 21v-8a1 1 0 0 0-1-1h-4a1 1 0 0 0-1 1v8"[39m
                  [36m/>[39m
                  [36m<path[39m
                    [33md[39m=[32m"M3 10a2 2 0 0 1 .709-1.528l7-5.999a2 2 0 0 1 2.582 0l7 5.999A2 2 0 0 1 21 10v9a2 2 0 0 1-2 2H5a2 2 0 0 1-2-2z"[39m
                  [36m/>[39m
                [36m</svg>[39m
              [36m</button>[39m
            [36m</div>[39m
          [36m</div>[39m
          [36m<div[39m
            [33mclass[39m=[32m"absolute inset-0 bg-linear-to-br from-blue-50 to-green-50 bg-opacity-95 flex items-center justify-center"[39m
          [36m>[39m
            [36m<div[39m
              [33mclass[39m=[32m"flex flex-col items-center justify-center p-8"[39m
            [36m>[39m
              [36m<div[39m
                [33mclass[39m=[32m"relative mb-4"[39m
              [36m>[39m
                [36m<div[39m
                  [33mclass[39m=[32m"absolute inset-0 bg-gradient-to-r from-red-100 to-blue-100 rounded-full animate-pulse"[39m
                [36m/>[39m
                [36m<div[39m
                  [33mclass[39m=[32m"relative bg-white rounded-full p-4 shadow-lg"[39m
                [36m>[39m
                  [36m<div[39m
                    [33mclass[39m=[32m"absolute inset-0 bg-gradient-to-r from-red-500 via-blue-500 to-yellow-500 rounded-full animate-spin opacity-20"[39m
                  [36m/>[39m
                  [36m<div[39m
                    [33mclass[39m=[32m"relative z-10"[39m
                  [36m>[39m
                    [36m<svg[39m
                      [33maria-hidden[39m=[32m"true"[39m
                      [33mclass[39m=[32m"lucide lucide-house h-12 w-12 text-red-500 transition-all duration-300 opacity-100 scale-110 transform"[39m
                      [33mfill[39m=[32m"none"[39m
                      [33mheight[39m=[32m"24"[39m
                      [33mstroke[39m=[32m"currentColor"[39m
                      [33mstroke-linecap[39m=[32m"round"[39m
                      [33mstroke-linejoin[39m=[32m"round"[39m
                      [33mstroke-width[39m=[32m"2"[39m
                      [33mviewBox[39m=[32m"0 0 24 24"[39m
                      [33mwidth[39m=[32m"24"[39m
                      [33mxmlns[39m=[32m"http://www.w3.org/2000/svg"[39m
                    [36m>[39m
                      [36m<path[39m
                        [33md[39m=[32m"M15 21v-8a1 1 0 0 0-1-1h-4a1 1 0 0 0-1 1v8"[39m
                      [36m/>[39m
                      [36m<path[39m
                        [33md[39m=[32m"M3 10a2 2 0 0 1 .709-1.528l7-5.999a2 2 0 0 1 2.582 0l7 5.999A2 2 0 0 1 21 10v9a2 2 0 0 1-2 2H5a2 2 0 0 1-2-2z"[39m
                      [36m/>[39m
                    [36m</svg>[39m
                    [36m<svg[39m
                      [33maria-hidden[39m=[32m"true"[39m
                      [33mclass[39m=[32m"lucide lucide-map-pin h-12 w-12 text-blue-500 transition-all duration-300 opacity-0 scale-90 absolute inset-0"[39m
                      [33mfill[39m=[32m"none"[39m
                      [33mheight[39m=[32m"24"[39m
                      [33mstroke[39m=[32m"currentColor"[39m
                      [33mstroke-linecap[39m=[32m"round"[39m
                      [33mstroke-linejoin[39m=[32m"round"[39m
                      [33mstroke-width[39m=[32m"2"[39m
                      [33mviewBox[39m=[32m"0 0 24 24"[39m
                      [33mwidth[39m=[32m"24"[39m
                      [33mxmlns[39m=[32m"http://www.w3.org/2000/svg"[39m
                    [36m>[39m
                      [36m<path[39m
                        [33md[39m=[32m"M20 10c0 4.993-5.539 10.193-7.399 11.799a1 1 0 0 1-1.202 0C9.539 20.193 4 14.993 4 10a8 8 0 0 1 16 0"[39m
                      [36m/>[39m
                      [36m<circle[39m
                        [33mcx[39m=[32m"12"[39m
                        [33mcy[39m=[32m"10"[39m
                        [33mr[39m=[32m"3"[39m
                      [36m/>[39m
                    [36m</svg>[39m
                    [36m<svg[39m
                      [33maria-hidden[39m=[32m"true"[39m
                      [33mclass[39m=[32m"lucide lucide-key h-12 w-12 text-yellow-500 transition-all duration-300 opacity-0 scale-90 absolute inset-0"[39m
                      [33mfill[39m=[32m"none"[39m
                      [33mheight[39m=[32m"24"[39m
                      [33mstroke[39m=[32m"currentColor"[39m
                      [33mstroke-linecap[39m=[32m"round"[39m
                      [33mstroke-linejoin[39m=[32m"round"[39m
                      [33mstroke-width[39m=[32m"2"[39m
                      [33mviewBox[39m=[32m"0 0 24 24"[39m
                      [33mwidth[39m=[32m"24"[39m
                      [33mxmlns[39m=[32m"http://www.w3.org/2000/svg"[39m
                    [36m>[39m
                      [36m<path[39m
                        [33md[39m=[32m"m15.5 7.5 2.3 2.3a1 1 0 0 0 1.4 0l2.1-2.1a1 1 0 0 0 0-1.4L19 4"[39m
                      [36m/>[39m
                      [36m<path[39m
                        [33md[39m=[32m"m21 2-9.6 9.6"[39m
                      [36m/>[39m
                      [36m<circle[39m
                        [33mcx[39m=[32m"7.5"[39m
                        [33mcy[39m=[32m"15.5"[39m
                        [33mr[39m=[32m"5.5"[39m
                      [36m/>[39m
                    [36m</svg>[39m
                    [36m<svg[39m
                      [33maria-hidden[39m=[32m"true"[39m
                      [33mclass[39m=[32m"lucide lucide-heart h-12 w-12 text-pink-500 transition-all duration-300 opacity-0 scale-90 absolute inset-0"[39m
                      [33mfill[39m=[32m"none"[39m
                      [33mheight[39m=[32m"24"[39m
                      [33mstroke[39m=[32m"currentColor"[39m
                      [33mstroke-linecap[39m=[32m"round"[39m
                      [33mstroke-linejoin[39m=[32m"round"[39m
                      [33mstroke-width[39m=[32m"2"[39m
                      [33mviewBox[39m=[32m"0 0 24 24"[39m
                      [33mwidth[39m=[32m"24"[39m
                      [33mxmlns[39m=[32m"http://www.w3.org/2000/svg"[39m
                    [36m>[39m
                      [36m<path[39m
                        [33md[39m=[32m"M19 14c1.49-1.46 3-3.21 3-5.5A5.5 5.5 0 0 0 16.5 3c-1.76 0-3 .5-4.5 2-1.5-1.5-2.74-2-4.5-2A5.5 5.5 0 0 0 2 8.5c0 2.3 1.5 4.05 3 5.5l7 7Z"[39m
                      [36m/>[39m
                    [36m</svg>[39m
                  [36m</div>[39m
                [36m</div>[39m
              [36m</div>[39m
              [36m<div[39m
                [33mclass[39m=[32m"flex space-x-1 mb-3"[39m
              [36m>[39m
                [36m<div[39m
                  [33mclass[39m=[32m"w-2 h-2 bg-red-500 rounded-full animate-bounce"[39m
                  [33mstyle[39m=[32m"animation-delay: 0s;"[39m
                [36m/>[39m
                [36m<div[39m
                  [33mclass[39m=[32m"w-2 h-2 bg-red-500 rounded-full animate-bounce"[39m
                  [33mstyle[39m=[32m"animation-delay: 0.2s;"[39m
                [36m/>[39m
                [36m<div[39m
                  [33mclass[39m=[32m"w-2 h-2 bg-red-500 rounded-full animate-bounce"[39m
                  [33mstyle[39m=[32m"animation-delay: 0.4s;"[39m
                [36m/>[39m
              [36m</div>[39m
              [36m<p[39m
                [33mclass[39m=[32m"text-gray-700 text-sm font-medium text-center"[39m
              [36m>[39m
                [0mPo ngarkohet harta...[0m
              [36m</p>[39m
              [36m<div[39m
                [33mclass[39m=[32m"w-32 h-1 bg-gray-200 rounded-full mt-3 overflow-hidden"[39m
              [36m>[39m
                [36m<div[39m
                  [33mclass[39m=[32m"h-full bg-gradient-to-r from-red-500 to-blue-500 rounded-full animate-pulse"[39m
                [36m/>[39m
              [36m</div>[39m
            [36m</div>[39m
          [36m</div>[39m
        [36m</div>[39m
      [36m</div>[39m
    [36m</body>[39m

       96 |   it('renders full map container', () => {
       97 |     render(<FullMapView />);
    >  98 |     expect(screen.getByTestId('full-map-container')).toBeInTheDocument();
          |                   ^
       99 |   });
      100 |
      101 |   it('renders search filters sidebar', () => {

      at Object.getElementError (node_modules/@testing-library/dom/dist/config.js:37:19)
      at node_modules/@testing-library/dom/dist/query-helpers.js:76:38
      at node_modules/@testing-library/dom/dist/query-helpers.js:52:17
      at node_modules/@testing-library/dom/dist/query-helpers.js:95:19
      at Object.getByTestId (src/components/__tests__/FullMapView.test.tsx:98:19)

  ● FullMapView Component › renders search filters sidebar

    TestingLibraryElementError: Unable to find an element with the text: Filters. This could be because the text is broken up by multiple elements. In this case, you can provide a function for your text matcher to make your matcher more flexible.

    Ignored nodes: comments, script, style
    [36m<body>[39m
      [36m<div>[39m
        [36m<div[39m
          [33mclass[39m=[32m"relative h-full w-full"[39m
        [36m>[39m
          [36m<div[39m
            [33mclass[39m=[32m"absolute left-4 top-4 z-50 map-filters-overlay pointer-events-none w-full max-w-[min(92vw,360px)] sm:w-auto sm:max-w-sm"[39m
          [36m>[39m
            [36m<div[39m
              [33mclass[39m=[32m"pointer-events-auto bg-white/95 backdrop-blur rounded-lg shadow border border-gray-200 p-2"[39m
            [36m>[39m
              [36m<div[39m
                [33mclass[39m=[32m"relative w-full"[39m
              [36m>[39m
                [36m<div[39m
                  [33mclass[39m=[32m"relative"[39m
                [36m>[39m
                  [36m<div[39m
                    [33mclass[39m=[32m"absolute inset-y-0 left-0 pl-3 flex items-center pointer-events-none"[39m
                  [36m>[39m
                    [36m<svg[39m
                      [33maria-hidden[39m=[32m"true"[39m
                      [33mclass[39m=[32m"lucide lucide-search h-4 w-4 text-gray-400"[39m
                      [33mfill[39m=[32m"none"[39m
                      [33mheight[39m=[32m"24"[39m
                      [33mstroke[39m=[32m"currentColor"[39m
                      [33mstroke-linecap[39m=[32m"round"[39m
                      [33mstroke-linejoin[39m=[32m"round"[39m
                      [33mstroke-width[39m=[32m"2"[39m
                      [33mviewBox[39m=[32m"0 0 24 24"[39m
                      [33mwidth[39m=[32m"24"[39m
                      [33mxmlns[39m=[32m"http://www.w3.org/2000/svg"[39m
                    [36m>[39m
                      [36m<path[39m
                        [33md[39m=[32m"m21 21-4.34-4.34"[39m
                      [36m/>[39m
                      [36m<circle[39m
                        [33mcx[39m=[32m"11"[39m
                        [33mcy[39m=[32m"11"[39m
                        [33mr[39m=[32m"8"[39m
                      [36m/>[39m
                    [36m</svg>[39m
                  [36m</div>[39m
                  [36m<input[39m
                    [33mclass[39m=[32m"block w-full pl-10 pr-20 py-3 border border-gray-300 rounded-lg focus:outline-none focus:ring-2 focus:ring-blue-500 focus:border-transparent"[39m
                    [33mplaceholder[39m=[32m"Kërko pranë një vendndodhjeje..."[39m
                    [33mtype[39m=[32m"text"[39m
                    [33mvalue[39m=[32m""[39m
                  [36m/>[39m
                  [36m<div[39m
                    [33mclass[39m=[32m"absolute inset-y-0 right-0 flex items-center"[39m
                  [36m>[39m
                    [36m<button[39m
                      [33mclass[39m=[32m"p-2 mr-1 text-blue-600 hover:text-blue-700 transition-colors"[39m
                      [33mtitle[39m=[32m"Use current location"[39m
                    [36m>[39m
                      [36m<svg[39m
                        [33maria-hidden[39m=[32m"true"[39m
                        [33mclass[39m=[32m"lucide lucide-target h-4 w-4"[39m
                        [33mfill[39m=[32m"none"[39m
                        [33mheight[39m=[32m"24"[39m
                        [33mstroke[39m=[32m"currentColor"[39m
                        [33mstroke-linecap[39m=[32m"round"[39m
                        [33mstroke-linejoin[39m=[32m"round"[39m
                        [33mstroke-width[39m=[32m"2"[39m
                        [33mviewBox[39m=[32m"0 0 24 24"[39m
                        [33mwidth[39m=[32m"24"[39m
                        [33mxmlns[39m=[32m"http://www.w3.org/2000/svg"[39m
                      [36m>[39m
                        [36m<circle[39m
                          [33mcx[39m=[32m"12"[39m
                          [33mcy[39m=[32m"12"[39m
                          [33mr[39m=[32m"10"[39m
                        [36m/>[39m
                        [36m<circle[39m
                          [33mcx[39m=[32m"12"[39m
                          [33mcy[39m=[32m"12"[39m
                          [33mr[39m=[32m"6"[39m
                        [36m/>[39m
                        [36m<circle[39m
                          [33mcx[39m=[32m"12"[39m
                          [33mcy[39m=[32m"12"[39m
                          [33mr[39m=[32m"2"[39m
                        [36m/>[39m
                      [36m</svg>[39m
                    [36m</button>[39m
                  [36m</div>[39m
                [36m</div>[39m
              [36m</div>[39m
            [36m</div>[39m
          [36m</div>[39m
          [36m<div[39m
            [33mclass[39m=[32m"h-full w-full bg-gray-50"[39m
            [33mstyle[39m=[32m"margin-right: 0px;"[39m
          [36m/>[39m
          [36m<div[39m
            [33mclass[39m=[32m"absolute z-50 map-controls-overlay"[39m
            [33mstyle[39m=[32m"right: 1rem; bottom: auto; top: 1rem;"[39m
          [36m>[39m
            [36m<div[39m
              [33mclass[39m=[32m"flex items-center gap-2"[39m
            [36m>[39m
              [36m<div[39m
                [33mclass[39m=[32m"bg-white rounded-md shadow border border-gray-200 p-1 flex items-center gap-1"[39m
              [36m>[39m
                [36m<button[39m
                  [33mclass[39m=[32m"px-2 py-1 text-[11px] rounded-sm transition-colors bg-blue-600 text-white"[39m
                  [33mtitle[39m=[32m"Rrugë"[39m
                [36m>[39m
                  [0m��️ Rrugë[0m
                [36m</button>[39m
                [36m<button[39m
                  [33mclass[39m=[32m"px-2 py-1 text-[11px] rounded-sm transition-colors text-blue-600 hover:bg-blue-50"[39m
                  [33mtitle[39m=[32m"Satelit"[39m
                [36m>[39m
                  [0m��️ Satelit[0m
                [36m</button>[39m
                [36m<button[39m
                  [33mclass[39m=[32m"px-2 py-1 text-[11px] rounded-sm transition-colors text-blue-600 hover:bg-blue-50"[39m
                  [33mtitle[39m=[32m"Teren"[39m
                [36m>[39m
                  [0m��️ Teren[0m
                [36m</button>[39m
              [36m</div>[39m
              [36m<button[39m
                [33mclass[39m=[32m"bg-white hover:bg-blue-50 p-2 rounded-md shadow border border-gray-200 transition-colors"[39m
                [33mtitle[39m=[32m"Rivendos pamjen"[39m
              [36m>[39m
                [36m<svg[39m
                  [33maria-hidden[39m=[32m"true"[39m
                  [33mclass[39m=[32m"lucide lucide-house h-3 w-3 text-blue-600"[39m
                  [33mfill[39m=[32m"none"[39m
                  [33mheight[39m=[32m"24"[39m
                  [33mstroke[39m=[32m"currentColor"[39m
                  [33mstroke-linecap[39m=[32m"round"[39m
                  [33mstroke-linejoin[39m=[32m"round"[39m
                  [33mstroke-width[39m=[32m"2"[39m
                  [33mviewBox[39m=[32m"0 0 24 24"[39m
                  [33mwidth[39m=[32m"24"[39m
                  [33mxmlns[39m=[32m"http://www.w3.org/2000/svg"[39m
                [36m>[39m
                  [36m<path[39m
                    [33md[39m=[32m"M15 21v-8a1 1 0 0 0-1-1h-4a1 1 0 0 0-1 1v8"[39m
                  [36m/>[39m
                  [36m<path[39m
                    [33md[39m=[32m"M3 10a2 2 0 0 1 .709-1.528l7-5.999a2 2 0 0 1 2.582 0l7 5.999A2 2 0 0 1 21 10v9a2 2 0 0 1-2 2H5a2 2 0 0 1-2-2z"[39m
                  [36m/>[39m
                [36m</svg>[39m
              [36m</button>[39m
            [36m</div>[39m
          [36m</div>[39m
          [36m<div[39m
            [33mclass[39m=[32m"absolute inset-0 bg-linear-to-br from-blue-50 to-green-50 bg-opacity-95 flex items-center justify-center"[39m
          [36m>[39m
            [36m<div[39m
              [33mclass[39m=[32m"flex flex-col items-center justify-center p-8"[39m
            [36m>[39m
              [36m<div[39m
                [33mclass[39m=[32m"relative mb-4"[39m
              [36m>[39m
                [36m<div[39m
                  [33mclass[39m=[32m"absolute inset-0 bg-gradient-to-r from-red-100 to-blue-100 rounded-full animate-pulse"[39m
                [36m/>[39m
                [36m<div[39m
                  [33mclass[39m=[32m"relative bg-white rounded-full p-4 shadow-lg"[39m
                [36m>[39m
                  [36m<div[39m
                    [33mclass[39m=[32m"absolute inset-0 bg-gradient-to-r from-red-500 via-blue-500 to-yellow-500 rounded-full animate-spin opacity-20"[39m
                  [36m/>[39m
                  [36m<div[39m
                    [33mclass[39m=[32m"relative z-10"[39m
                  [36m>[39m
                    [36m<svg[39m
                      [33maria-hidden[39m=[32m"true"[39m
                      [33mclass[39m=[32m"lucide lucide-house h-12 w-12 text-red-500 transition-all duration-300 opacity-100 scale-110 transform"[39m
                      [33mfill[39m=[32m"none"[39m
                      [33mheight[39m=[32m"24"[39m
                      [33mstroke[39m=[32m"currentColor"[39m
                      [33mstroke-linecap[39m=[32m"round"[39m
                      [33mstroke-linejoin[39m=[32m"round"[39m
                      [33mstroke-width[39m=[32m"2"[39m
                      [33mviewBox[39m=[32m"0 0 24 24"[39m
                      [33mwidth[39m=[32m"24"[39m
                      [33mxmlns[39m=[32m"http://www.w3.org/2000/svg"[39m
                    [36m>[39m
                      [36m<path[39m
                        [33md[39m=[32m"M15 21v-8a1 1 0 0 0-1-1h-4a1 1 0 0 0-1 1v8"[39m
                      [36m/>[39m
                      [36m<path[39m
                        [33md[39m=[32m"M3 10a2 2 0 0 1 .709-1.528l7-5.999a2 2 0 0 1 2.582 0l7 5.999A2 2 0 0 1 21 10v9a2 2 0 0 1-2 2H5a2 2 0 0 1-2-2z"[39m
                      [36m/>[39m
                    [36m</svg>[39m
                    [36m<svg[39m
                      [33maria-hidden[39m=[32m"true"[39m
                      [33mclass[39m=[32m"lucide lucide-map-pin h-12 w-12 text-blue-500 transition-all duration-300 opacity-0 scale-90 absolute inset-0"[39m
                      [33mfill[39m=[32m"none"[39m
                      [33mheight[39m=[32m"24"[39m
                      [33mstroke[39m=[32m"currentColor"[39m
                      [33mstroke-linecap[39m=[32m"round"[39m
                      [33mstroke-linejoin[39m=[32m"round"[39m
                      [33mstroke-width[39m=[32m"2"[39m
                      [33mviewBox[39m=[32m"0 0 24 24"[39m
                      [33mwidth[39m=[32m"24"[39m
                      [33mxmlns[39m=[32m"http://www.w3.org/2000/svg"[39m
                    [36m>[39m
                      [36m<path[39m
                        [33md[39m=[32m"M20 10c0 4.993-5.539 10.193-7.399 11.799a1 1 0 0 1-1.202 0C9.539 20.193 4 14.993 4 10a8 8 0 0 1 16 0"[39m
                      [36m/>[39m
                      [36m<circle[39m
                        [33mcx[39m=[32m"12"[39m
                        [33mcy[39m=[32m"10"[39m
                        [33mr[39m=[32m"3"[39m
                      [36m/>[39m
                    [36m</svg>[39m
                    [36m<svg[39m
                      [33maria-hidden[39m=[32m"true"[39m
                      [33mclass[39m=[32m"lucide lucide-key h-12 w-12 text-yellow-500 transition-all duration-300 opacity-0 scale-90 absolute inset-0"[39m
                      [33mfill[39m=[32m"none"[39m
                      [33mheight[39m=[32m"24"[39m
                      [33mstroke[39m=[32m"currentColor"[39m
                      [33mstroke-linecap[39m=[32m"round"[39m
                      [33mstroke-linejoin[39m=[32m"round"[39m
                      [33mstroke-width[39m=[32m"2"[39m
                      [33mviewBox[39m=[32m"0 0 24 24"[39m
                      [33mwidth[39m=[32m"24"[39m
                      [33mxmlns[39m=[32m"http://www.w3.org/2000/svg"[39m
                    [36m>[39m
                      [36m<path[39m
                        [33md[39m=[32m"m15.5 7.5 2.3 2.3a1 1 0 0 0 1.4 0l2.1-2.1a1 1 0 0 0 0-1.4L19 4"[39m
                      [36m/>[39m
                      [36m<path[39m
                        [33md[39m=[32m"m21 2-9.6 9.6"[39m
                      [36m/>[39m
                      [36m<circle[39m
                        [33mcx[39m=[32m"7.5"[39m
                        [33mcy[39m=[32m"15.5"[39m
                        [33mr[39m=[32m"5.5"[39m
                      [36m/>[39m
                    [36m</svg>[39m
                    [36m<svg[39m
                      [33maria-hidden[39m=[32m"true"[39m
                      [33mclass[39m=[32m"lucide lucide-heart h-12 w-12 text-pink-500 transition-all duration-300 opacity-0 scale-90 absolute inset-0"[39m
                      [33mfill[39m=[32m"none"[39m
                      [33mheight[39m=[32m"24"[39m
                      [33mstroke[39m=[32m"currentColor"[39m
                      [33mstroke-linecap[39m=[32m"round"[39m
                      [33mstroke-linejoin[39m=[32m"round"[39m
                      [33mstroke-width[39m=[32m"2"[39m
                      [33mviewBox[39m=[32m"0 0 24 24"[39m
                      [33mwidth[39m=[32m"24"[39m
                      [33mxmlns[39m=[32m"http://www.w3.org/2000/svg"[39m
                    [36m>[39m
                      [36m<path[39m
                        [33md[39m=[32m"M19 14c1.49-1.46 3-3.21 3-5.5A5.5 5.5 0 0 0 16.5 3c-1.76 0-3 .5-4.5 2-1.5-1.5-2.74-2-4.5-2A5.5 5.5 0 0 0 2 8.5c0 2.3 1.5 4.05 3 5.5l7 7Z"[39m
                      [36m/>[39m
                    [36m</svg>[39m
                  [36m</div>[39m
                [36m</div>[39m
              [36m</div>[39m
              [36m<div[39m
                [33mclass[39m=[32m"flex space-x-1 mb-3"[39m
              [36m>[39m
                [36m<div[39m
                  [33mclass[39m=[32m"w-2 h-2 bg-red-500 rounded-full animate-bounce"[39m
                  [33mstyle[39m=[32m"animation-delay: 0s;"[39m
                [36m/>[39m
                [36m<div[39m
                  [33mclass[39m=[32m"w-2 h-2 bg-red-500 rounded-full animate-bounce"[39m
                  [33mstyle[39m=[32m"animation-delay: 0.2s;"[39m
                [36m/>[39m
                [36m<div[39m
                  [33mclass[39m=[32m"w-2 h-2 bg-red-500 rounded-full animate-bounce"[39m
                  [33mstyle[39m=[32m"animation-delay: 0.4s;"[39m
                [36m/>[39m
              [36m</div>[39m
              [36m<p[39m
                [33mclass[39m=[32m"text-gray-700 text-sm font-medium text-center"[39m
              [36m>[39m
                [0mPo ngarkohet harta...[0m
              [36m</p>[39m
              [36m<div[39m
                [33mclass[39m=[32m"w-32 h-1 bg-gray-200 rounded-full mt-3 overflow-hidden"[39m
              [36m>[39m
                [36m<div[39m
                  [33mclass[39m=[32m"h-full bg-gradient-to-r from-red-500 to-blue-500 rounded-full animate-pulse"[39m
                [36m/>[39m
              [36m</div>[39m
            [36m</div>[39m
          [36m</div>[39m
        [36m</div>[39m
      [36m</div>[39m
    [36m</body>[39m

      101 |   it('renders search filters sidebar', () => {
      102 |     render(<FullMapView />);
    > 103 |     expect(screen.getByText('Filters')).toBeInTheDocument();
          |                   ^
      104 |   });
      105 |
      106 |   it('renders property count when properties are loaded', async () => {

      at Object.getElementError (node_modules/@testing-library/dom/dist/config.js:37:19)
      at node_modules/@testing-library/dom/dist/query-helpers.js:76:38
      at node_modules/@testing-library/dom/dist/query-helpers.js:52:17
      at node_modules/@testing-library/dom/dist/query-helpers.js:95:19
      at Object.getByText (src/components/__tests__/FullMapView.test.tsx:103:19)

  ● FullMapView Component › renders property count when properties are loaded

    Unable to find an element with the text: /properties found/i. This could be because the text is broken up by multiple elements. In this case, you can provide a function for your text matcher to make your matcher more flexible.

    Ignored nodes: comments, script, style
    [36m<body>[39m
      [36m<div>[39m
        [36m<div[39m
          [33mclass[39m=[32m"relative h-full w-full"[39m
        [36m>[39m
          [36m<div[39m
            [33mclass[39m=[32m"absolute left-4 top-4 z-50 map-filters-overlay pointer-events-none w-full max-w-[min(92vw,360px)] sm:w-auto sm:max-w-sm"[39m
          [36m>[39m
            [36m<div[39m
              [33mclass[39m=[32m"pointer-events-auto bg-white/95 backdrop-blur rounded-lg shadow border border-gray-200 p-2"[39m
            [36m>[39m
              [36m<div[39m
                [33mclass[39m=[32m"relative w-full"[39m
              [36m>[39m
                [36m<div[39m
                  [33mclass[39m=[32m"relative"[39m
                [36m>[39m
                  [36m<div[39m
                    [33mclass[39m=[32m"absolute inset-y-0 left-0 pl-3 flex items-center pointer-events-none"[39m
                  [36m>[39m
                    [36m<svg[39m
                      [33maria-hidden[39m=[32m"true"[39m
                      [33mclass[39m=[32m"lucide lucide-search h-4 w-4 text-gray-400"[39m
                      [33mfill[39m=[32m"none"[39m
                      [33mheight[39m=[32m"24"[39m
                      [33mstroke[39m=[32m"currentColor"[39m
                      [33mstroke-linecap[39m=[32m"round"[39m
                      [33mstroke-linejoin[39m=[32m"round"[39m
                      [33mstroke-width[39m=[32m"2"[39m
                      [33mviewBox[39m=[32m"0 0 24 24"[39m
                      [33mwidth[39m=[32m"24"[39m
                      [33mxmlns[39m=[32m"http://www.w3.org/2000/svg"[39m
                    [36m>[39m
                      [36m<path[39m
                        [33md[39m=[32m"m21 21-4.34-4.34"[39m
                      [36m/>[39m
                      [36m<circle[39m
                        [33mcx[39m=[32m"11"[39m
                        [33mcy[39m=[32m"11"[39m
                        [33mr[39m=[32m"8"[39m
                      [36m/>[39m
                    [36m</svg>[39m
                  [36m</div>[39m
                  [36m<input[39m
                    [33mclass[39m=[32m"block w-full pl-10 pr-20 py-3 border border-gray-300 rounded-lg focus:outline-none focus:ring-2 focus:ring-blue-500 focus:border-transparent"[39m
                    [33mplaceholder[39m=[32m"Kërko pranë një vendndodhjeje..."[39m
                    [33mtype[39m=[32m"text"[39m
                    [33mvalue[39m=[32m""[39m
                  [36m/>[39m
                  [36m<div[39m
                    [33mclass[39m=[32m"absolute inset-y-0 right-0 flex items-center"[39m
                  [36m>[39m
                    [36m<button[39m
                      [33mclass[39m=[32m"p-2 mr-1 text-blue-600 hover:text-blue-700 transition-colors"[39m
                      [33mtitle[39m=[32m"Use current location"[39m
                    [36m>[39m
                      [36m<svg[39m
                        [33maria-hidden[39m=[32m"true"[39m
                        [33mclass[39m=[32m"lucide lucide-target h-4 w-4"[39m
                        [33mfill[39m=[32m"none"[39m
                        [33mheight[39m=[32m"24"[39m
                        [33mstroke[39m=[32m"currentColor"[39m
                        [33mstroke-linecap[39m=[32m"round"[39m
                        [33mstroke-linejoin[39m=[32m"round"[39m
                        [33mstroke-width[39m=[32m"2"[39m
                        [33mviewBox[39m=[32m"0 0 24 24"[39m
                        [33mwidth[39m=[32m"24"[39m
                        [33mxmlns[39m=[32m"http://www.w3.org/2000/svg"[39m
                      [36m>[39m
                        [36m<circle[39m
                          [33mcx[39m=[32m"12"[39m
                          [33mcy[39m=[32m"12"[39m
                          [33mr[39m=[32m"10"[39m
                        [36m/>[39m
                        [36m<circle[39m
                          [33mcx[39m=[32m"12"[39m
                          [33mcy[39m=[32m"12"[39m
                          [33mr[39m=[32m"6"[39m
                        [36m/>[39m
                        [36m<circle[39m
                          [33mcx[39m=[32m"12"[39m
                          [33mcy[39m=[32m"12"[39m
                          [33mr[39m=[32m"2"[39m
                        [36m/>[39m
                      [36m</svg>[39m
                    [36m</button>[39m
                  [36m</div>[39m
                [36m</div>[39m
              [36m</div>[39m
            [36m</div>[39m
          [36m</div>[39m
          [36m<div[39m
            [33mclass[39m=[32m"h-full w-full bg-gray-50"[39m
            [33mstyle[39m=[32m"margin-right: 0px;"[39m
          [36m/>[39m
          [36m<div[39m
            [33mclass[39m=[32m"absolute z-50 map-controls-overlay"[39m
            [33mstyle[39m=[32m"right: 1rem; bottom: auto; top: 1rem;"[39m
          [36m>[39m
            [36m<div[39m
              [33mclass[39m=[32m"flex items-center gap-2"[39m
            [36m>[39m
              [36m<div[39m
                [33mclass[39m=[32m"bg-white rounded-md shadow border border-gray-200 p-1 flex items-center gap-1"[39m
              [36m>[39m
                [36m<button[39m
                  [33mclass[39m=[32m"px-2 py-1 text-[11px] rounded-sm transition-colors bg-blue-600 text-white"[39m
                  [33mtitle[39m=[32m"Rrugë"[39m
                [36m>[39m
                  [0m��️ Rrugë[0m
                [36m</button>[39m
                [36m<button[39m
                  [33mclass[39m=[32m"px-2 py-1 text-[11px] rounded-sm transition-colors text-blue-600 hover:bg-blue-50"[39m
                  [33mtitle[39m=[32m"Satelit"[39m
                [36m>[39m
                  [0m��️ Satelit[0m
                [36m</button>[39m
                [36m<button[39m
                  [33mclass[39m=[32m"px-2 py-1 text-[11px] rounded-sm transition-colors text-blue-600 hover:bg-blue-50"[39m
                  [33mtitle[39m=[32m"Teren"[39m
                [36m>[39m
                  [0m��️ Teren[0m
                [36m</button>[39m
              [36m</div>[39m
              [36m<button[39m
                [33mclass[39m=[32m"bg-white hover:bg-blue-50 p-2 rounded-md shadow border border-gray-200 transition-colors"[39m
                [33mtitle[39m=[32m"Rivendos pamjen"[39m
              [36m>[39m
                [36m<svg[39m
                  [33maria-hidden[39m=[32m"true"[39m
                  [33mclass[39m=[32m"lucide lucide-house h-3 w-3 text-blue-600"[39m
                  [33mfill[39m=[32m"none"[39m
                  [33mheight[39m=[32m"24"[39m
                  [33mstroke[39m=[32m"currentColor"[39m
                  [33mstroke-linecap[39m=[32m"round"[39m
                  [33mstroke-linejoin[39m=[32m"round"[39m
                  [33mstroke-width[39m=[32m"2"[39m
                  [33mviewBox[39m=[32m"0 0 24 24"[39m
                  [33mwidth[39m=[32m"24"[39m
                  [33mxmlns[39m=[32m"http://www.w3.org/2000/svg"[39m
                [36m>[39m
                  [36m<path[39m
                    [33md[39m=[32m"M15 21v-8a1 1 0 0 0-1-1h-4a1 1 0 0 0-1 1v8"[39m
                  [36m/>[39m
                  [36m<path[39m
                    [33md[39m=[32m"M3 10a2 2 0 0 1 .709-1.528l7-5.999a2 2 0 0 1 2.582 0l7 5.999A2 2 0 0 1 21 10v9a2 2 0 0 1-2 2H5a2 2 0 0 1-2-2z"[39m
                  [36m/>[39m
                [36m</svg>[39m
              [36m</button>[39m
            [36m</div>[39m
          [36m</div>[39m
          [36m<div[39m
            [33mclass[39m=[32m"absolute inset-0 bg-linear-to-br from-blue-50 to-green-50 bg-opacity-95 flex items-center justify-center"[39m
          [36m>[39m
            [36m<div[39m
              [33mclass[39m=[32m"flex flex-col items-center justify-center p-8"[39m
            [36m>[39m
              [36m<div[39m
                [33mclass[39m=[32m"relative mb-4"[39m
              [36m>[39m
                [36m<div[39m
                  [33mclass[39m=[32m"absolute inset-0 bg-gradient-to-r from-red-100 to-blue-100 rounded-full animate-pulse"[39m
                [36m/>[39m
                [36m<div[39m
                  [33mclass[39m=[32m"relative bg-white rounded-full p-4 shadow-lg"[39m
                [36m>[39m
                  [36m<div[39m
                    [33mclass[39m=[32m"absolute inset-0 bg-gradient-to-r from-red-500 via-blue-500 to-yellow-500 rounded-full animate-spin opacity-20"[39m
                  [36m/>[39m
                  [36m<div[39m
                    [33mclass[39m=[32m"relative z-10"[39m
                  [36m>[39m
                    [36m<svg[39m
                      [33maria-hidden[39m=[32m"true"[39m
                      [33mclass[39m=[32m"lucide lucide-house h-12 w-12 text-red-500 transition-all duration-300 opacity-0 scale-90 absolute inset-0"[39m
                      [33mfill[39m=[32m"none"[39m
                      [33mheight[39m=[32m"24"[39m
                      [33mstroke[39m=[32m"currentColor"[39m
                      [33mstroke-linecap[39m=[32m"round"[39m
                      [33mstroke-linejoin[39m=[32m"round"[39m
                      [33mstroke-width[39m=[32m"2"[39m
                      [33mviewBox[39m=[32m"0 0 24 24"[39m
                      [33mwidth[39m=[32m"24"[39m
                      [33mxmlns[39m=[32m"http://www.w3.org/2000/svg"[39m
                    [36m>[39m
                      [36m<path[39m
                        [33md[39m=[32m"M15 21v-8a1 1 0 0 0-1-1h-4a1 1 0 0 0-1 1v8"[39m
                      [36m/>[39m
                      [36m<path[39m
                        [33md[39m=[32m"M3 10a2 2 0 0 1 .709-1.528l7-5.999a2 2 0 0 1 2.582 0l7 5.999A2 2 0 0 1 21 10v9a2 2 0 0 1-2 2H5a2 2 0 0 1-2-2z"[39m
                      [36m/>[39m
                    [36m</svg>[39m
                    [36m<svg[39m
                      [33maria-hidden[39m=[32m"true"[39m
                      [33mclass[39m=[32m"lucide lucide-map-pin h-12 w-12 text-blue-500 transition-all duration-300 opacity-100 scale-110 transform"[39m
                      [33mfill[39m=[32m"none"[39m
                      [33mheight[39m=[32m"24"[39m
                      [33mstroke[39m=[32m"currentColor"[39m
                      [33mstroke-linecap[39m=[32m"round"[39m
                      [33mstroke-linejoin[39m=[32m"round"[39m
                      [33mstroke-width[39m=[32m"2"[39m
                      [33mviewBox[39m=[32m"0 0 24 24"[39m
                      [33mwidth[39m=[32m"24"[39m
                      [33mxmlns[39m=[32m"http://www.w3.org/2000/svg"[39m
                    [36m>[39m
                      [36m<path[39m
                        [33md[39m=[32m"M20 10c0 4.993-5.539 10.193-7.399 11.799a1 1 0 0 1-1.202 0C9.539 20.193 4 14.993 4 10a8 8 0 0 1 16 0"[39m
                      [36m/>[39m
                      [36m<circle[39m
                        [33mcx[39m=[32m"12"[39m
                        [33mcy[39m=[32m"10"[39m
                        [33mr[39m=[32m"3"[39m
                      [36m/>[39m
                    [36m</svg>[39m
                    [36m<svg[39m
                      [33maria-hidden[39m=[32m"true"[39m
                      [33mclass[39m=[32m"lucide lucide-key h-12 w-12 text-yellow-500 transition-all duration-300 opacity-0 scale-90 absolute inset-0"[39m
                      [33mfill[39m=[32m"none"[39m
                      [33mheight[39m=[32m"24"[39m
                      [33mstroke[39m=[32m"currentColor"[39m
                      [33mstroke-linecap[39m=[32m"round"[39m
                      [33mstroke-linejoin[39m=[32m"round"[39m
                      [33mstroke-width[39m=[32m"2"[39m
                      [33mviewBox[39m=[32m"0 0 24 24"[39m
                      [33mwidth[39m=[32m"24"[39m
                      [33mxmlns[39m=[32m"http://www.w3.org/2000/svg"[39m
                    [36m>[39m
                      [36m<path[39m
                        [33md[39m=[32m"m15.5 7.5 2.3 2.3a1 1 0 0 0 1.4 0l2.1-2.1a1 1 0 0 0 0-1.4L19 4"[39m
                      [36m/>[39m
                      [36m<path[39m
                        [33md[39m=[32m"m21 2-9.6 9.6"[39m
                      [36m/>[39m
                      [36m<circle[39m
                        [33mcx[39m=[32m"7.5"[39m
                        [33mcy[39m=[32m"15.5"[39m
                        [33mr[39m=[32m"5.5"[39m
                      [36m/>[39m
                    [36m</svg>[39m
                    [36m<svg[39m
                      [33maria-hidden[39m=[32m"true"[39m
                      [33mclass[39m=[32m"lucide lucide-heart h-12 w-12 text-pink-500 transition-all duration-300 opacity-0 scale-90 absolute inset-0"[39m
                      [33mfill[39m=[32m"none"[39m
                      [33mheight[39m=[32m"24"[39m
                      [33mstroke[39m=[32m"currentColor"[39m
                      [33mstroke-linecap[39m=[32m"round"[39m
                      [33mstroke-linejoin[39m=[32m"round"[39m
                      [33mstroke-width[39m=[32m"2"[39m
                      [33mviewBox[39m=[32m"0 0 24 24"[39m
                      [33mwidth[39m=[32m"24"[39m
                      [33mxmlns[39m=[32m"http://www.w3.org/2000/svg"[39m
                    [36m>[39m
                      [36m<path[39m
                        [33md[39m=[32m"M19 14c1.49-1.46 3-3.21 3-5.5A5.5 5.5 0 0 0 16.5 3c-1.76 0-3 .5-4.5 2-1.5-1.5-2.74-2-4.5-2A5.5 5.5 0 0 0 2 8.5c0 2.3 1.5 4.05 3 5.5l7 7Z"[39m
                      [36m/>[39m
                    [36m</svg>[39m
                  [36m</div>[39m
                [36m</div>[39m
              [36m</div>[39m
              [36m<div[39m
                [33mclass[39m=[32m"flex space-x-1 mb-3"[39m
              [36m>[39m
                [36m<div[39m
                  [33mclass[39m=[32m"w-2 h-2 bg-red-500 rounded-full animate-bounce"[39m
                  [33mstyle[39m=[32m"animation-delay: 0s;"[39m
                [36m/>[39m
                [36m<div[39m
                  [33mclass[39m=[32m"w-2 h-2 bg-red-500 rounded-full animate-bounce"[39m
                  [33mstyle[39m=[32m"animation-delay: 0.2s;"[39m
                [36m/>[39m
                [36m<div[39m
                  [33mclass[39m=[32m"w-2 h-2 bg-red-500 rounded-full animate-bounce"[39m
                  [33mstyle[39m=[32m"animation-delay: 0.4s;"[39m
                [36m/>[39m
              [36m</div>[39m
              [36m<p[39m
                [33mclass[39m=[32m"text-gray-700 text-sm font-medium text-center"[39m
              [36m>[39m
                [0mPo ngarkohet harta...[0m
              [36m</p>[39m
              [36m<div[39m
                [33mclass[39m=[32m"w-32 h-1 bg-gray-200 rounded-full mt-3 overflow-hidden"[39m
              [36m>[39m
                [36m<div[39m
                  [33mclass[39m=[32m"h-full bg-gradient-to-r from-red-500 to-blue-500 rounded-full animate-pulse"[39m
                [36m/>[39m
              [36m</div>[39m
            [36m</div>[39m
          [36m</div>[39m
        [36m</div>[39m
      [36m</div>[39m
    [36m</body>[39m

      115 |     render(<FullMapView />);
      116 |     
    > 117 |     await waitFor(() => {
          |                  ^
      118 |       expect(screen.getByText(/properties found/i)).toBeInTheDocument();
      119 |     });
      120 |   });

      at waitForWrapper (node_modules/@testing-library/dom/dist/wait-for.js:163:27)
      at Object.<anonymous> (src/components/__tests__/FullMapView.test.tsx:117:18)

  ● FullMapView Component › toggles filters sidebar on mobile

    TestingLibraryElementError: Unable to find a label with the text of: Toggle filters

    Ignored nodes: comments, script, style
    [36m<body>[39m
      [36m<div>[39m
        [36m<div[39m
          [33mclass[39m=[32m"relative h-full w-full"[39m
        [36m>[39m
          [36m<div[39m
            [33mclass[39m=[32m"absolute left-4 top-4 z-50 map-filters-overlay pointer-events-none w-full max-w-[min(92vw,360px)] sm:w-auto sm:max-w-sm"[39m
          [36m>[39m
            [36m<div[39m
              [33mclass[39m=[32m"pointer-events-auto bg-white/95 backdrop-blur rounded-lg shadow border border-gray-200 p-2"[39m
            [36m>[39m
              [36m<div[39m
                [33mclass[39m=[32m"relative w-full"[39m
              [36m>[39m
                [36m<div[39m
                  [33mclass[39m=[32m"relative"[39m
                [36m>[39m
                  [36m<div[39m
                    [33mclass[39m=[32m"absolute inset-y-0 left-0 pl-3 flex items-center pointer-events-none"[39m
                  [36m>[39m
                    [36m<svg[39m
                      [33maria-hidden[39m=[32m"true"[39m
                      [33mclass[39m=[32m"lucide lucide-search h-4 w-4 text-gray-400"[39m
                      [33mfill[39m=[32m"none"[39m
                      [33mheight[39m=[32m"24"[39m
                      [33mstroke[39m=[32m"currentColor"[39m
                      [33mstroke-linecap[39m=[32m"round"[39m
                      [33mstroke-linejoin[39m=[32m"round"[39m
                      [33mstroke-width[39m=[32m"2"[39m
                      [33mviewBox[39m=[32m"0 0 24 24"[39m
                      [33mwidth[39m=[32m"24"[39m
                      [33mxmlns[39m=[32m"http://www.w3.org/2000/svg"[39m
                    [36m>[39m
                      [36m<path[39m
                        [33md[39m=[32m"m21 21-4.34-4.34"[39m
                      [36m/>[39m
                      [36m<circle[39m
                        [33mcx[39m=[32m"11"[39m
                        [33mcy[39m=[32m"11"[39m
                        [33mr[39m=[32m"8"[39m
                      [36m/>[39m
                    [36m</svg>[39m
                  [36m</div>[39m
                  [36m<input[39m
                    [33mclass[39m=[32m"block w-full pl-10 pr-20 py-3 border border-gray-300 rounded-lg focus:outline-none focus:ring-2 focus:ring-blue-500 focus:border-transparent"[39m
                    [33mplaceholder[39m=[32m"Kërko pranë një vendndodhjeje..."[39m
                    [33mtype[39m=[32m"text"[39m
                    [33mvalue[39m=[32m""[39m
                  [36m/>[39m
                  [36m<div[39m
                    [33mclass[39m=[32m"absolute inset-y-0 right-0 flex items-center"[39m
                  [36m>[39m
                    [36m<button[39m
                      [33mclass[39m=[32m"p-2 mr-1 text-blue-600 hover:text-blue-700 transition-colors"[39m
                      [33mtitle[39m=[32m"Use current location"[39m
                    [36m>[39m
                      [36m<svg[39m
                        [33maria-hidden[39m=[32m"true"[39m
                        [33mclass[39m=[32m"lucide lucide-target h-4 w-4"[39m
                        [33mfill[39m=[32m"none"[39m
                        [33mheight[39m=[32m"24"[39m
                        [33mstroke[39m=[32m"currentColor"[39m
                        [33mstroke-linecap[39m=[32m"round"[39m
                        [33mstroke-linejoin[39m=[32m"round"[39m
                        [33mstroke-width[39m=[32m"2"[39m
                        [33mviewBox[39m=[32m"0 0 24 24"[39m
                        [33mwidth[39m=[32m"24"[39m
                        [33mxmlns[39m=[32m"http://www.w3.org/2000/svg"[39m
                      [36m>[39m
                        [36m<circle[39m
                          [33mcx[39m=[32m"12"[39m
                          [33mcy[39m=[32m"12"[39m
                          [33mr[39m=[32m"10"[39m
                        [36m/>[39m
                        [36m<circle[39m
                          [33mcx[39m=[32m"12"[39m
                          [33mcy[39m=[32m"12"[39m
                          [33mr[39m=[32m"6"[39m
                        [36m/>[39m
                        [36m<circle[39m
                          [33mcx[39m=[32m"12"[39m
                          [33mcy[39m=[32m"12"[39m
                          [33mr[39m=[32m"2"[39m
                        [36m/>[39m
                      [36m</svg>[39m
                    [36m</button>[39m
                  [36m</div>[39m
                [36m</div>[39m
              [36m</div>[39m
            [36m</div>[39m
          [36m</div>[39m
          [36m<div[39m
            [33mclass[39m=[32m"h-full w-full bg-gray-50"[39m
            [33mstyle[39m=[32m"margin-right: 0px;"[39m
          [36m/>[39m
          [36m<div[39m
            [33mclass[39m=[32m"absolute z-50 map-controls-overlay"[39m
            [33mstyle[39m=[32m"right: 1rem; bottom: auto; top: 1rem;"[39m
          [36m>[39m
            [36m<div[39m
              [33mclass[39m=[32m"flex items-center gap-2"[39m
            [36m>[39m
              [36m<div[39m
                [33mclass[39m=[32m"bg-white rounded-md shadow border border-gray-200 p-1 flex items-center gap-1"[39m
              [36m>[39m
                [36m<button[39m
                  [33mclass[39m=[32m"px-2 py-1 text-[11px] rounded-sm transition-colors bg-blue-600 text-white"[39m
                  [33mtitle[39m=[32m"Rrugë"[39m
                [36m>[39m
                  [0m��️ Rrugë[0m
                [36m</button>[39m
                [36m<button[39m
                  [33mclass[39m=[32m"px-2 py-1 text-[11px] rounded-sm transition-colors text-blue-600 hover:bg-blue-50"[39m
                  [33mtitle[39m=[32m"Satelit"[39m
                [36m>[39m
                  [0m��️ Satelit[0m
                [36m</button>[39m
                [36m<button[39m
                  [33mclass[39m=[32m"px-2 py-1 text-[11px] rounded-sm transition-colors text-blue-600 hover:bg-blue-50"[39m
                  [33mtitle[39m=[32m"Teren"[39m
                [36m>[39m
                  [0m��️ Teren[0m
                [36m</button>[39m
              [36m</div>[39m
              [36m<button[39m
                [33mclass[39m=[32m"bg-white hover:bg-blue-50 p-2 rounded-md shadow border border-gray-200 transition-colors"[39m
                [33mtitle[39m=[32m"Rivendos pamjen"[39m
              [36m>[39m
                [36m<svg[39m
                  [33maria-hidden[39m=[32m"true"[39m
                  [33mclass[39m=[32m"lucide lucide-house h-3 w-3 text-blue-600"[39m
                  [33mfill[39m=[32m"none"[39m
                  [33mheight[39m=[32m"24"[39m
                  [33mstroke[39m=[32m"currentColor"[39m
                  [33mstroke-linecap[39m=[32m"round"[39m
                  [33mstroke-linejoin[39m=[32m"round"[39m
                  [33mstroke-width[39m=[32m"2"[39m
                  [33mviewBox[39m=[32m"0 0 24 24"[39m
                  [33mwidth[39m=[32m"24"[39m
                  [33mxmlns[39m=[32m"http://www.w3.org/2000/svg"[39m
                [36m>[39m
                  [36m<path[39m
                    [33md[39m=[32m"M15 21v-8a1 1 0 0 0-1-1h-4a1 1 0 0 0-1 1v8"[39m
                  [36m/>[39m
                  [36m<path[39m
                    [33md[39m=[32m"M3 10a2 2 0 0 1 .709-1.528l7-5.999a2 2 0 0 1 2.582 0l7 5.999A2 2 0 0 1 21 10v9a2 2 0 0 1-2 2H5a2 2 0 0 1-2-2z"[39m
                  [36m/>[39m
                [36m</svg>[39m
              [36m</button>[39m
            [36m</div>[39m
          [36m</div>[39m
          [36m<div[39m
            [33mclass[39m=[32m"absolute inset-0 bg-linear-to-br from-blue-50 to-green-50 bg-opacity-95 flex items-center justify-center"[39m
          [36m>[39m
            [36m<div[39m
              [33mclass[39m=[32m"flex flex-col items-center justify-center p-8"[39m
            [36m>[39m
              [36m<div[39m
                [33mclass[39m=[32m"relative mb-4"[39m
              [36m>[39m
                [36m<div[39m
                  [33mclass[39m=[32m"absolute inset-0 bg-gradient-to-r from-red-100 to-blue-100 rounded-full animate-pulse"[39m
                [36m/>[39m
                [36m<div[39m
                  [33mclass[39m=[32m"relative bg-white rounded-full p-4 shadow-lg"[39m
                [36m>[39m
                  [36m<div[39m
                    [33mclass[39m=[32m"absolute inset-0 bg-gradient-to-r from-red-500 via-blue-500 to-yellow-500 rounded-full animate-spin opacity-20"[39m
                  [36m/>[39m
                  [36m<div[39m
                    [33mclass[39m=[32m"relative z-10"[39m
                  [36m>[39m
                    [36m<svg[39m
                      [33maria-hidden[39m=[32m"true"[39m
                      [33mclass[39m=[32m"lucide lucide-house h-12 w-12 text-red-500 transition-all duration-300 opacity-100 scale-110 transform"[39m
                      [33mfill[39m=[32m"none"[39m
                      [33mheight[39m=[32m"24"[39m
                      [33mstroke[39m=[32m"currentColor"[39m
                      [33mstroke-linecap[39m=[32m"round"[39m
                      [33mstroke-linejoin[39m=[32m"round"[39m
                      [33mstroke-width[39m=[32m"2"[39m
                      [33mviewBox[39m=[32m"0 0 24 24"[39m
                      [33mwidth[39m=[32m"24"[39m
                      [33mxmlns[39m=[32m"http://www.w3.org/2000/svg"[39m
                    [36m>[39m
                      [36m<path[39m
                        [33md[39m=[32m"M15 21v-8a1 1 0 0 0-1-1h-4a1 1 0 0 0-1 1v8"[39m
                      [36m/>[39m
                      [36m<path[39m
                        [33md[39m=[32m"M3 10a2 2 0 0 1 .709-1.528l7-5.999a2 2 0 0 1 2.582 0l7 5.999A2 2 0 0 1 21 10v9a2 2 0 0 1-2 2H5a2 2 0 0 1-2-2z"[39m
                      [36m/>[39m
                    [36m</svg>[39m
                    [36m<svg[39m
                      [33maria-hidden[39m=[32m"true"[39m
                      [33mclass[39m=[32m"lucide lucide-map-pin h-12 w-12 text-blue-500 transition-all duration-300 opacity-0 scale-90 absolute inset-0"[39m
                      [33mfill[39m=[32m"none"[39m
                      [33mheight[39m=[32m"24"[39m
                      [33mstroke[39m=[32m"currentColor"[39m
                      [33mstroke-linecap[39m=[32m"round"[39m
                      [33mstroke-linejoin[39m=[32m"round"[39m
                      [33mstroke-width[39m=[32m"2"[39m
                      [33mviewBox[39m=[32m"0 0 24 24"[39m
                      [33mwidth[39m=[32m"24"[39m
                      [33mxmlns[39m=[32m"http://www.w3.org/2000/svg"[39m
                    [36m>[39m
                      [36m<path[39m
                        [33md[39m=[32m"M20 10c0 4.993-5.539 10.193-7.399 11.799a1 1 0 0 1-1.202 0C9.539 20.193 4 14.993 4 10a8 8 0 0 1 16 0"[39m
                      [36m/>[39m
                      [36m<circle[39m
                        [33mcx[39m=[32m"12"[39m
                        [33mcy[39m=[32m"10"[39m
                        [33mr[39m=[32m"3"[39m
                      [36m/>[39m
                    [36m</svg>[39m
                    [36m<svg[39m
                      [33maria-hidden[39m=[32m"true"[39m
                      [33mclass[39m=[32m"lucide lucide-key h-12 w-12 text-yellow-500 transition-all duration-300 opacity-0 scale-90 absolute inset-0"[39m
                      [33mfill[39m=[32m"none"[39m
                      [33mheight[39m=[32m"24"[39m
                      [33mstroke[39m=[32m"currentColor"[39m
                      [33mstroke-linecap[39m=[32m"round"[39m
                      [33mstroke-linejoin[39m=[32m"round"[39m
                      [33mstroke-width[39m=[32m"2"[39m
                      [33mviewBox[39m=[32m"0 0 24 24"[39m
                      [33mwidth[39m=[32m"24"[39m
                      [33mxmlns[39m=[32m"http://www.w3.org/2000/svg"[39m
                    [36m>[39m
                      [36m<path[39m
                        [33md[39m=[32m"m15.5 7.5 2.3 2.3a1 1 0 0 0 1.4 0l2.1-2.1a1 1 0 0 0 0-1.4L19 4"[39m
                      [36m/>[39m
                      [36m<path[39m
                        [33md[39m=[32m"m21 2-9.6 9.6"[39m
                      [36m/>[39m
                      [36m<circle[39m
                        [33mcx[39m=[32m"7.5"[39m
                        [33mcy[39m=[32m"15.5"[39m
                        [33mr[39m=[32m"5.5"[39m
                      [36m/>[39m
                    [36m</svg>[39m
                    [36m<svg[39m
                      [33maria-hidden[39m=[32m"true"[39m
                      [33mclass[39m=[32m"lucide lucide-heart h-12 w-12 text-pink-500 transition-all duration-300 opacity-0 scale-90 absolute inset-0"[39m
                      [33mfill[39m=[32m"none"[39m
                      [33mheight[39m=[32m"24"[39m
                      [33mstroke[39m=[32m"currentColor"[39m
                      [33mstroke-linecap[39m=[32m"round"[39m
                      [33mstroke-linejoin[39m=[32m"round"[39m
                      [33mstroke-width[39m=[32m"2"[39m
                      [33mviewBox[39m=[32m"0 0 24 24"[39m
                      [33mwidth[39m=[32m"24"[39m
                      [33mxmlns[39m=[32m"http://www.w3.org/2000/svg"[39m
                    [36m>[39m
                      [36m<path[39m
                        [33md[39m=[32m"M19 14c1.49-1.46 3-3.21 3-5.5A5.5 5.5 0 0 0 16.5 3c-1.76 0-3 .5-4.5 2-1.5-1.5-2.74-2-4.5-2A5.5 5.5 0 0 0 2 8.5c0 2.3 1.5 4.05 3 5.5l7 7Z"[39m
                      [36m/>[39m
                    [36m</svg>[39m
                  [36m</div>[39m
                [36m</div>[39m
              [36m</div>[39m
              [36m<div[39m
                [33mclass[39m=[32m"flex space-x-1 mb-3"[39m
              [36m>[39m
                [36m<div[39m
                  [33mclass[39m=[32m"w-2 h-2 bg-red-500 rounded-full animate-bounce"[39m
                  [33mstyle[39m=[32m"animation-delay: 0s;"[39m
                [36m/>[39m
                [36m<div[39m
                  [33mclass[39m=[32m"w-2 h-2 bg-red-500 rounded-full animate-bounce"[39m
                  [33mstyle[39m=[32m"animation-delay: 0.2s;"[39m
                [36m/>[39m
                [36m<div[39m
                  [33mclass[39m=[32m"w-2 h-2 bg-red-500 rounded-full animate-bounce"[39m
                  [33mstyle[39m=[32m"animation-delay: 0.4s;"[39m
                [36m/>[39m
              [36m</div>[39m
              [36m<p[39m
                [33mclass[39m=[32m"text-gray-700 text-sm font-medium text-center"[39m
              [36m>[39m
                [0mPo ngarkohet harta...[0m
              [36m</p>[39m
              [36m<div[39m
                [33mclass[39m=[32m"w-32 h-1 bg-gray-200 rounded-full mt-3 overflow-hidden"[39m
              [36m>[39m
                [36m<div[39m
                  [33mclass[39m=[32m"h-full bg-gradient-to-r from-red-500 to-blue-500 rounded-full animate-pulse"[39m
                [36m/>[39m
              [36m</div>[39m
            [36m</div>[39m
          [36m</div>[39m
        [36m</div>[39m
      [36m</div>[39m
    [36m</body>[39m

      123 |     render(<FullMapView />);
      124 |     
    > 125 |     const toggleButton = screen.getByLabelText('Toggle filters');
          |                                 ^
      126 |     fireEvent.click(toggleButton);
      127 |     
      128 |     // Check if sidebar visibility changes

      at Object.getElementError (node_modules/@testing-library/dom/dist/config.js:37:19)
      at getAllByLabelText (node_modules/@testing-library/dom/dist/queries/label-text.js:111:38)
      at node_modules/@testing-library/dom/dist/query-helpers.js:52:17
      at node_modules/@testing-library/dom/dist/query-helpers.js:95:19
      at Object.getByLabelText (src/components/__tests__/FullMapView.test.tsx:125:33)

  ● FullMapView Component › displays property details when marker is clicked

    Unable to find an element by: [data-testid="marker"]

    Ignored nodes: comments, script, style
    [36m<body>[39m
      [36m<div>[39m
        [36m<div[39m
          [33mclass[39m=[32m"relative h-full w-full"[39m
        [36m>[39m
          [36m<div[39m
            [33mclass[39m=[32m"absolute left-4 top-4 z-50 map-filters-overlay pointer-events-none w-full max-w-[min(92vw,360px)] sm:w-auto sm:max-w-sm"[39m
          [36m>[39m
            [36m<div[39m
              [33mclass[39m=[32m"pointer-events-auto bg-white/95 backdrop-blur rounded-lg shadow border border-gray-200 p-2"[39m
            [36m>[39m
              [36m<div[39m
                [33mclass[39m=[32m"relative w-full"[39m
              [36m>[39m
                [36m<div[39m
                  [33mclass[39m=[32m"relative"[39m
                [36m>[39m
                  [36m<div[39m
                    [33mclass[39m=[32m"absolute inset-y-0 left-0 pl-3 flex items-center pointer-events-none"[39m
                  [36m>[39m
                    [36m<svg[39m
                      [33maria-hidden[39m=[32m"true"[39m
                      [33mclass[39m=[32m"lucide lucide-search h-4 w-4 text-gray-400"[39m
                      [33mfill[39m=[32m"none"[39m
                      [33mheight[39m=[32m"24"[39m
                      [33mstroke[39m=[32m"currentColor"[39m
                      [33mstroke-linecap[39m=[32m"round"[39m
                      [33mstroke-linejoin[39m=[32m"round"[39m
                      [33mstroke-width[39m=[32m"2"[39m
                      [33mviewBox[39m=[32m"0 0 24 24"[39m
                      [33mwidth[39m=[32m"24"[39m
                      [33mxmlns[39m=[32m"http://www.w3.org/2000/svg"[39m
                    [36m>[39m
                      [36m<path[39m
                        [33md[39m=[32m"m21 21-4.34-4.34"[39m
                      [36m/>[39m
                      [36m<circle[39m
                        [33mcx[39m=[32m"11"[39m
                        [33mcy[39m=[32m"11"[39m
                        [33mr[39m=[32m"8"[39m
                      [36m/>[39m
                    [36m</svg>[39m
                  [36m</div>[39m
                  [36m<input[39m
                    [33mclass[39m=[32m"block w-full pl-10 pr-20 py-3 border border-gray-300 rounded-lg focus:outline-none focus:ring-2 focus:ring-blue-500 focus:border-transparent"[39m
                    [33mplaceholder[39m=[32m"Kërko pranë një vendndodhjeje..."[39m
                    [33mtype[39m=[32m"text"[39m
                    [33mvalue[39m=[32m""[39m
                  [36m/>[39m
                  [36m<div[39m
                    [33mclass[39m=[32m"absolute inset-y-0 right-0 flex items-center"[39m
                  [36m>[39m
                    [36m<button[39m
                      [33mclass[39m=[32m"p-2 mr-1 text-blue-600 hover:text-blue-700 transition-colors"[39m
                      [33mtitle[39m=[32m"Use current location"[39m
                    [36m>[39m
                      [36m<svg[39m
                        [33maria-hidden[39m=[32m"true"[39m
                        [33mclass[39m=[32m"lucide lucide-target h-4 w-4"[39m
                        [33mfill[39m=[32m"none"[39m
                        [33mheight[39m=[32m"24"[39m
                        [33mstroke[39m=[32m"currentColor"[39m
                        [33mstroke-linecap[39m=[32m"round"[39m
                        [33mstroke-linejoin[39m=[32m"round"[39m
                        [33mstroke-width[39m=[32m"2"[39m
                        [33mviewBox[39m=[32m"0 0 24 24"[39m
                        [33mwidth[39m=[32m"24"[39m
                        [33mxmlns[39m=[32m"http://www.w3.org/2000/svg"[39m
                      [36m>[39m
                        [36m<circle[39m
                          [33mcx[39m=[32m"12"[39m
                          [33mcy[39m=[32m"12"[39m
                          [33mr[39m=[32m"10"[39m
                        [36m/>[39m
                        [36m<circle[39m
                          [33mcx[39m=[32m"12"[39m
                          [33mcy[39m=[32m"12"[39m
                          [33mr[39m=[32m"6"[39m
                        [36m/>[39m
                        [36m<circle[39m
                          [33mcx[39m=[32m"12"[39m
                          [33mcy[39m=[32m"12"[39m
                          [33mr[39m=[32m"2"[39m
                        [36m/>[39m
                      [36m</svg>[39m
                    [36m</button>[39m
                  [36m</div>[39m
                [36m</div>[39m
              [36m</div>[39m
            [36m</div>[39m
          [36m</div>[39m
          [36m<div[39m
            [33mclass[39m=[32m"h-full w-full bg-gray-50"[39m
            [33mstyle[39m=[32m"margin-right: 0px;"[39m
          [36m/>[39m
          [36m<div[39m
            [33mclass[39m=[32m"absolute z-50 map-controls-overlay"[39m
            [33mstyle[39m=[32m"right: 1rem; bottom: auto; top: 1rem;"[39m
          [36m>[39m
            [36m<div[39m
              [33mclass[39m=[32m"flex items-center gap-2"[39m
            [36m>[39m
              [36m<div[39m
                [33mclass[39m=[32m"bg-white rounded-md shadow border border-gray-200 p-1 flex items-center gap-1"[39m
              [36m>[39m
                [36m<button[39m
                  [33mclass[39m=[32m"px-2 py-1 text-[11px] rounded-sm transition-colors bg-blue-600 text-white"[39m
                  [33mtitle[39m=[32m"Rrugë"[39m
                [36m>[39m
                  [0m��️ Rrugë[0m
                [36m</button>[39m
                [36m<button[39m
                  [33mclass[39m=[32m"px-2 py-1 text-[11px] rounded-sm transition-colors text-blue-600 hover:bg-blue-50"[39m
                  [33mtitle[39m=[32m"Satelit"[39m
                [36m>[39m
                  [0m��️ Satelit[0m
                [36m</button>[39m
                [36m<button[39m
                  [33mclass[39m=[32m"px-2 py-1 text-[11px] rounded-sm transition-colors text-blue-600 hover:bg-blue-50"[39m
                  [33mtitle[39m=[32m"Teren"[39m
                [36m>[39m
                  [0m��️ Teren[0m
                [36m</button>[39m
              [36m</div>[39m
              [36m<button[39m
                [33mclass[39m=[32m"bg-white hover:bg-blue-50 p-2 rounded-md shadow border border-gray-200 transition-colors"[39m
                [33mtitle[39m=[32m"Rivendos pamjen"[39m
              [36m>[39m
                [36m<svg[39m
                  [33maria-hidden[39m=[32m"true"[39m
                  [33mclass[39m=[32m"lucide lucide-house h-3 w-3 text-blue-600"[39m
                  [33mfill[39m=[32m"none"[39m
                  [33mheight[39m=[32m"24"[39m
                  [33mstroke[39m=[32m"currentColor"[39m
                  [33mstroke-linecap[39m=[32m"round"[39m
                  [33mstroke-linejoin[39m=[32m"round"[39m
                  [33mstroke-width[39m=[32m"2"[39m
                  [33mviewBox[39m=[32m"0 0 24 24"[39m
                  [33mwidth[39m=[32m"24"[39m
                  [33mxmlns[39m=[32m"http://www.w3.org/2000/svg"[39m
                [36m>[39m
                  [36m<path[39m
                    [33md[39m=[32m"M15 21v-8a1 1 0 0 0-1-1h-4a1 1 0 0 0-1 1v8"[39m
                  [36m/>[39m
                  [36m<path[39m
                    [33md[39m=[32m"M3 10a2 2 0 0 1 .709-1.528l7-5.999a2 2 0 0 1 2.582 0l7 5.999A2 2 0 0 1 21 10v9a2 2 0 0 1-2 2H5a2 2 0 0 1-2-2z"[39m
                  [36m/>[39m
                [36m</svg>[39m
              [36m</button>[39m
            [36m</div>[39m
          [36m</div>[39m
          [36m<div[39m
            [33mclass[39m=[32m"absolute inset-0 bg-linear-to-br from-blue-50 to-green-50 bg-opacity-95 flex items-center justify-center"[39m
          [36m>[39m
            [36m<div[39m
              [33mclass[39m=[32m"flex flex-col items-center justify-center p-8"[39m
            [36m>[39m
              [36m<div[39m
                [33mclass[39m=[32m"relative mb-4"[39m
              [36m>[39m
                [36m<div[39m
                  [33mclass[39m=[32m"absolute inset-0 bg-gradient-to-r from-red-100 to-blue-100 rounded-full animate-pulse"[39m
                [36m/>[39m
                [36m<div[39m
                  [33mclass[39m=[32m"relative bg-white rounded-full p-4 shadow-lg"[39m
                [36m>[39m
                  [36m<div[39m
                    [33mclass[39m=[32m"absolute inset-0 bg-gradient-to-r from-red-500 via-blue-500 to-yellow-500 rounded-full animate-spin opacity-20"[39m
                  [36m/>[39m
                  [36m<div[39m
                    [33mclass[39m=[32m"relative z-10"[39m
                  [36m>[39m
                    [36m<svg[39m
                      [33maria-hidden[39m=[32m"true"[39m
                      [33mclass[39m=[32m"lucide lucide-house h-12 w-12 text-red-500 transition-all duration-300 opacity-0 scale-90 absolute inset-0"[39m
                      [33mfill[39m=[32m"none"[39m
                      [33mheight[39m=[32m"24"[39m
                      [33mstroke[39m=[32m"currentColor"[39m
                      [33mstroke-linecap[39m=[32m"round"[39m
                      [33mstroke-linejoin[39m=[32m"round"[39m
                      [33mstroke-width[39m=[32m"2"[39m
                      [33mviewBox[39m=[32m"0 0 24 24"[39m
                      [33mwidth[39m=[32m"24"[39m
                      [33mxmlns[39m=[32m"http://www.w3.org/2000/svg"[39m
                    [36m>[39m
                      [36m<path[39m
                        [33md[39m=[32m"M15 21v-8a1 1 0 0 0-1-1h-4a1 1 0 0 0-1 1v8"[39m
                      [36m/>[39m
                      [36m<path[39m
                        [33md[39m=[32m"M3 10a2 2 0 0 1 .709-1.528l7-5.999a2 2 0 0 1 2.582 0l7 5.999A2 2 0 0 1 21 10v9a2 2 0 0 1-2 2H5a2 2 0 0 1-2-2z"[39m
                      [36m/>[39m
                    [36m</svg>[39m
                    [36m<svg[39m
                      [33maria-hidden[39m=[32m"true"[39m
                      [33mclass[39m=[32m"lucide lucide-map-pin h-12 w-12 text-blue-500 transition-all duration-300 opacity-100 scale-110 transform"[39m
                      [33mfill[39m=[32m"none"[39m
                      [33mheight[39m=[32m"24"[39m
                      [33mstroke[39m=[32m"currentColor"[39m
                      [33mstroke-linecap[39m=[32m"round"[39m
                      [33mstroke-linejoin[39m=[32m"round"[39m
                      [33mstroke-width[39m=[32m"2"[39m
                      [33mviewBox[39m=[32m"0 0 24 24"[39m
                      [33mwidth[39m=[32m"24"[39m
                      [33mxmlns[39m=[32m"http://www.w3.org/2000/svg"[39m
                    [36m>[39m
                      [36m<path[39m
                        [33md[39m=[32m"M20 10c0 4.993-5.539 10.193-7.399 11.799a1 1 0 0 1-1.202 0C9.539 20.193 4 14.993 4 10a8 8 0 0 1 16 0"[39m
                      [36m/>[39m
                      [36m<circle[39m
                        [33mcx[39m=[32m"12"[39m
                        [33mcy[39m=[32m"10"[39m
                        [33mr[39m=[32m"3"[39m
                      [36m/>[39m
                    [36m</svg>[39m
                    [36m<svg[39m
                      [33maria-hidden[39m=[32m"true"[39m
                      [33mclass[39m=[32m"lucide lucide-key h-12 w-12 text-yellow-500 transition-all duration-300 opacity-0 scale-90 absolute inset-0"[39m
                      [33mfill[39m=[32m"none"[39m
                      [33mheight[39m=[32m"24"[39m
                      [33mstroke[39m=[32m"currentColor"[39m
                      [33mstroke-linecap[39m=[32m"round"[39m
                      [33mstroke-linejoin[39m=[32m"round"[39m
                      [33mstroke-width[39m=[32m"2"[39m
                      [33mviewBox[39m=[32m"0 0 24 24"[39m
                      [33mwidth[39m=[32m"24"[39m
                      [33mxmlns[39m=[32m"http://www.w3.org/2000/svg"[39m
                    [36m>[39m
                      [36m<path[39m
                        [33md[39m=[32m"m15.5 7.5 2.3 2.3a1 1 0 0 0 1.4 0l2.1-2.1a1 1 0 0 0 0-1.4L19 4"[39m
                      [36m/>[39m
                      [36m<path[39m
                        [33md[39m=[32m"m21 2-9.6 9.6"[39m
                      [36m/>[39m
                      [36m<circle[39m
                        [33mcx[39m=[32m"7.5"[39m
                        [33mcy[39m=[32m"15.5"[39m
                        [33mr[39m=[32m"5.5"[39m
                      [36m/>[39m
                    [36m</svg>[39m
                    [36m<svg[39m
                      [33maria-hidden[39m=[32m"true"[39m
                      [33mclass[39m=[32m"lucide lucide-heart h-12 w-12 text-pink-500 transition-all duration-300 opacity-0 scale-90 absolute inset-0"[39m
                      [33mfill[39m=[32m"none"[39m
                      [33mheight[39m=[32m"24"[39m
                      [33mstroke[39m=[32m"currentColor"[39m
                      [33mstroke-linecap[39m=[32m"round"[39m
                      [33mstroke-linejoin[39m=[32m"round"[39m
                      [33mstroke-width[39m=[32m"2"[39m
                      [33mviewBox[39m=[32m"0 0 24 24"[39m
                      [33mwidth[39m=[32m"24"[39m
                      [33mxmlns[39m=[32m"http://www.w3.org/2000/svg"[39m
                    [36m>[39m
                      [36m<path[39m
                        [33md[39m=[32m"M19 14c1.49-1.46 3-3.21 3-5.5A5.5 5.5 0 0 0 16.5 3c-1.76 0-3 .5-4.5 2-1.5-1.5-2.74-2-4.5-2A5.5 5.5 0 0 0 2 8.5c0 2.3 1.5 4.05 3 5.5l7 7Z"[39m
                      [36m/>[39m
                    [36m</svg>[39m
                  [36m</div>[39m
                [36m</div>[39m
              [36m</div>[39m
              [36m<div[39m
                [33mclass[39m=[32m"flex space-x-1 mb-3"[39m
              [36m>[39m
                [36m<div[39m
                  [33mclass[39m=[32m"w-2 h-2 bg-red-500 rounded-full animate-bounce"[39m
                  [33mstyle[39m=[32m"animation-delay: 0s;"[39m
                [36m/>[39m
                [36m<div[39m
                  [33mclass[39m=[32m"w-2 h-2 bg-red-500 rounded-full animate-bounce"[39m
                  [33mstyle[39m=[32m"animation-delay: 0.2s;"[39m
                [36m/>[39m
                [36m<div[39m
                  [33mclass[39m=[32m"w-2 h-2 bg-red-500 rounded-full animate-bounce"[39m
                  [33mstyle[39m=[32m"animation-delay: 0.4s;"[39m
                [36m/>[39m
              [36m</div>[39m
              [36m<p[39m
                [33mclass[39m=[32m"text-gray-700 text-sm font-medium text-center"[39m
              [36m>[39m
                [0mPo ngarkohet harta...[0m
              [36m</p>[39m
              [36m<div[39m
                [33mclass[39m=[32m"w-32 h-1 bg-gray-200 rounded-full mt-3 overflow-hidden"[39m
              [36m>[39m
                [36m<div[39m
                  [33mclass[39m=[32m"h-full bg-gradient-to-r from-red-500 to-blue-500 rounded-full animate-pulse"[39m
                [36m/>[39m
              [36m</div>[39m
            [36m</div>[39m
          [36m</div>[39m
        [36m</div>[39m
      [36m</div>[39m
    [36m</body>[39m

      141 |     render(<FullMapView />);
      142 |     
    > 143 |     await waitFor(() => {
          |                  ^
      144 |       const markers = screen.getAllByTestId('marker');
      145 |       expect(markers.length).toBeGreaterThan(0);
      146 |     });

      at waitForWrapper (node_modules/@testing-library/dom/dist/wait-for.js:163:27)
      at Object.<anonymous> (src/components/__tests__/FullMapView.test.tsx:143:18)

  ● FullMapView Component › handles search filter changes

    TestingLibraryElementError: Unable to find a label with the text of: /min price/i

    Ignored nodes: comments, script, style
    [36m<body>[39m
      [36m<div>[39m
        [36m<div[39m
          [33mclass[39m=[32m"relative h-full w-full"[39m
        [36m>[39m
          [36m<div[39m
            [33mclass[39m=[32m"absolute left-4 top-4 z-50 map-filters-overlay pointer-events-none w-full max-w-[min(92vw,360px)] sm:w-auto sm:max-w-sm"[39m
          [36m>[39m
            [36m<div[39m
              [33mclass[39m=[32m"pointer-events-auto bg-white/95 backdrop-blur rounded-lg shadow border border-gray-200 p-2"[39m
            [36m>[39m
              [36m<div[39m
                [33mclass[39m=[32m"relative w-full"[39m
              [36m>[39m
                [36m<div[39m
                  [33mclass[39m=[32m"relative"[39m
                [36m>[39m
                  [36m<div[39m
                    [33mclass[39m=[32m"absolute inset-y-0 left-0 pl-3 flex items-center pointer-events-none"[39m
                  [36m>[39m
                    [36m<svg[39m
                      [33maria-hidden[39m=[32m"true"[39m
                      [33mclass[39m=[32m"lucide lucide-search h-4 w-4 text-gray-400"[39m
                      [33mfill[39m=[32m"none"[39m
                      [33mheight[39m=[32m"24"[39m
                      [33mstroke[39m=[32m"currentColor"[39m
                      [33mstroke-linecap[39m=[32m"round"[39m
                      [33mstroke-linejoin[39m=[32m"round"[39m
                      [33mstroke-width[39m=[32m"2"[39m
                      [33mviewBox[39m=[32m"0 0 24 24"[39m
                      [33mwidth[39m=[32m"24"[39m
                      [33mxmlns[39m=[32m"http://www.w3.org/2000/svg"[39m
                    [36m>[39m
                      [36m<path[39m
                        [33md[39m=[32m"m21 21-4.34-4.34"[39m
                      [36m/>[39m
                      [36m<circle[39m
                        [33mcx[39m=[32m"11"[39m
                        [33mcy[39m=[32m"11"[39m
                        [33mr[39m=[32m"8"[39m
                      [36m/>[39m
                    [36m</svg>[39m
                  [36m</div>[39m
                  [36m<input[39m
                    [33mclass[39m=[32m"block w-full pl-10 pr-20 py-3 border border-gray-300 rounded-lg focus:outline-none focus:ring-2 focus:ring-blue-500 focus:border-transparent"[39m
                    [33mplaceholder[39m=[32m"Kërko pranë një vendndodhjeje..."[39m
                    [33mtype[39m=[32m"text"[39m
                    [33mvalue[39m=[32m""[39m
                  [36m/>[39m
                  [36m<div[39m
                    [33mclass[39m=[32m"absolute inset-y-0 right-0 flex items-center"[39m
                  [36m>[39m
                    [36m<button[39m
                      [33mclass[39m=[32m"p-2 mr-1 text-blue-600 hover:text-blue-700 transition-colors"[39m
                      [33mtitle[39m=[32m"Use current location"[39m
                    [36m>[39m
                      [36m<svg[39m
                        [33maria-hidden[39m=[32m"true"[39m
                        [33mclass[39m=[32m"lucide lucide-target h-4 w-4"[39m
                        [33mfill[39m=[32m"none"[39m
                        [33mheight[39m=[32m"24"[39m
                        [33mstroke[39m=[32m"currentColor"[39m
                        [33mstroke-linecap[39m=[32m"round"[39m
                        [33mstroke-linejoin[39m=[32m"round"[39m
                        [33mstroke-width[39m=[32m"2"[39m
                        [33mviewBox[39m=[32m"0 0 24 24"[39m
                        [33mwidth[39m=[32m"24"[39m
                        [33mxmlns[39m=[32m"http://www.w3.org/2000/svg"[39m
                      [36m>[39m
                        [36m<circle[39m
                          [33mcx[39m=[32m"12"[39m
                          [33mcy[39m=[32m"12"[39m
                          [33mr[39m=[32m"10"[39m
                        [36m/>[39m
                        [36m<circle[39m
                          [33mcx[39m=[32m"12"[39m
                          [33mcy[39m=[32m"12"[39m
                          [33mr[39m=[32m"6"[39m
                        [36m/>[39m
                        [36m<circle[39m
                          [33mcx[39m=[32m"12"[39m
                          [33mcy[39m=[32m"12"[39m
                          [33mr[39m=[32m"2"[39m
                        [36m/>[39m
                      [36m</svg>[39m
                    [36m</button>[39m
                  [36m</div>[39m
                [36m</div>[39m
              [36m</div>[39m
            [36m</div>[39m
          [36m</div>[39m
          [36m<div[39m
            [33mclass[39m=[32m"h-full w-full bg-gray-50"[39m
            [33mstyle[39m=[32m"margin-right: 0px;"[39m
          [36m/>[39m
          [36m<div[39m
            [33mclass[39m=[32m"absolute z-50 map-controls-overlay"[39m
            [33mstyle[39m=[32m"right: 1rem; bottom: auto; top: 1rem;"[39m
          [36m>[39m
            [36m<div[39m
              [33mclass[39m=[32m"flex items-center gap-2"[39m
            [36m>[39m
              [36m<div[39m
                [33mclass[39m=[32m"bg-white rounded-md shadow border border-gray-200 p-1 flex items-center gap-1"[39m
              [36m>[39m
                [36m<button[39m
                  [33mclass[39m=[32m"px-2 py-1 text-[11px] rounded-sm transition-colors bg-blue-600 text-white"[39m
                  [33mtitle[39m=[32m"Rrugë"[39m
                [36m>[39m
                  [0m��️ Rrugë[0m
                [36m</button>[39m
                [36m<button[39m
                  [33mclass[39m=[32m"px-2 py-1 text-[11px] rounded-sm transition-colors text-blue-600 hover:bg-blue-50"[39m
                  [33mtitle[39m=[32m"Satelit"[39m
                [36m>[39m
                  [0m��️ Satelit[0m
                [36m</button>[39m
                [36m<button[39m
                  [33mclass[39m=[32m"px-2 py-1 text-[11px] rounded-sm transition-colors text-blue-600 hover:bg-blue-50"[39m
                  [33mtitle[39m=[32m"Teren"[39m
                [36m>[39m
                  [0m��️ Teren[0m
                [36m</button>[39m
              [36m</div>[39m
              [36m<button[39m
                [33mclass[39m=[32m"bg-white hover:bg-blue-50 p-2 rounded-md shadow border border-gray-200 transition-colors"[39m
                [33mtitle[39m=[32m"Rivendos pamjen"[39m
              [36m>[39m
                [36m<svg[39m
                  [33maria-hidden[39m=[32m"true"[39m
                  [33mclass[39m=[32m"lucide lucide-house h-3 w-3 text-blue-600"[39m
                  [33mfill[39m=[32m"none"[39m
                  [33mheight[39m=[32m"24"[39m
                  [33mstroke[39m=[32m"currentColor"[39m
                  [33mstroke-linecap[39m=[32m"round"[39m
                  [33mstroke-linejoin[39m=[32m"round"[39m
                  [33mstroke-width[39m=[32m"2"[39m
                  [33mviewBox[39m=[32m"0 0 24 24"[39m
                  [33mwidth[39m=[32m"24"[39m
                  [33mxmlns[39m=[32m"http://www.w3.org/2000/svg"[39m
                [36m>[39m
                  [36m<path[39m
                    [33md[39m=[32m"M15 21v-8a1 1 0 0 0-1-1h-4a1 1 0 0 0-1 1v8"[39m
                  [36m/>[39m
                  [36m<path[39m
                    [33md[39m=[32m"M3 10a2 2 0 0 1 .709-1.528l7-5.999a2 2 0 0 1 2.582 0l7 5.999A2 2 0 0 1 21 10v9a2 2 0 0 1-2 2H5a2 2 0 0 1-2-2z"[39m
                  [36m/>[39m
                [36m</svg>[39m
              [36m</button>[39m
            [36m</div>[39m
          [36m</div>[39m
          [36m<div[39m
            [33mclass[39m=[32m"absolute inset-0 bg-linear-to-br from-blue-50 to-green-50 bg-opacity-95 flex items-center justify-center"[39m
          [36m>[39m
            [36m<div[39m
              [33mclass[39m=[32m"flex flex-col items-center justify-center p-8"[39m
            [36m>[39m
              [36m<div[39m
                [33mclass[39m=[32m"relative mb-4"[39m
              [36m>[39m
                [36m<div[39m
                  [33mclass[39m=[32m"absolute inset-0 bg-gradient-to-r from-red-100 to-blue-100 rounded-full animate-pulse"[39m
                [36m/>[39m
                [36m<div[39m
                  [33mclass[39m=[32m"relative bg-white rounded-full p-4 shadow-lg"[39m
                [36m>[39m
                  [36m<div[39m
                    [33mclass[39m=[32m"absolute inset-0 bg-gradient-to-r from-red-500 via-blue-500 to-yellow-500 rounded-full animate-spin opacity-20"[39m
                  [36m/>[39m
                  [36m<div[39m
                    [33mclass[39m=[32m"relative z-10"[39m
                  [36m>[39m
                    [36m<svg[39m
                      [33maria-hidden[39m=[32m"true"[39m
                      [33mclass[39m=[32m"lucide lucide-house h-12 w-12 text-red-500 transition-all duration-300 opacity-100 scale-110 transform"[39m
                      [33mfill[39m=[32m"none"[39m
                      [33mheight[39m=[32m"24"[39m
                      [33mstroke[39m=[32m"currentColor"[39m
                      [33mstroke-linecap[39m=[32m"round"[39m
                      [33mstroke-linejoin[39m=[32m"round"[39m
                      [33mstroke-width[39m=[32m"2"[39m
                      [33mviewBox[39m=[32m"0 0 24 24"[39m
                      [33mwidth[39m=[32m"24"[39m
                      [33mxmlns[39m=[32m"http://www.w3.org/2000/svg"[39m
                    [36m>[39m
                      [36m<path[39m
                        [33md[39m=[32m"M15 21v-8a1 1 0 0 0-1-1h-4a1 1 0 0 0-1 1v8"[39m
                      [36m/>[39m
                      [36m<path[39m
                        [33md[39m=[32m"M3 10a2 2 0 0 1 .709-1.528l7-5.999a2 2 0 0 1 2.582 0l7 5.999A2 2 0 0 1 21 10v9a2 2 0 0 1-2 2H5a2 2 0 0 1-2-2z"[39m
                      [36m/>[39m
                    [36m</svg>[39m
                    [36m<svg[39m
                      [33maria-hidden[39m=[32m"true"[39m
                      [33mclass[39m=[32m"lucide lucide-map-pin h-12 w-12 text-blue-500 transition-all duration-300 opacity-0 scale-90 absolute inset-0"[39m
                      [33mfill[39m=[32m"none"[39m
                      [33mheight[39m=[32m"24"[39m
                      [33mstroke[39m=[32m"currentColor"[39m
                      [33mstroke-linecap[39m=[32m"round"[39m
                      [33mstroke-linejoin[39m=[32m"round"[39m
                      [33mstroke-width[39m=[32m"2"[39m
                      [33mviewBox[39m=[32m"0 0 24 24"[39m
                      [33mwidth[39m=[32m"24"[39m
                      [33mxmlns[39m=[32m"http://www.w3.org/2000/svg"[39m
                    [36m>[39m
                      [36m<path[39m
                        [33md[39m=[32m"M20 10c0 4.993-5.539 10.193-7.399 11.799a1 1 0 0 1-1.202 0C9.539 20.193 4 14.993 4 10a8 8 0 0 1 16 0"[39m
                      [36m/>[39m
                      [36m<circle[39m
                        [33mcx[39m=[32m"12"[39m
                        [33mcy[39m=[32m"10"[39m
                        [33mr[39m=[32m"3"[39m
                      [36m/>[39m
                    [36m</svg>[39m
                    [36m<svg[39m
                      [33maria-hidden[39m=[32m"true"[39m
                      [33mclass[39m=[32m"lucide lucide-key h-12 w-12 text-yellow-500 transition-all duration-300 opacity-0 scale-90 absolute inset-0"[39m
                      [33mfill[39m=[32m"none"[39m
                      [33mheight[39m=[32m"24"[39m
                      [33mstroke[39m=[32m"currentColor"[39m
                      [33mstroke-linecap[39m=[32m"round"[39m
                      [33mstroke-linejoin[39m=[32m"round"[39m
                      [33mstroke-width[39m=[32m"2"[39m
                      [33mviewBox[39m=[32m"0 0 24 24"[39m
                      [33mwidth[39m=[32m"24"[39m
                      [33mxmlns[39m=[32m"http://www.w3.org/2000/svg"[39m
                    [36m>[39m
                      [36m<path[39m
                        [33md[39m=[32m"m15.5 7.5 2.3 2.3a1 1 0 0 0 1.4 0l2.1-2.1a1 1 0 0 0 0-1.4L19 4"[39m
                      [36m/>[39m
                      [36m<path[39m
                        [33md[39m=[32m"m21 2-9.6 9.6"[39m
                      [36m/>[39m
                      [36m<circle[39m
                        [33mcx[39m=[32m"7.5"[39m
                        [33mcy[39m=[32m"15.5"[39m
                        [33mr[39m=[32m"5.5"[39m
                      [36m/>[39m
                    [36m</svg>[39m
                    [36m<svg[39m
                      [33maria-hidden[39m=[32m"true"[39m
                      [33mclass[39m=[32m"lucide lucide-heart h-12 w-12 text-pink-500 transition-all duration-300 opacity-0 scale-90 absolute inset-0"[39m
                      [33mfill[39m=[32m"none"[39m
                      [33mheight[39m=[32m"24"[39m
                      [33mstroke[39m=[32m"currentColor"[39m
                      [33mstroke-linecap[39m=[32m"round"[39m
                      [33mstroke-linejoin[39m=[32m"round"[39m
                      [33mstroke-width[39m=[32m"2"[39m
                      [33mviewBox[39m=[32m"0 0 24 24"[39m
                      [33mwidth[39m=[32m"24"[39m
                      [33mxmlns[39m=[32m"http://www.w3.org/2000/svg"[39m
                    [36m>[39m
                      [36m<path[39m
                        [33md[39m=[32m"M19 14c1.49-1.46 3-3.21 3-5.5A5.5 5.5 0 0 0 16.5 3c-1.76 0-3 .5-4.5 2-1.5-1.5-2.74-2-4.5-2A5.5 5.5 0 0 0 2 8.5c0 2.3 1.5 4.05 3 5.5l7 7Z"[39m
                      [36m/>[39m
                    [36m</svg>[39m
                  [36m</div>[39m
                [36m</div>[39m
              [36m</div>[39m
              [36m<div[39m
                [33mclass[39m=[32m"flex space-x-1 mb-3"[39m
              [36m>[39m
                [36m<div[39m
                  [33mclass[39m=[32m"w-2 h-2 bg-red-500 rounded-full animate-bounce"[39m
                  [33mstyle[39m=[32m"animation-delay: 0s;"[39m
                [36m/>[39m
                [36m<div[39m
                  [33mclass[39m=[32m"w-2 h-2 bg-red-500 rounded-full animate-bounce"[39m
                  [33mstyle[39m=[32m"animation-delay: 0.2s;"[39m
                [36m/>[39m
                [36m<div[39m
                  [33mclass[39m=[32m"w-2 h-2 bg-red-500 rounded-full animate-bounce"[39m
                  [33mstyle[39m=[32m"animation-delay: 0.4s;"[39m
                [36m/>[39m
              [36m</div>[39m
              [36m<p[39m
                [33mclass[39m=[32m"text-gray-700 text-sm font-medium text-center"[39m
              [36m>[39m
                [0mPo ngarkohet harta...[0m
              [36m</p>[39m
              [36m<div[39m
                [33mclass[39m=[32m"w-32 h-1 bg-gray-200 rounded-full mt-3 overflow-hidden"[39m
              [36m>[39m
                [36m<div[39m
                  [33mclass[39m=[32m"h-full bg-gradient-to-r from-red-500 to-blue-500 rounded-full animate-pulse"[39m
                [36m/>[39m
              [36m</div>[39m
            [36m</div>[39m
          [36m</div>[39m
        [36m</div>[39m
      [36m</div>[39m
    [36m</body>[39m

      153 |     render(<FullMapView />);
      154 |     
    > 155 |     const priceInput = screen.getByLabelText(/min price/i);
          |                               ^
      156 |     fireEvent.change(priceInput, { target: { value: '500000' } });
      157 |     
      158 |     await waitFor(() => {

      at Object.getElementError (node_modules/@testing-library/dom/dist/config.js:37:19)
      at getAllByLabelText (node_modules/@testing-library/dom/dist/queries/label-text.js:111:38)
      at node_modules/@testing-library/dom/dist/query-helpers.js:52:17
      at node_modules/@testing-library/dom/dist/query-helpers.js:95:19
      at Object.getByLabelText (src/components/__tests__/FullMapView.test.tsx:155:31)

  ● FullMapView Component › handles loading state

    TestingLibraryElementError: Unable to find an element with the text: Loading properties.... This could be because the text is broken up by multiple elements. In this case, you can provide a function for your text matcher to make your matcher more flexible.

    Ignored nodes: comments, script, style
    [36m<body>[39m
      [36m<div>[39m
        [36m<div[39m
          [33mclass[39m=[32m"relative h-full w-full"[39m
        [36m>[39m
          [36m<div[39m
            [33mclass[39m=[32m"absolute left-4 top-4 z-50 map-filters-overlay pointer-events-none w-full max-w-[min(92vw,360px)] sm:w-auto sm:max-w-sm"[39m
          [36m>[39m
            [36m<div[39m
              [33mclass[39m=[32m"pointer-events-auto bg-white/95 backdrop-blur rounded-lg shadow border border-gray-200 p-2"[39m
            [36m>[39m
              [36m<div[39m
                [33mclass[39m=[32m"relative w-full"[39m
              [36m>[39m
                [36m<div[39m
                  [33mclass[39m=[32m"relative"[39m
                [36m>[39m
                  [36m<div[39m
                    [33mclass[39m=[32m"absolute inset-y-0 left-0 pl-3 flex items-center pointer-events-none"[39m
                  [36m>[39m
                    [36m<svg[39m
                      [33maria-hidden[39m=[32m"true"[39m
                      [33mclass[39m=[32m"lucide lucide-search h-4 w-4 text-gray-400"[39m
                      [33mfill[39m=[32m"none"[39m
                      [33mheight[39m=[32m"24"[39m
                      [33mstroke[39m=[32m"currentColor"[39m
                      [33mstroke-linecap[39m=[32m"round"[39m
                      [33mstroke-linejoin[39m=[32m"round"[39m
                      [33mstroke-width[39m=[32m"2"[39m
                      [33mviewBox[39m=[32m"0 0 24 24"[39m
                      [33mwidth[39m=[32m"24"[39m
                      [33mxmlns[39m=[32m"http://www.w3.org/2000/svg"[39m
                    [36m>[39m
                      [36m<path[39m
                        [33md[39m=[32m"m21 21-4.34-4.34"[39m
                      [36m/>[39m
                      [36m<circle[39m
                        [33mcx[39m=[32m"11"[39m
                        [33mcy[39m=[32m"11"[39m
                        [33mr[39m=[32m"8"[39m
                      [36m/>[39m
                    [36m</svg>[39m
                  [36m</div>[39m
                  [36m<input[39m
                    [33mclass[39m=[32m"block w-full pl-10 pr-20 py-3 border border-gray-300 rounded-lg focus:outline-none focus:ring-2 focus:ring-blue-500 focus:border-transparent"[39m
                    [33mplaceholder[39m=[32m"Kërko pranë një vendndodhjeje..."[39m
                    [33mtype[39m=[32m"text"[39m
                    [33mvalue[39m=[32m""[39m
                  [36m/>[39m
                  [36m<div[39m
                    [33mclass[39m=[32m"absolute inset-y-0 right-0 flex items-center"[39m
                  [36m>[39m
                    [36m<button[39m
                      [33mclass[39m=[32m"p-2 mr-1 text-blue-600 hover:text-blue-700 transition-colors"[39m
                      [33mtitle[39m=[32m"Use current location"[39m
                    [36m>[39m
                      [36m<svg[39m
                        [33maria-hidden[39m=[32m"true"[39m
                        [33mclass[39m=[32m"lucide lucide-target h-4 w-4"[39m
                        [33mfill[39m=[32m"none"[39m
                        [33mheight[39m=[32m"24"[39m
                        [33mstroke[39m=[32m"currentColor"[39m
                        [33mstroke-linecap[39m=[32m"round"[39m
                        [33mstroke-linejoin[39m=[32m"round"[39m
                        [33mstroke-width[39m=[32m"2"[39m
                        [33mviewBox[39m=[32m"0 0 24 24"[39m
                        [33mwidth[39m=[32m"24"[39m
                        [33mxmlns[39m=[32m"http://www.w3.org/2000/svg"[39m
                      [36m>[39m
                        [36m<circle[39m
                          [33mcx[39m=[32m"12"[39m
                          [33mcy[39m=[32m"12"[39m
                          [33mr[39m=[32m"10"[39m
                        [36m/>[39m
                        [36m<circle[39m
                          [33mcx[39m=[32m"12"[39m
                          [33mcy[39m=[32m"12"[39m
                          [33mr[39m=[32m"6"[39m
                        [36m/>[39m
                        [36m<circle[39m
                          [33mcx[39m=[32m"12"[39m
                          [33mcy[39m=[32m"12"[39m
                          [33mr[39m=[32m"2"[39m
                        [36m/>[39m
                      [36m</svg>[39m
                    [36m</button>[39m
                  [36m</div>[39m
                [36m</div>[39m
              [36m</div>[39m
            [36m</div>[39m
          [36m</div>[39m
          [36m<div[39m
            [33mclass[39m=[32m"h-full w-full bg-gray-50"[39m
            [33mstyle[39m=[32m"margin-right: 0px;"[39m
          [36m/>[39m
          [36m<div[39m
            [33mclass[39m=[32m"absolute z-50 map-controls-overlay"[39m
            [33mstyle[39m=[32m"right: 1rem; bottom: auto; top: 1rem;"[39m
          [36m>[39m
            [36m<div[39m
              [33mclass[39m=[32m"flex items-center gap-2"[39m
            [36m>[39m
              [36m<div[39m
                [33mclass[39m=[32m"bg-white rounded-md shadow border border-gray-200 p-1 flex items-center gap-1"[39m
              [36m>[39m
                [36m<button[39m
                  [33mclass[39m=[32m"px-2 py-1 text-[11px] rounded-sm transition-colors bg-blue-600 text-white"[39m
                  [33mtitle[39m=[32m"Rrugë"[39m
                [36m>[39m
                  [0m��️ Rrugë[0m
                [36m</button>[39m
                [36m<button[39m
                  [33mclass[39m=[32m"px-2 py-1 text-[11px] rounded-sm transition-colors text-blue-600 hover:bg-blue-50"[39m
                  [33mtitle[39m=[32m"Satelit"[39m
                [36m>[39m
                  [0m��️ Satelit[0m
                [36m</button>[39m
                [36m<button[39m
                  [33mclass[39m=[32m"px-2 py-1 text-[11px] rounded-sm transition-colors text-blue-600 hover:bg-blue-50"[39m
                  [33mtitle[39m=[32m"Teren"[39m
                [36m>[39m
                  [0m��️ Teren[0m
                [36m</button>[39m
              [36m</div>[39m
              [36m<button[39m
                [33mclass[39m=[32m"bg-white hover:bg-blue-50 p-2 rounded-md shadow border border-gray-200 transition-colors"[39m
                [33mtitle[39m=[32m"Rivendos pamjen"[39m
              [36m>[39m
                [36m<svg[39m
                  [33maria-hidden[39m=[32m"true"[39m
                  [33mclass[39m=[32m"lucide lucide-house h-3 w-3 text-blue-600"[39m
                  [33mfill[39m=[32m"none"[39m
                  [33mheight[39m=[32m"24"[39m
                  [33mstroke[39m=[32m"currentColor"[39m
                  [33mstroke-linecap[39m=[32m"round"[39m
                  [33mstroke-linejoin[39m=[32m"round"[39m
                  [33mstroke-width[39m=[32m"2"[39m
                  [33mviewBox[39m=[32m"0 0 24 24"[39m
                  [33mwidth[39m=[32m"24"[39m
                  [33mxmlns[39m=[32m"http://www.w3.org/2000/svg"[39m
                [36m>[39m
                  [36m<path[39m
                    [33md[39m=[32m"M15 21v-8a1 1 0 0 0-1-1h-4a1 1 0 0 0-1 1v8"[39m
                  [36m/>[39m
                  [36m<path[39m
                    [33md[39m=[32m"M3 10a2 2 0 0 1 .709-1.528l7-5.999a2 2 0 0 1 2.582 0l7 5.999A2 2 0 0 1 21 10v9a2 2 0 0 1-2 2H5a2 2 0 0 1-2-2z"[39m
                  [36m/>[39m
                [36m</svg>[39m
              [36m</button>[39m
            [36m</div>[39m
          [36m</div>[39m
          [36m<div[39m
            [33mclass[39m=[32m"absolute inset-0 bg-linear-to-br from-blue-50 to-green-50 bg-opacity-95 flex items-center justify-center"[39m
          [36m>[39m
            [36m<div[39m
              [33mclass[39m=[32m"flex flex-col items-center justify-center p-8"[39m
            [36m>[39m
              [36m<div[39m
                [33mclass[39m=[32m"relative mb-4"[39m
              [36m>[39m
                [36m<div[39m
                  [33mclass[39m=[32m"absolute inset-0 bg-gradient-to-r from-red-100 to-blue-100 rounded-full animate-pulse"[39m
                [36m/>[39m
                [36m<div[39m
                  [33mclass[39m=[32m"relative bg-white rounded-full p-4 shadow-lg"[39m
                [36m>[39m
                  [36m<div[39m
                    [33mclass[39m=[32m"absolute inset-0 bg-gradient-to-r from-red-500 via-blue-500 to-yellow-500 rounded-full animate-spin opacity-20"[39m
                  [36m/>[39m
                  [36m<div[39m
                    [33mclass[39m=[32m"relative z-10"[39m
                  [36m>[39m
                    [36m<svg[39m
                      [33maria-hidden[39m=[32m"true"[39m
                      [33mclass[39m=[32m"lucide lucide-house h-12 w-12 text-red-500 transition-all duration-300 opacity-100 scale-110 transform"[39m
                      [33mfill[39m=[32m"none"[39m
                      [33mheight[39m=[32m"24"[39m
                      [33mstroke[39m=[32m"currentColor"[39m
                      [33mstroke-linecap[39m=[32m"round"[39m
                      [33mstroke-linejoin[39m=[32m"round"[39m
                      [33mstroke-width[39m=[32m"2"[39m
                      [33mviewBox[39m=[32m"0 0 24 24"[39m
                      [33mwidth[39m=[32m"24"[39m
                      [33mxmlns[39m=[32m"http://www.w3.org/2000/svg"[39m
                    [36m>[39m
                      [36m<path[39m
                        [33md[39m=[32m"M15 21v-8a1 1 0 0 0-1-1h-4a1 1 0 0 0-1 1v8"[39m
                      [36m/>[39m
                      [36m<path[39m
                        [33md[39m=[32m"M3 10a2 2 0 0 1 .709-1.528l7-5.999a2 2 0 0 1 2.582 0l7 5.999A2 2 0 0 1 21 10v9a2 2 0 0 1-2 2H5a2 2 0 0 1-2-2z"[39m
                      [36m/>[39m
                    [36m</svg>[39m
                    [36m<svg[39m
                      [33maria-hidden[39m=[32m"true"[39m
                      [33mclass[39m=[32m"lucide lucide-map-pin h-12 w-12 text-blue-500 transition-all duration-300 opacity-0 scale-90 absolute inset-0"[39m
                      [33mfill[39m=[32m"none"[39m
                      [33mheight[39m=[32m"24"[39m
                      [33mstroke[39m=[32m"currentColor"[39m
                      [33mstroke-linecap[39m=[32m"round"[39m
                      [33mstroke-linejoin[39m=[32m"round"[39m
                      [33mstroke-width[39m=[32m"2"[39m
                      [33mviewBox[39m=[32m"0 0 24 24"[39m
                      [33mwidth[39m=[32m"24"[39m
                      [33mxmlns[39m=[32m"http://www.w3.org/2000/svg"[39m
                    [36m>[39m
                      [36m<path[39m
                        [33md[39m=[32m"M20 10c0 4.993-5.539 10.193-7.399 11.799a1 1 0 0 1-1.202 0C9.539 20.193 4 14.993 4 10a8 8 0 0 1 16 0"[39m
                      [36m/>[39m
                      [36m<circle[39m
                        [33mcx[39m=[32m"12"[39m
                        [33mcy[39m=[32m"10"[39m
                        [33mr[39m=[32m"3"[39m
                      [36m/>[39m
                    [36m</svg>[39m
                    [36m<svg[39m
                      [33maria-hidden[39m=[32m"true"[39m
                      [33mclass[39m=[32m"lucide lucide-key h-12 w-12 text-yellow-500 transition-all duration-300 opacity-0 scale-90 absolute inset-0"[39m
                      [33mfill[39m=[32m"none"[39m
                      [33mheight[39m=[32m"24"[39m
                      [33mstroke[39m=[32m"currentColor"[39m
                      [33mstroke-linecap[39m=[32m"round"[39m
                      [33mstroke-linejoin[39m=[32m"round"[39m
                      [33mstroke-width[39m=[32m"2"[39m
                      [33mviewBox[39m=[32m"0 0 24 24"[39m
                      [33mwidth[39m=[32m"24"[39m
                      [33mxmlns[39m=[32m"http://www.w3.org/2000/svg"[39m
                    [36m>[39m
                      [36m<path[39m
                        [33md[39m=[32m"m15.5 7.5 2.3 2.3a1 1 0 0 0 1.4 0l2.1-2.1a1 1 0 0 0 0-1.4L19 4"[39m
                      [36m/>[39m
                      [36m<path[39m
                        [33md[39m=[32m"m21 2-9.6 9.6"[39m
                      [36m/>[39m
                      [36m<circle[39m
                        [33mcx[39m=[32m"7.5"[39m
                        [33mcy[39m=[32m"15.5"[39m
                        [33mr[39m=[32m"5.5"[39m
                      [36m/>[39m
                    [36m</svg>[39m
                    [36m<svg[39m
                      [33maria-hidden[39m=[32m"true"[39m
                      [33mclass[39m=[32m"lucide lucide-heart h-12 w-12 text-pink-500 transition-all duration-300 opacity-0 scale-90 absolute inset-0"[39m
                      [33mfill[39m=[32m"none"[39m
                      [33mheight[39m=[32m"24"[39m
                      [33mstroke[39m=[32m"currentColor"[39m
                      [33mstroke-linecap[39m=[32m"round"[39m
                      [33mstroke-linejoin[39m=[32m"round"[39m
                      [33mstroke-width[39m=[32m"2"[39m
                      [33mviewBox[39m=[32m"0 0 24 24"[39m
                      [33mwidth[39m=[32m"24"[39m
                      [33mxmlns[39m=[32m"http://www.w3.org/2000/svg"[39m
                    [36m>[39m
                      [36m<path[39m
                        [33md[39m=[32m"M19 14c1.49-1.46 3-3.21 3-5.5A5.5 5.5 0 0 0 16.5 3c-1.76 0-3 .5-4.5 2-1.5-1.5-2.74-2-4.5-2A5.5 5.5 0 0 0 2 8.5c0 2.3 1.5 4.05 3 5.5l7 7Z"[39m
                      [36m/>[39m
                    [36m</svg>[39m
                  [36m</div>[39m
                [36m</div>[39m
              [36m</div>[39m
              [36m<div[39m
                [33mclass[39m=[32m"flex space-x-1 mb-3"[39m
              [36m>[39m
                [36m<div[39m
                  [33mclass[39m=[32m"w-2 h-2 bg-red-500 rounded-full animate-bounce"[39m
                  [33mstyle[39m=[32m"animation-delay: 0s;"[39m
                [36m/>[39m
                [36m<div[39m
                  [33mclass[39m=[32m"w-2 h-2 bg-red-500 rounded-full animate-bounce"[39m
                  [33mstyle[39m=[32m"animation-delay: 0.2s;"[39m
                [36m/>[39m
                [36m<div[39m
                  [33mclass[39m=[32m"w-2 h-2 bg-red-500 rounded-full animate-bounce"[39m
                  [33mstyle[39m=[32m"animation-delay: 0.4s;"[39m
                [36m/>[39m
              [36m</div>[39m
              [36m<p[39m
                [33mclass[39m=[32m"text-gray-700 text-sm font-medium text-center"[39m
              [36m>[39m
                [0mPo ngarkohet harta...[0m
              [36m</p>[39m
              [36m<div[39m
                [33mclass[39m=[32m"w-32 h-1 bg-gray-200 rounded-full mt-3 overflow-hidden"[39m
              [36m>[39m
                [36m<div[39m
                  [33mclass[39m=[32m"h-full bg-gradient-to-r from-red-500 to-blue-500 rounded-full animate-pulse"[39m
                [36m/>[39m
              [36m</div>[39m
            [36m</div>[39m
          [36m</div>[39m
        [36m</div>[39m
      [36m</div>[39m
    [36m</body>[39m

      166 |     
      167 |     render(<FullMapView />);
    > 168 |     expect(screen.getByText('Loading properties...')).toBeInTheDocument();
          |                   ^
      169 |   });
      170 |
      171 |   it('handles error state', async () => {

      at Object.getElementError (node_modules/@testing-library/dom/dist/config.js:37:19)
      at node_modules/@testing-library/dom/dist/query-helpers.js:76:38
      at node_modules/@testing-library/dom/dist/query-helpers.js:52:17
      at node_modules/@testing-library/dom/dist/query-helpers.js:95:19
      at Object.getByText (src/components/__tests__/FullMapView.test.tsx:168:19)

  ● FullMapView Component › handles error state

    Unable to find an element with the text: /error loading properties/i. This could be because the text is broken up by multiple elements. In this case, you can provide a function for your text matcher to make your matcher more flexible.

    Ignored nodes: comments, script, style
    [36m<body>[39m
      [36m<div>[39m
        [36m<div[39m
          [33mclass[39m=[32m"relative h-full w-full"[39m
        [36m>[39m
          [36m<div[39m
            [33mclass[39m=[32m"absolute left-4 top-4 z-50 map-filters-overlay pointer-events-none w-full max-w-[min(92vw,360px)] sm:w-auto sm:max-w-sm"[39m
          [36m>[39m
            [36m<div[39m
              [33mclass[39m=[32m"pointer-events-auto bg-white/95 backdrop-blur rounded-lg shadow border border-gray-200 p-2"[39m
            [36m>[39m
              [36m<div[39m
                [33mclass[39m=[32m"relative w-full"[39m
              [36m>[39m
                [36m<div[39m
                  [33mclass[39m=[32m"relative"[39m
                [36m>[39m
                  [36m<div[39m
                    [33mclass[39m=[32m"absolute inset-y-0 left-0 pl-3 flex items-center pointer-events-none"[39m
                  [36m>[39m
                    [36m<svg[39m
                      [33maria-hidden[39m=[32m"true"[39m
                      [33mclass[39m=[32m"lucide lucide-search h-4 w-4 text-gray-400"[39m
                      [33mfill[39m=[32m"none"[39m
                      [33mheight[39m=[32m"24"[39m
                      [33mstroke[39m=[32m"currentColor"[39m
                      [33mstroke-linecap[39m=[32m"round"[39m
                      [33mstroke-linejoin[39m=[32m"round"[39m
                      [33mstroke-width[39m=[32m"2"[39m
                      [33mviewBox[39m=[32m"0 0 24 24"[39m
                      [33mwidth[39m=[32m"24"[39m
                      [33mxmlns[39m=[32m"http://www.w3.org/2000/svg"[39m
                    [36m>[39m
                      [36m<path[39m
                        [33md[39m=[32m"m21 21-4.34-4.34"[39m
                      [36m/>[39m
                      [36m<circle[39m
                        [33mcx[39m=[32m"11"[39m
                        [33mcy[39m=[32m"11"[39m
                        [33mr[39m=[32m"8"[39m
                      [36m/>[39m
                    [36m</svg>[39m
                  [36m</div>[39m
                  [36m<input[39m
                    [33mclass[39m=[32m"block w-full pl-10 pr-20 py-3 border border-gray-300 rounded-lg focus:outline-none focus:ring-2 focus:ring-blue-500 focus:border-transparent"[39m
                    [33mplaceholder[39m=[32m"Kërko pranë një vendndodhjeje..."[39m
                    [33mtype[39m=[32m"text"[39m
                    [33mvalue[39m=[32m""[39m
                  [36m/>[39m
                  [36m<div[39m
                    [33mclass[39m=[32m"absolute inset-y-0 right-0 flex items-center"[39m
                  [36m>[39m
                    [36m<button[39m
                      [33mclass[39m=[32m"p-2 mr-1 text-blue-600 hover:text-blue-700 transition-colors"[39m
                      [33mtitle[39m=[32m"Use current location"[39m
                    [36m>[39m
                      [36m<svg[39m
                        [33maria-hidden[39m=[32m"true"[39m
                        [33mclass[39m=[32m"lucide lucide-target h-4 w-4"[39m
                        [33mfill[39m=[32m"none"[39m
                        [33mheight[39m=[32m"24"[39m
                        [33mstroke[39m=[32m"currentColor"[39m
                        [33mstroke-linecap[39m=[32m"round"[39m
                        [33mstroke-linejoin[39m=[32m"round"[39m
                        [33mstroke-width[39m=[32m"2"[39m
                        [33mviewBox[39m=[32m"0 0 24 24"[39m
                        [33mwidth[39m=[32m"24"[39m
                        [33mxmlns[39m=[32m"http://www.w3.org/2000/svg"[39m
                      [36m>[39m
                        [36m<circle[39m
                          [33mcx[39m=[32m"12"[39m
                          [33mcy[39m=[32m"12"[39m
                          [33mr[39m=[32m"10"[39m
                        [36m/>[39m
                        [36m<circle[39m
                          [33mcx[39m=[32m"12"[39m
                          [33mcy[39m=[32m"12"[39m
                          [33mr[39m=[32m"6"[39m
                        [36m/>[39m
                        [36m<circle[39m
                          [33mcx[39m=[32m"12"[39m
                          [33mcy[39m=[32m"12"[39m
                          [33mr[39m=[32m"2"[39m
                        [36m/>[39m
                      [36m</svg>[39m
                    [36m</button>[39m
                  [36m</div>[39m
                [36m</div>[39m
              [36m</div>[39m
            [36m</div>[39m
          [36m</div>[39m
          [36m<div[39m
            [33mclass[39m=[32m"h-full w-full bg-gray-50"[39m
            [33mstyle[39m=[32m"margin-right: 0px;"[39m
          [36m/>[39m
          [36m<div[39m
            [33mclass[39m=[32m"absolute z-50 map-controls-overlay"[39m
            [33mstyle[39m=[32m"right: 1rem; bottom: auto; top: 1rem;"[39m
          [36m>[39m
            [36m<div[39m
              [33mclass[39m=[32m"flex items-center gap-2"[39m
            [36m>[39m
              [36m<div[39m
                [33mclass[39m=[32m"bg-white rounded-md shadow border border-gray-200 p-1 flex items-center gap-1"[39m
              [36m>[39m
                [36m<button[39m
                  [33mclass[39m=[32m"px-2 py-1 text-[11px] rounded-sm transition-colors bg-blue-600 text-white"[39m
                  [33mtitle[39m=[32m"Rrugë"[39m
                [36m>[39m
                  [0m��️ Rrugë[0m
                [36m</button>[39m
                [36m<button[39m
                  [33mclass[39m=[32m"px-2 py-1 text-[11px] rounded-sm transition-colors text-blue-600 hover:bg-blue-50"[39m
                  [33mtitle[39m=[32m"Satelit"[39m
                [36m>[39m
                  [0m��️ Satelit[0m
                [36m</button>[39m
                [36m<button[39m
                  [33mclass[39m=[32m"px-2 py-1 text-[11px] rounded-sm transition-colors text-blue-600 hover:bg-blue-50"[39m
                  [33mtitle[39m=[32m"Teren"[39m
                [36m>[39m
                  [0m��️ Teren[0m
                [36m</button>[39m
              [36m</div>[39m
              [36m<button[39m
                [33mclass[39m=[32m"bg-white hover:bg-blue-50 p-2 rounded-md shadow border border-gray-200 transition-colors"[39m
                [33mtitle[39m=[32m"Rivendos pamjen"[39m
              [36m>[39m
                [36m<svg[39m
                  [33maria-hidden[39m=[32m"true"[39m
                  [33mclass[39m=[32m"lucide lucide-house h-3 w-3 text-blue-600"[39m
                  [33mfill[39m=[32m"none"[39m
                  [33mheight[39m=[32m"24"[39m
                  [33mstroke[39m=[32m"currentColor"[39m
                  [33mstroke-linecap[39m=[32m"round"[39m
                  [33mstroke-linejoin[39m=[32m"round"[39m
                  [33mstroke-width[39m=[32m"2"[39m
                  [33mviewBox[39m=[32m"0 0 24 24"[39m
                  [33mwidth[39m=[32m"24"[39m
                  [33mxmlns[39m=[32m"http://www.w3.org/2000/svg"[39m
                [36m>[39m
                  [36m<path[39m
                    [33md[39m=[32m"M15 21v-8a1 1 0 0 0-1-1h-4a1 1 0 0 0-1 1v8"[39m
                  [36m/>[39m
                  [36m<path[39m
                    [33md[39m=[32m"M3 10a2 2 0 0 1 .709-1.528l7-5.999a2 2 0 0 1 2.582 0l7 5.999A2 2 0 0 1 21 10v9a2 2 0 0 1-2 2H5a2 2 0 0 1-2-2z"[39m
                  [36m/>[39m
                [36m</svg>[39m
              [36m</button>[39m
            [36m</div>[39m
          [36m</div>[39m
          [36m<div[39m
            [33mclass[39m=[32m"absolute inset-0 bg-linear-to-br from-blue-50 to-green-50 bg-opacity-95 flex items-center justify-center"[39m
          [36m>[39m
            [36m<div[39m
              [33mclass[39m=[32m"flex flex-col items-center justify-center p-8"[39m
            [36m>[39m
              [36m<div[39m
                [33mclass[39m=[32m"relative mb-4"[39m
              [36m>[39m
                [36m<div[39m
                  [33mclass[39m=[32m"absolute inset-0 bg-gradient-to-r from-red-100 to-blue-100 rounded-full animate-pulse"[39m
                [36m/>[39m
                [36m<div[39m
                  [33mclass[39m=[32m"relative bg-white rounded-full p-4 shadow-lg"[39m
                [36m>[39m
                  [36m<div[39m
                    [33mclass[39m=[32m"absolute inset-0 bg-gradient-to-r from-red-500 via-blue-500 to-yellow-500 rounded-full animate-spin opacity-20"[39m
                  [36m/>[39m
                  [36m<div[39m
                    [33mclass[39m=[32m"relative z-10"[39m
                  [36m>[39m
                    [36m<svg[39m
                      [33maria-hidden[39m=[32m"true"[39m
                      [33mclass[39m=[32m"lucide lucide-house h-12 w-12 text-red-500 transition-all duration-300 opacity-0 scale-90 absolute inset-0"[39m
                      [33mfill[39m=[32m"none"[39m
                      [33mheight[39m=[32m"24"[39m
                      [33mstroke[39m=[32m"currentColor"[39m
                      [33mstroke-linecap[39m=[32m"round"[39m
                      [33mstroke-linejoin[39m=[32m"round"[39m
                      [33mstroke-width[39m=[32m"2"[39m
                      [33mviewBox[39m=[32m"0 0 24 24"[39m
                      [33mwidth[39m=[32m"24"[39m
                      [33mxmlns[39m=[32m"http://www.w3.org/2000/svg"[39m
                    [36m>[39m
                      [36m<path[39m
                        [33md[39m=[32m"M15 21v-8a1 1 0 0 0-1-1h-4a1 1 0 0 0-1 1v8"[39m
                      [36m/>[39m
                      [36m<path[39m
                        [33md[39m=[32m"M3 10a2 2 0 0 1 .709-1.528l7-5.999a2 2 0 0 1 2.582 0l7 5.999A2 2 0 0 1 21 10v9a2 2 0 0 1-2 2H5a2 2 0 0 1-2-2z"[39m
                      [36m/>[39m
                    [36m</svg>[39m
                    [36m<svg[39m
                      [33maria-hidden[39m=[32m"true"[39m
                      [33mclass[39m=[32m"lucide lucide-map-pin h-12 w-12 text-blue-500 transition-all duration-300 opacity-100 scale-110 transform"[39m
                      [33mfill[39m=[32m"none"[39m
                      [33mheight[39m=[32m"24"[39m
                      [33mstroke[39m=[32m"currentColor"[39m
                      [33mstroke-linecap[39m=[32m"round"[39m
                      [33mstroke-linejoin[39m=[32m"round"[39m
                      [33mstroke-width[39m=[32m"2"[39m
                      [33mviewBox[39m=[32m"0 0 24 24"[39m
                      [33mwidth[39m=[32m"24"[39m
                      [33mxmlns[39m=[32m"http://www.w3.org/2000/svg"[39m
                    [36m>[39m
                      [36m<path[39m
                        [33md[39m=[32m"M20 10c0 4.993-5.539 10.193-7.399 11.799a1 1 0 0 1-1.202 0C9.539 20.193 4 14.993 4 10a8 8 0 0 1 16 0"[39m
                      [36m/>[39m
                      [36m<circle[39m
                        [33mcx[39m=[32m"12"[39m
                        [33mcy[39m=[32m"10"[39m
                        [33mr[39m=[32m"3"[39m
                      [36m/>[39m
                    [36m</svg>[39m
                    [36m<svg[39m
                      [33maria-hidden[39m=[32m"true"[39m
                      [33mclass[39m=[32m"lucide lucide-key h-12 w-12 text-yellow-500 transition-all duration-300 opacity-0 scale-90 absolute inset-0"[39m
                      [33mfill[39m=[32m"none"[39m
                      [33mheight[39m=[32m"24"[39m
                      [33mstroke[39m=[32m"currentColor"[39m
                      [33mstroke-linecap[39m=[32m"round"[39m
                      [33mstroke-linejoin[39m=[32m"round"[39m
                      [33mstroke-width[39m=[32m"2"[39m
                      [33mviewBox[39m=[32m"0 0 24 24"[39m
                      [33mwidth[39m=[32m"24"[39m
                      [33mxmlns[39m=[32m"http://www.w3.org/2000/svg"[39m
                    [36m>[39m
                      [36m<path[39m
                        [33md[39m=[32m"m15.5 7.5 2.3 2.3a1 1 0 0 0 1.4 0l2.1-2.1a1 1 0 0 0 0-1.4L19 4"[39m
                      [36m/>[39m
                      [36m<path[39m
                        [33md[39m=[32m"m21 2-9.6 9.6"[39m
                      [36m/>[39m
                      [36m<circle[39m
                        [33mcx[39m=[32m"7.5"[39m
                        [33mcy[39m=[32m"15.5"[39m
                        [33mr[39m=[32m"5.5"[39m
                      [36m/>[39m
                    [36m</svg>[39m
                    [36m<svg[39m
                      [33maria-hidden[39m=[32m"true"[39m
                      [33mclass[39m=[32m"lucide lucide-heart h-12 w-12 text-pink-500 transition-all duration-300 opacity-0 scale-90 absolute inset-0"[39m
                      [33mfill[39m=[32m"none"[39m
                      [33mheight[39m=[32m"24"[39m
                      [33mstroke[39m=[32m"currentColor"[39m
                      [33mstroke-linecap[39m=[32m"round"[39m
                      [33mstroke-linejoin[39m=[32m"round"[39m
                      [33mstroke-width[39m=[32m"2"[39m
                      [33mviewBox[39m=[32m"0 0 24 24"[39m
                      [33mwidth[39m=[32m"24"[39m
                      [33mxmlns[39m=[32m"http://www.w3.org/2000/svg"[39m
                    [36m>[39m
                      [36m<path[39m
                        [33md[39m=[32m"M19 14c1.49-1.46 3-3.21 3-5.5A5.5 5.5 0 0 0 16.5 3c-1.76 0-3 .5-4.5 2-1.5-1.5-2.74-2-4.5-2A5.5 5.5 0 0 0 2 8.5c0 2.3 1.5 4.05 3 5.5l7 7Z"[39m
                      [36m/>[39m
                    [36m</svg>[39m
                  [36m</div>[39m
                [36m</div>[39m
              [36m</div>[39m
              [36m<div[39m
                [33mclass[39m=[32m"flex space-x-1 mb-3"[39m
              [36m>[39m
                [36m<div[39m
                  [33mclass[39m=[32m"w-2 h-2 bg-red-500 rounded-full animate-bounce"[39m
                  [33mstyle[39m=[32m"animation-delay: 0s;"[39m
                [36m/>[39m
                [36m<div[39m
                  [33mclass[39m=[32m"w-2 h-2 bg-red-500 rounded-full animate-bounce"[39m
                  [33mstyle[39m=[32m"animation-delay: 0.2s;"[39m
                [36m/>[39m
                [36m<div[39m
                  [33mclass[39m=[32m"w-2 h-2 bg-red-500 rounded-full animate-bounce"[39m
                  [33mstyle[39m=[32m"animation-delay: 0.4s;"[39m
                [36m/>[39m
              [36m</div>[39m
              [36m<p[39m
                [33mclass[39m=[32m"text-gray-700 text-sm font-medium text-center"[39m
              [36m>[39m
                [0mPo ngarkohet harta...[0m
              [36m</p>[39m
              [36m<div[39m
                [33mclass[39m=[32m"w-32 h-1 bg-gray-200 rounded-full mt-3 overflow-hidden"[39m
              [36m>[39m
                [36m<div[39m
                  [33mclass[39m=[32m"h-full bg-gradient-to-r from-red-500 to-blue-500 rounded-full animate-pulse"[39m
                [36m/>[39m
              [36m</div>[39m
            [36m</div>[39m
          [36m</div>[39m
        [36m</div>[39m
      [36m</div>[39m
    [36m</body>[39m

      176 |     render(<FullMapView />);
      177 |     
    > 178 |     await waitFor(() => {
          |                  ^
      179 |       expect(screen.getByText(/error loading properties/i)).toBeInTheDocument();
      180 |     });
      181 |   });

      at waitForWrapper (node_modules/@testing-library/dom/dist/wait-for.js:163:27)
      at Object.<anonymous> (src/components/__tests__/FullMapView.test.tsx:178:18)

  ● FullMapView Component › applies responsive classes for mobile layout

    TestingLibraryElementError: Unable to find an element by: [data-testid="full-map-view-container"]

    Ignored nodes: comments, script, style
    [36m<body>[39m
      [36m<div>[39m
        [36m<div[39m
          [33mclass[39m=[32m"relative h-full w-full"[39m
        [36m>[39m
          [36m<div[39m
            [33mclass[39m=[32m"absolute left-4 top-4 z-50 map-filters-overlay pointer-events-none w-full max-w-[min(92vw,360px)] sm:w-auto sm:max-w-sm"[39m
          [36m>[39m
            [36m<div[39m
              [33mclass[39m=[32m"pointer-events-auto bg-white/95 backdrop-blur rounded-lg shadow border border-gray-200 p-2"[39m
            [36m>[39m
              [36m<div[39m
                [33mclass[39m=[32m"relative w-full"[39m
              [36m>[39m
                [36m<div[39m
                  [33mclass[39m=[32m"relative"[39m
                [36m>[39m
                  [36m<div[39m
                    [33mclass[39m=[32m"absolute inset-y-0 left-0 pl-3 flex items-center pointer-events-none"[39m
                  [36m>[39m
                    [36m<svg[39m
                      [33maria-hidden[39m=[32m"true"[39m
                      [33mclass[39m=[32m"lucide lucide-search h-4 w-4 text-gray-400"[39m
                      [33mfill[39m=[32m"none"[39m
                      [33mheight[39m=[32m"24"[39m
                      [33mstroke[39m=[32m"currentColor"[39m
                      [33mstroke-linecap[39m=[32m"round"[39m
                      [33mstroke-linejoin[39m=[32m"round"[39m
                      [33mstroke-width[39m=[32m"2"[39m
                      [33mviewBox[39m=[32m"0 0 24 24"[39m
                      [33mwidth[39m=[32m"24"[39m
                      [33mxmlns[39m=[32m"http://www.w3.org/2000/svg"[39m
                    [36m>[39m
                      [36m<path[39m
                        [33md[39m=[32m"m21 21-4.34-4.34"[39m
                      [36m/>[39m
                      [36m<circle[39m
                        [33mcx[39m=[32m"11"[39m
                        [33mcy[39m=[32m"11"[39m
                        [33mr[39m=[32m"8"[39m
                      [36m/>[39m
                    [36m</svg>[39m
                  [36m</div>[39m
                  [36m<input[39m
                    [33mclass[39m=[32m"block w-full pl-10 pr-20 py-3 border border-gray-300 rounded-lg focus:outline-none focus:ring-2 focus:ring-blue-500 focus:border-transparent"[39m
                    [33mplaceholder[39m=[32m"Kërko pranë një vendndodhjeje..."[39m
                    [33mtype[39m=[32m"text"[39m
                    [33mvalue[39m=[32m""[39m
                  [36m/>[39m
                  [36m<div[39m
                    [33mclass[39m=[32m"absolute inset-y-0 right-0 flex items-center"[39m
                  [36m>[39m
                    [36m<button[39m
                      [33mclass[39m=[32m"p-2 mr-1 text-blue-600 hover:text-blue-700 transition-colors"[39m
                      [33mtitle[39m=[32m"Use current location"[39m
                    [36m>[39m
                      [36m<svg[39m
                        [33maria-hidden[39m=[32m"true"[39m
                        [33mclass[39m=[32m"lucide lucide-target h-4 w-4"[39m
                        [33mfill[39m=[32m"none"[39m
                        [33mheight[39m=[32m"24"[39m
                        [33mstroke[39m=[32m"currentColor"[39m
                        [33mstroke-linecap[39m=[32m"round"[39m
                        [33mstroke-linejoin[39m=[32m"round"[39m
                        [33mstroke-width[39m=[32m"2"[39m
                        [33mviewBox[39m=[32m"0 0 24 24"[39m
                        [33mwidth[39m=[32m"24"[39m
                        [33mxmlns[39m=[32m"http://www.w3.org/2000/svg"[39m
                      [36m>[39m
                        [36m<circle[39m
                          [33mcx[39m=[32m"12"[39m
                          [33mcy[39m=[32m"12"[39m
                          [33mr[39m=[32m"10"[39m
                        [36m/>[39m
                        [36m<circle[39m
                          [33mcx[39m=[32m"12"[39m
                          [33mcy[39m=[32m"12"[39m
                          [33mr[39m=[32m"6"[39m
                        [36m/>[39m
                        [36m<circle[39m
                          [33mcx[39m=[32m"12"[39m
                          [33mcy[39m=[32m"12"[39m
                          [33mr[39m=[32m"2"[39m
                        [36m/>[39m
                      [36m</svg>[39m
                    [36m</button>[39m
                  [36m</div>[39m
                [36m</div>[39m
              [36m</div>[39m
            [36m</div>[39m
          [36m</div>[39m
          [36m<div[39m
            [33mclass[39m=[32m"h-full w-full bg-gray-50"[39m
            [33mstyle[39m=[32m"margin-right: 0px;"[39m
          [36m/>[39m
          [36m<div[39m
            [33mclass[39m=[32m"absolute z-50 map-controls-overlay"[39m
            [33mstyle[39m=[32m"right: 1rem; bottom: auto; top: 1rem;"[39m
          [36m>[39m
            [36m<div[39m
              [33mclass[39m=[32m"flex items-center gap-2"[39m
            [36m>[39m
              [36m<div[39m
                [33mclass[39m=[32m"bg-white rounded-md shadow border border-gray-200 p-1 flex items-center gap-1"[39m
              [36m>[39m
                [36m<button[39m
                  [33mclass[39m=[32m"px-2 py-1 text-[11px] rounded-sm transition-colors bg-blue-600 text-white"[39m
                  [33mtitle[39m=[32m"Rrugë"[39m
                [36m>[39m
                  [0m��️ Rrugë[0m
                [36m</button>[39m
                [36m<button[39m
                  [33mclass[39m=[32m"px-2 py-1 text-[11px] rounded-sm transition-colors text-blue-600 hover:bg-blue-50"[39m
                  [33mtitle[39m=[32m"Satelit"[39m
                [36m>[39m
                  [0m��️ Satelit[0m
                [36m</button>[39m
                [36m<button[39m
                  [33mclass[39m=[32m"px-2 py-1 text-[11px] rounded-sm transition-colors text-blue-600 hover:bg-blue-50"[39m
                  [33mtitle[39m=[32m"Teren"[39m
                [36m>[39m
                  [0m��️ Teren[0m
                [36m</button>[39m
              [36m</div>[39m
              [36m<button[39m
                [33mclass[39m=[32m"bg-white hover:bg-blue-50 p-2 rounded-md shadow border border-gray-200 transition-colors"[39m
                [33mtitle[39m=[32m"Rivendos pamjen"[39m
              [36m>[39m
                [36m<svg[39m
                  [33maria-hidden[39m=[32m"true"[39m
                  [33mclass[39m=[32m"lucide lucide-house h-3 w-3 text-blue-600"[39m
                  [33mfill[39m=[32m"none"[39m
                  [33mheight[39m=[32m"24"[39m
                  [33mstroke[39m=[32m"currentColor"[39m
                  [33mstroke-linecap[39m=[32m"round"[39m
                  [33mstroke-linejoin[39m=[32m"round"[39m
                  [33mstroke-width[39m=[32m"2"[39m
                  [33mviewBox[39m=[32m"0 0 24 24"[39m
                  [33mwidth[39m=[32m"24"[39m
                  [33mxmlns[39m=[32m"http://www.w3.org/2000/svg"[39m
                [36m>[39m
                  [36m<path[39m
                    [33md[39m=[32m"M15 21v-8a1 1 0 0 0-1-1h-4a1 1 0 0 0-1 1v8"[39m
                  [36m/>[39m
                  [36m<path[39m
                    [33md[39m=[32m"M3 10a2 2 0 0 1 .709-1.528l7-5.999a2 2 0 0 1 2.582 0l7 5.999A2 2 0 0 1 21 10v9a2 2 0 0 1-2 2H5a2 2 0 0 1-2-2z"[39m
                  [36m/>[39m
                [36m</svg>[39m
              [36m</button>[39m
            [36m</div>[39m
          [36m</div>[39m
          [36m<div[39m
            [33mclass[39m=[32m"absolute inset-0 bg-linear-to-br from-blue-50 to-green-50 bg-opacity-95 flex items-center justify-center"[39m
          [36m>[39m
            [36m<div[39m
              [33mclass[39m=[32m"flex flex-col items-center justify-center p-8"[39m
            [36m>[39m
              [36m<div[39m
                [33mclass[39m=[32m"relative mb-4"[39m
              [36m>[39m
                [36m<div[39m
                  [33mclass[39m=[32m"absolute inset-0 bg-gradient-to-r from-red-100 to-blue-100 rounded-full animate-pulse"[39m
                [36m/>[39m
                [36m<div[39m
                  [33mclass[39m=[32m"relative bg-white rounded-full p-4 shadow-lg"[39m
                [36m>[39m
                  [36m<div[39m
                    [33mclass[39m=[32m"absolute inset-0 bg-gradient-to-r from-red-500 via-blue-500 to-yellow-500 rounded-full animate-spin opacity-20"[39m
                  [36m/>[39m
                  [36m<div[39m
                    [33mclass[39m=[32m"relative z-10"[39m
                  [36m>[39m
                    [36m<svg[39m
                      [33maria-hidden[39m=[32m"true"[39m
                      [33mclass[39m=[32m"lucide lucide-house h-12 w-12 text-red-500 transition-all duration-300 opacity-100 scale-110 transform"[39m
                      [33mfill[39m=[32m"none"[39m
                      [33mheight[39m=[32m"24"[39m
                      [33mstroke[39m=[32m"currentColor"[39m
                      [33mstroke-linecap[39m=[32m"round"[39m
                      [33mstroke-linejoin[39m=[32m"round"[39m
                      [33mstroke-width[39m=[32m"2"[39m
                      [33mviewBox[39m=[32m"0 0 24 24"[39m
                      [33mwidth[39m=[32m"24"[39m
                      [33mxmlns[39m=[32m"http://www.w3.org/2000/svg"[39m
                    [36m>[39m
                      [36m<path[39m
                        [33md[39m=[32m"M15 21v-8a1 1 0 0 0-1-1h-4a1 1 0 0 0-1 1v8"[39m
                      [36m/>[39m
                      [36m<path[39m
                        [33md[39m=[32m"M3 10a2 2 0 0 1 .709-1.528l7-5.999a2 2 0 0 1 2.582 0l7 5.999A2 2 0 0 1 21 10v9a2 2 0 0 1-2 2H5a2 2 0 0 1-2-2z"[39m
                      [36m/>[39m
                    [36m</svg>[39m
                    [36m<svg[39m
                      [33maria-hidden[39m=[32m"true"[39m
                      [33mclass[39m=[32m"lucide lucide-map-pin h-12 w-12 text-blue-500 transition-all duration-300 opacity-0 scale-90 absolute inset-0"[39m
                      [33mfill[39m=[32m"none"[39m
                      [33mheight[39m=[32m"24"[39m
                      [33mstroke[39m=[32m"currentColor"[39m
                      [33mstroke-linecap[39m=[32m"round"[39m
                      [33mstroke-linejoin[39m=[32m"round"[39m
                      [33mstroke-width[39m=[32m"2"[39m
                      [33mviewBox[39m=[32m"0 0 24 24"[39m
                      [33mwidth[39m=[32m"24"[39m
                      [33mxmlns[39m=[32m"http://www.w3.org/2000/svg"[39m
                    [36m>[39m
                      [36m<path[39m
                        [33md[39m=[32m"M20 10c0 4.993-5.539 10.193-7.399 11.799a1 1 0 0 1-1.202 0C9.539 20.193 4 14.993 4 10a8 8 0 0 1 16 0"[39m
                      [36m/>[39m
                      [36m<circle[39m
                        [33mcx[39m=[32m"12"[39m
                        [33mcy[39m=[32m"10"[39m
                        [33mr[39m=[32m"3"[39m
                      [36m/>[39m
                    [36m</svg>[39m
                    [36m<svg[39m
                      [33maria-hidden[39m=[32m"true"[39m
                      [33mclass[39m=[32m"lucide lucide-key h-12 w-12 text-yellow-500 transition-all duration-300 opacity-0 scale-90 absolute inset-0"[39m
                      [33mfill[39m=[32m"none"[39m
                      [33mheight[39m=[32m"24"[39m
                      [33mstroke[39m=[32m"currentColor"[39m
                      [33mstroke-linecap[39m=[32m"round"[39m
                      [33mstroke-linejoin[39m=[32m"round"[39m
                      [33mstroke-width[39m=[32m"2"[39m
                      [33mviewBox[39m=[32m"0 0 24 24"[39m
                      [33mwidth[39m=[32m"24"[39m
                      [33mxmlns[39m=[32m"http://www.w3.org/2000/svg"[39m
                    [36m>[39m
                      [36m<path[39m
                        [33md[39m=[32m"m15.5 7.5 2.3 2.3a1 1 0 0 0 1.4 0l2.1-2.1a1 1 0 0 0 0-1.4L19 4"[39m
                      [36m/>[39m
                      [36m<path[39m
                        [33md[39m=[32m"m21 2-9.6 9.6"[39m
                      [36m/>[39m
                      [36m<circle[39m
                        [33mcx[39m=[32m"7.5"[39m
                        [33mcy[39m=[32m"15.5"[39m
                        [33mr[39m=[32m"5.5"[39m
                      [36m/>[39m
                    [36m</svg>[39m
                    [36m<svg[39m
                      [33maria-hidden[39m=[32m"true"[39m
                      [33mclass[39m=[32m"lucide lucide-heart h-12 w-12 text-pink-500 transition-all duration-300 opacity-0 scale-90 absolute inset-0"[39m
                      [33mfill[39m=[32m"none"[39m
                      [33mheight[39m=[32m"24"[39m
                      [33mstroke[39m=[32m"currentColor"[39m
                      [33mstroke-linecap[39m=[32m"round"[39m
                      [33mstroke-linejoin[39m=[32m"round"[39m
                      [33mstroke-width[39m=[32m"2"[39m
                      [33mviewBox[39m=[32m"0 0 24 24"[39m
                      [33mwidth[39m=[32m"24"[39m
                      [33mxmlns[39m=[32m"http://www.w3.org/2000/svg"[39m
                    [36m>[39m
                      [36m<path[39m
                        [33md[39m=[32m"M19 14c1.49-1.46 3-3.21 3-5.5A5.5 5.5 0 0 0 16.5 3c-1.76 0-3 .5-4.5 2-1.5-1.5-2.74-2-4.5-2A5.5 5.5 0 0 0 2 8.5c0 2.3 1.5 4.05 3 5.5l7 7Z"[39m
                      [36m/>[39m
                    [36m</svg>[39m
                  [36m</div>[39m
                [36m</div>[39m
              [36m</div>[39m
              [36m<div[39m
                [33mclass[39m=[32m"flex space-x-1 mb-3"[39m
              [36m>[39m
                [36m<div[39m
                  [33mclass[39m=[32m"w-2 h-2 bg-red-500 rounded-full animate-bounce"[39m
                  [33mstyle[39m=[32m"animation-delay: 0s;"[39m
                [36m/>[39m
                [36m<div[39m
                  [33mclass[39m=[32m"w-2 h-2 bg-red-500 rounded-full animate-bounce"[39m
                  [33mstyle[39m=[32m"animation-delay: 0.2s;"[39m
                [36m/>[39m
                [36m<div[39m
                  [33mclass[39m=[32m"w-2 h-2 bg-red-500 rounded-full animate-bounce"[39m
                  [33mstyle[39m=[32m"animation-delay: 0.4s;"[39m
                [36m/>[39m
              [36m</div>[39m
              [36m<p[39m
                [33mclass[39m=[32m"text-gray-700 text-sm font-medium text-center"[39m
              [36m>[39m
                [0mPo ngarkohet harta...[0m
              [36m</p>[39m
              [36m<div[39m
                [33mclass[39m=[32m"w-32 h-1 bg-gray-200 rounded-full mt-3 overflow-hidden"[39m
              [36m>[39m
                [36m<div[39m
                  [33mclass[39m=[32m"h-full bg-gradient-to-r from-red-500 to-blue-500 rounded-full animate-pulse"[39m
                [36m/>[39m
              [36m</div>[39m
            [36m</div>[39m
          [36m</div>[39m
        [36m</div>[39m
      [36m</div>[39m
    [36m</body>[39m

      184 |     render(<FullMapView />);
      185 |     
    > 186 |     const container = screen.getByTestId('full-map-view-container');
          |                              ^
      187 |     expect(container).toHaveClass('flex', 'h-screen');
      188 |   });
      189 |

      at Object.getElementError (node_modules/@testing-library/dom/dist/config.js:37:19)
      at node_modules/@testing-library/dom/dist/query-helpers.js:76:38
      at node_modules/@testing-library/dom/dist/query-helpers.js:52:17
      at node_modules/@testing-library/dom/dist/query-helpers.js:95:19
      at Object.getByTestId (src/components/__tests__/FullMapView.test.tsx:186:30)

  ● FullMapView Component › updates URL when filters change

    TestingLibraryElementError: Unable to find a label with the text of: /property type/i

    Ignored nodes: comments, script, style
    [36m<body>[39m
      [36m<div>[39m
        [36m<div[39m
          [33mclass[39m=[32m"relative h-full w-full"[39m
        [36m>[39m
          [36m<div[39m
            [33mclass[39m=[32m"absolute left-4 top-4 z-50 map-filters-overlay pointer-events-none w-full max-w-[min(92vw,360px)] sm:w-auto sm:max-w-sm"[39m
          [36m>[39m
            [36m<div[39m
              [33mclass[39m=[32m"pointer-events-auto bg-white/95 backdrop-blur rounded-lg shadow border border-gray-200 p-2"[39m
            [36m>[39m
              [36m<div[39m
                [33mclass[39m=[32m"relative w-full"[39m
              [36m>[39m
                [36m<div[39m
                  [33mclass[39m=[32m"relative"[39m
                [36m>[39m
                  [36m<div[39m
                    [33mclass[39m=[32m"absolute inset-y-0 left-0 pl-3 flex items-center pointer-events-none"[39m
                  [36m>[39m
                    [36m<svg[39m
                      [33maria-hidden[39m=[32m"true"[39m
                      [33mclass[39m=[32m"lucide lucide-search h-4 w-4 text-gray-400"[39m
                      [33mfill[39m=[32m"none"[39m
                      [33mheight[39m=[32m"24"[39m
                      [33mstroke[39m=[32m"currentColor"[39m
                      [33mstroke-linecap[39m=[32m"round"[39m
                      [33mstroke-linejoin[39m=[32m"round"[39m
                      [33mstroke-width[39m=[32m"2"[39m
                      [33mviewBox[39m=[32m"0 0 24 24"[39m
                      [33mwidth[39m=[32m"24"[39m
                      [33mxmlns[39m=[32m"http://www.w3.org/2000/svg"[39m
                    [36m>[39m
                      [36m<path[39m
                        [33md[39m=[32m"m21 21-4.34-4.34"[39m
                      [36m/>[39m
                      [36m<circle[39m
                        [33mcx[39m=[32m"11"[39m
                        [33mcy[39m=[32m"11"[39m
                        [33mr[39m=[32m"8"[39m
                      [36m/>[39m
                    [36m</svg>[39m
                  [36m</div>[39m
                  [36m<input[39m
                    [33mclass[39m=[32m"block w-full pl-10 pr-20 py-3 border border-gray-300 rounded-lg focus:outline-none focus:ring-2 focus:ring-blue-500 focus:border-transparent"[39m
                    [33mplaceholder[39m=[32m"Kërko pranë një vendndodhjeje..."[39m
                    [33mtype[39m=[32m"text"[39m
                    [33mvalue[39m=[32m""[39m
                  [36m/>[39m
                  [36m<div[39m
                    [33mclass[39m=[32m"absolute inset-y-0 right-0 flex items-center"[39m
                  [36m>[39m
                    [36m<button[39m
                      [33mclass[39m=[32m"p-2 mr-1 text-blue-600 hover:text-blue-700 transition-colors"[39m
                      [33mtitle[39m=[32m"Use current location"[39m
                    [36m>[39m
                      [36m<svg[39m
                        [33maria-hidden[39m=[32m"true"[39m
                        [33mclass[39m=[32m"lucide lucide-target h-4 w-4"[39m
                        [33mfill[39m=[32m"none"[39m
                        [33mheight[39m=[32m"24"[39m
                        [33mstroke[39m=[32m"currentColor"[39m
                        [33mstroke-linecap[39m=[32m"round"[39m
                        [33mstroke-linejoin[39m=[32m"round"[39m
                        [33mstroke-width[39m=[32m"2"[39m
                        [33mviewBox[39m=[32m"0 0 24 24"[39m
                        [33mwidth[39m=[32m"24"[39m
                        [33mxmlns[39m=[32m"http://www.w3.org/2000/svg"[39m
                      [36m>[39m
                        [36m<circle[39m
                          [33mcx[39m=[32m"12"[39m
                          [33mcy[39m=[32m"12"[39m
                          [33mr[39m=[32m"10"[39m
                        [36m/>[39m
                        [36m<circle[39m
                          [33mcx[39m=[32m"12"[39m
                          [33mcy[39m=[32m"12"[39m
                          [33mr[39m=[32m"6"[39m
                        [36m/>[39m
                        [36m<circle[39m
                          [33mcx[39m=[32m"12"[39m
                          [33mcy[39m=[32m"12"[39m
                          [33mr[39m=[32m"2"[39m
                        [36m/>[39m
                      [36m</svg>[39m
                    [36m</button>[39m
                  [36m</div>[39m
                [36m</div>[39m
              [36m</div>[39m
            [36m</div>[39m
          [36m</div>[39m
          [36m<div[39m
            [33mclass[39m=[32m"h-full w-full bg-gray-50"[39m
            [33mstyle[39m=[32m"margin-right: 0px;"[39m
          [36m/>[39m
          [36m<div[39m
            [33mclass[39m=[32m"absolute z-50 map-controls-overlay"[39m
            [33mstyle[39m=[32m"right: 1rem; bottom: auto; top: 1rem;"[39m
          [36m>[39m
            [36m<div[39m
              [33mclass[39m=[32m"flex items-center gap-2"[39m
            [36m>[39m
              [36m<div[39m
                [33mclass[39m=[32m"bg-white rounded-md shadow border border-gray-200 p-1 flex items-center gap-1"[39m
              [36m>[39m
                [36m<button[39m
                  [33mclass[39m=[32m"px-2 py-1 text-[11px] rounded-sm transition-colors bg-blue-600 text-white"[39m
                  [33mtitle[39m=[32m"Rrugë"[39m
                [36m>[39m
                  [0m��️ Rrugë[0m
                [36m</button>[39m
                [36m<button[39m
                  [33mclass[39m=[32m"px-2 py-1 text-[11px] rounded-sm transition-colors text-blue-600 hover:bg-blue-50"[39m
                  [33mtitle[39m=[32m"Satelit"[39m
                [36m>[39m
                  [0m��️ Satelit[0m
                [36m</button>[39m
                [36m<button[39m
                  [33mclass[39m=[32m"px-2 py-1 text-[11px] rounded-sm transition-colors text-blue-600 hover:bg-blue-50"[39m
                  [33mtitle[39m=[32m"Teren"[39m
                [36m>[39m
                  [0m��️ Teren[0m
                [36m</button>[39m
              [36m</div>[39m
              [36m<button[39m
                [33mclass[39m=[32m"bg-white hover:bg-blue-50 p-2 rounded-md shadow border border-gray-200 transition-colors"[39m
                [33mtitle[39m=[32m"Rivendos pamjen"[39m
              [36m>[39m
                [36m<svg[39m
                  [33maria-hidden[39m=[32m"true"[39m
                  [33mclass[39m=[32m"lucide lucide-house h-3 w-3 text-blue-600"[39m
                  [33mfill[39m=[32m"none"[39m
                  [33mheight[39m=[32m"24"[39m
                  [33mstroke[39m=[32m"currentColor"[39m
                  [33mstroke-linecap[39m=[32m"round"[39m
                  [33mstroke-linejoin[39m=[32m"round"[39m
                  [33mstroke-width[39m=[32m"2"[39m
                  [33mviewBox[39m=[32m"0 0 24 24"[39m
                  [33mwidth[39m=[32m"24"[39m
                  [33mxmlns[39m=[32m"http://www.w3.org/2000/svg"[39m
                [36m>[39m
                  [36m<path[39m
                    [33md[39m=[32m"M15 21v-8a1 1 0 0 0-1-1h-4a1 1 0 0 0-1 1v8"[39m
                  [36m/>[39m
                  [36m<path[39m
                    [33md[39m=[32m"M3 10a2 2 0 0 1 .709-1.528l7-5.999a2 2 0 0 1 2.582 0l7 5.999A2 2 0 0 1 21 10v9a2 2 0 0 1-2 2H5a2 2 0 0 1-2-2z"[39m
                  [36m/>[39m
                [36m</svg>[39m
              [36m</button>[39m
            [36m</div>[39m
          [36m</div>[39m
          [36m<div[39m
            [33mclass[39m=[32m"absolute inset-0 bg-linear-to-br from-blue-50 to-green-50 bg-opacity-95 flex items-center justify-center"[39m
          [36m>[39m
            [36m<div[39m
              [33mclass[39m=[32m"flex flex-col items-center justify-center p-8"[39m
            [36m>[39m
              [36m<div[39m
                [33mclass[39m=[32m"relative mb-4"[39m
              [36m>[39m
                [36m<div[39m
                  [33mclass[39m=[32m"absolute inset-0 bg-gradient-to-r from-red-100 to-blue-100 rounded-full animate-pulse"[39m
                [36m/>[39m
                [36m<div[39m
                  [33mclass[39m=[32m"relative bg-white rounded-full p-4 shadow-lg"[39m
                [36m>[39m
                  [36m<div[39m
                    [33mclass[39m=[32m"absolute inset-0 bg-gradient-to-r from-red-500 via-blue-500 to-yellow-500 rounded-full animate-spin opacity-20"[39m
                  [36m/>[39m
                  [36m<div[39m
                    [33mclass[39m=[32m"relative z-10"[39m
                  [36m>[39m
                    [36m<svg[39m
                      [33maria-hidden[39m=[32m"true"[39m
                      [33mclass[39m=[32m"lucide lucide-house h-12 w-12 text-red-500 transition-all duration-300 opacity-100 scale-110 transform"[39m
                      [33mfill[39m=[32m"none"[39m
                      [33mheight[39m=[32m"24"[39m
                      [33mstroke[39m=[32m"currentColor"[39m
                      [33mstroke-linecap[39m=[32m"round"[39m
                      [33mstroke-linejoin[39m=[32m"round"[39m
                      [33mstroke-width[39m=[32m"2"[39m
                      [33mviewBox[39m=[32m"0 0 24 24"[39m
                      [33mwidth[39m=[32m"24"[39m
                      [33mxmlns[39m=[32m"http://www.w3.org/2000/svg"[39m
                    [36m>[39m
                      [36m<path[39m
                        [33md[39m=[32m"M15 21v-8a1 1 0 0 0-1-1h-4a1 1 0 0 0-1 1v8"[39m
                      [36m/>[39m
                      [36m<path[39m
                        [33md[39m=[32m"M3 10a2 2 0 0 1 .709-1.528l7-5.999a2 2 0 0 1 2.582 0l7 5.999A2 2 0 0 1 21 10v9a2 2 0 0 1-2 2H5a2 2 0 0 1-2-2z"[39m
                      [36m/>[39m
                    [36m</svg>[39m
                    [36m<svg[39m
                      [33maria-hidden[39m=[32m"true"[39m
                      [33mclass[39m=[32m"lucide lucide-map-pin h-12 w-12 text-blue-500 transition-all duration-300 opacity-0 scale-90 absolute inset-0"[39m
                      [33mfill[39m=[32m"none"[39m
                      [33mheight[39m=[32m"24"[39m
                      [33mstroke[39m=[32m"currentColor"[39m
                      [33mstroke-linecap[39m=[32m"round"[39m
                      [33mstroke-linejoin[39m=[32m"round"[39m
                      [33mstroke-width[39m=[32m"2"[39m
                      [33mviewBox[39m=[32m"0 0 24 24"[39m
                      [33mwidth[39m=[32m"24"[39m
                      [33mxmlns[39m=[32m"http://www.w3.org/2000/svg"[39m
                    [36m>[39m
                      [36m<path[39m
                        [33md[39m=[32m"M20 10c0 4.993-5.539 10.193-7.399 11.799a1 1 0 0 1-1.202 0C9.539 20.193 4 14.993 4 10a8 8 0 0 1 16 0"[39m
                      [36m/>[39m
                      [36m<circle[39m
                        [33mcx[39m=[32m"12"[39m
                        [33mcy[39m=[32m"10"[39m
                        [33mr[39m=[32m"3"[39m
                      [36m/>[39m
                    [36m</svg>[39m
                    [36m<svg[39m
                      [33maria-hidden[39m=[32m"true"[39m
                      [33mclass[39m=[32m"lucide lucide-key h-12 w-12 text-yellow-500 transition-all duration-300 opacity-0 scale-90 absolute inset-0"[39m
                      [33mfill[39m=[32m"none"[39m
                      [33mheight[39m=[32m"24"[39m
                      [33mstroke[39m=[32m"currentColor"[39m
                      [33mstroke-linecap[39m=[32m"round"[39m
                      [33mstroke-linejoin[39m=[32m"round"[39m
                      [33mstroke-width[39m=[32m"2"[39m
                      [33mviewBox[39m=[32m"0 0 24 24"[39m
                      [33mwidth[39m=[32m"24"[39m
                      [33mxmlns[39m=[32m"http://www.w3.org/2000/svg"[39m
                    [36m>[39m
                      [36m<path[39m
                        [33md[39m=[32m"m15.5 7.5 2.3 2.3a1 1 0 0 0 1.4 0l2.1-2.1a1 1 0 0 0 0-1.4L19 4"[39m
                      [36m/>[39m
                      [36m<path[39m
                        [33md[39m=[32m"m21 2-9.6 9.6"[39m
                      [36m/>[39m
                      [36m<circle[39m
                        [33mcx[39m=[32m"7.5"[39m
                        [33mcy[39m=[32m"15.5"[39m
                        [33mr[39m=[32m"5.5"[39m
                      [36m/>[39m
                    [36m</svg>[39m
                    [36m<svg[39m
                      [33maria-hidden[39m=[32m"true"[39m
                      [33mclass[39m=[32m"lucide lucide-heart h-12 w-12 text-pink-500 transition-all duration-300 opacity-0 scale-90 absolute inset-0"[39m
                      [33mfill[39m=[32m"none"[39m
                      [33mheight[39m=[32m"24"[39m
                      [33mstroke[39m=[32m"currentColor"[39m
                      [33mstroke-linecap[39m=[32m"round"[39m
                      [33mstroke-linejoin[39m=[32m"round"[39m
                      [33mstroke-width[39m=[32m"2"[39m
                      [33mviewBox[39m=[32m"0 0 24 24"[39m
                      [33mwidth[39m=[32m"24"[39m
                      [33mxmlns[39m=[32m"http://www.w3.org/2000/svg"[39m
                    [36m>[39m
                      [36m<path[39m
                        [33md[39m=[32m"M19 14c1.49-1.46 3-3.21 3-5.5A5.5 5.5 0 0 0 16.5 3c-1.76 0-3 .5-4.5 2-1.5-1.5-2.74-2-4.5-2A5.5 5.5 0 0 0 2 8.5c0 2.3 1.5 4.05 3 5.5l7 7Z"[39m
                      [36m/>[39m
                    [36m</svg>[39m
                  [36m</div>[39m
                [36m</div>[39m
              [36m</div>[39m
              [36m<div[39m
                [33mclass[39m=[32m"flex space-x-1 mb-3"[39m
              [36m>[39m
                [36m<div[39m
                  [33mclass[39m=[32m"w-2 h-2 bg-red-500 rounded-full animate-bounce"[39m
                  [33mstyle[39m=[32m"animation-delay: 0s;"[39m
                [36m/>[39m
                [36m<div[39m
                  [33mclass[39m=[32m"w-2 h-2 bg-red-500 rounded-full animate-bounce"[39m
                  [33mstyle[39m=[32m"animation-delay: 0.2s;"[39m
                [36m/>[39m
                [36m<div[39m
                  [33mclass[39m=[32m"w-2 h-2 bg-red-500 rounded-full animate-bounce"[39m
                  [33mstyle[39m=[32m"animation-delay: 0.4s;"[39m
                [36m/>[39m
              [36m</div>[39m
              [36m<p[39m
                [33mclass[39m=[32m"text-gray-700 text-sm font-medium text-center"[39m
              [36m>[39m
                [0mPo ngarkohet harta...[0m
              [36m</p>[39m
              [36m<div[39m
                [33mclass[39m=[32m"w-32 h-1 bg-gray-200 rounded-full mt-3 overflow-hidden"[39m
              [36m>[39m
                [36m<div[39m
                  [33mclass[39m=[32m"h-full bg-gradient-to-r from-red-500 to-blue-500 rounded-full animate-pulse"[39m
                [36m/>[39m
              [36m</div>[39m
            [36m</div>[39m
          [36m</div>[39m
        [36m</div>[39m
      [36m</div>[39m
    [36m</body>[39m

      221 |     render(<FullMapView />);
      222 |     
    > 223 |     const propertyTypeSelect = screen.getByLabelText(/property type/i);
          |                                       ^
      224 |     fireEvent.change(propertyTypeSelect, { target: { value: 'house' } });
      225 |     
      226 |     // URL should be updated with new filter parameters

      at Object.getElementError (node_modules/@testing-library/dom/dist/config.js:37:19)
      at getAllByLabelText (node_modules/@testing-library/dom/dist/queries/label-text.js:111:38)
      at node_modules/@testing-library/dom/dist/query-helpers.js:52:17
      at node_modules/@testing-library/dom/dist/query-helpers.js:95:19
      at Object.getByLabelText (src/components/__tests__/FullMapView.test.tsx:223:39)

FAIL src/components/__tests__/ContactForm.test.tsx (6.287 s)
  ● ContactForm › validates email format

    Unable to find an element with the text: Adresa e email-it nuk është e vlefshme. This could be because the text is broken up by multiple elements. In this case, you can provide a function for your text matcher to make your matcher more flexible.

    Ignored nodes: comments, script, style
    [36m<body>[39m
      [36m<div>[39m
        [36m<div[39m
          [33mclass[39m=[32m"bg-white rounded-lg shadow-md p-6 sticky top-6"[39m
        [36m>[39m
          [36m<div[39m
            [33mclass[39m=[32m"flex items-center mb-4"[39m
          [36m>[39m
            [36m<svg[39m
              [33maria-hidden[39m=[32m"true"[39m
              [33mclass[39m=[32m"lucide lucide-message-circle h-6 w-6 text-blue-600 mr-2"[39m
              [33mfill[39m=[32m"none"[39m
              [33mheight[39m=[32m"24"[39m
              [33mstroke[39m=[32m"currentColor"[39m
              [33mstroke-linecap[39m=[32m"round"[39m
              [33mstroke-linejoin[39m=[32m"round"[39m
              [33mstroke-width[39m=[32m"2"[39m
              [33mviewBox[39m=[32m"0 0 24 24"[39m
              [33mwidth[39m=[32m"24"[39m
              [33mxmlns[39m=[32m"http://www.w3.org/2000/svg"[39m
            [36m>[39m
              [36m<path[39m
                [33md[39m=[32m"M7.9 20A9 9 0 1 0 4 16.1L2 22Z"[39m
              [36m/>[39m
            [36m</svg>[39m
            [36m<h3[39m
              [33mclass[39m=[32m"text-xl font-semibold text-gray-900"[39m
            [36m>[39m
              [0mKontaktoni Agjentin[0m
            [36m</h3>[39m
          [36m</div>[39m
          [36m<p[39m
            [33mclass[39m=[32m"text-gray-600 mb-6"[39m
          [36m>[39m
            [0mJeni të interesuar për [0m
            [36m<span[39m
              [33mclass[39m=[32m"font-medium text-gray-900"[39m
            [36m>[39m
              [0mBeautiful House in Tirana[0m
            [36m</span>[39m
            [0m? Dërgoni një mesazh dhe do t'ju kthejmë përgjigje.[0m
          [36m</p>[39m
          [36m<form[39m
            [33mclass[39m=[32m"space-y-4"[39m
          [36m>[39m
            [36m<div>[39m
              [36m<label[39m
                [33mclass[39m=[32m"block text-sm font-medium text-gray-700 mb-1"[39m
                [33mfor[39m=[32m"name"[39m
              [36m>[39m
                [36m<svg[39m
                  [33maria-hidden[39m=[32m"true"[39m
                  [33mclass[39m=[32m"lucide lucide-user inline h-4 w-4 mr-1"[39m
                  [33mfill[39m=[32m"none"[39m
                  [33mheight[39m=[32m"24"[39m
                  [33mstroke[39m=[32m"currentColor"[39m
                  [33mstroke-linecap[39m=[32m"round"[39m
                  [33mstroke-linejoin[39m=[32m"round"[39m
                  [33mstroke-width[39m=[32m"2"[39m
                  [33mviewBox[39m=[32m"0 0 24 24"[39m
                  [33mwidth[39m=[32m"24"[39m
                  [33mxmlns[39m=[32m"http://www.w3.org/2000/svg"[39m
                [36m>[39m
                  [36m<path[39m
                    [33md[39m=[32m"M19 21v-2a4 4 0 0 0-4-4H9a4 4 0 0 0-4 4v2"[39m
                  [36m/>[39m
                  [36m<circle[39m
                    [33mcx[39m=[32m"12"[39m
                    [33mcy[39m=[32m"7"[39m
                    [33mr[39m=[32m"4"[39m
                  [36m/>[39m
                [36m</svg>[39m
                [0mEmri i Plotë *[0m
              [36m</label>[39m
              [36m<input[39m
                [33mclass[39m=[32m"w-full px-3 py-2 border border-gray-300 rounded-md focus:outline-none focus:ring-2 focus:ring-blue-500 focus:border-transparent"[39m
                [33mid[39m=[32m"name"[39m
                [33mname[39m=[32m"name"[39m
                [33mplaceholder[39m=[32m"Emri dhe mbiemri juaj"[39m
                [33mtype[39m=[32m"text"[39m
              [36m/>[39m
            [36m</div>[39m
            [36m<div>[39m
              [36m<label[39m
                [33mclass[39m=[32m"block text-sm font-medium text-gray-700 mb-1"[39m
                [33mfor[39m=[32m"email"[39m
              [36m>[39m
                [36m<svg[39m
                  [33maria-hidden[39m=[32m"true"[39m
                  [33mclass[39m=[32m"lucide lucide-mail inline h-4 w-4 mr-1"[39m
                  [33mfill[39m=[32m"none"[39m
                  [33mheight[39m=[32m"24"[39m
                  [33mstroke[39m=[32m"currentColor"[39m
                  [33mstroke-linecap[39m=[32m"round"[39m
                  [33mstroke-linejoin[39m=[32m"round"[39m
                  [33mstroke-width[39m=[32m"2"[39m
                  [33mviewBox[39m=[32m"0 0 24 24"[39m
                  [33mwidth[39m=[32m"24"[39m
                  [33mxmlns[39m=[32m"http://www.w3.org/2000/svg"[39m
                [36m>[39m
                  [36m<path[39m
                    [33md[39m=[32m"m22 7-8.991 5.727a2 2 0 0 1-2.009 0L2 7"[39m
                  [36m/>[39m
                  [36m<rect[39m
                    [33mheight[39m=[32m"16"[39m
                    [33mrx[39m=[32m"2"[39m
                    [33mwidth[39m=[32m"20"[39m
                    [33mx[39m=[32m"2"[39m
                    [33my[39m=[32m"4"[39m
                  [36m/>[39m
                [36m</svg>[39m
                [0mAdresa e Email-it *[0m
              [36m</label>[39m
              [36m<input[39m
                [33mclass[39m=[32m"w-full px-3 py-2 border border-gray-300 rounded-md focus:outline-none focus:ring-2 focus:ring-blue-500 focus:border-transparent"[39m
                [33mid[39m=[32m"email"[39m
                [33mname[39m=[32m"email"[39m
                [33mplaceholder[39m=[32m"emri.juaj@email.com"[39m
                [33mtype[39m=[32m"email"[39m
              [36m/>[39m
            [36m</div>[39m
            [36m<div>[39m
              [36m<label[39m
                [33mclass[39m=[32m"block text-sm font-medium text-gray-700 mb-1"[39m
                [33mfor[39m=[32m"phone"[39m
              [36m>[39m
                [36m<svg[39m
                  [33maria-hidden[39m=[32m"true"[39m
                  [33mclass[39m=[32m"lucide lucide-phone inline h-4 w-4 mr-1"[39m
                  [33mfill[39m=[32m"none"[39m
                  [33mheight[39m=[32m"24"[39m
                  [33mstroke[39m=[32m"currentColor"[39m
                  [33mstroke-linecap[39m=[32m"round"[39m
                  [33mstroke-linejoin[39m=[32m"round"[39m
                  [33mstroke-width[39m=[32m"2"[39m
                  [33mviewBox[39m=[32m"0 0 24 24"[39m
                  [33mwidth[39m=[32m"24"[39m
                  [33mxmlns[39m=[32m"http://www.w3.org/2000/svg"[39m
                [36m>[39m
                  [36m<path[39m
                    [33md[39m=[32m"M13.832 16.568a1 1 0 0 0 1.213-.303l.355-.465A2 2 0 0 1 17 15h3a2 2 0 0 1 2 2v3a2 2 0 0 1-2 2A18 18 0 0 1 2 4a2 2 0 0 1 2-2h3a2 2 0 0 1 2 2v3a2 2 0 0 1-.8 1.6l-.468.351a1 1 0 0 0-.292 1.233 14 14 0 0 0 6.392 6.384"[39m
                  [36m/>[39m
                [36m</svg>[39m
                [0mNumri i Telefonit[0m
              [36m</label>[39m
              [36m<input[39m
                [33mclass[39m=[32m"w-full px-3 py-2 border border-gray-300 rounded-md focus:outline-none focus:ring-2 focus:ring-blue-500 focus:border-transparent"[39m
                [33mid[39m=[32m"phone"[39m
                [33mname[39m=[32m"phone"[39m
                [33mplaceholder[39m=[32m"+355 69 123 4567"[39m
                [33mtype[39m=[32m"tel"[39m
              [36m/>[39m
            [36m</div>[39m
            [36m<div>[39m
              [36m<label[39m
                [33mclass[39m=[32m"block text-sm font-medium text-gray-700 mb-1"[39m
                [33mfor[39m=[32m"message"[39m
              [36m>[39m
                [0mMesazhi *[0m
              [36m</label>[39m
              [36m<textarea[39m
                [33mclass[39m=[32m"w-full px-3 py-2 border border-gray-300 rounded-md focus:outline-none focus:ring-2 focus:ring-blue-500 focus:border-transparent resize-vertical"[39m
                [33mid[39m=[32m"message"[39m
                [33mname[39m=[32m"message"[39m
                [33mplaceholder[39m=[32m"Jam i interesuar për këtë pasuri. Ju lutem kontaktoni me më shumë informacion..."[39m
                [33mrows[39m=[32m"4"[39m
              [36m/>[39m
            [36m</div>[39m
            [36m<button[39m
              [33mclass[39m=[32m"w-full bg-linear-to-r from-blue-600 to-blue-700 text-white py-2 px-4 rounded-md hover:from-blue-700 hover:to-blue-800 focus:outline-none focus:ring-2 focus:ring-blue-500 focus:ring-offset-2 disabled:opacity-50 disabled:cursor-not-allowed transition-colors flex items-center justify-center"[39m
              [33mtype[39m=[32m"submit"[39m
            [36m>[39m
              [36m<svg[39m
                [33maria-hidden[39m=[32m"true"[39m
                [33mclass[39m=[32m"lucide lucide-send h-4 w-4 mr-2"[39m
                [33mfill[39m=[32m"none"[39m
                [33mheight[39m=[32m"24"[39m
                [33mstroke[39m=[32m"currentColor"[39m
                [33mstroke-linecap[39m=[32m"round"[39m
                [33mstroke-linejoin[39m=[32m"round"[39m
                [33mstroke-width[39m=[32m"2"[39m
                [33mviewBox[39m=[32m"0 0 24 24"[39m
                [33mwidth[39m=[32m"24"[39m
                [33mxmlns[39m=[32m"http://www.w3.org/2000/svg"[39m
              [36m>[39m
                [36m<path[39m
                  [33md[39m=[32m"M14.536 21.686a.5.5 0 0 0 .937-.024l6.5-19a.496.496 0 0 0-.635-.635l-19 6.5a.5.5 0 0 0-.024.937l7.93 3.18a2 2 0 0 1 1.112 1.11z"[39m
                [36m/>[39m
                [36m<path[39m
                  [33md[39m=[32m"m21.854 2.147-10.94 10.939"[39m
                [36m/>[39m
              [36m</svg>[39m
              [0mDërgo Mesazhin[0m
            [36m</button>[39m
          [36m</form>[39m
          [36m<div[39m
            [33mclass[39m=[32m"mt-6 pt-6 border-t border-gray-200"[39m
          [36m>[39m
            [36m<h4[39m
              [33mclass[39m=[32m"font-semibold text-gray-900 mb-3"[39m
            [36m>[39m
              [0mInformacione Kontakti[0m
            [36m</h4>[39m
            [36m<div[39m
              [33mclass[39m=[32m"text-sm text-gray-600 space-y-2"[39m
            [36m>[39m
              [36m<div[39m
                [33mclass[39m=[32m"flex items-center"[39m
              [36m>[39m
                [36m<svg[39m
                  [33maria-hidden[39m=[32m"true"[39m
                  [33mclass[39m=[32m"lucide lucide-mail h-4 w-4 mr-2 text-blue-600"[39m
                  [33mfill[39m=[32m"none"[39m
                  [33mheight[39m=[32m"24"[39m
                  [33mstroke[39m=[32m"currentColor"[39m
                  [33mstroke-linecap[39m=[32m"round"[39m
                  [33mstroke-linejoin[39m=[32m"round"[39m
                  [33mstroke-width[39m=[32m"2"[39m
                  [33mviewBox[39m=[32m"0 0 24 24"[39m
                  [33mwidth[39m=[32m"24"[39m
                  [33mxmlns[39m=[32m"http://www.w3.org/2000/svg"[39m
                [36m>[39m
                  [36m<path[39m
                    [33md[39m=[32m"m22 7-8.991 5.727a2 2 0 0 1-2.009 0L2 7"[39m
                  [36m/>[39m
                  [36m<rect[39m
                    [33mheight[39m=[32m"16"[39m
                    [33mrx[39m=[32m"2"[39m
                    [33mwidth[39m=[32m"20"[39m
                    [33mx[39m=[32m"2"[39m
                    [33my[39m=[32m"4"[39m
                  [36m/>[39m
                [36m</svg>[39m
                [36m<span>[39m
                  [0minfo@pasuritëtiranës.al[0m
                [36m</span>[39m
              [36m</div>[39m
              [36m<div[39m
                [33mclass[39m=[32m"flex items-center"[39m
              [36m>[39m
                [36m<svg[39m
                  [33maria-hidden[39m=[32m"true"[39m
                  [33mclass[39m=[32m"lucide lucide-phone h-4 w-4 mr-2 text-blue-600"[39m
                  [33mfill[39m=[32m"none"[39m
                  [33mheight[39m=[32m"24"[39m
                  [33mstroke[39m=[32m"currentColor"[39m
                  [33mstroke-linecap[39m=[32m"round"[39m
                  [33mstroke-linejoin[39m=[32m"round"[39m
                  [33mstroke-width[39m=[32m"2"[39m
                  [33mviewBox[39m=[32m"0 0 24 24"[39m
                  [33mwidth[39m=[32m"24"[39m
                  [33mxmlns[39m=[32m"http://www.w3.org/2000/svg"[39m
                [36m>[39m
                  [36m<path[39m
                    [33md[39m=[32m"M13.832 16.568a1 1 0 0 0 1.213-.303l.355-.465A2 2 0 0 1 17 15h3a2 2 0 0 1 2 2v3a2 2 0 0 1-2 2A18 18 0 0 1 2 4a2 2 0 0 1 2-2h3a2 2 0 0 1 2 2v3a2 2 0 0 1-.8 1.6l-.468.351a1 1 0 0 0-.292 1.233 14 14 0 0 0 6.392 6.384"[39m
                  [36m/>[39m
                [36m</svg>[39m
                [36m<span>[39m
                  [0m+355 69 123 4567[0m
                [36m</span>[39m
              [36m</div>[39m
              [36m<div[39m
                [33mclass[39m=[32m"flex items-center"[39m
              [36m>[39m
                [36m<svg[39m
                  [33maria-hidden[39m=[32m"true"[39m
                  [33mclass[39m=[32m"lucide lucide-clock h-4 w-4 mr-2 text-blue-600"[39m
                  [33mfill[39m=[32m"none"[39m
                  [33mheight[39m=[32m"24"[39m
                  [33mstroke[39m=[32m"currentColor"[39m
                  [33mstroke-linecap[39m=[32m"round"[39m
                  [33mstroke-linejoin[39m=[32m"round"[39m
                  [33mstroke-width[39m=[32m"2"[39m
                  [33mviewBox[39m=[32m"0 0 24 24"[39m
                  [33mwidth[39m=[32m"24"[39m
                  [33mxmlns[39m=[32m"http://www.w3.org/2000/svg"[39m
                [36m>[39m
                  [36m<path[39m
                    [33md[39m=[32m"M12 6v6l4 2"[39m
                  [36m/>[39m
                  [36m<circle[39m
                    [33mcx[39m=[32m"12"[39m
                    [33mcy[39m=[32m"12"[39m
                    [33mr[39m=[32m"10"[39m
                  [36m/>[39m
                [36m</svg>[39m
                [36m<span>[39m
                  [0mHën-Pre: 9:00-18:00, Sht-Dje: 10:00-16:00[0m
                [36m</span>[39m
              [36m</div>[39m
            [36m</div>[39m
          [36m</div>[39m
        [36m</div>[39m
      [36m</div>[39m
    [36m</body>[39m

      65 |     fireEvent.click(submitButton);
      66 |     
    > 67 |     await waitFor(() => {
         |                  ^
      68 |       expect(screen.getByText('Adresa e email-it nuk është e vlefshme')).toBeInTheDocument();
      69 |     });
      70 |   });

      at waitForWrapper (node_modules/@testing-library/dom/dist/wait-for.js:163:27)
      at Object.<anonymous> (src/components/__tests__/ContactForm.test.tsx:67:18)

  ● ContactForm › submits form with valid data

    expect(jest.fn()).toHaveBeenCalledWith(...expected)

    Expected: {"createdAt": "2024-01-01T00:00:00.000Z", "email": "john@example.com", "id": "test-id-123", "message": "I am interested in this property. Please contact me.", "name": "John Doe", "phone": "+355 69 123 4567", "propertyId": "property-123"}

    Number of calls: 0

    Ignored nodes: comments, script, style
    [36m<html>[39m
      [36m<head />[39m
      [36m<body>[39m
        [36m<div>[39m
          [36m<div[39m
            [33mclass[39m=[32m"bg-white rounded-lg shadow-md p-6 sticky top-6"[39m
          [36m>[39m
            [36m<div[39m
              [33mclass[39m=[32m"flex items-center mb-4"[39m
            [36m>[39m
              [36m<svg[39m
                [33maria-hidden[39m=[32m"true"[39m
                [33mclass[39m=[32m"lucide lucide-message-circle h-6 w-6 text-blue-600 mr-2"[39m
                [33mfill[39m=[32m"none"[39m
                [33mheight[39m=[32m"24"[39m
                [33mstroke[39m=[32m"currentColor"[39m
                [33mstroke-linecap[39m=[32m"round"[39m
                [33mstroke-linejoin[39m=[32m"round"[39m
                [33mstroke-width[39m=[32m"2"[39m
                [33mviewBox[39m=[32m"0 0 24 24"[39m
                [33mwidth[39m=[32m"24"[39m
                [33mxmlns[39m=[32m"http://www.w3.org/2000/svg"[39m
              [36m>[39m
                [36m<path[39m
                  [33md[39m=[32m"M7.9 20A9 9 0 1 0 4 16.1L2 22Z"[39m
                [36m/>[39m
              [36m</svg>[39m
              [36m<h3[39m
                [33mclass[39m=[32m"text-xl font-semibold text-gray-900"[39m
              [36m>[39m
                [0mKontaktoni Agjentin[0m
              [36m</h3>[39m
            [36m</div>[39m
            [36m<p[39m
              [33mclass[39m=[32m"text-gray-600 mb-6"[39m
            [36m>[39m
              [0mJeni të interesuar për [0m
              [36m<span[39m
                [33mclass[39m=[32m"font-medium text-gray-900"[39m
              [36m>[39m
                [0mBeautiful House in Tirana[0m
              [36m</span>[39m
              [0m? Dërgoni një mesazh dhe do t'ju kthejmë përgjigje.[0m
            [36m</p>[39m
            [36m<form[39m
              [33mclass[39m=[32m"space-y-4"[39m
            [36m>[39m
              [36m<div>[39m
                [36m<label[39m
                  [33mclass[39m=[32m"block text-sm font-medium text-gray-700 mb-1"[39m
                  [33mfor[39m=[32m"name"[39m
                [36m>[39m
                  [36m<svg[39m
                    [33maria-hidden[39m=[32m"true"[39m
                    [33mclass[39m=[32m"lucide lucide-user inline h-4 w-4 mr-1"[39m
                    [33mfill[39m=[32m"none"[39m
                    [33mheight[39m=[32m"24"[39m
                    [33mstroke[39m=[32m"currentColor"[39m
                    [33mstroke-linecap[39m=[32m"round"[39m
                    [33mstroke-linejoin[39m=[32m"round"[39m
                    [33mstroke-width[39m=[32m"2"[39m
                    [33mviewBox[39m=[32m"0 0 24 24"[39m
                    [33mwidth[39m=[32m"24"[39m
                    [33mxmlns[39m=[32m"http://www.w3.org/2000/svg"[39m
                  [36m>[39m
                    [36m<path[39m
                      [33md[39m=[32m"M19 21v-2a4 4 0 0 0-4-4H9a4 4 0 0 0-4 4v2"[39m
                    [36m/>[39m
                    [36m<circle[39m
                      [33mcx[39m=[32m"12"[39m
                      [33mcy[39m=[32m"7"[39m
                      [33mr[39m=[32m"4"[39m
                    [36m/>[39m
                  [36m</svg>[39m
                  [0mEmri i Plotë *[0m
                [36m</label>[39m
                [36m<input[39m
                  [33mclass[39m=[32m"w-full px-3 py-2 border border-gray-300 rounded-md focus:outline-none focus:ring-2 focus:ring-blue-500 focus:border-transparent"[39m
                  [33mid[39m=[32m"name"[39m
                  [33mname[39m=[32m"name"[39m
                  [33mplaceholder[39m=[32m"Emri dhe mbiemri juaj"[39m
                  [33mtype[39m=[32m"text"[39m
                [36m/>[39m
              [36m</div>[39m
              [36m<div>[39m
                [36m<label[39m
                  [33mclass[39m=[32m"block text-sm font-medium text-gray-700 mb-1"[39m
                  [33mfor[39m=[32m"email"[39m
                [36m>[39m
                  [36m<svg[39m
                    [33maria-hidden[39m=[32m"true"[39m
                    [33mclass[39m=[32m"lucide lucide-mail inline h-4 w-4 mr-1"[39m
                    [33mfill[39m=[32m"none"[39m
                    [33mheight[39m=[32m"24"[39m
                    [33mstroke[39m=[32m"currentColor"[39m
                    [33mstroke-linecap[39m=[32m"round"[39m
                    [33mstroke-linejoin[39m=[32m"round"[39m
                    [33mstroke-width[39m=[32m"2"[39m
                    [33mviewBox[39m=[32m"0 0 24 24"[39m
                    [33mwidth[39m=[32m"24"[39m
                    [33mxmlns[39m=[32m"http://www.w3.org/2000/svg"[39m
                  [36m>[39m
                    [36m<path[39m
                      [33md[39m=[32m"m22 7-8.991 5.727a2 2 0 0 1-2.009 0L2 7"[39m
                    [36m/>[39m
                    [36m<rect[39m
                      [33mheight[39m=[32m"16"[39m
                      [33mrx[39m=[32m"2"[39m
                      [33mwidth[39m=[32m"20"[39m
                      [33mx[39m=[32m"2"[39m
                      [33my[39m=[32m"4"[39m
                    [36m/>[39m
                  [36m</svg>[39m
                  [0mAdresa e Email-it *[0m
                [36m</label>[39m
                [36m<input[39m
                  [33mclass[39m=[32m"w-full px-3 py-2 border border-gray-300 rounded-md focus:outline-none focus:ring-2 focus:ring-blue-500 focus:border-transparent"[39m
                  [33mid[39m=[32m"email"[39m
                  [33mname[39m=[32m"email"[39m
                  [33mplaceholder[39m=[32m"emri.juaj@email.com"[39m
                  [33mtype[39m=[32m"email"[39m
                [36m/>[39m
              [36m</div>[39m
              [36m<div>[39m
                [36m<label[39m
                  [33mclass[39m=[32m"block text-sm font-medium text-gray-700 mb-1"[39m
                  [33mfor[39m=[32m"phone"[39m
                [36m>[39m
                  [36m<svg[39m
                    [33maria-hidden[39m=[32m"true"[39m
                    [33mclass[39m=[32m"lucide lucide-phone inline h-4 w-4 mr-1"[39m
                    [33mfill[39m=[32m"none"[39m
                    [33mheight[39m=[32m"24"[39m
                    [33mstroke[39m=[32m"currentColor"[39m
                    [33mstroke-linecap[39m=[32m"round"[39m
                    [33mstroke-linejoin[39m=[32m"round"[39m
                    [33mstroke-width[39m=[32m"2"[39m
                    [33mviewBox[39m=[32m"0 0 24 24"[39m
                    [33mwidth[39m=[32m"24"[39m
                    [33mxmlns[39m=[32m"http://www.w3.org/2000/svg"[39m
                  [36m>[39m
                    [36m<path[39m
                      [33md[39m=[32m"M13.832 16.568a1 1 0 0 0 1.213-.303l.355-.465A2 2 0 0 1 17 15h3a2 2 0 0 1 2 2v3a2 2 0 0 1-2 2A18 18 0 0 1 2 4a2 2 0 0 1 2-2h3a2 2 0 0 1 2 2v3a2 2 0 0 1-.8 1.6l-.468.351a1 1 0 0 0-.292 1.233 14 14 0 0 0 6.392 6.384"[39m
                    [36m/>[39m
                  [36m</svg>[39m
                  [0mNumri i Telefonit[0m
                [36m</label>[39m
                [36m<input[39m
                  [33mclass[39m=[32m"w-full px-3 py-2 border border-gray-300 rounded-md focus:outline-none focus:ring-2 focus:ring-blue-500 focus:border-transparent"[39m
                  [33mid[39m=[32m"phone"[39m
                  [33mname[39m=[32m"phone"[39m
                  [33mplaceholder[39m=[32m"+355 69 123 4567"[39m
                  [33mtype[39m=[32m"tel"[39m
                [36m/>[39m
              [36m</div>[39m
              [36m<div>[39m
                [36m<label[39m
                  [33mclass[39m=[32m"block text-sm font-medium text-gray-700 mb-1"[39m
                  [33mfor[39m=[32m"message"[39m
                [36m>[39m
                  [0mMesazhi *[0m
                [36m</label>[39m
                [36m<textarea[39m
                  [33mclass[39m=[32m"w-full px-3 py-2 border border-gray-300 rounded-md focus:outline-none focus:ring-2 focus:ring-blue-500 focus:border-transparent resize-vertical"[39m
                  [33mid[39m=[32m"message"[39m
                  [33mname[39m=[32m"message"[39m
                  [33mplaceholder[39m=[32m"Jam i interesuar për këtë pasuri. Ju lutem kontaktoni me më shumë informacion..."[39m
                  [33mrows[39m=[32m"4"[39m
                [36m/>[39m
              [36m</div>[39m
              [36m<div[39m
                [33mclass[39m=[32m"p-3 bg-red-50 border border-red-200 rounded-md"[39m
              [36m>[39m
                [36m<p[39m
                  [33mclass[39m=[32m"text-red-600 text-sm"[39m
                [36m>[39m
                  [0mKa ndodhur një gabim gjatë dërgimit të mesazhit. Ju lutem provoni përsëri.[0m
                [36m</p>[39m
              [36m</div>[39m
              [36m<button[39m
                [33mclass[39m=[32m"w-full bg-linear-to-r from-blue-600 to-blue-700 text-white py-2 px-4 rounded-md hover:from-blue-700 hover:to-blue-800 focus:outline-none focus:ring-2 focus:ring-blue-500 focus:ring-offset-2 disabled:opacity-50 disabled:cursor-not-allowed transition-colors flex items-center justify-center"[39m
                [33mtype[39m=[32m"submit"[39m
              [36m>[39m
                [36m<svg[39m
                  [33maria-hidden[39m=[32m"true"[39m
                  [33mclass[39m=[32m"lucide lucide-send h-4 w-4 mr-2"[39m
                  [33mfill[39m=[32m"none"[39m
                  [33mheight[39m=[32m"24"[39m
                  [33mstroke[39m=[32m"currentColor"[39m
                  [33mstroke-linecap[39m=[32m"round"[39m
                  [33mstroke-linejoin[39m=[32m"round"[39m
                  [33mstroke-width[39m=[32m"2"[39m
                  [33mviewBox[39m=[32m"0 0 24 24"[39m
                  [33mwidth[39m=[32m"24"[39m
                  [33mxmlns[39m=[32m"http://www.w3.org/2000/svg"[39m
                [36m>[39m
                  [36m<path[39m
                    [33md[39m=[32m"M14.536 21.686a.5.5 0 0 0 .937-.024l6.5-19a.496.496 0 0 0-.635-.635l-19 6.5a.5.5 0 0 0-.024.937l7.93 3.18a2 2 0 0 1 1.112 1.11z"[39m
                  [36m/>[39m
                  [36m<path[39m
                    [33md[39m=[32m"m21.854 2.147-10.94 10.939"[39m
                  [36m/>[39m
                [36m</svg>[39m
                [0mDërgo Mesazhin[0m
              [36m</button>[39m
            [36m</form>[39m
            [36m<div[39m
              [33mclass[39m=[32m"mt-6 pt-6 border-t border-gray-200"[39m
            [36m>[39m
              [36m<h4[39m
                [33mclass[39m=[32m"font-semibold text-gray-900 mb-3"[39m
              [36m>[39m
                [0mInformacione Kontakti[0m
              [36m</h4>[39m
              [36m<div[39m
                [33mclass[39m=[32m"text-sm text-gray-600 space-y-2"[39m
              [36m>[39m
                [36m<div[39m
                  [33mclass[39m=[32m"flex items-center"[39m
                [36m>[39m
                  [36m<svg[39m
                    [33maria-hidden[39m=[32m"true"[39m
                    [33mclass[39m=[32m"lucide lucide-mail h-4 w-4 mr-2 text-blue-600"[39m
                    [33mfill[39m=[32m"none"[39m
                    [33mheight[39m=[32m"24"[39m
                    [33mstroke[39m=[32m"currentColor"[39m
                    [33mstroke-linecap[39m=[32m"round"[39m
                    [33mstroke-linejoin[39m=[32m"round"[39m
                    [33mstroke-width[39m=[32m"2"[39m
                    [33mviewBox[39m=[32m"0 0 24 24"[39m
                    [33mwidth[39m=[32m"24"[39m
                    [33mxmlns[39m=[32m"http://www.w3.org/2000/svg"[39m
                  [36m>[39m
                    [36m<path[39m
                      [33md[39m=[32m"m22 7-8.991 5.727a2 2 0 0 1-2.009 0L2 7"[39m
                    [36m/>[39m
                    [36m<rect[39m
                      [33mheight[39m=[32m"16"[39m
                      [33mrx[39m=[32m"2"[39m
                      [33mwidth[39m=[32m"20"[39m
                      [33mx[39m=[32m"2"[39m
                      [33my[39m=[32m"4"[39m
                    [36m/>[39m
                  [36m</svg>[39m
                  [36m<span>[39m
                    [0minfo@pasuritëtiranës.al[0m
                  [36m</span>[39m
                [36m</div>[39m
                [36m<div[39m
                  [33mclass[39m=[32m"flex items-center"[39m
                [36m>[39m
                  [36m<svg[39m
                    [33maria-hidden[39m=[32m"true"[39m
                    [33mclass[39m=[32m"lucide lucide-phone h-4 w-4 mr-2 text-blue-600"[39m
                    [33mfill[39m=[32m"none"[39m
                    [33mheight[39m=[32m"24"[39m
                    [33mstroke[39m=[32m"currentColor"[39m
                    [33mstroke-linecap[39m=[32m"round"[39m
                    [33mstroke-linejoin[39m=[32m"round"[39m
                    [33mstroke-width[39m=[32m"2"[39m
                    [33mviewBox[39m=[32m"0 0 24 24"[39m
                    [33mwidth[39m=[32m"24"[39m
                    [33mxmlns[39m=[32m"http://www.w3.org/2000/svg"[39m
                  [36m>[39m
                    [36m<path[39m
                      [33md[39m=[32m"M13.832 16.568a1 1 0 0 0 1.213-.303l.355-.465A2 2 0 0 1 17 15h3a2 2 0 0 1 2 2v3a2 2 0 0 1-2 2A18 18 0 0 1 2 4a2 2 0 0 1 2-2h3a2 2 0 0 1 2 2v3a2 2 0 0 1-.8 1.6l-.468.351a1 1 0 0 0-.292 1.233 14 14 0 0 0 6.392 6.384"[39m
                    [36m/>[39m
                  [36m</svg>[39m
                  [36m<span>[39m
                    [0m+355 69 123 4567[0m
                  [36m</span>[39m
                [36m</div>[39m
                [36m<div[39m
                  [33mclass[39m=[32m"flex items-center"[39m
                [36m>[39m
                  [36m<svg[39m
                    [33maria-hidden[39m=[32m"true"[39m
                    [33mclass[39m=[32m"lucide lucide-clock h-4 w-4 mr-2 text-blue-600"[39m
                    [33mfill[39m=[32m"none"[39m
                    [33mheight[39m=[32m"24"[39m
                    [33mstroke[39m=[32m"currentColor"[39m
                    [33mstroke-linecap[39m=[32m"round"[39m
                    [33mstroke-linejoin[39m=[32m"round"[39m
                    [33mstroke-width[39m=[32m"2"[39m
                    [33mviewBox[39m=[32m"0 0 24 24"[39m
                    [33mwidth[39m=[32m"24"[39m
                    [33mxmlns[39m=[32m"http://www.w3.org/2000/svg"[39m
                  [36m>[39m
                    [36m<path[39m
                      [33md[39m=[32m"M12 6v6l4 2"[39m
                    [36m/>[39m
                    [36m<circle[39m
                      [33mcx[39m=[32m"12"[39m
                      [33mcy[39m=[32m"12"[39m
                      [33mr[39m=[32m"10"[39m
                    [36m/>[39m
                  [36m</svg>[39m
                  [36m<span>[39m
                    [0mHën-Pre: 9:00-18:00, Sht-Dje: 10:00-16:00[0m
                  [36m</span>[39m
                [36m</div>[39m
              [36m</div>[39m
            [36m</div>[39m
          [36m</div>[39m
        [36m</div>[39m
      [36m</body>[39m
    [36m</html>[39m

      119 |     
      120 |     await waitFor(() => {
    > 121 |       expect(mockSaveInquiry).toHaveBeenCalledWith({
          |                               ^
      122 |         id: 'test-id-123',
      123 |         propertyId: 'property-123',
      124 |         name: 'John Doe',

      at toHaveBeenCalledWith (src/components/__tests__/ContactForm.test.tsx:121:31)
      at runWithExpensiveErrorDiagnosticsDisabled (node_modules/@testing-library/dom/dist/config.js:47:12)
      at checkCallback (node_modules/@testing-library/dom/dist/wait-for.js:124:77)
      at checkRealTimersCallback (node_modules/@testing-library/dom/dist/wait-for.js:118:16)
      at Timeout.task [as _onTimeout] (node_modules/jsdom/lib/jsdom/browser/Window.js:579:19)

  ● ContactForm › shows success message after submission

    Unable to find an element with the text: Mesazhi u Dërgua!. This could be because the text is broken up by multiple elements. In this case, you can provide a function for your text matcher to make your matcher more flexible.

    Ignored nodes: comments, script, style
    [36m<body>[39m
      [36m<div>[39m
        [36m<div[39m
          [33mclass[39m=[32m"bg-white rounded-lg shadow-md p-6 sticky top-6"[39m
        [36m>[39m
          [36m<div[39m
            [33mclass[39m=[32m"flex items-center mb-4"[39m
          [36m>[39m
            [36m<svg[39m
              [33maria-hidden[39m=[32m"true"[39m
              [33mclass[39m=[32m"lucide lucide-message-circle h-6 w-6 text-blue-600 mr-2"[39m
              [33mfill[39m=[32m"none"[39m
              [33mheight[39m=[32m"24"[39m
              [33mstroke[39m=[32m"currentColor"[39m
              [33mstroke-linecap[39m=[32m"round"[39m
              [33mstroke-linejoin[39m=[32m"round"[39m
              [33mstroke-width[39m=[32m"2"[39m
              [33mviewBox[39m=[32m"0 0 24 24"[39m
              [33mwidth[39m=[32m"24"[39m
              [33mxmlns[39m=[32m"http://www.w3.org/2000/svg"[39m
            [36m>[39m
              [36m<path[39m
                [33md[39m=[32m"M7.9 20A9 9 0 1 0 4 16.1L2 22Z"[39m
              [36m/>[39m
            [36m</svg>[39m
            [36m<h3[39m
              [33mclass[39m=[32m"text-xl font-semibold text-gray-900"[39m
            [36m>[39m
              [0mKontaktoni Agjentin[0m
            [36m</h3>[39m
          [36m</div>[39m
          [36m<p[39m
            [33mclass[39m=[32m"text-gray-600 mb-6"[39m
          [36m>[39m
            [0mJeni të interesuar për [0m
            [36m<span[39m
              [33mclass[39m=[32m"font-medium text-gray-900"[39m
            [36m>[39m
              [0mBeautiful House in Tirana[0m
            [36m</span>[39m
            [0m? Dërgoni një mesazh dhe do t'ju kthejmë përgjigje.[0m
          [36m</p>[39m
          [36m<form[39m
            [33mclass[39m=[32m"space-y-4"[39m
          [36m>[39m
            [36m<div>[39m
              [36m<label[39m
                [33mclass[39m=[32m"block text-sm font-medium text-gray-700 mb-1"[39m
                [33mfor[39m=[32m"name"[39m
              [36m>[39m
                [36m<svg[39m
                  [33maria-hidden[39m=[32m"true"[39m
                  [33mclass[39m=[32m"lucide lucide-user inline h-4 w-4 mr-1"[39m
                  [33mfill[39m=[32m"none"[39m
                  [33mheight[39m=[32m"24"[39m
                  [33mstroke[39m=[32m"currentColor"[39m
                  [33mstroke-linecap[39m=[32m"round"[39m
                  [33mstroke-linejoin[39m=[32m"round"[39m
                  [33mstroke-width[39m=[32m"2"[39m
                  [33mviewBox[39m=[32m"0 0 24 24"[39m
                  [33mwidth[39m=[32m"24"[39m
                  [33mxmlns[39m=[32m"http://www.w3.org/2000/svg"[39m
                [36m>[39m
                  [36m<path[39m
                    [33md[39m=[32m"M19 21v-2a4 4 0 0 0-4-4H9a4 4 0 0 0-4 4v2"[39m
                  [36m/>[39m
                  [36m<circle[39m
                    [33mcx[39m=[32m"12"[39m
                    [33mcy[39m=[32m"7"[39m
                    [33mr[39m=[32m"4"[39m
                  [36m/>[39m
                [36m</svg>[39m
                [0mEmri i Plotë *[0m
              [36m</label>[39m
              [36m<input[39m
                [33mclass[39m=[32m"w-full px-3 py-2 border border-gray-300 rounded-md focus:outline-none focus:ring-2 focus:ring-blue-500 focus:border-transparent"[39m
                [33mid[39m=[32m"name"[39m
                [33mname[39m=[32m"name"[39m
                [33mplaceholder[39m=[32m"Emri dhe mbiemri juaj"[39m
                [33mtype[39m=[32m"text"[39m
              [36m/>[39m
            [36m</div>[39m
            [36m<div>[39m
              [36m<label[39m
                [33mclass[39m=[32m"block text-sm font-medium text-gray-700 mb-1"[39m
                [33mfor[39m=[32m"email"[39m
              [36m>[39m
                [36m<svg[39m
                  [33maria-hidden[39m=[32m"true"[39m
                  [33mclass[39m=[32m"lucide lucide-mail inline h-4 w-4 mr-1"[39m
                  [33mfill[39m=[32m"none"[39m
                  [33mheight[39m=[32m"24"[39m
                  [33mstroke[39m=[32m"currentColor"[39m
                  [33mstroke-linecap[39m=[32m"round"[39m
                  [33mstroke-linejoin[39m=[32m"round"[39m
                  [33mstroke-width[39m=[32m"2"[39m
                  [33mviewBox[39m=[32m"0 0 24 24"[39m
                  [33mwidth[39m=[32m"24"[39m
                  [33mxmlns[39m=[32m"http://www.w3.org/2000/svg"[39m
                [36m>[39m
                  [36m<path[39m
                    [33md[39m=[32m"m22 7-8.991 5.727a2 2 0 0 1-2.009 0L2 7"[39m
                  [36m/>[39m
                  [36m<rect[39m
                    [33mheight[39m=[32m"16"[39m
                    [33mrx[39m=[32m"2"[39m
                    [33mwidth[39m=[32m"20"[39m
                    [33mx[39m=[32m"2"[39m
                    [33my[39m=[32m"4"[39m
                  [36m/>[39m
                [36m</svg>[39m
                [0mAdresa e Email-it *[0m
              [36m</label>[39m
              [36m<input[39m
                [33mclass[39m=[32m"w-full px-3 py-2 border border-gray-300 rounded-md focus:outline-none focus:ring-2 focus:ring-blue-500 focus:border-transparent"[39m
                [33mid[39m=[32m"email"[39m
                [33mname[39m=[32m"email"[39m
                [33mplaceholder[39m=[32m"emri.juaj@email.com"[39m
                [33mtype[39m=[32m"email"[39m
              [36m/>[39m
            [36m</div>[39m
            [36m<div>[39m
              [36m<label[39m
                [33mclass[39m=[32m"block text-sm font-medium text-gray-700 mb-1"[39m
                [33mfor[39m=[32m"phone"[39m
              [36m>[39m
                [36m<svg[39m
                  [33maria-hidden[39m=[32m"true"[39m
                  [33mclass[39m=[32m"lucide lucide-phone inline h-4 w-4 mr-1"[39m
                  [33mfill[39m=[32m"none"[39m
                  [33mheight[39m=[32m"24"[39m
                  [33mstroke[39m=[32m"currentColor"[39m
                  [33mstroke-linecap[39m=[32m"round"[39m
                  [33mstroke-linejoin[39m=[32m"round"[39m
                  [33mstroke-width[39m=[32m"2"[39m
                  [33mviewBox[39m=[32m"0 0 24 24"[39m
                  [33mwidth[39m=[32m"24"[39m
                  [33mxmlns[39m=[32m"http://www.w3.org/2000/svg"[39m
                [36m>[39m
                  [36m<path[39m
                    [33md[39m=[32m"M13.832 16.568a1 1 0 0 0 1.213-.303l.355-.465A2 2 0 0 1 17 15h3a2 2 0 0 1 2 2v3a2 2 0 0 1-2 2A18 18 0 0 1 2 4a2 2 0 0 1 2-2h3a2 2 0 0 1 2 2v3a2 2 0 0 1-.8 1.6l-.468.351a1 1 0 0 0-.292 1.233 14 14 0 0 0 6.392 6.384"[39m
                  [36m/>[39m
                [36m</svg>[39m
                [0mNumri i Telefonit[0m
              [36m</label>[39m
              [36m<input[39m
                [33mclass[39m=[32m"w-full px-3 py-2 border border-gray-300 rounded-md focus:outline-none focus:ring-2 focus:ring-blue-500 focus:border-transparent"[39m
                [33mid[39m=[32m"phone"[39m
                [33mname[39m=[32m"phone"[39m
                [33mplaceholder[39m=[32m"+355 69 123 4567"[39m
                [33mtype[39m=[32m"tel"[39m
              [36m/>[39m
            [36m</div>[39m
            [36m<div>[39m
              [36m<label[39m
                [33mclass[39m=[32m"block text-sm font-medium text-gray-700 mb-1"[39m
                [33mfor[39m=[32m"message"[39m
              [36m>[39m
                [0mMesazhi *[0m
              [36m</label>[39m
              [36m<textarea[39m
                [33mclass[39m=[32m"w-full px-3 py-2 border border-gray-300 rounded-md focus:outline-none focus:ring-2 focus:ring-blue-500 focus:border-transparent resize-vertical"[39m
                [33mid[39m=[32m"message"[39m
                [33mname[39m=[32m"message"[39m
                [33mplaceholder[39m=[32m"Jam i interesuar për këtë pasuri. Ju lutem kontaktoni me më shumë informacion..."[39m
                [33mrows[39m=[32m"4"[39m
              [36m/>[39m
            [36m</div>[39m
            [36m<div[39m
              [33mclass[39m=[32m"p-3 bg-red-50 border border-red-200 rounded-md"[39m
            [36m>[39m
              [36m<p[39m
                [33mclass[39m=[32m"text-red-600 text-sm"[39m
              [36m>[39m
                [0mKa ndodhur një gabim gjatë dërgimit të mesazhit. Ju lutem provoni përsëri.[0m
              [36m</p>[39m
            [36m</div>[39m
            [36m<button[39m
              [33mclass[39m=[32m"w-full bg-linear-to-r from-blue-600 to-blue-700 text-white py-2 px-4 rounded-md hover:from-blue-700 hover:to-blue-800 focus:outline-none focus:ring-2 focus:ring-blue-500 focus:ring-offset-2 disabled:opacity-50 disabled:cursor-not-allowed transition-colors flex items-center justify-center"[39m
              [33mtype[39m=[32m"submit"[39m
            [36m>[39m
              [36m<svg[39m
                [33maria-hidden[39m=[32m"true"[39m
                [33mclass[39m=[32m"lucide lucide-send h-4 w-4 mr-2"[39m
                [33mfill[39m=[32m"none"[39m
                [33mheight[39m=[32m"24"[39m
                [33mstroke[39m=[32m"currentColor"[39m
                [33mstroke-linecap[39m=[32m"round"[39m
                [33mstroke-linejoin[39m=[32m"round"[39m
                [33mstroke-width[39m=[32m"2"[39m
                [33mviewBox[39m=[32m"0 0 24 24"[39m
                [33mwidth[39m=[32m"24"[39m
                [33mxmlns[39m=[32m"http://www.w3.org/2000/svg"[39m
              [36m>[39m
                [36m<path[39m
                  [33md[39m=[32m"M14.536 21.686a.5.5 0 0 0 .937-.024l6.5-19a.496.496 0 0 0-.635-.635l-19 6.5a.5.5 0 0 0-.024.937l7.93 3.18a2 2 0 0 1 1.112 1.11z"[39m
                [36m/>[39m
                [36m<path[39m
                  [33md[39m=[32m"m21.854 2.147-10.94 10.939"[39m
                [36m/>[39m
              [36m</svg>[39m
              [0mDërgo Mesazhin[0m
            [36m</button>[39m
          [36m</form>[39m
          [36m<div[39m
            [33mclass[39m=[32m"mt-6 pt-6 border-t border-gray-200"[39m
          [36m>[39m
            [36m<h4[39m
              [33mclass[39m=[32m"font-semibold text-gray-900 mb-3"[39m
            [36m>[39m
              [0mInformacione Kontakti[0m
            [36m</h4>[39m
            [36m<div[39m
              [33mclass[39m=[32m"text-sm text-gray-600 space-y-2"[39m
            [36m>[39m
              [36m<div[39m
                [33mclass[39m=[32m"flex items-center"[39m
              [36m>[39m
                [36m<svg[39m
                  [33maria-hidden[39m=[32m"true"[39m
                  [33mclass[39m=[32m"lucide lucide-mail h-4 w-4 mr-2 text-blue-600"[39m
                  [33mfill[39m=[32m"none"[39m
                  [33mheight[39m=[32m"24"[39m
                  [33mstroke[39m=[32m"currentColor"[39m
                  [33mstroke-linecap[39m=[32m"round"[39m
                  [33mstroke-linejoin[39m=[32m"round"[39m
                  [33mstroke-width[39m=[32m"2"[39m
                  [33mviewBox[39m=[32m"0 0 24 24"[39m
                  [33mwidth[39m=[32m"24"[39m
                  [33mxmlns[39m=[32m"http://www.w3.org/2000/svg"[39m
                [36m>[39m
                  [36m<path[39m
                    [33md[39m=[32m"m22 7-8.991 5.727a2 2 0 0 1-2.009 0L2 7"[39m
                  [36m/>[39m
                  [36m<rect[39m
                    [33mheight[39m=[32m"16"[39m
                    [33mrx[39m=[32m"2"[39m
                    [33mwidth[39m=[32m"20"[39m
                    [33mx[39m=[32m"2"[39m
                    [33my[39m=[32m"4"[39m
                  [36m/>[39m
                [36m</svg>[39m
                [36m<span>[39m
                  [0minfo@pasuritëtiranës.al[0m
                [36m</span>[39m
              [36m</div>[39m
              [36m<div[39m
                [33mclass[39m=[32m"flex items-center"[39m
              [36m>[39m
                [36m<svg[39m
                  [33maria-hidden[39m=[32m"true"[39m
                  [33mclass[39m=[32m"lucide lucide-phone h-4 w-4 mr-2 text-blue-600"[39m
                  [33mfill[39m=[32m"none"[39m
                  [33mheight[39m=[32m"24"[39m
                  [33mstroke[39m=[32m"currentColor"[39m
                  [33mstroke-linecap[39m=[32m"round"[39m
                  [33mstroke-linejoin[39m=[32m"round"[39m
                  [33mstroke-width[39m=[32m"2"[39m
                  [33mviewBox[39m=[32m"0 0 24 24"[39m
                  [33mwidth[39m=[32m"24"[39m
                  [33mxmlns[39m=[32m"http://www.w3.org/2000/svg"[39m
                [36m>[39m
                  [36m<path[39m
                    [33md[39m=[32m"M13.832 16.568a1 1 0 0 0 1.213-.303l.355-.465A2 2 0 0 1 17 15h3a2 2 0 0 1 2 2v3a2 2 0 0 1-2 2A18 18 0 0 1 2 4a2 2 0 0 1 2-2h3a2 2 0 0 1 2 2v3a2 2 0 0 1-.8 1.6l-.468.351a1 1 0 0 0-.292 1.233 14 14 0 0 0 6.392 6.384"[39m
                  [36m/>[39m
                [36m</svg>[39m
                [36m<span>[39m
                  [0m+355 69 123 4567[0m
                [36m</span>[39m
              [36m</div>[39m
              [36m<div[39m
                [33mclass[39m=[32m"flex items-center"[39m
              [36m>[39m
                [36m<svg[39m
                  [33maria-hidden[39m=[32m"true"[39m
                  [33mclass[39m=[32m"lucide lucide-clock h-4 w-4 mr-2 text-blue-600"[39m
                  [33mfill[39m=[32m"none"[39m
                  [33mheight[39m=[32m"24"[39m
                  [33mstroke[39m=[32m"currentColor"[39m
                  [33mstroke-linecap[39m=[32m"round"[39m
                  [33mstroke-linejoin[39m=[32m"round"[39m
                  [33mstroke-width[39m=[32m"2"[39m
                  [33mviewBox[39m=[32m"0 0 24 24"[39m
                  [33mwidth[39m=[32m"24"[39m
                  [33mxmlns[39m=[32m"http://www.w3.org/2000/svg"[39m
                [36m>[39m
                  [36m<path[39m
                    [33md[39m=[32m"M12 6v6l4 2"[39m
                  [36m/>[39m
                  [36m<circle[39m
                    [33mcx[39m=[32m"12"[39m
                    [33mcy[39m=[32m"12"[39m
                    [33mr[39m=[32m"10"[39m
                  [36m/>[39m
                [36m</svg>[39m
                [36m<span>[39m
                  [0mHën-Pre: 9:00-18:00, Sht-Dje: 10:00-16:00[0m
                [36m</span>[39m
              [36m</div>[39m
            [36m</div>[39m
          [36m</div>[39m
        [36m</div>[39m
      [36m</div>[39m
    [36m</body>[39m

      148 |     fireEvent.click(submitButton);
      149 |     
    > 150 |     await waitFor(() => {
          |                  ^
      151 |       expect(screen.getByText('Mesazhi u Dërgua!')).toBeInTheDocument();
      152 |       expect(screen.getByText(/Faleminderit për interesimin tuaj/)).toBeInTheDocument();
      153 |     });

      at waitForWrapper (node_modules/@testing-library/dom/dist/wait-for.js:163:27)
      at Object.<anonymous> (src/components/__tests__/ContactForm.test.tsx:150:18)

  ● ContactForm › allows sending another message after success

    Unable to find an element with the text: Mesazhi u Dërgua!. This could be because the text is broken up by multiple elements. In this case, you can provide a function for your text matcher to make your matcher more flexible.

    Ignored nodes: comments, script, style
    [36m<body>[39m
      [36m<div>[39m
        [36m<div[39m
          [33mclass[39m=[32m"bg-white rounded-lg shadow-md p-6 sticky top-6"[39m
        [36m>[39m
          [36m<div[39m
            [33mclass[39m=[32m"flex items-center mb-4"[39m
          [36m>[39m
            [36m<svg[39m
              [33maria-hidden[39m=[32m"true"[39m
              [33mclass[39m=[32m"lucide lucide-message-circle h-6 w-6 text-blue-600 mr-2"[39m
              [33mfill[39m=[32m"none"[39m
              [33mheight[39m=[32m"24"[39m
              [33mstroke[39m=[32m"currentColor"[39m
              [33mstroke-linecap[39m=[32m"round"[39m
              [33mstroke-linejoin[39m=[32m"round"[39m
              [33mstroke-width[39m=[32m"2"[39m
              [33mviewBox[39m=[32m"0 0 24 24"[39m
              [33mwidth[39m=[32m"24"[39m
              [33mxmlns[39m=[32m"http://www.w3.org/2000/svg"[39m
            [36m>[39m
              [36m<path[39m
                [33md[39m=[32m"M7.9 20A9 9 0 1 0 4 16.1L2 22Z"[39m
              [36m/>[39m
            [36m</svg>[39m
            [36m<h3[39m
              [33mclass[39m=[32m"text-xl font-semibold text-gray-900"[39m
            [36m>[39m
              [0mKontaktoni Agjentin[0m
            [36m</h3>[39m
          [36m</div>[39m
          [36m<p[39m
            [33mclass[39m=[32m"text-gray-600 mb-6"[39m
          [36m>[39m
            [0mJeni të interesuar për [0m
            [36m<span[39m
              [33mclass[39m=[32m"font-medium text-gray-900"[39m
            [36m>[39m
              [0mBeautiful House in Tirana[0m
            [36m</span>[39m
            [0m? Dërgoni një mesazh dhe do t'ju kthejmë përgjigje.[0m
          [36m</p>[39m
          [36m<form[39m
            [33mclass[39m=[32m"space-y-4"[39m
          [36m>[39m
            [36m<div>[39m
              [36m<label[39m
                [33mclass[39m=[32m"block text-sm font-medium text-gray-700 mb-1"[39m
                [33mfor[39m=[32m"name"[39m
              [36m>[39m
                [36m<svg[39m
                  [33maria-hidden[39m=[32m"true"[39m
                  [33mclass[39m=[32m"lucide lucide-user inline h-4 w-4 mr-1"[39m
                  [33mfill[39m=[32m"none"[39m
                  [33mheight[39m=[32m"24"[39m
                  [33mstroke[39m=[32m"currentColor"[39m
                  [33mstroke-linecap[39m=[32m"round"[39m
                  [33mstroke-linejoin[39m=[32m"round"[39m
                  [33mstroke-width[39m=[32m"2"[39m
                  [33mviewBox[39m=[32m"0 0 24 24"[39m
                  [33mwidth[39m=[32m"24"[39m
                  [33mxmlns[39m=[32m"http://www.w3.org/2000/svg"[39m
                [36m>[39m
                  [36m<path[39m
                    [33md[39m=[32m"M19 21v-2a4 4 0 0 0-4-4H9a4 4 0 0 0-4 4v2"[39m
                  [36m/>[39m
                  [36m<circle[39m
                    [33mcx[39m=[32m"12"[39m
                    [33mcy[39m=[32m"7"[39m
                    [33mr[39m=[32m"4"[39m
                  [36m/>[39m
                [36m</svg>[39m
                [0mEmri i Plotë *[0m
              [36m</label>[39m
              [36m<input[39m
                [33mclass[39m=[32m"w-full px-3 py-2 border border-gray-300 rounded-md focus:outline-none focus:ring-2 focus:ring-blue-500 focus:border-transparent"[39m
                [33mid[39m=[32m"name"[39m
                [33mname[39m=[32m"name"[39m
                [33mplaceholder[39m=[32m"Emri dhe mbiemri juaj"[39m
                [33mtype[39m=[32m"text"[39m
              [36m/>[39m
            [36m</div>[39m
            [36m<div>[39m
              [36m<label[39m
                [33mclass[39m=[32m"block text-sm font-medium text-gray-700 mb-1"[39m
                [33mfor[39m=[32m"email"[39m
              [36m>[39m
                [36m<svg[39m
                  [33maria-hidden[39m=[32m"true"[39m
                  [33mclass[39m=[32m"lucide lucide-mail inline h-4 w-4 mr-1"[39m
                  [33mfill[39m=[32m"none"[39m
                  [33mheight[39m=[32m"24"[39m
                  [33mstroke[39m=[32m"currentColor"[39m
                  [33mstroke-linecap[39m=[32m"round"[39m
                  [33mstroke-linejoin[39m=[32m"round"[39m
                  [33mstroke-width[39m=[32m"2"[39m
                  [33mviewBox[39m=[32m"0 0 24 24"[39m
                  [33mwidth[39m=[32m"24"[39m
                  [33mxmlns[39m=[32m"http://www.w3.org/2000/svg"[39m
                [36m>[39m
                  [36m<path[39m
                    [33md[39m=[32m"m22 7-8.991 5.727a2 2 0 0 1-2.009 0L2 7"[39m
                  [36m/>[39m
                  [36m<rect[39m
                    [33mheight[39m=[32m"16"[39m
                    [33mrx[39m=[32m"2"[39m
                    [33mwidth[39m=[32m"20"[39m
                    [33mx[39m=[32m"2"[39m
                    [33my[39m=[32m"4"[39m
                  [36m/>[39m
                [36m</svg>[39m
                [0mAdresa e Email-it *[0m
              [36m</label>[39m
              [36m<input[39m
                [33mclass[39m=[32m"w-full px-3 py-2 border border-gray-300 rounded-md focus:outline-none focus:ring-2 focus:ring-blue-500 focus:border-transparent"[39m
                [33mid[39m=[32m"email"[39m
                [33mname[39m=[32m"email"[39m
                [33mplaceholder[39m=[32m"emri.juaj@email.com"[39m
                [33mtype[39m=[32m"email"[39m
              [36m/>[39m
            [36m</div>[39m
            [36m<div>[39m
              [36m<label[39m
                [33mclass[39m=[32m"block text-sm font-medium text-gray-700 mb-1"[39m
                [33mfor[39m=[32m"phone"[39m
              [36m>[39m
                [36m<svg[39m
                  [33maria-hidden[39m=[32m"true"[39m
                  [33mclass[39m=[32m"lucide lucide-phone inline h-4 w-4 mr-1"[39m
                  [33mfill[39m=[32m"none"[39m
                  [33mheight[39m=[32m"24"[39m
                  [33mstroke[39m=[32m"currentColor"[39m
                  [33mstroke-linecap[39m=[32m"round"[39m
                  [33mstroke-linejoin[39m=[32m"round"[39m
                  [33mstroke-width[39m=[32m"2"[39m
                  [33mviewBox[39m=[32m"0 0 24 24"[39m
                  [33mwidth[39m=[32m"24"[39m
                  [33mxmlns[39m=[32m"http://www.w3.org/2000/svg"[39m
                [36m>[39m
                  [36m<path[39m
                    [33md[39m=[32m"M13.832 16.568a1 1 0 0 0 1.213-.303l.355-.465A2 2 0 0 1 17 15h3a2 2 0 0 1 2 2v3a2 2 0 0 1-2 2A18 18 0 0 1 2 4a2 2 0 0 1 2-2h3a2 2 0 0 1 2 2v3a2 2 0 0 1-.8 1.6l-.468.351a1 1 0 0 0-.292 1.233 14 14 0 0 0 6.392 6.384"[39m
                  [36m/>[39m
                [36m</svg>[39m
                [0mNumri i Telefonit[0m
              [36m</label>[39m
              [36m<input[39m
                [33mclass[39m=[32m"w-full px-3 py-2 border border-gray-300 rounded-md focus:outline-none focus:ring-2 focus:ring-blue-500 focus:border-transparent"[39m
                [33mid[39m=[32m"phone"[39m
                [33mname[39m=[32m"phone"[39m
                [33mplaceholder[39m=[32m"+355 69 123 4567"[39m
                [33mtype[39m=[32m"tel"[39m
              [36m/>[39m
            [36m</div>[39m
            [36m<div>[39m
              [36m<label[39m
                [33mclass[39m=[32m"block text-sm font-medium text-gray-700 mb-1"[39m
                [33mfor[39m=[32m"message"[39m
              [36m>[39m
                [0mMesazhi *[0m
              [36m</label>[39m
              [36m<textarea[39m
                [33mclass[39m=[32m"w-full px-3 py-2 border border-gray-300 rounded-md focus:outline-none focus:ring-2 focus:ring-blue-500 focus:border-transparent resize-vertical"[39m
                [33mid[39m=[32m"message"[39m
                [33mname[39m=[32m"message"[39m
                [33mplaceholder[39m=[32m"Jam i interesuar për këtë pasuri. Ju lutem kontaktoni me më shumë informacion..."[39m
                [33mrows[39m=[32m"4"[39m
              [36m/>[39m
            [36m</div>[39m
            [36m<div[39m
              [33mclass[39m=[32m"p-3 bg-red-50 border border-red-200 rounded-md"[39m
            [36m>[39m
              [36m<p[39m
                [33mclass[39m=[32m"text-red-600 text-sm"[39m
              [36m>[39m
                [0mKa ndodhur një gabim gjatë dërgimit të mesazhit. Ju lutem provoni përsëri.[0m
              [36m</p>[39m
            [36m</div>[39m
            [36m<button[39m
              [33mclass[39m=[32m"w-full bg-linear-to-r from-blue-600 to-blue-700 text-white py-2 px-4 rounded-md hover:from-blue-700 hover:to-blue-800 focus:outline-none focus:ring-2 focus:ring-blue-500 focus:ring-offset-2 disabled:opacity-50 disabled:cursor-not-allowed transition-colors flex items-center justify-center"[39m
              [33mtype[39m=[32m"submit"[39m
            [36m>[39m
              [36m<svg[39m
                [33maria-hidden[39m=[32m"true"[39m
                [33mclass[39m=[32m"lucide lucide-send h-4 w-4 mr-2"[39m
                [33mfill[39m=[32m"none"[39m
                [33mheight[39m=[32m"24"[39m
                [33mstroke[39m=[32m"currentColor"[39m
                [33mstroke-linecap[39m=[32m"round"[39m
                [33mstroke-linejoin[39m=[32m"round"[39m
                [33mstroke-width[39m=[32m"2"[39m
                [33mviewBox[39m=[32m"0 0 24 24"[39m
                [33mwidth[39m=[32m"24"[39m
                [33mxmlns[39m=[32m"http://www.w3.org/2000/svg"[39m
              [36m>[39m
                [36m<path[39m
                  [33md[39m=[32m"M14.536 21.686a.5.5 0 0 0 .937-.024l6.5-19a.496.496 0 0 0-.635-.635l-19 6.5a.5.5 0 0 0-.024.937l7.93 3.18a2 2 0 0 1 1.112 1.11z"[39m
                [36m/>[39m
                [36m<path[39m
                  [33md[39m=[32m"m21.854 2.147-10.94 10.939"[39m
                [36m/>[39m
              [36m</svg>[39m
              [0mDërgo Mesazhin[0m
            [36m</button>[39m
          [36m</form>[39m
          [36m<div[39m
            [33mclass[39m=[32m"mt-6 pt-6 border-t border-gray-200"[39m
          [36m>[39m
            [36m<h4[39m
              [33mclass[39m=[32m"font-semibold text-gray-900 mb-3"[39m
            [36m>[39m
              [0mInformacione Kontakti[0m
            [36m</h4>[39m
            [36m<div[39m
              [33mclass[39m=[32m"text-sm text-gray-600 space-y-2"[39m
            [36m>[39m
              [36m<div[39m
                [33mclass[39m=[32m"flex items-center"[39m
              [36m>[39m
                [36m<svg[39m
                  [33maria-hidden[39m=[32m"true"[39m
                  [33mclass[39m=[32m"lucide lucide-mail h-4 w-4 mr-2 text-blue-600"[39m
                  [33mfill[39m=[32m"none"[39m
                  [33mheight[39m=[32m"24"[39m
                  [33mstroke[39m=[32m"currentColor"[39m
                  [33mstroke-linecap[39m=[32m"round"[39m
                  [33mstroke-linejoin[39m=[32m"round"[39m
                  [33mstroke-width[39m=[32m"2"[39m
                  [33mviewBox[39m=[32m"0 0 24 24"[39m
                  [33mwidth[39m=[32m"24"[39m
                  [33mxmlns[39m=[32m"http://www.w3.org/2000/svg"[39m
                [36m>[39m
                  [36m<path[39m
                    [33md[39m=[32m"m22 7-8.991 5.727a2 2 0 0 1-2.009 0L2 7"[39m
                  [36m/>[39m
                  [36m<rect[39m
                    [33mheight[39m=[32m"16"[39m
                    [33mrx[39m=[32m"2"[39m
                    [33mwidth[39m=[32m"20"[39m
                    [33mx[39m=[32m"2"[39m
                    [33my[39m=[32m"4"[39m
                  [36m/>[39m
                [36m</svg>[39m
                [36m<span>[39m
                  [0minfo@pasuritëtiranës.al[0m
                [36m</span>[39m
              [36m</div>[39m
              [36m<div[39m
                [33mclass[39m=[32m"flex items-center"[39m
              [36m>[39m
                [36m<svg[39m
                  [33maria-hidden[39m=[32m"true"[39m
                  [33mclass[39m=[32m"lucide lucide-phone h-4 w-4 mr-2 text-blue-600"[39m
                  [33mfill[39m=[32m"none"[39m
                  [33mheight[39m=[32m"24"[39m
                  [33mstroke[39m=[32m"currentColor"[39m
                  [33mstroke-linecap[39m=[32m"round"[39m
                  [33mstroke-linejoin[39m=[32m"round"[39m
                  [33mstroke-width[39m=[32m"2"[39m
                  [33mviewBox[39m=[32m"0 0 24 24"[39m
                  [33mwidth[39m=[32m"24"[39m
                  [33mxmlns[39m=[32m"http://www.w3.org/2000/svg"[39m
                [36m>[39m
                  [36m<path[39m
                    [33md[39m=[32m"M13.832 16.568a1 1 0 0 0 1.213-.303l.355-.465A2 2 0 0 1 17 15h3a2 2 0 0 1 2 2v3a2 2 0 0 1-2 2A18 18 0 0 1 2 4a2 2 0 0 1 2-2h3a2 2 0 0 1 2 2v3a2 2 0 0 1-.8 1.6l-.468.351a1 1 0 0 0-.292 1.233 14 14 0 0 0 6.392 6.384"[39m
                  [36m/>[39m
                [36m</svg>[39m
                [36m<span>[39m
                  [0m+355 69 123 4567[0m
                [36m</span>[39m
              [36m</div>[39m
              [36m<div[39m
                [33mclass[39m=[32m"flex items-center"[39m
              [36m>[39m
                [36m<svg[39m
                  [33maria-hidden[39m=[32m"true"[39m
                  [33mclass[39m=[32m"lucide lucide-clock h-4 w-4 mr-2 text-blue-600"[39m
                  [33mfill[39m=[32m"none"[39m
                  [33mheight[39m=[32m"24"[39m
                  [33mstroke[39m=[32m"currentColor"[39m
                  [33mstroke-linecap[39m=[32m"round"[39m
                  [33mstroke-linejoin[39m=[32m"round"[39m
                  [33mstroke-width[39m=[32m"2"[39m
                  [33mviewBox[39m=[32m"0 0 24 24"[39m
                  [33mwidth[39m=[32m"24"[39m
                  [33mxmlns[39m=[32m"http://www.w3.org/2000/svg"[39m
                [36m>[39m
                  [36m<path[39m
                    [33md[39m=[32m"M12 6v6l4 2"[39m
                  [36m/>[39m
                  [36m<circle[39m
                    [33mcx[39m=[32m"12"[39m
                    [33mcy[39m=[32m"12"[39m
                    [33mr[39m=[32m"10"[39m
                  [36m/>[39m
                [36m</svg>[39m
                [36m<span>[39m
                  [0mHën-Pre: 9:00-18:00, Sht-Dje: 10:00-16:00[0m
                [36m</span>[39m
              [36m</div>[39m
            [36m</div>[39m
          [36m</div>[39m
        [36m</div>[39m
      [36m</div>[39m
    [36m</body>[39m

      203 |     fireEvent.click(screen.getByRole('button', { name: /Dërgo Mesazhin/ }));
      204 |     
    > 205 |     await waitFor(() => {
          |                  ^
      206 |       expect(screen.getByText('Mesazhi u Dërgua!')).toBeInTheDocument();
      207 |     });
      208 |     

      at waitForWrapper (node_modules/@testing-library/dom/dist/wait-for.js:163:27)
      at Object.<anonymous> (src/components/__tests__/ContactForm.test.tsx:205:18)

FAIL src/components/__tests__/InteractiveMapView.test.tsx
  ● Test suite failed to run

    Jest worker encountered 4 child process exceptions, exceeding retry limit

      at ChildProcessWorker.initialize (node_modules/jest-worker/build/index.js:805:21)

FAIL src/__tests__/map/map-functionality.test.tsx (10.971 s)
  ● Map Functionality › should initialize map with correct settings

    expect(jest.fn()).toHaveBeenCalledWith(...expected)

    Expected: Any<Object>, ObjectContaining {"center": [41.3275, 19.8187], "fadeAnimation": true, "markerZoomAnimation": true, "preferCanvas": true, "zoom": 13, "zoomAnimation": true}
    Received: <div class="w-full rounded-lg shadow-md border border-gray-200 touch-pan-x touch-pan-y bg-gray-50" style="height: 400px;" />, {"attributionControl": false, "bounceAtZoomLimits": false, "boxZoom": false, "center": [41.328, 19.819200000000002], "closePopupOnClick": true, "doubleClickZoom": true, "dragging": true, "fadeAnimation": true, "inertia": true, "inertiaDeceleration": 3000, "inertiaMaxSpeed": 1500, "keyboard": false, "markerZoomAnimation": true, "maxBoundsViscosity": 1, "maxZoom": 18, "minZoom": 8, "preferCanvas": true, "renderer": {}, "scrollWheelZoom": true, "tap": true, "tapTolerance": 15, "touchZoom": true, "worldCopyJump": false, "zoom": 13, "zoomAnimation": true, "zoomAnimationThreshold": 4, "zoomControl": true}

    Number of calls: 1

    Ignored nodes: comments, script, style
    [36m<html>[39m
      [36m<head />[39m
      [36m<body>[39m
        [36m<div>[39m
          [36m<div[39m
            [33mclass[39m=[32m"relative"[39m
          [36m>[39m
            [36m<div[39m
              [33mclass[39m=[32m"w-full rounded-lg shadow-md border border-gray-200 touch-pan-x touch-pan-y bg-gray-50"[39m
              [33mstyle[39m=[32m"height: 400px;"[39m
            [36m/>[39m
            [36m<div[39m
              [33mclass[39m=[32m"absolute top-2 right-2 flex flex-col gap-1 z-1000"[39m
            [36m>[39m
              [36m<div[39m
                [33mclass[39m=[32m"bg-white rounded-md shadow-md border border-gray-200 overflow-hidden"[39m
              [36m>[39m
                [36m<button[39m
                  [33mclass[39m=[32m"p-1.5 w-full text-xs transition-colors bg-blue-600 text-white"[39m
                  [33mtitle[39m=[32m"Harta e rrugëve"[39m
                [36m>[39m
                  [0m��️[0m
                [36m</button>[39m
                [36m<button[39m
                  [33mclass[39m=[32m"p-1.5 w-full text-xs transition-colors text-blue-600"[39m
                  [33mtitle[39m=[32m"Pamja satelitore"[39m
                [36m>[39m
                  [0m��️[0m
                [36m</button>[39m
                [36m<button[39m
                  [33mclass[39m=[32m"p-1.5 w-full text-xs transition-colors text-blue-600"[39m
                  [33mtitle[39m=[32m"Terreni"[39m
                [36m>[39m
                  [0m��️[0m
                [36m</button>[39m
              [36m</div>[39m
              [36m<button[39m
                [33mclass[39m=[32m"bg-white p-1.5 rounded-md shadow-md border border-gray-200 transition-colors duration-200"[39m
                [33mtitle[39m=[32m"Kthehu në pamjen fillestare"[39m
              [36m>[39m
                [36m<svg[39m
                  [33maria-hidden[39m=[32m"true"[39m
                  [33mclass[39m=[32m"lucide lucide-house h-3 w-3 text-blue-600"[39m
                  [33mfill[39m=[32m"none"[39m
                  [33mheight[39m=[32m"24"[39m
                  [33mstroke[39m=[32m"currentColor"[39m
                  [33mstroke-linecap[39m=[32m"round"[39m
                  [33mstroke-linejoin[39m=[32m"round"[39m
                  [33mstroke-width[39m=[32m"2"[39m
                  [33mviewBox[39m=[32m"0 0 24 24"[39m
                  [33mwidth[39m=[32m"24"[39m
                  [33mxmlns[39m=[32m"http://www.w3.org/2000/svg"[39m
                [36m>[39m
                  [36m<path[39m
                    [33md[39m=[32m"M15 21v-8a1 1 0 0 0-1-1h-4a1 1 0 0 0-1 1v8"[39m
                  [36m/>[39m
                  [36m<path[39m
                    [33md[39m=[32m"M3 10a2 2 0 0 1 .709-1.528l7-5.999a2 2 0 0 1 2.582 0l7 5.999A2 2 0 0 1 21 10v9a2 2 0 0 1-2 2H5a2 2 0 0 1-2-2z"[39m
                  [36m/>[39m
                [36m</svg>[39m
              [36m</button>[39m
              [36m<button[39m
                [33mclass[39m=[32m"bg-white hover:bg-blue-50 p-1.5 rounded-md shadow-md border border-gray-200 transition-colors duration-200"[39m
                [33mtitle[39m=[32m"Harta në ekran të plotë"[39m
              [36m>[39m
                [36m<svg[39m
                  [33mclass[39m=[32m"h-3 w-3 text-blue-600"[39m
                  [33mfill[39m=[32m"none"[39m
                  [33mstroke[39m=[32m"currentColor"[39m
                  [33mviewBox[39m=[32m"0 0 24 24"[39m
                [36m>[39m
                  [36m<path[39m
                    [33md[39m=[32m"M4 8V4m0 0h4M4 4l5 5m11-1V4m0 0h-4m4 0l-5 5M4 16v4m0 0h4m-4 0l5-5m11 5l-5-5m5 5v-4m0 4h-4"[39m
                    [33mstroke-linecap[39m=[32m"round"[39m
                    [33mstroke-linejoin[39m=[32m"round"[39m
                    [33mstroke-width[39m=[32m"2"[39m
                  [36m/>[39m
                [36m</svg>[39m
              [36m</button>[39m
              [36m<button[39m
                [33mclass[39m=[32m"bg-white p-1.5 rounded-md shadow-md border border-gray-200 transition-colors duration-200"[39m
                [33mtitle[39m=[32m"Shko te lokacioni im"[39m
              [36m>[39m
                [36m<svg[39m
                  [33mclass[39m=[32m"h-3 w-3 text-blue-600"[39m
                  [33mfill[39m=[32m"none"[39m
                  [33mstroke[39m=[32m"currentColor"[39m
                  [33mviewBox[39m=[32m"0 0 24 24"[39m
                [36m>[39m
                  [36m<path[39m
                    [33md[39m=[32m"M17.657 16.657L13.414 20.9a1.998 1.998 0 01-2.827 0l-4.244-4.243a8 8 0 1111.314 0z"[39m
                    [33mstroke-linecap[39m=[32m"round"[39m
                    [33mstroke-linejoin[39m=[32m"round"[39m
                    [33mstroke-width[39m=[32m"2"[39m
                  [36m/>[39m
                  [36m<path[39m
                    [33md[39m=[32m"M15 11a3 3 0 11-6 0 3 3 0 016 0z"[39m
                    [33mstroke-linecap[39m=[32m"round"[39m
                    [33mstroke-linejoin[39m=[32m"round"[39m
                    [33mstroke-width[39m=[32m"2"[39m
                  [36m/>[39m
                [36m</svg>[39m
              [36m</button>[39m
            [36m</div>[39m
            [36m<div[39m
              [33mclass[39m=[32m"absolute top-3 left-3 z-1000"[39m
            [36m>[39m
              [36m<div[39m
                [33mclass[39m=[32m"bg-white rounded-lg shadow-md border border-gray-200 p-3 max-w-xs sm:max-w-sm"[39m
              [36m>[39m
                [36m<div[39m
                  [33mclass[39m=[32m"flex items-center gap-2 mb-2"[39m
                [36m>[39m
                  [36m<svg[39m
                    [33maria-hidden[39m=[32m"true"[39m
                    [33mclass[39m=[32m"lucide lucide-funnel h-4 w-4 text-blue-600"[39m
                    [33mfill[39m=[32m"none"[39m
                    [33mheight[39m=[32m"24"[39m
                    [33mstroke[39m=[32m"currentColor"[39m
                    [33mstroke-linecap[39m=[32m"round"[39m
                    [33mstroke-linejoin[39m=[32m"round"[39m
                    [33mstroke-width[39m=[32m"2"[39m
                    [33mviewBox[39m=[32m"0 0 24 24"[39m
                    [33mwidth[39m=[32m"24"[39m
                    [33mxmlns[39m=[32m"http://www.w3.org/2000/svg"[39m
                  [36m>[39m
                    [36m<path[39m
                      [33md[39m=[32m"M10 20a1 1 0 0 0 .553.895l2 1A1 1 0 0 0 14 21v-7a2 2 0 0 1 .517-1.341L21.74 4.67A1 1 0 0 0 21 3H3a1 1 0 0 0-.742 1.67l7.225 7.989A2 2 0 0 1 10 14z"[39m
                    [36m/>[39m
                  [36m</svg>[39m
                  [36m<span[39m
                    [33mclass[39m=[32m"text-sm font-medium text-gray-700"[39m
                  [36m>[39m
                    [0mFiltrat e Hartës[0m
                  [36m</span>[39m
                [36m</div>[39m
                [36m<div[39m
                  [33mclass[39m=[32m"space-y-2"[39m
                [36m>[39m
                  [36m<div>[39m
                    [36m<label[39m
                      [33mclass[39m=[32m"text-xs text-gray-600 block mb-1"[39m
                    [36m>[39m
                      [0mÇmimi[0m
                    [36m</label>[39m
                    [36m<select[39m
                      [33mclass[39m=[32m"w-full text-xs border border-gray-300 rounded px-2 py-1.5 focus:outline-none focus:ring-1 focus:ring-blue-500 touch-manipulation"[39m
                    [36m>[39m
                      [36m<option[39m
                        [33mvalue[39m=[32m"all"[39m
                      [36m>[39m
                        [0mTë gjitha[0m
                      [36m</option>[39m
                      [36m<option[39m
                        [33mvalue[39m=[32m"low"[39m
                      [36m>[39m
                        [0mDeri €100,000[0m
                      [36m</option>[39m
                      [36m<option[39m
                        [33mvalue[39m=[32m"medium"[39m
                      [36m>[39m
                        [0m€100,000 - €300,000[0m
                      [36m</option>[39m
                      [36m<option[39m
                        [33mvalue[39m=[32m"high"[39m
                      [36m>[39m
                        [0mMbi €300,000[0m
                      [36m</option>[39m
                    [36m</select>[39m
                  [36m</div>[39m
                  [36m<div>[39m
                    [36m<label[39m
                      [33mclass[39m=[32m"text-xs text-gray-600 block mb-1"[39m
                    [36m>[39m
                      [0mLloji[0m
                    [36m</label>[39m
                    [36m<select[39m
                      [33mclass[39m=[32m"w-full text-xs border border-gray-300 rounded px-2 py-1.5 focus:outline-none focus:ring-1 focus:ring-blue-500 touch-manipulation"[39m
                    [36m>[39m
                      [36m<option[39m
                        [33mvalue[39m=[32m"all"[39m
                      [36m>[39m
                        [0mTë gjitha[0m
                      [36m</option>[39m
                      [36m<option[39m
                        [33mvalue[39m=[32m"house"[39m
                      [36m>[39m
                        [0mShtëpi[0m
                      [36m</option>[39m
                      [36m<option[39m
                        [33mvalue[39m=[32m"apartment"[39m
                      [36m>[39m
                        [0mApartament[0m
                      [36m</option>[39m
                      [36m<option[39m
                        [33mvalue[39m=[32m"condo"[39m
                      [36m>[39m
                        [0mKondo[0m
                      [36m</option>[39m
                      [36m<option[39m
                        [33mvalue[39m=[32m"townhouse"[39m
                      [36m>[39m
                        [0mShtëpi në Qytet[0m
                      [36m</option>[39m
                    [36m</select>[39m
                  [36m</div>[39m
                [36m</div>[39m
                [36m<div[39m
                  [33mclass[39m=[32m"mt-2 pt-2 border-t border-gray-200"[39m
                [36m>[39m
                  [36m<span[39m
                    [33mclass[39m=[32m"text-xs text-gray-600"[39m
                  [36m>[39m
                    [0m2[0m
                    [0m pasuri në hartë[0m
                  [36m</span>[39m
                [36m</div>[39m
              [36m</div>[39m
            [36m</div>[39m
            [36m<div[39m
              [33mclass[39m=[32m"absolute bottom-2 left-2 bg-white bg-opacity-90 rounded px-2 py-1 text-xs text-gray-600 hidden sm:block"[39m
            [36m>[39m
              [0mLëviz hartën • Zoom me scroll • Hover për info • Klik për detaje[0m
            [36m</div>[39m
            [36m<div[39m
              [33mclass[39m=[32m"absolute bottom-2 left-2 bg-white bg-opacity-90 rounded px-2 py-1 text-xs text-gray-600 sm:hidden"[39m
            [36m>[39m
              [0mLëviz • Zoom • Prek për detaje[0m
            [36m</div>[39m
          [36m</div>[39m
        [36m</div>[39m
      [36m</body>[39m
    [36m</html>[39m

      143 |
      144 |     await waitFor(() => {
    > 145 |       expect(mockLeaflet.map).toHaveBeenCalledWith(
          |                               ^
      146 |         expect.any(Object),
      147 |         expect.objectContaining({
      148 |           center: [41.3275, 19.8187],

      at toHaveBeenCalledWith (src/__tests__/map/map-functionality.test.tsx:145:31)
      at runWithExpensiveErrorDiagnosticsDisabled (node_modules/@testing-library/dom/dist/config.js:47:12)
      at checkCallback (node_modules/@testing-library/dom/dist/wait-for.js:124:77)
      at checkRealTimersCallback (node_modules/@testing-library/dom/dist/wait-for.js:118:16)
      at Timeout.task [as _onTimeout] (node_modules/jsdom/lib/jsdom/browser/Window.js:579:19)

  ● Map Functionality › should initialize map with correct settings

    TypeError: L.layerGroup is not a function

      274 |   const addPropertyMarkers = async (L: any, map: any, props: Property[], onSelect?: (property: Property) => void) => {
      275 |     // Use simple layer group (no clustering to avoid dependency issues)
    > 276 |     const layerGroup = L.layerGroup();
          |                          ^
      277 |
      278 |     // Performance optimization: batch marker creation with requestAnimationFrame
      279 |     const createMarkersInBatches = (properties: Property[], batchSize = 10) => {

      at layerGroup (src/components/MapView.tsx:276:26)
      at addPropertyMarkers (src/components/MapView.tsx:140:11)
      at Object.callback (src/__tests__/map/map-functionality.test.tsx:15:36)
      at whenReady (src/components/MapView.tsx:138:11)

  ● Map Functionality › should initialize map with correct settings

    TypeError: L.layerGroup is not a function

      274 |   const addPropertyMarkers = async (L: any, map: any, props: Property[], onSelect?: (property: Property) => void) => {
      275 |     // Use simple layer group (no clustering to avoid dependency issues)
    > 276 |     const layerGroup = L.layerGroup();
          |                          ^
      277 |
      278 |     // Performance optimization: batch marker creation with requestAnimationFrame
      279 |     const createMarkersInBatches = (properties: Property[], batchSize = 10) => {

      at layerGroup (src/components/MapView.tsx:276:26)
      at addPropertyMarkers (src/components/MapView.tsx:140:11)
      at Object.callback (src/__tests__/map/map-functionality.test.tsx:15:36)
      at whenReady (src/components/MapView.tsx:138:11)

  ● Map Functionality › should initialize map with correct settings

    TypeError: L.layerGroup is not a function

      274 |   const addPropertyMarkers = async (L: any, map: any, props: Property[], onSelect?: (property: Property) => void) => {
      275 |     // Use simple layer group (no clustering to avoid dependency issues)
    > 276 |     const layerGroup = L.layerGroup();
          |                          ^
      277 |
      278 |     // Performance optimization: batch marker creation with requestAnimationFrame
      279 |     const createMarkersInBatches = (properties: Property[], batchSize = 10) => {

      at layerGroup (src/components/MapView.tsx:276:26)
      at addPropertyMarkers (src/components/MapView.tsx:140:11)
      at Object.callback (src/__tests__/map/map-functionality.test.tsx:15:36)
      at whenReady (src/components/MapView.tsx:138:11)

  ● Map Functionality › should create markers for all properties

    expect(jest.fn()).toHaveBeenCalledTimes(expected)

    Expected number of calls: 2
    Received number of calls: 0

    Ignored nodes: comments, script, style
    [36m<html>[39m
      [36m<head />[39m
      [36m<body>[39m
        [36m<div>[39m
          [36m<div[39m
            [33mclass[39m=[32m"relative"[39m
          [36m>[39m
            [36m<div[39m
              [33mclass[39m=[32m"w-full rounded-lg shadow-md border border-gray-200 touch-pan-x touch-pan-y bg-gray-50"[39m
              [33mstyle[39m=[32m"height: 400px;"[39m
            [36m/>[39m
            [36m<div[39m
              [33mclass[39m=[32m"absolute top-2 right-2 flex flex-col gap-1 z-1000"[39m
            [36m>[39m
              [36m<div[39m
                [33mclass[39m=[32m"bg-white rounded-md shadow-md border border-gray-200 overflow-hidden"[39m
              [36m>[39m
                [36m<button[39m
                  [33mclass[39m=[32m"p-1.5 w-full text-xs transition-colors bg-blue-600 text-white"[39m
                  [33mtitle[39m=[32m"Harta e rrugëve"[39m
                [36m>[39m
                  [0m��️[0m
                [36m</button>[39m
                [36m<button[39m
                  [33mclass[39m=[32m"p-1.5 w-full text-xs transition-colors text-blue-600"[39m
                  [33mtitle[39m=[32m"Pamja satelitore"[39m
                [36m>[39m
                  [0m��️[0m
                [36m</button>[39m
                [36m<button[39m
                  [33mclass[39m=[32m"p-1.5 w-full text-xs transition-colors text-blue-600"[39m
                  [33mtitle[39m=[32m"Terreni"[39m
                [36m>[39m
                  [0m��️[0m
                [36m</button>[39m
              [36m</div>[39m
              [36m<button[39m
                [33mclass[39m=[32m"bg-white p-1.5 rounded-md shadow-md border border-gray-200 transition-colors duration-200"[39m
                [33mtitle[39m=[32m"Kthehu në pamjen fillestare"[39m
              [36m>[39m
                [36m<svg[39m
                  [33maria-hidden[39m=[32m"true"[39m
                  [33mclass[39m=[32m"lucide lucide-house h-3 w-3 text-blue-600"[39m
                  [33mfill[39m=[32m"none"[39m
                  [33mheight[39m=[32m"24"[39m
                  [33mstroke[39m=[32m"currentColor"[39m
                  [33mstroke-linecap[39m=[32m"round"[39m
                  [33mstroke-linejoin[39m=[32m"round"[39m
                  [33mstroke-width[39m=[32m"2"[39m
                  [33mviewBox[39m=[32m"0 0 24 24"[39m
                  [33mwidth[39m=[32m"24"[39m
                  [33mxmlns[39m=[32m"http://www.w3.org/2000/svg"[39m
                [36m>[39m
                  [36m<path[39m
                    [33md[39m=[32m"M15 21v-8a1 1 0 0 0-1-1h-4a1 1 0 0 0-1 1v8"[39m
                  [36m/>[39m
                  [36m<path[39m
                    [33md[39m=[32m"M3 10a2 2 0 0 1 .709-1.528l7-5.999a2 2 0 0 1 2.582 0l7 5.999A2 2 0 0 1 21 10v9a2 2 0 0 1-2 2H5a2 2 0 0 1-2-2z"[39m
                  [36m/>[39m
                [36m</svg>[39m
              [36m</button>[39m
              [36m<button[39m
                [33mclass[39m=[32m"bg-white hover:bg-blue-50 p-1.5 rounded-md shadow-md border border-gray-200 transition-colors duration-200"[39m
                [33mtitle[39m=[32m"Harta në ekran të plotë"[39m
              [36m>[39m
                [36m<svg[39m
                  [33mclass[39m=[32m"h-3 w-3 text-blue-600"[39m
                  [33mfill[39m=[32m"none"[39m
                  [33mstroke[39m=[32m"currentColor"[39m
                  [33mviewBox[39m=[32m"0 0 24 24"[39m
                [36m>[39m
                  [36m<path[39m
                    [33md[39m=[32m"M4 8V4m0 0h4M4 4l5 5m11-1V4m0 0h-4m4 0l-5 5M4 16v4m0 0h4m-4 0l5-5m11 5l-5-5m5 5v-4m0 4h-4"[39m
                    [33mstroke-linecap[39m=[32m"round"[39m
                    [33mstroke-linejoin[39m=[32m"round"[39m
                    [33mstroke-width[39m=[32m"2"[39m
                  [36m/>[39m
                [36m</svg>[39m
              [36m</button>[39m
              [36m<button[39m
                [33mclass[39m=[32m"bg-white p-1.5 rounded-md shadow-md border border-gray-200 transition-colors duration-200"[39m
                [33mtitle[39m=[32m"Shko te lokacioni im"[39m
              [36m>[39m
                [36m<svg[39m
                  [33mclass[39m=[32m"h-3 w-3 text-blue-600"[39m
                  [33mfill[39m=[32m"none"[39m
                  [33mstroke[39m=[32m"currentColor"[39m
                  [33mviewBox[39m=[32m"0 0 24 24"[39m
                [36m>[39m
                  [36m<path[39m
                    [33md[39m=[32m"M17.657 16.657L13.414 20.9a1.998 1.998 0 01-2.827 0l-4.244-4.243a8 8 0 1111.314 0z"[39m
                    [33mstroke-linecap[39m=[32m"round"[39m
                    [33mstroke-linejoin[39m=[32m"round"[39m
                    [33mstroke-width[39m=[32m"2"[39m
                  [36m/>[39m
                  [36m<path[39m
                    [33md[39m=[32m"M15 11a3 3 0 11-6 0 3 3 0 016 0z"[39m
                    [33mstroke-linecap[39m=[32m"round"[39m
                    [33mstroke-linejoin[39m=[32m"round"[39m
                    [33mstroke-width[39m=[32m"2"[39m
                  [36m/>[39m
                [36m</svg>[39m
              [36m</button>[39m
            [36m</div>[39m
            [36m<div[39m
              [33mclass[39m=[32m"absolute top-3 left-3 z-1000"[39m
            [36m>[39m
              [36m<div[39m
                [33mclass[39m=[32m"bg-white rounded-lg shadow-md border border-gray-200 p-3 max-w-xs sm:max-w-sm"[39m
              [36m>[39m
                [36m<div[39m
                  [33mclass[39m=[32m"flex items-center gap-2 mb-2"[39m
                [36m>[39m
                  [36m<svg[39m
                    [33maria-hidden[39m=[32m"true"[39m
                    [33mclass[39m=[32m"lucide lucide-funnel h-4 w-4 text-blue-600"[39m
                    [33mfill[39m=[32m"none"[39m
                    [33mheight[39m=[32m"24"[39m
                    [33mstroke[39m=[32m"currentColor"[39m
                    [33mstroke-linecap[39m=[32m"round"[39m
                    [33mstroke-linejoin[39m=[32m"round"[39m
                    [33mstroke-width[39m=[32m"2"[39m
                    [33mviewBox[39m=[32m"0 0 24 24"[39m
                    [33mwidth[39m=[32m"24"[39m
                    [33mxmlns[39m=[32m"http://www.w3.org/2000/svg"[39m
                  [36m>[39m
                    [36m<path[39m
                      [33md[39m=[32m"M10 20a1 1 0 0 0 .553.895l2 1A1 1 0 0 0 14 21v-7a2 2 0 0 1 .517-1.341L21.74 4.67A1 1 0 0 0 21 3H3a1 1 0 0 0-.742 1.67l7.225 7.989A2 2 0 0 1 10 14z"[39m
                    [36m/>[39m
                  [36m</svg>[39m
                  [36m<span[39m
                    [33mclass[39m=[32m"text-sm font-medium text-gray-700"[39m
                  [36m>[39m
                    [0mFiltrat e Hartës[0m
                  [36m</span>[39m
                [36m</div>[39m
                [36m<div[39m
                  [33mclass[39m=[32m"space-y-2"[39m
                [36m>[39m
                  [36m<div>[39m
                    [36m<label[39m
                      [33mclass[39m=[32m"text-xs text-gray-600 block mb-1"[39m
                    [36m>[39m
                      [0mÇmimi[0m
                    [36m</label>[39m
                    [36m<select[39m
                      [33mclass[39m=[32m"w-full text-xs border border-gray-300 rounded px-2 py-1.5 focus:outline-none focus:ring-1 focus:ring-blue-500 touch-manipulation"[39m
                    [36m>[39m
                      [36m<option[39m
                        [33mvalue[39m=[32m"all"[39m
                      [36m>[39m
                        [0mTë gjitha[0m
                      [36m</option>[39m
                      [36m<option[39m
                        [33mvalue[39m=[32m"low"[39m
                      [36m>[39m
                        [0mDeri €100,000[0m
                      [36m</option>[39m
                      [36m<option[39m
                        [33mvalue[39m=[32m"medium"[39m
                      [36m>[39m
                        [0m€100,000 - €300,000[0m
                      [36m</option>[39m
                      [36m<option[39m
                        [33mvalue[39m=[32m"high"[39m
                      [36m>[39m
                        [0mMbi €300,000[0m
                      [36m</option>[39m
                    [36m</select>[39m
                  [36m</div>[39m
                  [36m<div>[39m
                    [36m<label[39m
                      [33mclass[39m=[32m"text-xs text-gray-600 block mb-1"[39m
                    [36m>[39m
                      [0mLloji[0m
                    [36m</label>[39m
                    [36m<select[39m
                      [33mclass[39m=[32m"w-full text-xs border border-gray-300 rounded px-2 py-1.5 focus:outline-none focus:ring-1 focus:ring-blue-500 touch-manipulation"[39m
                    [36m>[39m
                      [36m<option[39m
                        [33mvalue[39m=[32m"all"[39m
                      [36m>[39m
                        [0mTë gjitha[0m
                      [36m</option>[39m
                      [36m<option[39m
                        [33mvalue[39m=[32m"house"[39m
                      [36m>[39m
                        [0mShtëpi[0m
                      [36m</option>[39m
                      [36m<option[39m
                        [33mvalue[39m=[32m"apartment"[39m
                      [36m>[39m
                        [0mApartament[0m
                      [36m</option>[39m
                      [36m<option[39m
                        [33mvalue[39m=[32m"condo"[39m
                      [36m>[39m
                        [0mKondo[0m
                      [36m</option>[39m
                      [36m<option[39m
                        [33mvalue[39m=[32m"townhouse"[39m
                      [36m>[39m
                        [0mShtëpi në Qytet[0m
                      [36m</option>[39m
                    [36m</select>[39m
                  [36m</div>[39m
                [36m</div>[39m
                [36m<div[39m
                  [33mclass[39m=[32m"mt-2 pt-2 border-t border-gray-200"[39m
                [36m>[39m
                  [36m<span[39m
                    [33mclass[39m=[32m"text-xs text-gray-600"[39m
                  [36m>[39m
                    [0m2[0m
                    [0m pasuri në hartë[0m
                  [36m</span>[39m
                [36m</div>[39m
              [36m</div>[39m
            [36m</div>[39m
            [36m<div[39m
              [33mclass[39m=[32m"absolute bottom-2 left-2 bg-white bg-opacity-90 rounded px-2 py-1 text-xs text-gray-600 hidden sm:block"[39m
            [36m>[39m
              [0mLëviz hartën • Zoom me scroll • Hover për info • Klik për detaje[0m
            [36m</div>[39m
            [36m<div[39m
              [33mclass[39m=[32m"absolute bottom-2 left-2 bg-white bg-opacity-90 rounded px-2 py-1 text-xs text-gray-600 sm:hidden"[39m
            [36m>[39m
              [0mLëviz • Zoom • Prek për detaje[0m
            [36m</div>[39m
          [36m</div>[39m
        [36m</div>[39m
      [36m</body>[39m
    [36m</html>[39m

      161 |
      162 |     await waitFor(() => {
    > 163 |       expect(mockLeaflet.marker).toHaveBeenCalledTimes(mockProperties.length);
          |                                  ^
      164 |     });
      165 |
      166 |     // Check that markers are created with correct coordinates

      at toHaveBeenCalledTimes (src/__tests__/map/map-functionality.test.tsx:163:34)
      at runWithExpensiveErrorDiagnosticsDisabled (node_modules/@testing-library/dom/dist/config.js:47:12)
      at checkCallback (node_modules/@testing-library/dom/dist/wait-for.js:124:77)
      at checkRealTimersCallback (node_modules/@testing-library/dom/dist/wait-for.js:118:16)
      at Timeout.task [as _onTimeout] (node_modules/jsdom/lib/jsdom/browser/Window.js:579:19)

  ● Map Functionality › should create markers for all properties

    TypeError: L.layerGroup is not a function

      274 |   const addPropertyMarkers = async (L: any, map: any, props: Property[], onSelect?: (property: Property) => void) => {
      275 |     // Use simple layer group (no clustering to avoid dependency issues)
    > 276 |     const layerGroup = L.layerGroup();
          |                          ^
      277 |
      278 |     // Performance optimization: batch marker creation with requestAnimationFrame
      279 |     const createMarkersInBatches = (properties: Property[], batchSize = 10) => {

      at layerGroup (src/components/MapView.tsx:276:26)
      at addPropertyMarkers (src/components/MapView.tsx:140:11)
      at Object.callback (src/__tests__/map/map-functionality.test.tsx:15:36)
      at whenReady (src/components/MapView.tsx:138:11)

  ● Map Functionality › should create markers for all properties

    TypeError: L.layerGroup is not a function

      274 |   const addPropertyMarkers = async (L: any, map: any, props: Property[], onSelect?: (property: Property) => void) => {
      275 |     // Use simple layer group (no clustering to avoid dependency issues)
    > 276 |     const layerGroup = L.layerGroup();
          |                          ^
      277 |
      278 |     // Performance optimization: batch marker creation with requestAnimationFrame
      279 |     const createMarkersInBatches = (properties: Property[], batchSize = 10) => {

      at layerGroup (src/components/MapView.tsx:276:26)
      at addPropertyMarkers (src/components/MapView.tsx:140:11)
      at Object.callback (src/__tests__/map/map-functionality.test.tsx:15:36)
      at whenReady (src/components/MapView.tsx:138:11)

  ● Map Functionality › should create markers for all properties

    TypeError: L.layerGroup is not a function

      274 |   const addPropertyMarkers = async (L: any, map: any, props: Property[], onSelect?: (property: Property) => void) => {
      275 |     // Use simple layer group (no clustering to avoid dependency issues)
    > 276 |     const layerGroup = L.layerGroup();
          |                          ^
      277 |
      278 |     // Performance optimization: batch marker creation with requestAnimationFrame
      279 |     const createMarkersInBatches = (properties: Property[], batchSize = 10) => {

      at layerGroup (src/components/MapView.tsx:276:26)
      at addPropertyMarkers (src/components/MapView.tsx:140:11)
      at Object.callback (src/__tests__/map/map-functionality.test.tsx:15:36)
      at whenReady (src/components/MapView.tsx:138:11)

  ● Map Functionality › should implement marker clustering

    expect(jest.fn()).toHaveBeenCalledWith(...expected)

    Expected: ObjectContaining {"chunkDelay": 50, "chunkInterval": 200, "chunkedLoading": true, "maxClusterRadius": 80}

    Number of calls: 0

    Ignored nodes: comments, script, style
    [36m<html>[39m
      [36m<head />[39m
      [36m<body>[39m
        [36m<div>[39m
          [36m<div[39m
            [33mclass[39m=[32m"relative"[39m
          [36m>[39m
            [36m<div[39m
              [33mclass[39m=[32m"w-full rounded-lg shadow-md border border-gray-200 touch-pan-x touch-pan-y bg-gray-50"[39m
              [33mstyle[39m=[32m"height: 400px;"[39m
            [36m/>[39m
            [36m<div[39m
              [33mclass[39m=[32m"absolute top-2 right-2 flex flex-col gap-1 z-1000"[39m
            [36m>[39m
              [36m<div[39m
                [33mclass[39m=[32m"bg-white rounded-md shadow-md border border-gray-200 overflow-hidden"[39m
              [36m>[39m
                [36m<button[39m
                  [33mclass[39m=[32m"p-1.5 w-full text-xs transition-colors bg-blue-600 text-white"[39m
                  [33mtitle[39m=[32m"Harta e rrugëve"[39m
                [36m>[39m
                  [0m��️[0m
                [36m</button>[39m
                [36m<button[39m
                  [33mclass[39m=[32m"p-1.5 w-full text-xs transition-colors text-blue-600"[39m
                  [33mtitle[39m=[32m"Pamja satelitore"[39m
                [36m>[39m
                  [0m��️[0m
                [36m</button>[39m
                [36m<button[39m
                  [33mclass[39m=[32m"p-1.5 w-full text-xs transition-colors text-blue-600"[39m
                  [33mtitle[39m=[32m"Terreni"[39m
                [36m>[39m
                  [0m��️[0m
                [36m</button>[39m
              [36m</div>[39m
              [36m<button[39m
                [33mclass[39m=[32m"bg-white p-1.5 rounded-md shadow-md border border-gray-200 transition-colors duration-200"[39m
                [33mtitle[39m=[32m"Kthehu në pamjen fillestare"[39m
              [36m>[39m
                [36m<svg[39m
                  [33maria-hidden[39m=[32m"true"[39m
                  [33mclass[39m=[32m"lucide lucide-house h-3 w-3 text-blue-600"[39m
                  [33mfill[39m=[32m"none"[39m
                  [33mheight[39m=[32m"24"[39m
                  [33mstroke[39m=[32m"currentColor"[39m
                  [33mstroke-linecap[39m=[32m"round"[39m
                  [33mstroke-linejoin[39m=[32m"round"[39m
                  [33mstroke-width[39m=[32m"2"[39m
                  [33mviewBox[39m=[32m"0 0 24 24"[39m
                  [33mwidth[39m=[32m"24"[39m
                  [33mxmlns[39m=[32m"http://www.w3.org/2000/svg"[39m
                [36m>[39m
                  [36m<path[39m
                    [33md[39m=[32m"M15 21v-8a1 1 0 0 0-1-1h-4a1 1 0 0 0-1 1v8"[39m
                  [36m/>[39m
                  [36m<path[39m
                    [33md[39m=[32m"M3 10a2 2 0 0 1 .709-1.528l7-5.999a2 2 0 0 1 2.582 0l7 5.999A2 2 0 0 1 21 10v9a2 2 0 0 1-2 2H5a2 2 0 0 1-2-2z"[39m
                  [36m/>[39m
                [36m</svg>[39m
              [36m</button>[39m
              [36m<button[39m
                [33mclass[39m=[32m"bg-white hover:bg-blue-50 p-1.5 rounded-md shadow-md border border-gray-200 transition-colors duration-200"[39m
                [33mtitle[39m=[32m"Harta në ekran të plotë"[39m
              [36m>[39m
                [36m<svg[39m
                  [33mclass[39m=[32m"h-3 w-3 text-blue-600"[39m
                  [33mfill[39m=[32m"none"[39m
                  [33mstroke[39m=[32m"currentColor"[39m
                  [33mviewBox[39m=[32m"0 0 24 24"[39m
                [36m>[39m
                  [36m<path[39m
                    [33md[39m=[32m"M4 8V4m0 0h4M4 4l5 5m11-1V4m0 0h-4m4 0l-5 5M4 16v4m0 0h4m-4 0l5-5m11 5l-5-5m5 5v-4m0 4h-4"[39m
                    [33mstroke-linecap[39m=[32m"round"[39m
                    [33mstroke-linejoin[39m=[32m"round"[39m
                    [33mstroke-width[39m=[32m"2"[39m
                  [36m/>[39m
                [36m</svg>[39m
              [36m</button>[39m
              [36m<button[39m
                [33mclass[39m=[32m"bg-white p-1.5 rounded-md shadow-md border border-gray-200 transition-colors duration-200"[39m
                [33mtitle[39m=[32m"Shko te lokacioni im"[39m
              [36m>[39m
                [36m<svg[39m
                  [33mclass[39m=[32m"h-3 w-3 text-blue-600"[39m
                  [33mfill[39m=[32m"none"[39m
                  [33mstroke[39m=[32m"currentColor"[39m
                  [33mviewBox[39m=[32m"0 0 24 24"[39m
                [36m>[39m
                  [36m<path[39m
                    [33md[39m=[32m"M17.657 16.657L13.414 20.9a1.998 1.998 0 01-2.827 0l-4.244-4.243a8 8 0 1111.314 0z"[39m
                    [33mstroke-linecap[39m=[32m"round"[39m
                    [33mstroke-linejoin[39m=[32m"round"[39m
                    [33mstroke-width[39m=[32m"2"[39m
                  [36m/>[39m
                  [36m<path[39m
                    [33md[39m=[32m"M15 11a3 3 0 11-6 0 3 3 0 016 0z"[39m
                    [33mstroke-linecap[39m=[32m"round"[39m
                    [33mstroke-linejoin[39m=[32m"round"[39m
                    [33mstroke-width[39m=[32m"2"[39m
                  [36m/>[39m
                [36m</svg>[39m
              [36m</button>[39m
            [36m</div>[39m
            [36m<div[39m
              [33mclass[39m=[32m"absolute top-3 left-3 z-1000"[39m
            [36m>[39m
              [36m<div[39m
                [33mclass[39m=[32m"bg-white rounded-lg shadow-md border border-gray-200 p-3 max-w-xs sm:max-w-sm"[39m
              [36m>[39m
                [36m<div[39m
                  [33mclass[39m=[32m"flex items-center gap-2 mb-2"[39m
                [36m>[39m
                  [36m<svg[39m
                    [33maria-hidden[39m=[32m"true"[39m
                    [33mclass[39m=[32m"lucide lucide-funnel h-4 w-4 text-blue-600"[39m
                    [33mfill[39m=[32m"none"[39m
                    [33mheight[39m=[32m"24"[39m
                    [33mstroke[39m=[32m"currentColor"[39m
                    [33mstroke-linecap[39m=[32m"round"[39m
                    [33mstroke-linejoin[39m=[32m"round"[39m
                    [33mstroke-width[39m=[32m"2"[39m
                    [33mviewBox[39m=[32m"0 0 24 24"[39m
                    [33mwidth[39m=[32m"24"[39m
                    [33mxmlns[39m=[32m"http://www.w3.org/2000/svg"[39m
                  [36m>[39m
                    [36m<path[39m
                      [33md[39m=[32m"M10 20a1 1 0 0 0 .553.895l2 1A1 1 0 0 0 14 21v-7a2 2 0 0 1 .517-1.341L21.74 4.67A1 1 0 0 0 21 3H3a1 1 0 0 0-.742 1.67l7.225 7.989A2 2 0 0 1 10 14z"[39m
                    [36m/>[39m
                  [36m</svg>[39m
                  [36m<span[39m
                    [33mclass[39m=[32m"text-sm font-medium text-gray-700"[39m
                  [36m>[39m
                    [0mFiltrat e Hartës[0m
                  [36m</span>[39m
                [36m</div>[39m
                [36m<div[39m
                  [33mclass[39m=[32m"space-y-2"[39m
                [36m>[39m
                  [36m<div>[39m
                    [36m<label[39m
                      [33mclass[39m=[32m"text-xs text-gray-600 block mb-1"[39m
                    [36m>[39m
                      [0mÇmimi[0m
                    [36m</label>[39m
                    [36m<select[39m
                      [33mclass[39m=[32m"w-full text-xs border border-gray-300 rounded px-2 py-1.5 focus:outline-none focus:ring-1 focus:ring-blue-500 touch-manipulation"[39m
                    [36m>[39m
                      [36m<option[39m
                        [33mvalue[39m=[32m"all"[39m
                      [36m>[39m
                        [0mTë gjitha[0m
                      [36m</option>[39m
                      [36m<option[39m
                        [33mvalue[39m=[32m"low"[39m
                      [36m>[39m
                        [0mDeri €100,000[0m
                      [36m</option>[39m
                      [36m<option[39m
                        [33mvalue[39m=[32m"medium"[39m
                      [36m>[39m
                        [0m€100,000 - €300,000[0m
                      [36m</option>[39m
                      [36m<option[39m
                        [33mvalue[39m=[32m"high"[39m
                      [36m>[39m
                        [0mMbi €300,000[0m
                      [36m</option>[39m
                    [36m</select>[39m
                  [36m</div>[39m
                  [36m<div>[39m
                    [36m<label[39m
                      [33mclass[39m=[32m"text-xs text-gray-600 block mb-1"[39m
                    [36m>[39m
                      [0mLloji[0m
                    [36m</label>[39m
                    [36m<select[39m
                      [33mclass[39m=[32m"w-full text-xs border border-gray-300 rounded px-2 py-1.5 focus:outline-none focus:ring-1 focus:ring-blue-500 touch-manipulation"[39m
                    [36m>[39m
                      [36m<option[39m
                        [33mvalue[39m=[32m"all"[39m
                      [36m>[39m
                        [0mTë gjitha[0m
                      [36m</option>[39m
                      [36m<option[39m
                        [33mvalue[39m=[32m"house"[39m
                      [36m>[39m
                        [0mShtëpi[0m
                      [36m</option>[39m
                      [36m<option[39m
                        [33mvalue[39m=[32m"apartment"[39m
                      [36m>[39m
                        [0mApartament[0m
                      [36m</option>[39m
                      [36m<option[39m
                        [33mvalue[39m=[32m"condo"[39m
                      [36m>[39m
                        [0mKondo[0m
                      [36m</option>[39m
                      [36m<option[39m
                        [33mvalue[39m=[32m"townhouse"[39m
                      [36m>[39m
                        [0mShtëpi në Qytet[0m
                      [36m</option>[39m
                    [36m</select>[39m
                  [36m</div>[39m
                [36m</div>[39m
                [36m<div[39m
                  [33mclass[39m=[32m"mt-2 pt-2 border-t border-gray-200"[39m
                [36m>[39m
                  [36m<span[39m
                    [33mclass[39m=[32m"text-xs text-gray-600"[39m
                  [36m>[39m
                    [0m2[0m
                    [0m pasuri në hartë[0m
                  [36m</span>[39m
                [36m</div>[39m
              [36m</div>[39m
            [36m</div>[39m
            [36m<div[39m
              [33mclass[39m=[32m"absolute bottom-2 left-2 bg-white bg-opacity-90 rounded px-2 py-1 text-xs text-gray-600 hidden sm:block"[39m
            [36m>[39m
              [0mLëviz hartën • Zoom me scroll • Hover për info • Klik për detaje[0m
            [36m</div>[39m
            [36m<div[39m
              [33mclass[39m=[32m"absolute bottom-2 left-2 bg-white bg-opacity-90 rounded px-2 py-1 text-xs text-gray-600 sm:hidden"[39m
            [36m>[39m
              [0mLëviz • Zoom • Prek për detaje[0m
            [36m</div>[39m
          [36m</div>[39m
        [36m</div>[39m
      [36m</body>[39m
    [36m</html>[39m

      173 |
      174 |     await waitFor(() => {
    > 175 |       expect(mockLeaflet.markerClusterGroup).toHaveBeenCalledWith(
          |                                              ^
      176 |         expect.objectContaining({
      177 |           chunkedLoading: true,
      178 |           chunkInterval: 200,

      at toHaveBeenCalledWith (src/__tests__/map/map-functionality.test.tsx:175:46)
      at runWithExpensiveErrorDiagnosticsDisabled (node_modules/@testing-library/dom/dist/config.js:47:12)
      at checkCallback (node_modules/@testing-library/dom/dist/wait-for.js:124:77)
      at checkRealTimersCallback (node_modules/@testing-library/dom/dist/wait-for.js:118:16)
      at Timeout.task [as _onTimeout] (node_modules/jsdom/lib/jsdom/browser/Window.js:579:19)

  ● Map Functionality › should implement marker clustering

    TypeError: L.layerGroup is not a function

      274 |   const addPropertyMarkers = async (L: any, map: any, props: Property[], onSelect?: (property: Property) => void) => {
      275 |     // Use simple layer group (no clustering to avoid dependency issues)
    > 276 |     const layerGroup = L.layerGroup();
          |                          ^
      277 |
      278 |     // Performance optimization: batch marker creation with requestAnimationFrame
      279 |     const createMarkersInBatches = (properties: Property[], batchSize = 10) => {

      at layerGroup (src/components/MapView.tsx:276:26)
      at addPropertyMarkers (src/components/MapView.tsx:140:11)
      at Object.callback (src/__tests__/map/map-functionality.test.tsx:15:36)
      at whenReady (src/components/MapView.tsx:138:11)

  ● Map Functionality › should implement marker clustering

    TypeError: L.layerGroup is not a function

      274 |   const addPropertyMarkers = async (L: any, map: any, props: Property[], onSelect?: (property: Property) => void) => {
      275 |     // Use simple layer group (no clustering to avoid dependency issues)
    > 276 |     const layerGroup = L.layerGroup();
          |                          ^
      277 |
      278 |     // Performance optimization: batch marker creation with requestAnimationFrame
      279 |     const createMarkersInBatches = (properties: Property[], batchSize = 10) => {

      at layerGroup (src/components/MapView.tsx:276:26)
      at addPropertyMarkers (src/components/MapView.tsx:140:11)
      at Object.callback (src/__tests__/map/map-functionality.test.tsx:15:36)
      at whenReady (src/components/MapView.tsx:138:11)

  ● Map Functionality › should implement marker clustering

    TypeError: L.layerGroup is not a function

      274 |   const addPropertyMarkers = async (L: any, map: any, props: Property[], onSelect?: (property: Property) => void) => {
      275 |     // Use simple layer group (no clustering to avoid dependency issues)
    > 276 |     const layerGroup = L.layerGroup();
          |                          ^
      277 |
      278 |     // Performance optimization: batch marker creation with requestAnimationFrame
      279 |     const createMarkersInBatches = (properties: Property[], batchSize = 10) => {

      at layerGroup (src/components/MapView.tsx:276:26)
      at addPropertyMarkers (src/components/MapView.tsx:140:11)
      at Object.callback (src/__tests__/map/map-functionality.test.tsx:15:36)
      at whenReady (src/components/MapView.tsx:138:11)

  ● Map Functionality › should handle property selection

    expect(jest.fn()).toHaveBeenCalledWith(...expected)

    Expected: "click", Any<Function>

    Number of calls: 0

    Ignored nodes: comments, script, style
    [36m<html>[39m
      [36m<head />[39m
      [36m<body>[39m
        [36m<div>[39m
          [36m<div[39m
            [33mclass[39m=[32m"relative"[39m
          [36m>[39m
            [36m<div[39m
              [33mclass[39m=[32m"w-full rounded-lg shadow-md border border-gray-200 touch-pan-x touch-pan-y bg-gray-50"[39m
              [33mstyle[39m=[32m"height: 400px;"[39m
            [36m/>[39m
            [36m<div[39m
              [33mclass[39m=[32m"absolute top-2 right-2 flex flex-col gap-1 z-1000"[39m
            [36m>[39m
              [36m<div[39m
                [33mclass[39m=[32m"bg-white rounded-md shadow-md border border-gray-200 overflow-hidden"[39m
              [36m>[39m
                [36m<button[39m
                  [33mclass[39m=[32m"p-1.5 w-full text-xs transition-colors bg-blue-600 text-white"[39m
                  [33mtitle[39m=[32m"Harta e rrugëve"[39m
                [36m>[39m
                  [0m��️[0m
                [36m</button>[39m
                [36m<button[39m
                  [33mclass[39m=[32m"p-1.5 w-full text-xs transition-colors text-blue-600"[39m
                  [33mtitle[39m=[32m"Pamja satelitore"[39m
                [36m>[39m
                  [0m��️[0m
                [36m</button>[39m
                [36m<button[39m
                  [33mclass[39m=[32m"p-1.5 w-full text-xs transition-colors text-blue-600"[39m
                  [33mtitle[39m=[32m"Terreni"[39m
                [36m>[39m
                  [0m��️[0m
                [36m</button>[39m
              [36m</div>[39m
              [36m<button[39m
                [33mclass[39m=[32m"bg-white p-1.5 rounded-md shadow-md border border-gray-200 transition-colors duration-200"[39m
                [33mtitle[39m=[32m"Kthehu në pamjen fillestare"[39m
              [36m>[39m
                [36m<svg[39m
                  [33maria-hidden[39m=[32m"true"[39m
                  [33mclass[39m=[32m"lucide lucide-house h-3 w-3 text-blue-600"[39m
                  [33mfill[39m=[32m"none"[39m
                  [33mheight[39m=[32m"24"[39m
                  [33mstroke[39m=[32m"currentColor"[39m
                  [33mstroke-linecap[39m=[32m"round"[39m
                  [33mstroke-linejoin[39m=[32m"round"[39m
                  [33mstroke-width[39m=[32m"2"[39m
                  [33mviewBox[39m=[32m"0 0 24 24"[39m
                  [33mwidth[39m=[32m"24"[39m
                  [33mxmlns[39m=[32m"http://www.w3.org/2000/svg"[39m
                [36m>[39m
                  [36m<path[39m
                    [33md[39m=[32m"M15 21v-8a1 1 0 0 0-1-1h-4a1 1 0 0 0-1 1v8"[39m
                  [36m/>[39m
                  [36m<path[39m
                    [33md[39m=[32m"M3 10a2 2 0 0 1 .709-1.528l7-5.999a2 2 0 0 1 2.582 0l7 5.999A2 2 0 0 1 21 10v9a2 2 0 0 1-2 2H5a2 2 0 0 1-2-2z"[39m
                  [36m/>[39m
                [36m</svg>[39m
              [36m</button>[39m
              [36m<button[39m
                [33mclass[39m=[32m"bg-white hover:bg-blue-50 p-1.5 rounded-md shadow-md border border-gray-200 transition-colors duration-200"[39m
                [33mtitle[39m=[32m"Harta në ekran të plotë"[39m
              [36m>[39m
                [36m<svg[39m
                  [33mclass[39m=[32m"h-3 w-3 text-blue-600"[39m
                  [33mfill[39m=[32m"none"[39m
                  [33mstroke[39m=[32m"currentColor"[39m
                  [33mviewBox[39m=[32m"0 0 24 24"[39m
                [36m>[39m
                  [36m<path[39m
                    [33md[39m=[32m"M4 8V4m0 0h4M4 4l5 5m11-1V4m0 0h-4m4 0l-5 5M4 16v4m0 0h4m-4 0l5-5m11 5l-5-5m5 5v-4m0 4h-4"[39m
                    [33mstroke-linecap[39m=[32m"round"[39m
                    [33mstroke-linejoin[39m=[32m"round"[39m
                    [33mstroke-width[39m=[32m"2"[39m
                  [36m/>[39m
                [36m</svg>[39m
              [36m</button>[39m
              [36m<button[39m
                [33mclass[39m=[32m"bg-white p-1.5 rounded-md shadow-md border border-gray-200 transition-colors duration-200"[39m
                [33mtitle[39m=[32m"Shko te lokacioni im"[39m
              [36m>[39m
                [36m<svg[39m
                  [33mclass[39m=[32m"h-3 w-3 text-blue-600"[39m
                  [33mfill[39m=[32m"none"[39m
                  [33mstroke[39m=[32m"currentColor"[39m
                  [33mviewBox[39m=[32m"0 0 24 24"[39m
                [36m>[39m
                  [36m<path[39m
                    [33md[39m=[32m"M17.657 16.657L13.414 20.9a1.998 1.998 0 01-2.827 0l-4.244-4.243a8 8 0 1111.314 0z"[39m
                    [33mstroke-linecap[39m=[32m"round"[39m
                    [33mstroke-linejoin[39m=[32m"round"[39m
                    [33mstroke-width[39m=[32m"2"[39m
                  [36m/>[39m
                  [36m<path[39m
                    [33md[39m=[32m"M15 11a3 3 0 11-6 0 3 3 0 016 0z"[39m
                    [33mstroke-linecap[39m=[32m"round"[39m
                    [33mstroke-linejoin[39m=[32m"round"[39m
                    [33mstroke-width[39m=[32m"2"[39m
                  [36m/>[39m
                [36m</svg>[39m
              [36m</button>[39m
            [36m</div>[39m
            [36m<div[39m
              [33mclass[39m=[32m"absolute top-3 left-3 z-1000"[39m
            [36m>[39m
              [36m<div[39m
                [33mclass[39m=[32m"bg-white rounded-lg shadow-md border border-gray-200 p-3 max-w-xs sm:max-w-sm"[39m
              [36m>[39m
                [36m<div[39m
                  [33mclass[39m=[32m"flex items-center gap-2 mb-2"[39m
                [36m>[39m
                  [36m<svg[39m
                    [33maria-hidden[39m=[32m"true"[39m
                    [33mclass[39m=[32m"lucide lucide-funnel h-4 w-4 text-blue-600"[39m
                    [33mfill[39m=[32m"none"[39m
                    [33mheight[39m=[32m"24"[39m
                    [33mstroke[39m=[32m"currentColor"[39m
                    [33mstroke-linecap[39m=[32m"round"[39m
                    [33mstroke-linejoin[39m=[32m"round"[39m
                    [33mstroke-width[39m=[32m"2"[39m
                    [33mviewBox[39m=[32m"0 0 24 24"[39m
                    [33mwidth[39m=[32m"24"[39m
                    [33mxmlns[39m=[32m"http://www.w3.org/2000/svg"[39m
                  [36m>[39m
                    [36m<path[39m
                      [33md[39m=[32m"M10 20a1 1 0 0 0 .553.895l2 1A1 1 0 0 0 14 21v-7a2 2 0 0 1 .517-1.341L21.74 4.67A1 1 0 0 0 21 3H3a1 1 0 0 0-.742 1.67l7.225 7.989A2 2 0 0 1 10 14z"[39m
                    [36m/>[39m
                  [36m</svg>[39m
                  [36m<span[39m
                    [33mclass[39m=[32m"text-sm font-medium text-gray-700"[39m
                  [36m>[39m
                    [0mFiltrat e Hartës[0m
                  [36m</span>[39m
                [36m</div>[39m
                [36m<div[39m
                  [33mclass[39m=[32m"space-y-2"[39m
                [36m>[39m
                  [36m<div>[39m
                    [36m<label[39m
                      [33mclass[39m=[32m"text-xs text-gray-600 block mb-1"[39m
                    [36m>[39m
                      [0mÇmimi[0m
                    [36m</label>[39m
                    [36m<select[39m
                      [33mclass[39m=[32m"w-full text-xs border border-gray-300 rounded px-2 py-1.5 focus:outline-none focus:ring-1 focus:ring-blue-500 touch-manipulation"[39m
                    [36m>[39m
                      [36m<option[39m
                        [33mvalue[39m=[32m"all"[39m
                      [36m>[39m
                        [0mTë gjitha[0m
                      [36m</option>[39m
                      [36m<option[39m
                        [33mvalue[39m=[32m"low"[39m
                      [36m>[39m
                        [0mDeri €100,000[0m
                      [36m</option>[39m
                      [36m<option[39m
                        [33mvalue[39m=[32m"medium"[39m
                      [36m>[39m
                        [0m€100,000 - €300,000[0m
                      [36m</option>[39m
                      [36m<option[39m
                        [33mvalue[39m=[32m"high"[39m
                      [36m>[39m
                        [0mMbi €300,000[0m
                      [36m</option>[39m
                    [36m</select>[39m
                  [36m</div>[39m
                  [36m<div>[39m
                    [36m<label[39m
                      [33mclass[39m=[32m"text-xs text-gray-600 block mb-1"[39m
                    [36m>[39m
                      [0mLloji[0m
                    [36m</label>[39m
                    [36m<select[39m
                      [33mclass[39m=[32m"w-full text-xs border border-gray-300 rounded px-2 py-1.5 focus:outline-none focus:ring-1 focus:ring-blue-500 touch-manipulation"[39m
                    [36m>[39m
                      [36m<option[39m
                        [33mvalue[39m=[32m"all"[39m
                      [36m>[39m
                        [0mTë gjitha[0m
                      [36m</option>[39m
                      [36m<option[39m
                        [33mvalue[39m=[32m"house"[39m
                      [36m>[39m
                        [0mShtëpi[0m
                      [36m</option>[39m
                      [36m<option[39m
                        [33mvalue[39m=[32m"apartment"[39m
                      [36m>[39m
                        [0mApartament[0m
                      [36m</option>[39m
                      [36m<option[39m
                        [33mvalue[39m=[32m"condo"[39m
                      [36m>[39m
                        [0mKondo[0m
                      [36m</option>[39m
                      [36m<option[39m
                        [33mvalue[39m=[32m"townhouse"[39m
                      [36m>[39m
                        [0mShtëpi në Qytet[0m
                      [36m</option>[39m
                    [36m</select>[39m
                  [36m</div>[39m
                [36m</div>[39m
                [36m<div[39m
                  [33mclass[39m=[32m"mt-2 pt-2 border-t border-gray-200"[39m
                [36m>[39m
                  [36m<span[39m
                    [33mclass[39m=[32m"text-xs text-gray-600"[39m
                  [36m>[39m
                    [0m2[0m
                    [0m pasuri në hartë[0m
                  [36m</span>[39m
                [36m</div>[39m
              [36m</div>[39m
            [36m</div>[39m
            [36m<div[39m
              [33mclass[39m=[32m"absolute bottom-2 left-2 bg-white bg-opacity-90 rounded px-2 py-1 text-xs text-gray-600 hidden sm:block"[39m
            [36m>[39m
              [0mLëviz hartën • Zoom me scroll • Hover për info • Klik për detaje[0m
            [36m</div>[39m
            [36m<div[39m
              [33mclass[39m=[32m"absolute bottom-2 left-2 bg-white bg-opacity-90 rounded px-2 py-1 text-xs text-gray-600 sm:hidden"[39m
            [36m>[39m
              [0mLëviz • Zoom • Prek për detaje[0m
            [36m</div>[39m
          [36m</div>[39m
        [36m</div>[39m
      [36m</body>[39m
    [36m</html>[39m

      189 |
      190 |     await waitFor(() => {
    > 191 |       expect(mockMarker.on).toHaveBeenCalledWith('click', expect.any(Function));
          |                             ^
      192 |     });
      193 |   });
      194 |

      at toHaveBeenCalledWith (src/__tests__/map/map-functionality.test.tsx:191:29)
      at runWithExpensiveErrorDiagnosticsDisabled (node_modules/@testing-library/dom/dist/config.js:47:12)
      at checkCallback (node_modules/@testing-library/dom/dist/wait-for.js:124:77)
      at checkRealTimersCallback (node_modules/@testing-library/dom/dist/wait-for.js:118:16)
      at Timeout.task [as _onTimeout] (node_modules/jsdom/lib/jsdom/browser/Window.js:579:19)

  ● Map Functionality › should handle property selection

    TypeError: L.layerGroup is not a function

      274 |   const addPropertyMarkers = async (L: any, map: any, props: Property[], onSelect?: (property: Property) => void) => {
      275 |     // Use simple layer group (no clustering to avoid dependency issues)
    > 276 |     const layerGroup = L.layerGroup();
          |                          ^
      277 |
      278 |     // Performance optimization: batch marker creation with requestAnimationFrame
      279 |     const createMarkersInBatches = (properties: Property[], batchSize = 10) => {

      at layerGroup (src/components/MapView.tsx:276:26)
      at addPropertyMarkers (src/components/MapView.tsx:140:11)
      at Object.callback (src/__tests__/map/map-functionality.test.tsx:15:36)
      at whenReady (src/components/MapView.tsx:138:11)

  ● Map Functionality › should handle property selection

    TypeError: L.layerGroup is not a function

      274 |   const addPropertyMarkers = async (L: any, map: any, props: Property[], onSelect?: (property: Property) => void) => {
      275 |     // Use simple layer group (no clustering to avoid dependency issues)
    > 276 |     const layerGroup = L.layerGroup();
          |                          ^
      277 |
      278 |     // Performance optimization: batch marker creation with requestAnimationFrame
      279 |     const createMarkersInBatches = (properties: Property[], batchSize = 10) => {

      at layerGroup (src/components/MapView.tsx:276:26)
      at addPropertyMarkers (src/components/MapView.tsx:140:11)
      at Object.callback (src/__tests__/map/map-functionality.test.tsx:15:36)
      at whenReady (src/components/MapView.tsx:138:11)

  ● Map Functionality › should handle property selection

    TypeError: L.layerGroup is not a function

      274 |   const addPropertyMarkers = async (L: any, map: any, props: Property[], onSelect?: (property: Property) => void) => {
      275 |     // Use simple layer group (no clustering to avoid dependency issues)
    > 276 |     const layerGroup = L.layerGroup();
          |                          ^
      277 |
      278 |     // Performance optimization: batch marker creation with requestAnimationFrame
      279 |     const createMarkersInBatches = (properties: Property[], batchSize = 10) => {

      at layerGroup (src/components/MapView.tsx:276:26)
      at addPropertyMarkers (src/components/MapView.tsx:140:11)
      at Object.callback (src/__tests__/map/map-functionality.test.tsx:15:36)
      at whenReady (src/components/MapView.tsx:138:11)

  ● Map Functionality › should update markers when properties change

    expect(jest.fn()).toHaveBeenCalledTimes(expected)

    Expected number of calls: 2
    Received number of calls: 0

    Ignored nodes: comments, script, style
    [36m<html>[39m
      [36m<head />[39m
      [36m<body>[39m
        [36m<div>[39m
          [36m<div[39m
            [33mclass[39m=[32m"relative"[39m
          [36m>[39m
            [36m<div[39m
              [33mclass[39m=[32m"w-full rounded-lg shadow-md border border-gray-200 touch-pan-x touch-pan-y bg-gray-50"[39m
              [33mstyle[39m=[32m"height: 400px;"[39m
            [36m/>[39m
            [36m<div[39m
              [33mclass[39m=[32m"absolute top-2 right-2 flex flex-col gap-1 z-1000"[39m
            [36m>[39m
              [36m<div[39m
                [33mclass[39m=[32m"bg-white rounded-md shadow-md border border-gray-200 overflow-hidden"[39m
              [36m>[39m
                [36m<button[39m
                  [33mclass[39m=[32m"p-1.5 w-full text-xs transition-colors bg-blue-600 text-white"[39m
                  [33mtitle[39m=[32m"Harta e rrugëve"[39m
                [36m>[39m
                  [0m��️[0m
                [36m</button>[39m
                [36m<button[39m
                  [33mclass[39m=[32m"p-1.5 w-full text-xs transition-colors text-blue-600"[39m
                  [33mtitle[39m=[32m"Pamja satelitore"[39m
                [36m>[39m
                  [0m��️[0m
                [36m</button>[39m
                [36m<button[39m
                  [33mclass[39m=[32m"p-1.5 w-full text-xs transition-colors text-blue-600"[39m
                  [33mtitle[39m=[32m"Terreni"[39m
                [36m>[39m
                  [0m��️[0m
                [36m</button>[39m
              [36m</div>[39m
              [36m<button[39m
                [33mclass[39m=[32m"bg-white p-1.5 rounded-md shadow-md border border-gray-200 transition-colors duration-200"[39m
                [33mtitle[39m=[32m"Kthehu në pamjen fillestare"[39m
              [36m>[39m
                [36m<svg[39m
                  [33maria-hidden[39m=[32m"true"[39m
                  [33mclass[39m=[32m"lucide lucide-house h-3 w-3 text-blue-600"[39m
                  [33mfill[39m=[32m"none"[39m
                  [33mheight[39m=[32m"24"[39m
                  [33mstroke[39m=[32m"currentColor"[39m
                  [33mstroke-linecap[39m=[32m"round"[39m
                  [33mstroke-linejoin[39m=[32m"round"[39m
                  [33mstroke-width[39m=[32m"2"[39m
                  [33mviewBox[39m=[32m"0 0 24 24"[39m
                  [33mwidth[39m=[32m"24"[39m
                  [33mxmlns[39m=[32m"http://www.w3.org/2000/svg"[39m
                [36m>[39m
                  [36m<path[39m
                    [33md[39m=[32m"M15 21v-8a1 1 0 0 0-1-1h-4a1 1 0 0 0-1 1v8"[39m
                  [36m/>[39m
                  [36m<path[39m
                    [33md[39m=[32m"M3 10a2 2 0 0 1 .709-1.528l7-5.999a2 2 0 0 1 2.582 0l7 5.999A2 2 0 0 1 21 10v9a2 2 0 0 1-2 2H5a2 2 0 0 1-2-2z"[39m
                  [36m/>[39m
                [36m</svg>[39m
              [36m</button>[39m
              [36m<button[39m
                [33mclass[39m=[32m"bg-white hover:bg-blue-50 p-1.5 rounded-md shadow-md border border-gray-200 transition-colors duration-200"[39m
                [33mtitle[39m=[32m"Harta në ekran të plotë"[39m
              [36m>[39m
                [36m<svg[39m
                  [33mclass[39m=[32m"h-3 w-3 text-blue-600"[39m
                  [33mfill[39m=[32m"none"[39m
                  [33mstroke[39m=[32m"currentColor"[39m
                  [33mviewBox[39m=[32m"0 0 24 24"[39m
                [36m>[39m
                  [36m<path[39m
                    [33md[39m=[32m"M4 8V4m0 0h4M4 4l5 5m11-1V4m0 0h-4m4 0l-5 5M4 16v4m0 0h4m-4 0l5-5m11 5l-5-5m5 5v-4m0 4h-4"[39m
                    [33mstroke-linecap[39m=[32m"round"[39m
                    [33mstroke-linejoin[39m=[32m"round"[39m
                    [33mstroke-width[39m=[32m"2"[39m
                  [36m/>[39m
                [36m</svg>[39m
              [36m</button>[39m
              [36m<button[39m
                [33mclass[39m=[32m"bg-white p-1.5 rounded-md shadow-md border border-gray-200 transition-colors duration-200"[39m
                [33mtitle[39m=[32m"Shko te lokacioni im"[39m
              [36m>[39m
                [36m<svg[39m
                  [33mclass[39m=[32m"h-3 w-3 text-blue-600"[39m
                  [33mfill[39m=[32m"none"[39m
                  [33mstroke[39m=[32m"currentColor"[39m
                  [33mviewBox[39m=[32m"0 0 24 24"[39m
                [36m>[39m
                  [36m<path[39m
                    [33md[39m=[32m"M17.657 16.657L13.414 20.9a1.998 1.998 0 01-2.827 0l-4.244-4.243a8 8 0 1111.314 0z"[39m
                    [33mstroke-linecap[39m=[32m"round"[39m
                    [33mstroke-linejoin[39m=[32m"round"[39m
                    [33mstroke-width[39m=[32m"2"[39m
                  [36m/>[39m
                  [36m<path[39m
                    [33md[39m=[32m"M15 11a3 3 0 11-6 0 3 3 0 016 0z"[39m
                    [33mstroke-linecap[39m=[32m"round"[39m
                    [33mstroke-linejoin[39m=[32m"round"[39m
                    [33mstroke-width[39m=[32m"2"[39m
                  [36m/>[39m
                [36m</svg>[39m
              [36m</button>[39m
            [36m</div>[39m
            [36m<div[39m
              [33mclass[39m=[32m"absolute top-3 left-3 z-1000"[39m
            [36m>[39m
              [36m<div[39m
                [33mclass[39m=[32m"bg-white rounded-lg shadow-md border border-gray-200 p-3 max-w-xs sm:max-w-sm"[39m
              [36m>[39m
                [36m<div[39m
                  [33mclass[39m=[32m"flex items-center gap-2 mb-2"[39m
                [36m>[39m
                  [36m<svg[39m
                    [33maria-hidden[39m=[32m"true"[39m
                    [33mclass[39m=[32m"lucide lucide-funnel h-4 w-4 text-blue-600"[39m
                    [33mfill[39m=[32m"none"[39m
                    [33mheight[39m=[32m"24"[39m
                    [33mstroke[39m=[32m"currentColor"[39m
                    [33mstroke-linecap[39m=[32m"round"[39m
                    [33mstroke-linejoin[39m=[32m"round"[39m
                    [33mstroke-width[39m=[32m"2"[39m
                    [33mviewBox[39m=[32m"0 0 24 24"[39m
                    [33mwidth[39m=[32m"24"[39m
                    [33mxmlns[39m=[32m"http://www.w3.org/2000/svg"[39m
                  [36m>[39m
                    [36m<path[39m
                      [33md[39m=[32m"M10 20a1 1 0 0 0 .553.895l2 1A1 1 0 0 0 14 21v-7a2 2 0 0 1 .517-1.341L21.74 4.67A1 1 0 0 0 21 3H3a1 1 0 0 0-.742 1.67l7.225 7.989A2 2 0 0 1 10 14z"[39m
                    [36m/>[39m
                  [36m</svg>[39m
                  [36m<span[39m
                    [33mclass[39m=[32m"text-sm font-medium text-gray-700"[39m
                  [36m>[39m
                    [0mFiltrat e Hartës[0m
                  [36m</span>[39m
                [36m</div>[39m
                [36m<div[39m
                  [33mclass[39m=[32m"space-y-2"[39m
                [36m>[39m
                  [36m<div>[39m
                    [36m<label[39m
                      [33mclass[39m=[32m"text-xs text-gray-600 block mb-1"[39m
                    [36m>[39m
                      [0mÇmimi[0m
                    [36m</label>[39m
                    [36m<select[39m
                      [33mclass[39m=[32m"w-full text-xs border border-gray-300 rounded px-2 py-1.5 focus:outline-none focus:ring-1 focus:ring-blue-500 touch-manipulation"[39m
                    [36m>[39m
                      [36m<option[39m
                        [33mvalue[39m=[32m"all"[39m
                      [36m>[39m
                        [0mTë gjitha[0m
                      [36m</option>[39m
                      [36m<option[39m
                        [33mvalue[39m=[32m"low"[39m
                      [36m>[39m
                        [0mDeri €100,000[0m
                      [36m</option>[39m
                      [36m<option[39m
                        [33mvalue[39m=[32m"medium"[39m
                      [36m>[39m
                        [0m€100,000 - €300,000[0m
                      [36m</option>[39m
                      [36m<option[39m
                        [33mvalue[39m=[32m"high"[39m
                      [36m>[39m
                        [0mMbi €300,000[0m
                      [36m</option>[39m
                    [36m</select>[39m
                  [36m</div>[39m
                  [36m<div>[39m
                    [36m<label[39m
                      [33mclass[39m=[32m"text-xs text-gray-600 block mb-1"[39m
                    [36m>[39m
                      [0mLloji[0m
                    [36m</label>[39m
                    [36m<select[39m
                      [33mclass[39m=[32m"w-full text-xs border border-gray-300 rounded px-2 py-1.5 focus:outline-none focus:ring-1 focus:ring-blue-500 touch-manipulation"[39m
                    [36m>[39m
                      [36m<option[39m
                        [33mvalue[39m=[32m"all"[39m
                      [36m>[39m
                        [0mTë gjitha[0m
                      [36m</option>[39m
                      [36m<option[39m
                        [33mvalue[39m=[32m"house"[39m
                      [36m>[39m
                        [0mShtëpi[0m
                      [36m</option>[39m
                      [36m<option[39m
                        [33mvalue[39m=[32m"apartment"[39m
                      [36m>[39m
                        [0mApartament[0m
                      [36m</option>[39m
                      [36m<option[39m
                        [33mvalue[39m=[32m"condo"[39m
                      [36m>[39m
                        [0mKondo[0m
                      [36m</option>[39m
                      [36m<option[39m
                        [33mvalue[39m=[32m"townhouse"[39m
                      [36m>[39m
                        [0mShtëpi në Qytet[0m
                      [36m</option>[39m
                    [36m</select>[39m
                  [36m</div>[39m
                [36m</div>[39m
                [36m<div[39m
                  [33mclass[39m=[32m"mt-2 pt-2 border-t border-gray-200"[39m
                [36m>[39m
                  [36m<span[39m
                    [33mclass[39m=[32m"text-xs text-gray-600"[39m
                  [36m>[39m
                    [0m2[0m
                    [0m pasuri në hartë[0m
                  [36m</span>[39m
                [36m</div>[39m
              [36m</div>[39m
            [36m</div>[39m
            [36m<div[39m
              [33mclass[39m=[32m"absolute bottom-2 left-2 bg-white bg-opacity-90 rounded px-2 py-1 text-xs text-gray-600 hidden sm:block"[39m
            [36m>[39m
              [0mLëviz hartën • Zoom me scroll • Hover për info • Klik për detaje[0m
            [36m</div>[39m
            [36m<div[39m
              [33mclass[39m=[32m"absolute bottom-2 left-2 bg-white bg-opacity-90 rounded px-2 py-1 text-xs text-gray-600 sm:hidden"[39m
            [36m>[39m
              [0mLëviz • Zoom • Prek për detaje[0m
            [36m</div>[39m
          [36m</div>[39m
        [36m</div>[39m
      [36m</body>[39m
    [36m</html>[39m

      197 |
      198 |     await waitFor(() => {
    > 199 |       expect(mockLeaflet.marker).toHaveBeenCalledTimes(2);
          |                                  ^
      200 |     });
      201 |
      202 |     // Update with fewer properties

      at toHaveBeenCalledTimes (src/__tests__/map/map-functionality.test.tsx:199:34)
      at runWithExpensiveErrorDiagnosticsDisabled (node_modules/@testing-library/dom/dist/config.js:47:12)
      at checkCallback (node_modules/@testing-library/dom/dist/wait-for.js:124:77)
      at checkRealTimersCallback (node_modules/@testing-library/dom/dist/wait-for.js:118:16)
      at Timeout.task [as _onTimeout] (node_modules/jsdom/lib/jsdom/browser/Window.js:579:19)

  ● Map Functionality › should update markers when properties change

    TypeError: L.layerGroup is not a function

      274 |   const addPropertyMarkers = async (L: any, map: any, props: Property[], onSelect?: (property: Property) => void) => {
      275 |     // Use simple layer group (no clustering to avoid dependency issues)
    > 276 |     const layerGroup = L.layerGroup();
          |                          ^
      277 |
      278 |     // Performance optimization: batch marker creation with requestAnimationFrame
      279 |     const createMarkersInBatches = (properties: Property[], batchSize = 10) => {

      at layerGroup (src/components/MapView.tsx:276:26)
      at addPropertyMarkers (src/components/MapView.tsx:140:11)
      at Object.callback (src/__tests__/map/map-functionality.test.tsx:15:36)
      at whenReady (src/components/MapView.tsx:138:11)

  ● Map Functionality › should update markers when properties change

    TypeError: L.layerGroup is not a function

      274 |   const addPropertyMarkers = async (L: any, map: any, props: Property[], onSelect?: (property: Property) => void) => {
      275 |     // Use simple layer group (no clustering to avoid dependency issues)
    > 276 |     const layerGroup = L.layerGroup();
          |                          ^
      277 |
      278 |     // Performance optimization: batch marker creation with requestAnimationFrame
      279 |     const createMarkersInBatches = (properties: Property[], batchSize = 10) => {

      at layerGroup (src/components/MapView.tsx:276:26)
      at addPropertyMarkers (src/components/MapView.tsx:140:11)
      at Object.callback (src/__tests__/map/map-functionality.test.tsx:15:36)
      at whenReady (src/components/MapView.tsx:138:11)

  ● Map Functionality › should update markers when properties change

    TypeError: L.layerGroup is not a function

      274 |   const addPropertyMarkers = async (L: any, map: any, props: Property[], onSelect?: (property: Property) => void) => {
      275 |     // Use simple layer group (no clustering to avoid dependency issues)
    > 276 |     const layerGroup = L.layerGroup();
          |                          ^
      277 |
      278 |     // Performance optimization: batch marker creation with requestAnimationFrame
      279 |     const createMarkersInBatches = (properties: Property[], batchSize = 10) => {

      at layerGroup (src/components/MapView.tsx:276:26)
      at addPropertyMarkers (src/components/MapView.tsx:140:11)
      at Object.callback (src/__tests__/map/map-functionality.test.tsx:15:36)
      at whenReady (src/components/MapView.tsx:138:11)

  ● Map Functionality › should handle map layer switching

    TypeError: L.layerGroup is not a function

      274 |   const addPropertyMarkers = async (L: any, map: any, props: Property[], onSelect?: (property: Property) => void) => {
      275 |     // Use simple layer group (no clustering to avoid dependency issues)
    > 276 |     const layerGroup = L.layerGroup();
          |                          ^
      277 |
      278 |     // Performance optimization: batch marker creation with requestAnimationFrame
      279 |     const createMarkersInBatches = (properties: Property[], batchSize = 10) => {

      at layerGroup (src/components/MapView.tsx:276:26)
      at addPropertyMarkers (src/components/MapView.tsx:140:11)
      at Object.callback (src/__tests__/map/map-functionality.test.tsx:15:36)
      at whenReady (src/components/MapView.tsx:138:11)

  ● Map Functionality › should handle map layer switching

    TypeError: L.layerGroup is not a function

      274 |   const addPropertyMarkers = async (L: any, map: any, props: Property[], onSelect?: (property: Property) => void) => {
      275 |     // Use simple layer group (no clustering to avoid dependency issues)
    > 276 |     const layerGroup = L.layerGroup();
          |                          ^
      277 |
      278 |     // Performance optimization: batch marker creation with requestAnimationFrame
      279 |     const createMarkersInBatches = (properties: Property[], batchSize = 10) => {

      at layerGroup (src/components/MapView.tsx:276:26)
      at addPropertyMarkers (src/components/MapView.tsx:140:11)
      at Object.callback (src/__tests__/map/map-functionality.test.tsx:15:36)
      at whenReady (src/components/MapView.tsx:138:11)

  ● Map Functionality › should handle map layer switching

    TypeError: L.layerGroup is not a function

      274 |   const addPropertyMarkers = async (L: any, map: any, props: Property[], onSelect?: (property: Property) => void) => {
      275 |     // Use simple layer group (no clustering to avoid dependency issues)
    > 276 |     const layerGroup = L.layerGroup();
          |                          ^
      277 |
      278 |     // Performance optimization: batch marker creation with requestAnimationFrame
      279 |     const createMarkersInBatches = (properties: Property[], batchSize = 10) => {

      at layerGroup (src/components/MapView.tsx:276:26)
      at addPropertyMarkers (src/components/MapView.tsx:140:11)
      at Object.callback (src/__tests__/map/map-functionality.test.tsx:15:36)
      at whenReady (src/components/MapView.tsx:138:11)

  ● Map Functionality › should handle geolocation requests

    TypeError: L.layerGroup is not a function

      274 |   const addPropertyMarkers = async (L: any, map: any, props: Property[], onSelect?: (property: Property) => void) => {
      275 |     // Use simple layer group (no clustering to avoid dependency issues)
    > 276 |     const layerGroup = L.layerGroup();
          |                          ^
      277 |
      278 |     // Performance optimization: batch marker creation with requestAnimationFrame
      279 |     const createMarkersInBatches = (properties: Property[], batchSize = 10) => {

      at layerGroup (src/components/MapView.tsx:276:26)
      at addPropertyMarkers (src/components/MapView.tsx:140:11)
      at Object.callback (src/__tests__/map/map-functionality.test.tsx:15:36)
      at whenReady (src/components/MapView.tsx:138:11)

  ● Map Functionality › should handle geolocation requests

    TypeError: L.layerGroup is not a function

      274 |   const addPropertyMarkers = async (L: any, map: any, props: Property[], onSelect?: (property: Property) => void) => {
      275 |     // Use simple layer group (no clustering to avoid dependency issues)
    > 276 |     const layerGroup = L.layerGroup();
          |                          ^
      277 |
      278 |     // Performance optimization: batch marker creation with requestAnimationFrame
      279 |     const createMarkersInBatches = (properties: Property[], batchSize = 10) => {

      at layerGroup (src/components/MapView.tsx:276:26)
      at addPropertyMarkers (src/components/MapView.tsx:140:11)
      at Object.callback (src/__tests__/map/map-functionality.test.tsx:15:36)
      at whenReady (src/components/MapView.tsx:138:11)

  ● Map Functionality › should handle geolocation requests

    TypeError: L.layerGroup is not a function

      274 |   const addPropertyMarkers = async (L: any, map: any, props: Property[], onSelect?: (property: Property) => void) => {
      275 |     // Use simple layer group (no clustering to avoid dependency issues)
    > 276 |     const layerGroup = L.layerGroup();
          |                          ^
      277 |
      278 |     // Performance optimization: batch marker creation with requestAnimationFrame
      279 |     const createMarkersInBatches = (properties: Property[], batchSize = 10) => {

      at layerGroup (src/components/MapView.tsx:276:26)
      at addPropertyMarkers (src/components/MapView.tsx:140:11)
      at Object.callback (src/__tests__/map/map-functionality.test.tsx:15:36)
      at whenReady (src/components/MapView.tsx:138:11)

  ● Map Functionality › should handle fullscreen toggle

    TypeError: mapRef.current.requestFullscreen is not a function

      522 |                 document.exitFullscreen();
      523 |               } else {
    > 524 |                 mapRef.current.requestFullscreen().then(() => {
          |                                ^
      525 |                   // Force map resize after fullscreen
      526 |                   setTimeout(() => {
      527 |                     if (mapInstanceRef.current) {

      at requestFullscreen (src/components/MapView.tsx:524:32)
      at executeDispatch (node_modules/react-dom/cjs/react-dom-client.development.js:16368:9)
      at runWithFiberInDEV (node_modules/react-dom/cjs/react-dom-client.development.js:1522:13)
      at processDispatchQueue (node_modules/react-dom/cjs/react-dom-client.development.js:16418:19)
      at node_modules/react-dom/cjs/react-dom-client.development.js:17016:9
      at batchedUpdates$1 (node_modules/react-dom/cjs/react-dom-client.development.js:3262:40)
      at dispatchEventForPluginEventSystem (node_modules/react-dom/cjs/react-dom-client.development.js:16572:7)
      at dispatchEvent (node_modules/react-dom/cjs/react-dom-client.development.js:20658:11)
      at dispatchDiscreteEvent (node_modules/react-dom/cjs/react-dom-client.development.js:20626:11)
      at HTMLDivElement.callTheUserObjectsOperation (node_modules/jsdom/lib/jsdom/living/generated/EventListener.js:26:30)
      at innerInvokeEventListeners (node_modules/jsdom/lib/jsdom/living/events/EventTarget-impl.js:350:25)
      at invokeEventListeners (node_modules/jsdom/lib/jsdom/living/events/EventTarget-impl.js:286:3)
      at HTMLButtonElementImpl._dispatch (node_modules/jsdom/lib/jsdom/living/events/EventTarget-impl.js:233:9)
      at HTMLButtonElementImpl.dispatchEvent (node_modules/jsdom/lib/jsdom/living/events/EventTarget-impl.js:104:17)
      at HTMLButtonElement.dispatchEvent (node_modules/jsdom/lib/jsdom/living/generated/EventTarget.js:241:34)
      at node_modules/@testing-library/dom/dist/events.js:19:20
      at node_modules/@testing-library/react/dist/pure.js:108:16
      at node_modules/@testing-library/react/dist/act-compat.js:48:24
      at process.env.NODE_ENV.exports.act (node_modules/react/cjs/react.development.js:789:22)
      at node_modules/@testing-library/react/dist/act-compat.js:47:25
      at Object.eventWrapper (node_modules/@testing-library/react/dist/pure.js:107:28)
      at fireEvent (node_modules/@testing-library/dom/dist/events.js:12:35)
      at fireEvent.<computed> [as click] (node_modules/@testing-library/dom/dist/events.js:110:36)
      at fireEvent.<computed> [as click] (node_modules/@testing-library/react/dist/fire-event.js:15:52)
      at click (src/__tests__/map/map-functionality.test.tsx:276:17)
      at runWithExpensiveErrorDiagnosticsDisabled (node_modules/@testing-library/dom/dist/config.js:47:12)
      at checkCallback (node_modules/@testing-library/dom/dist/wait-for.js:124:77)
      at node_modules/@testing-library/dom/dist/wait-for.js:97:7
      at waitFor (node_modules/@testing-library/dom/dist/wait-for.js:36:10)
      at node_modules/@testing-library/dom/dist/wait-for.js:164:54
      at Object.asyncWrapper (node_modules/@testing-library/react/dist/pure.js:88:28)
      at waitForWrapper (node_modules/@testing-library/dom/dist/wait-for.js:164:35)
      at Object.<anonymous> (src/__tests__/map/map-functionality.test.tsx:270:18)

  ● Map Functionality › should handle fullscreen toggle

    TypeError: L.layerGroup is not a function

      274 |   const addPropertyMarkers = async (L: any, map: any, props: Property[], onSelect?: (property: Property) => void) => {
      275 |     // Use simple layer group (no clustering to avoid dependency issues)
    > 276 |     const layerGroup = L.layerGroup();
          |                          ^
      277 |
      278 |     // Performance optimization: batch marker creation with requestAnimationFrame
      279 |     const createMarkersInBatches = (properties: Property[], batchSize = 10) => {

      at layerGroup (src/components/MapView.tsx:276:26)
      at addPropertyMarkers (src/components/MapView.tsx:140:11)
      at Object.callback (src/__tests__/map/map-functionality.test.tsx:15:36)
      at whenReady (src/components/MapView.tsx:138:11)

  ● Map Functionality › should handle fullscreen toggle

    TypeError: L.layerGroup is not a function

      274 |   const addPropertyMarkers = async (L: any, map: any, props: Property[], onSelect?: (property: Property) => void) => {
      275 |     // Use simple layer group (no clustering to avoid dependency issues)
    > 276 |     const layerGroup = L.layerGroup();
          |                          ^
      277 |
      278 |     // Performance optimization: batch marker creation with requestAnimationFrame
      279 |     const createMarkersInBatches = (properties: Property[], batchSize = 10) => {

      at layerGroup (src/components/MapView.tsx:276:26)
      at addPropertyMarkers (src/components/MapView.tsx:140:11)
      at Object.callback (src/__tests__/map/map-functionality.test.tsx:15:36)
      at whenReady (src/components/MapView.tsx:138:11)

  ● Map Functionality › should handle fullscreen toggle

    TypeError: L.layerGroup is not a function

      274 |   const addPropertyMarkers = async (L: any, map: any, props: Property[], onSelect?: (property: Property) => void) => {
      275 |     // Use simple layer group (no clustering to avoid dependency issues)
    > 276 |     const layerGroup = L.layerGroup();
          |                          ^
      277 |
      278 |     // Performance optimization: batch marker creation with requestAnimationFrame
      279 |     const createMarkersInBatches = (properties: Property[], batchSize = 10) => {

      at layerGroup (src/components/MapView.tsx:276:26)
      at addPropertyMarkers (src/components/MapView.tsx:140:11)
      at Object.callback (src/__tests__/map/map-functionality.test.tsx:15:36)
      at whenReady (src/components/MapView.tsx:138:11)

  ● Map Functionality › should filter properties based on map filters

    Found multiple elements with the display value: Të gjitha.

    Here are the matching elements:

    Ignored nodes: comments, script, style
    [36m<select[39m
      [33mclass[39m=[32m"w-full text-xs border border-gray-300 rounded px-2 py-1.5 focus:outline-none focus:ring-1 focus:ring-blue-500 touch-manipulation"[39m
    [36m>[39m
      [36m<option[39m
        [33mvalue[39m=[32m"all"[39m
      [36m>[39m
        [0mTë gjitha[0m
      [36m</option>[39m
      [36m<option[39m
        [33mvalue[39m=[32m"low"[39m
      [36m>[39m
        [0mDeri €100,000[0m
      [36m</option>[39m
      [36m<option[39m
        [33mvalue[39m=[32m"medium"[39m
      [36m>[39m
        [0m€100,000 - €300,000[0m
      [36m</option>[39m
      [36m<option[39m
        [33mvalue[39m=[32m"high"[39m
      [36m>[39m
        [0mMbi €300,000[0m
      [36m</option>[39m
    [36m</select>[39m

    Ignored nodes: comments, script, style
    [36m<select[39m
      [33mclass[39m=[32m"w-full text-xs border border-gray-300 rounded px-2 py-1.5 focus:outline-none focus:ring-1 focus:ring-blue-500 touch-manipulation"[39m
    [36m>[39m
      [36m<option[39m
        [33mvalue[39m=[32m"all"[39m
      [36m>[39m
        [0mTë gjitha[0m
      [36m</option>[39m
      [36m<option[39m
        [33mvalue[39m=[32m"house"[39m
      [36m>[39m
        [0mShtëpi[0m
      [36m</option>[39m
      [36m<option[39m
        [33mvalue[39m=[32m"apartment"[39m
      [36m>[39m
        [0mApartament[0m
      [36m</option>[39m
      [36m<option[39m
        [33mvalue[39m=[32m"condo"[39m
      [36m>[39m
        [0mKondo[0m
      [36m</option>[39m
      [36m<option[39m
        [33mvalue[39m=[32m"townhouse"[39m
      [36m>[39m
        [0mShtëpi në Qytet[0m
      [36m</option>[39m
    [36m</select>[39m

    (If this is intentional, then use the `*AllBy*` variant of the query (like `queryAllByText`, `getAllByText`, or `findAllByText`)).

    Ignored nodes: comments, script, style
    [36m<body>[39m
      [36m<div>[39m
        [36m<div[39m
          [33mclass[39m=[32m"relative"[39m
        [36m>[39m
          [36m<div[39m
            [33mclass[39m=[32m"w-full rounded-lg shadow-md border border-gray-200 touch-pan-x touch-pan-y bg-gray-50"[39m
            [33mstyle[39m=[32m"height: 400px;"[39m
          [36m/>[39m
          [36m<div[39m
            [33mclass[39m=[32m"absolute top-2 right-2 flex flex-col gap-1 z-1000"[39m
          [36m>[39m
            [36m<div[39m
              [33mclass[39m=[32m"bg-white rounded-md shadow-md border border-gray-200 overflow-hidden"[39m
            [36m>[39m
              [36m<button[39m
                [33mclass[39m=[32m"p-1.5 w-full text-xs transition-colors bg-blue-600 text-white"[39m
                [33mtitle[39m=[32m"Harta e rrugëve"[39m
              [36m>[39m
                [0m��️[0m
              [36m</button>[39m
              [36m<button[39m
                [33mclass[39m=[32m"p-1.5 w-full text-xs transition-colors text-blue-600"[39m
                [33mtitle[39m=[32m"Pamja satelitore"[39m
              [36m>[39m
                [0m��️[0m
              [36m</button>[39m
              [36m<button[39m
                [33mclass[39m=[32m"p-1.5 w-full text-xs transition-colors text-blue-600"[39m
                [33mtitle[39m=[32m"Terreni"[39m
              [36m>[39m
                [0m��️[0m
              [36m</button>[39m
            [36m</div>[39m
            [36m<button[39m
              [33mclass[39m=[32m"bg-white p-1.5 rounded-md shadow-md border border-gray-200 transition-colors duration-200"[39m
              [33mtitle[39m=[32m"Kthehu në pamjen fillestare"[39m
            [36m>[39m
              [36m<svg[39m
                [33maria-hidden[39m=[32m"true"[39m
                [33mclass[39m=[32m"lucide lucide-house h-3 w-3 text-blue-600"[39m
                [33mfill[39m=[32m"none"[39m
                [33mheight[39m=[32m"24"[39m
                [33mstroke[39m=[32m"currentColor"[39m
                [33mstroke-linecap[39m=[32m"round"[39m
                [33mstroke-linejoin[39m=[32m"round"[39m
                [33mstroke-width[39m=[32m"2"[39m
                [33mviewBox[39m=[32m"0 0 24 24"[39m
                [33mwidth[39m=[32m"24"[39m
                [33mxmlns[39m=[32m"http://www.w3.org/2000/svg"[39m
              [36m>[39m
                [36m<path[39m
                  [33md[39m=[32m"M15 21v-8a1 1 0 0 0-1-1h-4a1 1 0 0 0-1 1v8"[39m
                [36m/>[39m
                [36m<path[39m
                  [33md[39m=[32m"M3 10a2 2 0 0 1 .709-1.528l7-5.999a2 2 0 0 1 2.582 0l7 5.999A2 2 0 0 1 21 10v9a2 2 0 0 1-2 2H5a2 2 0 0 1-2-2z"[39m
                [36m/>[39m
              [36m</svg>[39m
            [36m</button>[39m
            [36m<button[39m
              [33mclass[39m=[32m"bg-white hover:bg-blue-50 p-1.5 rounded-md shadow-md border border-gray-200 transition-colors duration-200"[39m
              [33mtitle[39m=[32m"Harta në ekran të plotë"[39m
            [36m>[39m
              [36m<svg[39m
                [33mclass[39m=[32m"h-3 w-3 text-blue-600"[39m
                [33mfill[39m=[32m"none"[39m
                [33mstroke[39m=[32m"currentColor"[39m
                [33mviewBox[39m=[32m"0 0 24 24"[39m
              [36m>[39m
                [36m<path[39m
                  [33md[39m=[32m"M4 8V4m0 0h4M4 4l5 5m11-1V4m0 0h-4m4 0l-5 5M4 16v4m0 0h4m-4 0l5-5m11 5l-5-5m5 5v-4m0 4h-4"[39m
                  [33mstroke-linecap[39m=[32m"round"[39m
                  [33mstroke-linejoin[39m=[32m"round"[39m
                  [33mstroke-width[39m=[32m"2"[39m
                [36m/>[39m
              [36m</svg>[39m
            [36m</button>[39m
            [36m<button[39m
              [33mclass[39m=[32m"bg-white p-1.5 rounded-md shadow-md border border-gray-200 transition-colors duration-200"[39m
              [33mtitle[39m=[32m"Shko te lokacioni im"[39m
            [36m>[39m
              [36m<svg[39m
                [33mclass[39m=[32m"h-3 w-3 text-blue-600"[39m
                [33mfill[39m=[32m"none"[39m
                [33mstroke[39m=[32m"currentColor"[39m
                [33mviewBox[39m=[32m"0 0 24 24"[39m
              [36m>[39m
                [36m<path[39m
                  [33md[39m=[32m"M17.657 16.657L13.414 20.9a1.998 1.998 0 01-2.827 0l-4.244-4.243a8 8 0 1111.314 0z"[39m
                  [33mstroke-linecap[39m=[32m"round"[39m
                  [33mstroke-linejoin[39m=[32m"round"[39m
                  [33mstroke-width[39m=[32m"2"[39m
                [36m/>[39m
                [36m<path[39m
                  [33md[39m=[32m"M15 11a3 3 0 11-6 0 3 3 0 016 0z"[39m
                  [33mstroke-linecap[39m=[32m"round"[39m
                  [33mstroke-linejoin[39m=[32m"round"[39m
                  [33mstroke-width[39m=[32m"2"[39m
                [36m/>[39m
              [36m</svg>[39m
            [36m</button>[39m
          [36m</div>[39m
          [36m<div[39m
            [33mclass[39m=[32m"absolute top-3 left-3 z-1000"[39m
          [36m>[39m
            [36m<div[39m
              [33mclass[39m=[32m"bg-white rounded-lg shadow-md border border-gray-200 p-3 max-w-xs sm:max-w-sm"[39m
            [36m>[39m
              [36m<div[39m
                [33mclass[39m=[32m"flex items-center gap-2 mb-2"[39m
              [36m>[39m
                [36m<svg[39m
                  [33maria-hidden[39m=[32m"true"[39m
                  [33mclass[39m=[32m"lucide lucide-funnel h-4 w-4 text-blue-600"[39m
                  [33mfill[39m=[32m"none"[39m
                  [33mheight[39m=[32m"24"[39m
                  [33mstroke[39m=[32m"currentColor"[39m
                  [33mstroke-linecap[39m=[32m"round"[39m
                  [33mstroke-linejoin[39m=[32m"round"[39m
                  [33mstroke-width[39m=[32m"2"[39m
                  [33mviewBox[39m=[32m"0 0 24 24"[39m
                  [33mwidth[39m=[32m"24"[39m
                  [33mxmlns[39m=[32m"http://www.w3.org/2000/svg"[39m
                [36m>[39m
                  [36m<path[39m
                    [33md[39m=[32m"M10 20a1 1 0 0 0 .553.895l2 1A1 1 0 0 0 14 21v-7a2 2 0 0 1 .517-1.341L21.74 4.67A1 1 0 0 0 21 3H3a1 1 0 0 0-.742 1.67l7.225 7.989A2 2 0 0 1 10 14z"[39m
                  [36m/>[39m
                [36m</svg>[39m
                [36m<span[39m
                  [33mclass[39m=[32m"text-sm font-medium text-gray-700"[39m
                [36m>[39m
                  [0mFiltrat e Hartës[0m
                [36m</span>[39m
              [36m</div>[39m
              [36m<div[39m
                [33mclass[39m=[32m"space-y-2"[39m
              [36m>[39m
                [36m<div>[39m
                  [36m<label[39m
                    [33mclass[39m=[32m"text-xs text-gray-600 block mb-1"[39m
                  [36m>[39m
                    [0mÇmimi[0m
                  [36m</label>[39m
                  [36m<select[39m
                    [33mclass[39m=[32m"w-full text-xs border border-gray-300 rounded px-2 py-1.5 focus:outline-none focus:ring-1 focus:ring-blue-500 touch-manipulation"[39m
                  [36m>[39m
                    [36m<option[39m
                      [33mvalue[39m=[32m"all"[39m
                    [36m>[39m
                      [0mTë gjitha[0m
                    [36m</option>[39m
                    [36m<option[39m
                      [33mvalue[39m=[32m"low"[39m
                    [36m>[39m
                      [0mDeri €100,000[0m
                    [36m</option>[39m
                    [36m<option[39m
                      [33mvalue[39m=[32m"medium"[39m
                    [36m>[39m
                      [0m€100,000 - €300,000[0m
                    [36m</option>[39m
                    [36m<option[39m
                      [33mvalue[39m=[32m"high"[39m
                    [36m>[39m
                      [0mMbi €300,000[0m
                    [36m</option>[39m
                  [36m</select>[39m
                [36m</div>[39m
                [36m<div>[39m
                  [36m<label[39m
                    [33mclass[39m=[32m"text-xs text-gray-600 block mb-1"[39m
                  [36m>[39m
                    [0mLloji[0m
                  [36m</label>[39m
                  [36m<select[39m
                    [33mclass[39m=[32m"w-full text-xs border border-gray-300 rounded px-2 py-1.5 focus:outline-none focus:ring-1 focus:ring-blue-500 touch-manipulation"[39m
                  [36m>[39m
                    [36m<option[39m
                      [33mvalue[39m=[32m"all"[39m
                    [36m>[39m
                      [0mTë gjitha[0m
                    [36m</option>[39m
                    [36m<option[39m
                      [33mvalue[39m=[32m"house"[39m
                    [36m>[39m
                      [0mShtëpi[0m
                    [36m</option>[39m
                    [36m<option[39m
                      [33mvalue[39m=[32m"apartment"[39m
                    [36m>[39m
                      [0mApartament[0m
                    [36m</option>[39m
                    [36m<option[39m
                      [33mvalue[39m=[32m"condo"[39m
                    [36m>[39m
                      [0mKondo[0m
                    [36m</option>[39m
                    [36m<option[39m
                      [33mvalue[39m=[32m"townhouse"[39m
                    [36m>[39m
                      [0mShtëpi në Qytet[0m
                    [36m</option>[39m
                  [36m</select>[39m
                [36m</div>[39m
              [36m</div>[39m
              [36m<div[39m
                [33mclass[39m=[32m"mt-2 pt-2 border-t border-gray-200"[39m
              [36m>[39m
                [36m<span[39m
                  [33mclass[39m=[32m"text-xs text-gray-600"[39m
                [36m>[39m
                  [0m2[0m
                  [0m pasuri në hartë[0m
                [36m</span>[39m
              [36m</div>[39m
            [36m</div>[39m
          [36m</div>[39m
          [36m<div[39m
            [33mclass[39m=[32m"absolute bottom-2 left-2 bg-white bg-opacity-90 rounded px-2 py-1 text-xs text-gray-600 hidden sm:block"[39m
          [36m>[39m
            [0mLëviz hartën • Zoom me scroll • Hover për info • Klik për detaje[0m
          [36m</div>[39m
          [36m<div[39m
            [33mclass[39m=[32m"absolute bottom-2 left-2 bg-white bg-opacity-90 rounded px-2 py-1 text-xs text-gray-600 sm:hidden"[39m
          [36m>[39m
            [0mLëviz • Zoom • Prek për detaje[0m
          [36m</div>[39m
        [36m</div>[39m
      [36m</div>[39m
    [36m</body>[39m

      282 |     render(<MapView properties={mockProperties} />);
      283 |
    > 284 |     await waitFor(() => {
          |                  ^
      285 |       const priceFilter = screen.getByDisplayValue('Të gjitha');
      286 |       fireEvent.change(priceFilter, { target: { value: 'low' } });
      287 |       

      at waitForWrapper (node_modules/@testing-library/dom/dist/wait-for.js:163:27)
      at Object.<anonymous> (src/__tests__/map/map-functionality.test.tsx:284:18)

  ● Map Functionality › should filter properties based on map filters

    TypeError: L.layerGroup is not a function

      274 |   const addPropertyMarkers = async (L: any, map: any, props: Property[], onSelect?: (property: Property) => void) => {
      275 |     // Use simple layer group (no clustering to avoid dependency issues)
    > 276 |     const layerGroup = L.layerGroup();
          |                          ^
      277 |
      278 |     // Performance optimization: batch marker creation with requestAnimationFrame
      279 |     const createMarkersInBatches = (properties: Property[], batchSize = 10) => {

      at layerGroup (src/components/MapView.tsx:276:26)
      at addPropertyMarkers (src/components/MapView.tsx:140:11)
      at Object.callback (src/__tests__/map/map-functionality.test.tsx:15:36)
      at whenReady (src/components/MapView.tsx:138:11)

  ● Map Functionality › should filter properties based on map filters

    TypeError: L.layerGroup is not a function

      274 |   const addPropertyMarkers = async (L: any, map: any, props: Property[], onSelect?: (property: Property) => void) => {
      275 |     // Use simple layer group (no clustering to avoid dependency issues)
    > 276 |     const layerGroup = L.layerGroup();
          |                          ^
      277 |
      278 |     // Performance optimization: batch marker creation with requestAnimationFrame
      279 |     const createMarkersInBatches = (properties: Property[], batchSize = 10) => {

      at layerGroup (src/components/MapView.tsx:276:26)
      at addPropertyMarkers (src/components/MapView.tsx:140:11)
      at Object.callback (src/__tests__/map/map-functionality.test.tsx:15:36)
      at whenReady (src/components/MapView.tsx:138:11)

  ● Map Functionality › should filter properties based on map filters

    TypeError: L.layerGroup is not a function

      274 |   const addPropertyMarkers = async (L: any, map: any, props: Property[], onSelect?: (property: Property) => void) => {
      275 |     // Use simple layer group (no clustering to avoid dependency issues)
    > 276 |     const layerGroup = L.layerGroup();
          |                          ^
      277 |
      278 |     // Performance optimization: batch marker creation with requestAnimationFrame
      279 |     const createMarkersInBatches = (properties: Property[], batchSize = 10) => {

      at layerGroup (src/components/MapView.tsx:276:26)
      at addPropertyMarkers (src/components/MapView.tsx:140:11)
      at Object.callback (src/__tests__/map/map-functionality.test.tsx:15:36)
      at whenReady (src/components/MapView.tsx:138:11)

  ● Map Functionality › should handle map errors gracefully

    expect(received).toBeInTheDocument()

    received value must be an HTMLElement or an SVGElement.
    Received has value: null

    Ignored nodes: comments, script, style
    [36m<html>[39m
      [36m<head />[39m
      [36m<body>[39m
        [36m<div>[39m
          [36m<div[39m
            [33mclass[39m=[32m"relative"[39m
          [36m>[39m
            [36m<div[39m
              [33mclass[39m=[32m"w-full rounded-lg shadow-md border border-gray-200 touch-pan-x touch-pan-y bg-gray-50"[39m
              [33mstyle[39m=[32m"height: 400px;"[39m
            [36m/>[39m
            [36m<div[39m
              [33mclass[39m=[32m"absolute top-2 right-2 flex flex-col gap-1 z-1000"[39m
            [36m>[39m
              [36m<div[39m
                [33mclass[39m=[32m"bg-white rounded-md shadow-md border border-gray-200 overflow-hidden"[39m
              [36m>[39m
                [36m<button[39m
                  [33mclass[39m=[32m"p-1.5 w-full text-xs transition-colors bg-blue-600 text-white"[39m
                  [33mtitle[39m=[32m"Harta e rrugëve"[39m
                [36m>[39m
                  [0m��️[0m
                [36m</button>[39m
                [36m<button[39m
                  [33mclass[39m=[32m"p-1.5 w-full text-xs transition-colors text-blue-600"[39m
                  [33mtitle[39m=[32m"Pamja satelitore"[39m
                [36m>[39m
                  [0m��️[0m
                [36m</button>[39m
                [36m<button[39m
                  [33mclass[39m=[32m"p-1.5 w-full text-xs transition-colors text-blue-600"[39m
                  [33mtitle[39m=[32m"Terreni"[39m
                [36m>[39m
                  [0m��️[0m
                [36m</button>[39m
              [36m</div>[39m
              [36m<button[39m
                [33mclass[39m=[32m"bg-white p-1.5 rounded-md shadow-md border border-gray-200 transition-colors duration-200"[39m
                [33mtitle[39m=[32m"Kthehu në pamjen fillestare"[39m
              [36m>[39m
                [36m<svg[39m
                  [33maria-hidden[39m=[32m"true"[39m
                  [33mclass[39m=[32m"lucide lucide-house h-3 w-3 text-blue-600"[39m
                  [33mfill[39m=[32m"none"[39m
                  [33mheight[39m=[32m"24"[39m
                  [33mstroke[39m=[32m"currentColor"[39m
                  [33mstroke-linecap[39m=[32m"round"[39m
                  [33mstroke-linejoin[39m=[32m"round"[39m
                  [33mstroke-width[39m=[32m"2"[39m
                  [33mviewBox[39m=[32m"0 0 24 24"[39m
                  [33mwidth[39m=[32m"24"[39m
                  [33mxmlns[39m=[32m"http://www.w3.org/2000/svg"[39m
                [36m>[39m
                  [36m<path[39m
                    [33md[39m=[32m"M15 21v-8a1 1 0 0 0-1-1h-4a1 1 0 0 0-1 1v8"[39m
                  [36m/>[39m
                  [36m<path[39m
                    [33md[39m=[32m"M3 10a2 2 0 0 1 .709-1.528l7-5.999a2 2 0 0 1 2.582 0l7 5.999A2 2 0 0 1 21 10v9a2 2 0 0 1-2 2H5a2 2 0 0 1-2-2z"[39m
                  [36m/>[39m
                [36m</svg>[39m
              [36m</button>[39m
              [36m<button[39m
                [33mclass[39m=[32m"bg-white hover:bg-blue-50 p-1.5 rounded-md shadow-md border border-gray-200 transition-colors duration-200"[39m
                [33mtitle[39m=[32m"Harta në ekran të plotë"[39m
              [36m>[39m
                [36m<svg[39m
                  [33mclass[39m=[32m"h-3 w-3 text-blue-600"[39m
                  [33mfill[39m=[32m"none"[39m
                  [33mstroke[39m=[32m"currentColor"[39m
                  [33mviewBox[39m=[32m"0 0 24 24"[39m
                [36m>[39m
                  [36m<path[39m
                    [33md[39m=[32m"M4 8V4m0 0h4M4 4l5 5m11-1V4m0 0h-4m4 0l-5 5M4 16v4m0 0h4m-4 0l5-5m11 5l-5-5m5 5v-4m0 4h-4"[39m
                    [33mstroke-linecap[39m=[32m"round"[39m
                    [33mstroke-linejoin[39m=[32m"round"[39m
                    [33mstroke-width[39m=[32m"2"[39m
                  [36m/>[39m
                [36m</svg>[39m
              [36m</button>[39m
              [36m<button[39m
                [33mclass[39m=[32m"bg-white p-1.5 rounded-md shadow-md border border-gray-200 transition-colors duration-200"[39m
                [33mtitle[39m=[32m"Shko te lokacioni im"[39m
              [36m>[39m
                [36m<svg[39m
                  [33mclass[39m=[32m"h-3 w-3 text-blue-600"[39m
                  [33mfill[39m=[32m"none"[39m
                  [33mstroke[39m=[32m"currentColor"[39m
                  [33mviewBox[39m=[32m"0 0 24 24"[39m
                [36m>[39m
                  [36m<path[39m
                    [33md[39m=[32m"M17.657 16.657L13.414 20.9a1.998 1.998 0 01-2.827 0l-4.244-4.243a8 8 0 1111.314 0z"[39m
                    [33mstroke-linecap[39m=[32m"round"[39m
                    [33mstroke-linejoin[39m=[32m"round"[39m
                    [33mstroke-width[39m=[32m"2"[39m
                  [36m/>[39m
                  [36m<path[39m
                    [33md[39m=[32m"M15 11a3 3 0 11-6 0 3 3 0 016 0z"[39m
                    [33mstroke-linecap[39m=[32m"round"[39m
                    [33mstroke-linejoin[39m=[32m"round"[39m
                    [33mstroke-width[39m=[32m"2"[39m
                  [36m/>[39m
                [36m</svg>[39m
              [36m</button>[39m
            [36m</div>[39m
            [36m<div[39m
              [33mclass[39m=[32m"absolute top-3 left-3 z-1000"[39m
            [36m>[39m
              [36m<div[39m
                [33mclass[39m=[32m"bg-white rounded-lg shadow-md border border-gray-200 p-3 max-w-xs sm:max-w-sm"[39m
              [36m>[39m
                [36m<div[39m
                  [33mclass[39m=[32m"flex items-center gap-2 mb-2"[39m
                [36m>[39m
                  [36m<svg[39m
                    [33maria-hidden[39m=[32m"true"[39m
                    [33mclass[39m=[32m"lucide lucide-funnel h-4 w-4 text-blue-600"[39m
                    [33mfill[39m=[32m"none"[39m
                    [33mheight[39m=[32m"24"[39m
                    [33mstroke[39m=[32m"currentColor"[39m
                    [33mstroke-linecap[39m=[32m"round"[39m
                    [33mstroke-linejoin[39m=[32m"round"[39m
                    [33mstroke-width[39m=[32m"2"[39m
                    [33mviewBox[39m=[32m"0 0 24 24"[39m
                    [33mwidth[39m=[32m"24"[39m
                    [33mxmlns[39m=[32m"http://www.w3.org/2000/svg"[39m
                  [36m>[39m
                    [36m<path[39m
                      [33md[39m=[32m"M10 20a1 1 0 0 0 .553.895l2 1A1 1 0 0 0 14 21v-7a2 2 0 0 1 .517-1.341L21.74 4.67A1 1 0 0 0 21 3H3a1 1 0 0 0-.742 1.67l7.225 7.989A2 2 0 0 1 10 14z"[39m
                    [36m/>[39m
                  [36m</svg>[39m
                  [36m<span[39m
                    [33mclass[39m=[32m"text-sm font-medium text-gray-700"[39m
                  [36m>[39m
                    [0mFiltrat e Hartës[0m
                  [36m</span>[39m
                [36m</div>[39m
                [36m<div[39m
                  [33mclass[39m=[32m"space-y-2"[39m
                [36m>[39m
                  [36m<div>[39m
                    [36m<label[39m
                      [33mclass[39m=[32m"text-xs text-gray-600 block mb-1"[39m
                    [36m>[39m
                      [0mÇmimi[0m
                    [36m</label>[39m
                    [36m<select[39m
                      [33mclass[39m=[32m"w-full text-xs border border-gray-300 rounded px-2 py-1.5 focus:outline-none focus:ring-1 focus:ring-blue-500 touch-manipulation"[39m
                    [36m>[39m
                      [36m<option[39m
                        [33mvalue[39m=[32m"all"[39m
                      [36m>[39m
                        [0mTë gjitha[0m
                      [36m</option>[39m
                      [36m<option[39m
                        [33mvalue[39m=[32m"low"[39m
                      [36m>[39m
                        [0mDeri €100,000[0m
                      [36m</option>[39m
                      [36m<option[39m
                        [33mvalue[39m=[32m"medium"[39m
                      [36m>[39m
                        [0m€100,000 - €300,000[0m
                      [36m</option>[39m
                      [36m<option[39m
                        [33mvalue[39m=[32m"high"[39m
                      [36m>[39m
                        [0mMbi €300,000[0m
                      [36m</option>[39m
                    [36m</select>[39m
                  [36m</div>[39m
                  [36m<div>[39m
                    [36m<label[39m
                      [33mclass[39m=[32m"text-xs text-gray-600 block mb-1"[39m
                    [36m>[39m
                      [0mLloji[0m
                    [36m</label>[39m
                    [36m<select[39m
                      [33mclass[39m=[32m"w-full text-xs border border-gray-300 rounded px-2 py-1.5 focus:outline-none focus:ring-1 focus:ring-blue-500 touch-manipulation"[39m
                    [36m>[39m
                      [36m<option[39m
                        [33mvalue[39m=[32m"all"[39m
                      [36m>[39m
                        [0mTë gjitha[0m
                      [36m</option>[39m
                      [36m<option[39m
                        [33mvalue[39m=[32m"house"[39m
                      [36m>[39m
                        [0mShtëpi[0m
                      [36m</option>[39m
                      [36m<option[39m
                        [33mvalue[39m=[32m"apartment"[39m
                      [36m>[39m
                        [0mApartament[0m
                      [36m</option>[39m
                      [36m<option[39m
                        [33mvalue[39m=[32m"condo"[39m
                      [36m>[39m
                        [0mKondo[0m
                      [36m</option>[39m
                      [36m<option[39m
                        [33mvalue[39m=[32m"townhouse"[39m
                      [36m>[39m
                        [0mShtëpi në Qytet[0m
                      [36m</option>[39m
                    [36m</select>[39m
                  [36m</div>[39m
                [36m</div>[39m
                [36m<div[39m
                  [33mclass[39m=[32m"mt-2 pt-2 border-t border-gray-200"[39m
                [36m>[39m
                  [36m<span[39m
                    [33mclass[39m=[32m"text-xs text-gray-600"[39m
                  [36m>[39m
                    [0m2[0m
                    [0m pasuri në hartë[0m
                  [36m</span>[39m
                [36m</div>[39m
              [36m</div>[39m
            [36m</div>[39m
            [36m<div[39m
              [33mclass[39m=[32m"absolute bottom-2 left-2 bg-white bg-opacity-90 rounded px-2 py-1 text-xs text-gray-600 hidden sm:block"[39m
            [36m>[39m
              [0mLëviz hartën • Zoom me scroll • Hover për info • Klik për detaje[0m
            [36m</div>[39m
            [36m<div[39m
              [33mclass[39m=[32m"absolute bottom-2 left-2 bg-white bg-opacity-90 rounded px-2 py-1 text-xs text-gray-600 sm:hidden"[39m
            [36m>[39m
              [0mLëviz • Zoom • Prek për detaje[0m
            [36m</div>[39m
          [36m</div>[39m
        [36m</div>[39m
      [36m</body>[39m
    [36m</html>[39m

      301 |     // Should not crash and should show error state
      302 |     await waitFor(() => {
    > 303 |       expect(screen.queryByText('Map Loading Failed')).toBeInTheDocument();
          |                                                        ^
      304 |     });
      305 |   });
      306 |

      at __EXTERNAL_MATCHER_TRAP__ (node_modules/expect/build/index.js:2240:22)
      at Object.throwingMatcher [as toBeInTheDocument] (node_modules/expect/build/index.js:2241:6)
      at toBeInTheDocument (src/__tests__/map/map-functionality.test.tsx:303:56)
      at runWithExpensiveErrorDiagnosticsDisabled (node_modules/@testing-library/dom/dist/config.js:47:12)
      at checkCallback (node_modules/@testing-library/dom/dist/wait-for.js:124:77)
      at checkRealTimersCallback (node_modules/@testing-library/dom/dist/wait-for.js:118:16)
      at Timeout.task [as _onTimeout] (node_modules/jsdom/lib/jsdom/browser/Window.js:579:19)

  ● Map Functionality › should optimize performance with batched marker creation

    expect(jest.fn()).toHaveBeenCalled()

    Expected number of calls: >= 1
    Received number of calls:    0

    Ignored nodes: comments, script, style
    [36m<html>[39m
      [36m<head />[39m
      [36m<body>[39m
        [36m<div>[39m
          [36m<div[39m
            [33mclass[39m=[32m"relative"[39m
          [36m>[39m
            [36m<div[39m
              [33mclass[39m=[32m"w-full rounded-lg shadow-md border border-gray-200 touch-pan-x touch-pan-y bg-gray-50"[39m
              [33mstyle[39m=[32m"height: 400px;"[39m
            [36m/>[39m
            [36m<div[39m
              [33mclass[39m=[32m"absolute top-2 right-2 flex flex-col gap-1 z-1000"[39m
            [36m>[39m
              [36m<div[39m
                [33mclass[39m=[32m"bg-white rounded-md shadow-md border border-gray-200 overflow-hidden"[39m
              [36m>[39m
                [36m<button[39m
                  [33mclass[39m=[32m"p-1.5 w-full text-xs transition-colors bg-blue-600 text-white"[39m
                  [33mtitle[39m=[32m"Harta e rrugëve"[39m
                [36m>[39m
                  [0m��️[0m
                [36m</button>[39m
                [36m<button[39m
                  [33mclass[39m=[32m"p-1.5 w-full text-xs transition-colors text-blue-600"[39m
                  [33mtitle[39m=[32m"Pamja satelitore"[39m
                [36m>[39m
                  [0m��️[0m
                [36m</button>[39m
                [36m<button[39m
                  [33mclass[39m=[32m"p-1.5 w-full text-xs transition-colors text-blue-600"[39m
                  [33mtitle[39m=[32m"Terreni"[39m
                [36m>[39m
                  [0m��️[0m
                [36m</button>[39m
              [36m</div>[39m
              [36m<button[39m
                [33mclass[39m=[32m"bg-white p-1.5 rounded-md shadow-md border border-gray-200 transition-colors duration-200"[39m
                [33mtitle[39m=[32m"Kthehu në pamjen fillestare"[39m
              [36m>[39m
                [36m<svg[39m
                  [33maria-hidden[39m=[32m"true"[39m
                  [33mclass[39m=[32m"lucide lucide-house h-3 w-3 text-blue-600"[39m
                  [33mfill[39m=[32m"none"[39m
                  [33mheight[39m=[32m"24"[39m
                  [33mstroke[39m=[32m"currentColor"[39m
                  [33mstroke-linecap[39m=[32m"round"[39m
                  [33mstroke-linejoin[39m=[32m"round"[39m
                  [33mstroke-width[39m=[32m"2"[39m
                  [33mviewBox[39m=[32m"0 0 24 24"[39m
                  [33mwidth[39m=[32m"24"[39m
                  [33mxmlns[39m=[32m"http://www.w3.org/2000/svg"[39m
                [36m>[39m
                  [36m<path[39m
                    [33md[39m=[32m"M15 21v-8a1 1 0 0 0-1-1h-4a1 1 0 0 0-1 1v8"[39m
                  [36m/>[39m
                  [36m<path[39m
                    [33md[39m=[32m"M3 10a2 2 0 0 1 .709-1.528l7-5.999a2 2 0 0 1 2.582 0l7 5.999A2 2 0 0 1 21 10v9a2 2 0 0 1-2 2H5a2 2 0 0 1-2-2z"[39m
                  [36m/>[39m
                [36m</svg>[39m
              [36m</button>[39m
              [36m<button[39m
                [33mclass[39m=[32m"bg-white hover:bg-blue-50 p-1.5 rounded-md shadow-md border border-gray-200 transition-colors duration-200"[39m
                [33mtitle[39m=[32m"Harta në ekran të plotë"[39m
              [36m>[39m
                [36m<svg[39m
                  [33mclass[39m=[32m"h-3 w-3 text-blue-600"[39m
                  [33mfill[39m=[32m"none"[39m
                  [33mstroke[39m=[32m"currentColor"[39m
                  [33mviewBox[39m=[32m"0 0 24 24"[39m
                [36m>[39m
                  [36m<path[39m
                    [33md[39m=[32m"M4 8V4m0 0h4M4 4l5 5m11-1V4m0 0h-4m4 0l-5 5M4 16v4m0 0h4m-4 0l5-5m11 5l-5-5m5 5v-4m0 4h-4"[39m
                    [33mstroke-linecap[39m=[32m"round"[39m
                    [33mstroke-linejoin[39m=[32m"round"[39m
                    [33mstroke-width[39m=[32m"2"[39m
                  [36m/>[39m
                [36m</svg>[39m
              [36m</button>[39m
              [36m<button[39m
                [33mclass[39m=[32m"bg-white p-1.5 rounded-md shadow-md border border-gray-200 transition-colors duration-200"[39m
                [33mtitle[39m=[32m"Shko te lokacioni im"[39m
              [36m>[39m
                [36m<svg[39m
                  [33mclass[39m=[32m"h-3 w-3 text-blue-600"[39m
                  [33mfill[39m=[32m"none"[39m
                  [33mstroke[39m=[32m"currentColor"[39m
                  [33mviewBox[39m=[32m"0 0 24 24"[39m
                [36m>[39m
                  [36m<path[39m
                    [33md[39m=[32m"M17.657 16.657L13.414 20.9a1.998 1.998 0 01-2.827 0l-4.244-4.243a8 8 0 1111.314 0z"[39m
                    [33mstroke-linecap[39m=[32m"round"[39m
                    [33mstroke-linejoin[39m=[32m"round"[39m
                    [33mstroke-width[39m=[32m"2"[39m
                  [36m/>[39m
                  [36m<path[39m
                    [33md[39m=[32m"M15 11a3 3 0 11-6 0 3 3 0 016 0z"[39m
                    [33mstroke-linecap[39m=[32m"round"[39m
                    [33mstroke-linejoin[39m=[32m"round"[39m
                    [33mstroke-width[39m=[32m"2"[39m
                  [36m/>[39m
                [36m</svg>[39m
              [36m</button>[39m
            [36m</div>[39m
            [36m<div[39m
              [33mclass[39m=[32m"absolute top-3 left-3 z-1000"[39m
            [36m>[39m
              [36m<div[39m
                [33mclass[39m=[32m"bg-white rounded-lg shadow-md border border-gray-200 p-3 max-w-xs sm:max-w-sm"[39m
              [36m>[39m
                [36m<div[39m
                  [33mclass[39m=[32m"flex items-center gap-2 mb-2"[39m
                [36m>[39m
                  [36m<svg[39m
                    [33maria-hidden[39m=[32m"true"[39m
                    [33mclass[39m=[32m"lucide lucide-funnel h-4 w-4 text-blue-600"[39m
                    [33mfill[39m=[32m"none"[39m
                    [33mheight[39m=[32m"24"[39m
                    [33mstroke[39m=[32m"currentColor"[39m
                    [33mstroke-linecap[39m=[32m"round"[39m
                    [33mstroke-linejoin[39m=[32m"round"[39m
                    [33mstroke-width[39m=[32m"2"[39m
                    [33mviewBox[39m=[32m"0 0 24 24"[39m
                    [33mwidth[39m=[32m"24"[39m
                    [33mxmlns[39m=[32m"http://www.w3.org/2000/svg"[39m
                  [36m>[39m
                    [36m<path[39m
                      [33md[39m=[32m"M10 20a1 1 0 0 0 .553.895l2 1A1 1 0 0 0 14 21v-7a2 2 0 0 1 .517-1.341L21.74 4.67A1 1 0 0 0 21 3H3a1 1 0 0 0-.742 1.67l7.225 7.989A2 2 0 0 1 10 14z"[39m
                    [36m/>[39m
                  [36m</svg>[39m
                  [36m<span[39m
                    [33mclass[39m=[32m"text-sm font-medium text-gray-700"[39m
                  [36m>[39m
                    [0mFiltrat e Hartës[0m
                  [36m</span>[39m
                [36m</div>[39m
                [36m<div[39m
                  [33mclass[39m=[32m"space-y-2"[39m
                [36m>[39m
                  [36m<div>[39m
                    [36m<label[39m
                      [33mclass[39m=[32m"text-xs text-gray-600 block mb-1"[39m
                    [36m>[39m
                      [0mÇmimi[0m
                    [36m</label>[39m
                    [36m<select[39m
                      [33mclass[39m=[32m"w-full text-xs border border-gray-300 rounded px-2 py-1.5 focus:outline-none focus:ring-1 focus:ring-blue-500 touch-manipulation"[39m
                    [36m>[39m
                      [36m<option[39m
                        [33mvalue[39m=[32m"all"[39m
                      [36m>[39m
                        [0mTë gjitha[0m
                      [36m</option>[39m
                      [36m<option[39m
                        [33mvalue[39m=[32m"low"[39m
                      [36m>[39m
                        [0mDeri €100,000[0m
                      [36m</option>[39m
                      [36m<option[39m
                        [33mvalue[39m=[32m"medium"[39m
                      [36m>[39m
                        [0m€100,000 - €300,000[0m
                      [36m</option>[39m
                      [36m<option[39m
                        [33mvalue[39m=[32m"high"[39m
                      [36m>[39m
                        [0mMbi €300,000[0m
                      [36m</option>[39m
                    [36m</select>[39m
                  [36m</div>[39m
                  [36m<div>[39m
                    [36m<label[39m
                      [33mclass[39m=[32m"text-xs text-gray-600 block mb-1"[39m
                    [36m>[39m
                      [0mLloji[0m
                    [36m</label>[39m
                    [36m<select[39m
                      [33mclass[39m=[32m"w-full text-xs border border-gray-300 rounded px-2 py-1.5 focus:outline-none focus:ring-1 focus:ring-blue-500 touch-manipulation"[39m
                    [36m>[39m
                      [36m<option[39m
                        [33mvalue[39m=[32m"all"[39m
                      [36m>[39m
                        [0mTë gjitha[0m
                      [36m</option>[39m
                      [36m<option[39m
                        [33mvalue[39m=[32m"house"[39m
                      [36m>[39m
                        [0mShtëpi[0m
                      [36m</option>[39m
                      [36m<option[39m
                        [33mvalue[39m=[32m"apartment"[39m
                      [36m>[39m
                        [0mApartament[0m
                      [36m</option>[39m
                      [36m<option[39m
                        [33mvalue[39m=[32m"condo"[39m
                      [36m>[39m
                        [0mKondo[0m
                      [36m</option>[39m
                      [36m<option[39m
                        [33mvalue[39m=[32m"townhouse"[39m
                      [36m>[39m
                        [0mShtëpi në Qytet[0m
                      [36m</option>[39m
                    [36m</select>[39m
                  [36m</div>[39m
                [36m</div>[39m
                [36m<div[39m
                  [33mclass[39m=[32m"mt-2 pt-2 border-t border-gray-200"[39m
                [36m>[39m
                  [36m<span[39m
                    [33mclass[39m=[32m"text-xs text-gray-600"[39m
                  [36m>[39m
                    [0m100[0m
                    [0m pasuri në hartë[0m
                  [36m</span>[39m
                [36m</div>[39m
              [36m</div>[39m
            [36m</div>[39m
            [36m<div[39m
              [33mclass[39m=[32m"absolute bottom-2 left-2 bg-white bg-opacity-90 rounded px-2 py-1 text-xs text-gray-600 hidden sm:block"[39m
            [36m>[39m
              [0mLëviz hartën • Zoom me scroll • Hover për info • Klik për detaje[0m
            [36m</div>[39m
            [36m<div[39m
              [33mclass[39m=[32m"absolute bottom-2 left-2 bg-white bg-opacity-90 rounded px-2 py-1 text-xs text-gray-600 sm:hidden"[39m
            [36m>[39m
              [0mLëviz • Zoom • Prek për detaje[0m
            [36m</div>[39m
          [36m</div>[39m
        [36m</div>[39m
      [36m</body>[39m
    [36m</html>[39m

      319 |     // Should use requestAnimationFrame for batching
      320 |     await waitFor(() => {
    > 321 |       expect(global.requestAnimationFrame).toHaveBeenCalled();
          |                                            ^
      322 |     });
      323 |   });
      324 |

      at toHaveBeenCalled (src/__tests__/map/map-functionality.test.tsx:321:44)
      at runWithExpensiveErrorDiagnosticsDisabled (node_modules/@testing-library/dom/dist/config.js:47:12)
      at checkCallback (node_modules/@testing-library/dom/dist/wait-for.js:124:77)
      at checkRealTimersCallback (node_modules/@testing-library/dom/dist/wait-for.js:118:16)
      at Timeout.task [as _onTimeout] (node_modules/jsdom/lib/jsdom/browser/Window.js:579:19)

  ● Map Functionality › should handle invalid coordinates gracefully

    expect(jest.fn()).toHaveBeenCalledWith(...expected)

    Expected: "Invalid coordinates for property:", Any<String>

    Number of calls: 0

    Ignored nodes: comments, script, style
    [36m<html>[39m
      [36m<head />[39m
      [36m<body>[39m
        [36m<div>[39m
          [36m<div[39m
            [33mclass[39m=[32m"relative"[39m
          [36m>[39m
            [36m<div[39m
              [33mclass[39m=[32m"w-full rounded-lg shadow-md border border-gray-200 touch-pan-x touch-pan-y bg-gray-50"[39m
              [33mstyle[39m=[32m"height: 400px;"[39m
            [36m/>[39m
            [36m<div[39m
              [33mclass[39m=[32m"absolute top-2 right-2 flex flex-col gap-1 z-1000"[39m
            [36m>[39m
              [36m<div[39m
                [33mclass[39m=[32m"bg-white rounded-md shadow-md border border-gray-200 overflow-hidden"[39m
              [36m>[39m
                [36m<button[39m
                  [33mclass[39m=[32m"p-1.5 w-full text-xs transition-colors bg-blue-600 text-white"[39m
                  [33mtitle[39m=[32m"Harta e rrugëve"[39m
                [36m>[39m
                  [0m��️[0m
                [36m</button>[39m
                [36m<button[39m
                  [33mclass[39m=[32m"p-1.5 w-full text-xs transition-colors text-blue-600"[39m
                  [33mtitle[39m=[32m"Pamja satelitore"[39m
                [36m>[39m
                  [0m��️[0m
                [36m</button>[39m
                [36m<button[39m
                  [33mclass[39m=[32m"p-1.5 w-full text-xs transition-colors text-blue-600"[39m
                  [33mtitle[39m=[32m"Terreni"[39m
                [36m>[39m
                  [0m��️[0m
                [36m</button>[39m
              [36m</div>[39m
              [36m<button[39m
                [33mclass[39m=[32m"bg-white p-1.5 rounded-md shadow-md border border-gray-200 transition-colors duration-200"[39m
                [33mtitle[39m=[32m"Kthehu në pamjen fillestare"[39m
              [36m>[39m
                [36m<svg[39m
                  [33maria-hidden[39m=[32m"true"[39m
                  [33mclass[39m=[32m"lucide lucide-house h-3 w-3 text-blue-600"[39m
                  [33mfill[39m=[32m"none"[39m
                  [33mheight[39m=[32m"24"[39m
                  [33mstroke[39m=[32m"currentColor"[39m
                  [33mstroke-linecap[39m=[32m"round"[39m
                  [33mstroke-linejoin[39m=[32m"round"[39m
                  [33mstroke-width[39m=[32m"2"[39m
                  [33mviewBox[39m=[32m"0 0 24 24"[39m
                  [33mwidth[39m=[32m"24"[39m
                  [33mxmlns[39m=[32m"http://www.w3.org/2000/svg"[39m
                [36m>[39m
                  [36m<path[39m
                    [33md[39m=[32m"M15 21v-8a1 1 0 0 0-1-1h-4a1 1 0 0 0-1 1v8"[39m
                  [36m/>[39m
                  [36m<path[39m
                    [33md[39m=[32m"M3 10a2 2 0 0 1 .709-1.528l7-5.999a2 2 0 0 1 2.582 0l7 5.999A2 2 0 0 1 21 10v9a2 2 0 0 1-2 2H5a2 2 0 0 1-2-2z"[39m
                  [36m/>[39m
                [36m</svg>[39m
              [36m</button>[39m
              [36m<button[39m
                [33mclass[39m=[32m"bg-white hover:bg-blue-50 p-1.5 rounded-md shadow-md border border-gray-200 transition-colors duration-200"[39m
                [33mtitle[39m=[32m"Harta në ekran të plotë"[39m
              [36m>[39m
                [36m<svg[39m
                  [33mclass[39m=[32m"h-3 w-3 text-blue-600"[39m
                  [33mfill[39m=[32m"none"[39m
                  [33mstroke[39m=[32m"currentColor"[39m
                  [33mviewBox[39m=[32m"0 0 24 24"[39m
                [36m>[39m
                  [36m<path[39m
                    [33md[39m=[32m"M4 8V4m0 0h4M4 4l5 5m11-1V4m0 0h-4m4 0l-5 5M4 16v4m0 0h4m-4 0l5-5m11 5l-5-5m5 5v-4m0 4h-4"[39m
                    [33mstroke-linecap[39m=[32m"round"[39m
                    [33mstroke-linejoin[39m=[32m"round"[39m
                    [33mstroke-width[39m=[32m"2"[39m
                  [36m/>[39m
                [36m</svg>[39m
              [36m</button>[39m
              [36m<button[39m
                [33mclass[39m=[32m"bg-white p-1.5 rounded-md shadow-md border border-gray-200 transition-colors duration-200"[39m
                [33mtitle[39m=[32m"Shko te lokacioni im"[39m
              [36m>[39m
                [36m<svg[39m
                  [33mclass[39m=[32m"h-3 w-3 text-blue-600"[39m
                  [33mfill[39m=[32m"none"[39m
                  [33mstroke[39m=[32m"currentColor"[39m
                  [33mviewBox[39m=[32m"0 0 24 24"[39m
                [36m>[39m
                  [36m<path[39m
                    [33md[39m=[32m"M17.657 16.657L13.414 20.9a1.998 1.998 0 01-2.827 0l-4.244-4.243a8 8 0 1111.314 0z"[39m
                    [33mstroke-linecap[39m=[32m"round"[39m
                    [33mstroke-linejoin[39m=[32m"round"[39m
                    [33mstroke-width[39m=[32m"2"[39m
                  [36m/>[39m
                  [36m<path[39m
                    [33md[39m=[32m"M15 11a3 3 0 11-6 0 3 3 0 016 0z"[39m
                    [33mstroke-linecap[39m=[32m"round"[39m
                    [33mstroke-linejoin[39m=[32m"round"[39m
                    [33mstroke-width[39m=[32m"2"[39m
                  [36m/>[39m
                [36m</svg>[39m
              [36m</button>[39m
            [36m</div>[39m
            [36m<div[39m
              [33mclass[39m=[32m"absolute top-3 left-3 z-1000"[39m
            [36m>[39m
              [36m<div[39m
                [33mclass[39m=[32m"bg-white rounded-lg shadow-md border border-gray-200 p-3 max-w-xs sm:max-w-sm"[39m
              [36m>[39m
                [36m<div[39m
                  [33mclass[39m=[32m"flex items-center gap-2 mb-2"[39m
                [36m>[39m
                  [36m<svg[39m
                    [33maria-hidden[39m=[32m"true"[39m
                    [33mclass[39m=[32m"lucide lucide-funnel h-4 w-4 text-blue-600"[39m
                    [33mfill[39m=[32m"none"[39m
                    [33mheight[39m=[32m"24"[39m
                    [33mstroke[39m=[32m"currentColor"[39m
                    [33mstroke-linecap[39m=[32m"round"[39m
                    [33mstroke-linejoin[39m=[32m"round"[39m
                    [33mstroke-width[39m=[32m"2"[39m
                    [33mviewBox[39m=[32m"0 0 24 24"[39m
                    [33mwidth[39m=[32m"24"[39m
                    [33mxmlns[39m=[32m"http://www.w3.org/2000/svg"[39m
                  [36m>[39m
                    [36m<path[39m
                      [33md[39m=[32m"M10 20a1 1 0 0 0 .553.895l2 1A1 1 0 0 0 14 21v-7a2 2 0 0 1 .517-1.341L21.74 4.67A1 1 0 0 0 21 3H3a1 1 0 0 0-.742 1.67l7.225 7.989A2 2 0 0 1 10 14z"[39m
                    [36m/>[39m
                  [36m</svg>[39m
                  [36m<span[39m
                    [33mclass[39m=[32m"text-sm font-medium text-gray-700"[39m
                  [36m>[39m
                    [0mFiltrat e Hartës[0m
                  [36m</span>[39m
                [36m</div>[39m
                [36m<div[39m
                  [33mclass[39m=[32m"space-y-2"[39m
                [36m>[39m
                  [36m<div>[39m
                    [36m<label[39m
                      [33mclass[39m=[32m"text-xs text-gray-600 block mb-1"[39m
                    [36m>[39m
                      [0mÇmimi[0m
                    [36m</label>[39m
                    [36m<select[39m
                      [33mclass[39m=[32m"w-full text-xs border border-gray-300 rounded px-2 py-1.5 focus:outline-none focus:ring-1 focus:ring-blue-500 touch-manipulation"[39m
                    [36m>[39m
                      [36m<option[39m
                        [33mvalue[39m=[32m"all"[39m
                      [36m>[39m
                        [0mTë gjitha[0m
                      [36m</option>[39m
                      [36m<option[39m
                        [33mvalue[39m=[32m"low"[39m
                      [36m>[39m
                        [0mDeri €100,000[0m
                      [36m</option>[39m
                      [36m<option[39m
                        [33mvalue[39m=[32m"medium"[39m
                      [36m>[39m
                        [0m€100,000 - €300,000[0m
                      [36m</option>[39m
                      [36m<option[39m
                        [33mvalue[39m=[32m"high"[39m
                      [36m>[39m
                        [0mMbi €300,000[0m
                      [36m</option>[39m
                    [36m</select>[39m
                  [36m</div>[39m
                  [36m<div>[39m
                    [36m<label[39m
                      [33mclass[39m=[32m"text-xs text-gray-600 block mb-1"[39m
                    [36m>[39m
                      [0mLloji[0m
                    [36m</label>[39m
                    [36m<select[39m
                      [33mclass[39m=[32m"w-full text-xs border border-gray-300 rounded px-2 py-1.5 focus:outline-none focus:ring-1 focus:ring-blue-500 touch-manipulation"[39m
                    [36m>[39m
                      [36m<option[39m
                        [33mvalue[39m=[32m"all"[39m
                      [36m>[39m
                        [0mTë gjitha[0m
                      [36m</option>[39m
                      [36m<option[39m
                        [33mvalue[39m=[32m"house"[39m
                      [36m>[39m
                        [0mShtëpi[0m
                      [36m</option>[39m
                      [36m<option[39m
                        [33mvalue[39m=[32m"apartment"[39m
                      [36m>[39m
                        [0mApartament[0m
                      [36m</option>[39m
                      [36m<option[39m
                        [33mvalue[39m=[32m"condo"[39m
                      [36m>[39m
                        [0mKondo[0m
                      [36m</option>[39m
                      [36m<option[39m
                        [33mvalue[39m=[32m"townhouse"[39m
                      [36m>[39m
                        [0mShtëpi në Qytet[0m
                      [36m</option>[39m
                    [36m</select>[39m
                  [36m</div>[39m
                [36m</div>[39m
                [36m<div[39m
                  [33mclass[39m=[32m"mt-2 pt-2 border-t border-gray-200"[39m
                [36m>[39m
                  [36m<span[39m
                    [33mclass[39m=[32m"text-xs text-gray-600"[39m
                  [36m>[39m
                    [0m1[0m
                    [0m pasuri në hartë[0m
                  [36m</span>[39m
                [36m</div>[39m
              [36m</div>[39m
            [36m</div>[39m
            [36m<div[39m
              [33mclass[39m=[32m"absolute bottom-2 left-2 bg-white bg-opacity-90 rounded px-2 py-1 text-xs text-gray-600 hidden sm:block"[39m
            [36m>[39m
              [0mLëviz hartën • Zoom me scroll • Hover për info • Klik për detaje[0m
            [36m</div>[39m
            [36m<div[39m
              [33mclass[39m=[32m"absolute bottom-2 left-2 bg-white bg-opacity-90 rounded px-2 py-1 text-xs text-gray-600 sm:hidden"[39m
            [36m>[39m
              [0mLëviz • Zoom • Prek për detaje[0m
            [36m</div>[39m
          [36m</div>[39m
        [36m</div>[39m
      [36m</body>[39m
    [36m</html>[39m

      340 |
      341 |     await waitFor(() => {
    > 342 |       expect(consoleSpy).toHaveBeenCalledWith('Invalid coordinates for property:', expect.any(String));
          |                          ^
      343 |     });
      344 |
      345 |     consoleSpy.mockRestore();

      at toHaveBeenCalledWith (src/__tests__/map/map-functionality.test.tsx:342:26)
      at runWithExpensiveErrorDiagnosticsDisabled (node_modules/@testing-library/dom/dist/config.js:47:12)
      at checkCallback (node_modules/@testing-library/dom/dist/wait-for.js:124:77)
      at checkRealTimersCallback (node_modules/@testing-library/dom/dist/wait-for.js:118:16)
      at Timeout.task [as _onTimeout] (node_modules/jsdom/lib/jsdom/browser/Window.js:579:19)

  ● Map Functionality › should clean up resources on unmount

    expect(jest.fn()).toHaveBeenCalled()

    Expected number of calls: >= 1
    Received number of calls:    0

      352 |
      353 |     // Should clean up map instance
    > 354 |     expect(mockMap.remove).toHaveBeenCalled();
          |                            ^
      355 |   });
      356 |
      357 |   it('should handle mobile touch interactions', async () => {

      at Object.toHaveBeenCalled (src/__tests__/map/map-functionality.test.tsx:354:28)


Test Suites: 17 failed, 9 passed, 26 total
Tests:       83 failed, 147 passed, 230 total
Snapshots:   6 passed, 6 total
Time:        18.836 s
Ran all test suites.
