  console.error
    Error: Not implemented: navigation (except hash changes)
        at Reflect.set (<anonymous>)
        at Object.<anonymous> (src/__tests__/components/PropertyCard.test.tsx:95:20)
        at new Promise (<anonymous>) {
      type: 'not implemented'
    }

      93 |     // Mock window.location
      94 |     delete (window as any).location;
    > 95 |     window.location = { href: '' } as any;
         |                    ^
      96 |
      97 |     render(<PropertyCard property={mockProperty} />);
      98 |     

      at VirtualConsole.<anonymous> (node_modules/@jest/environment-jsdom-abstract/build/index.js:78:23)
      at module.exports (node_modules/jsdom/lib/jsdom/browser/not-implemented.js:12:26)
      at navigateFetch (node_modules/jsdom/lib/jsdom/living/window/navigation.js:77:3)
      at exports.navigate (node_modules/jsdom/lib/jsdom/living/window/navigation.js:55:3)
      at LocationImpl._locationObjectNavigate (node_modules/jsdom/lib/jsdom/living/window/Location-impl.js:30:5)
      at LocationImpl._locationObjectSetterNavigate (node_modules/jsdom/lib/jsdom/living/window/Location-impl.js:24:17)
      at LocationImpl.set href [as href] (node_modules/jsdom/lib/jsdom/living/window/Location-impl.js:46:10)
      at Location.set href [as href] (node_modules/jsdom/lib/jsdom/living/generated/Location.js:125:37)
          at Reflect.set (<anonymous>)
      at Window.set location [as location] (node_modules/jsdom/lib/jsdom/browser/Window.js:424:15)
      at Object.<anonymous> (src/__tests__/components/PropertyCard.test.tsx:95:20)

